[1.431s] Invoking command in '/home/pawan/yahboomcar_ws_test/yahboomcar_ws/src/M3Pro_demo': PYTHONPATH=/home/pawan/yahboomcar_ws_test/yahboomcar_ws/build/M3Pro_demo/prefix_override:/usr/lib/python3/dist-packages/colcon_core/task/python/colcon_distutils_commands:/home/pawan/yahboomcar_ws_test/yahboomcar_ws/install/M3Pro_demo/lib/python3.10/site-packages:${PYTHONPATH} /usr/bin/python3 -W ignore:setup.py install is deprecated -W ignore:easy_install command is deprecated setup.py egg_info --egg-base ../../build/M3Pro_demo build --build-base /home/pawan/yahboomcar_ws_test/yahboomcar_ws/build/M3Pro_demo/build install --record /home/pawan/yahboomcar_ws_test/yahboomcar_ws/build/M3Pro_demo/install.log --single-version-externally-managed install_data
[1.585s] running egg_info
[1.585s] creating ../../build/M3Pro_demo/M3Pro_demo.egg-info
[1.586s] writing ../../build/M3Pro_demo/M3Pro_demo.egg-info/PKG-INFO
[1.586s] writing dependency_links to ../../build/M3Pro_demo/M3Pro_demo.egg-info/dependency_links.txt
[1.586s] writing entry points to ../../build/M3Pro_demo/M3Pro_demo.egg-info/entry_points.txt
[1.586s] writing requirements to ../../build/M3Pro_demo/M3Pro_demo.egg-info/requires.txt
[1.586s] writing top-level names to ../../build/M3Pro_demo/M3Pro_demo.egg-info/top_level.txt
[1.586s] writing manifest file '../../build/M3Pro_demo/M3Pro_demo.egg-info/SOURCES.txt'
[1.588s] reading manifest file '../../build/M3Pro_demo/M3Pro_demo.egg-info/SOURCES.txt'
[1.589s] writing manifest file '../../build/M3Pro_demo/M3Pro_demo.egg-info/SOURCES.txt'
[1.589s] running build
[1.589s] running build_py
[1.589s] creating /home/pawan/yahboomcar_ws_test/yahboomcar_ws/build/M3Pro_demo/build
[1.589s] creating /home/pawan/yahboomcar_ws_test/yahboomcar_ws/build/M3Pro_demo/build/lib
[1.590s] creating /home/pawan/yahboomcar_ws_test/yahboomcar_ws/build/M3Pro_demo/build/lib/M3Pro_demo
[1.590s] copying M3Pro_demo/mediapipe_detect.py -> /home/pawan/yahboomcar_ws_test/yahboomcar_ws/build/M3Pro_demo/build/lib/M3Pro_demo
[1.590s] copying M3Pro_demo/color_follow.py -> /home/pawan/yahboomcar_ws_test/yahboomcar_ws/build/M3Pro_demo/build/lib/M3Pro_demo
[1.590s] copying M3Pro_demo/apriltag_follow.py -> /home/pawan/yahboomcar_ws_test/yahboomcar_ws/build/M3Pro_demo/build/lib/M3Pro_demo
[1.590s] copying M3Pro_demo/color_recognize.py -> /home/pawan/yahboomcar_ws_test/yahboomcar_ws/build/M3Pro_demo/build/lib/M3Pro_demo
[1.590s] copying M3Pro_demo/apriltagID_gesture.py -> /home/pawan/yahboomcar_ws_test/yahboomcar_ws/build/M3Pro_demo/build/lib/M3Pro_demo
[1.590s] copying M3Pro_demo/shape_recognize.py -> /home/pawan/yahboomcar_ws_test/yahboomcar_ws/build/M3Pro_demo/build/lib/M3Pro_demo
[1.590s] copying M3Pro_demo/__init__.py -> /home/pawan/yahboomcar_ws_test/yahboomcar_ws/build/M3Pro_demo/build/lib/M3Pro_demo
[1.590s] copying M3Pro_demo/vutils.py -> /home/pawan/yahboomcar_ws_test/yahboomcar_ws/build/M3Pro_demo/build/lib/M3Pro_demo
[1.590s] copying M3Pro_demo/apriltag_track-Circle.py -> /home/pawan/yahboomcar_ws_test/yahboomcar_ws/build/M3Pro_demo/build/lib/M3Pro_demo
[1.590s] copying M3Pro_demo/apriltag_detect.py -> /home/pawan/yahboomcar_ws_test/yahboomcar_ws/build/M3Pro_demo/build/lib/M3Pro_demo
[1.590s] copying M3Pro_demo/volume_calculations.py -> /home/pawan/yahboomcar_ws_test/yahboomcar_ws/build/M3Pro_demo/build/lib/M3Pro_demo
[1.590s] copying M3Pro_demo/KCF_follow_desktop.py -> /home/pawan/yahboomcar_ws_test/yahboomcar_ws/build/M3Pro_demo/build/lib/M3Pro_demo
[1.590s] copying M3Pro_demo/apriltag_track.py -> /home/pawan/yahboomcar_ws_test/yahboomcar_ws/build/M3Pro_demo/build/lib/M3Pro_demo
[1.591s] copying M3Pro_demo/apriltag_track-Pose[0].py -> /home/pawan/yahboomcar_ws_test/yahboomcar_ws/build/M3Pro_demo/build/lib/M3Pro_demo
[1.591s] copying M3Pro_demo/Gesture_Moving.py -> /home/pawan/yahboomcar_ws_test/yahboomcar_ws/build/M3Pro_demo/build/lib/M3Pro_demo
[1.591s] copying M3Pro_demo/aruco_track.py -> /home/pawan/yahboomcar_ws_test/yahboomcar_ws/build/M3Pro_demo/build/lib/M3Pro_demo
[1.591s] copying M3Pro_demo/apriltag_detect-Copy1.py -> /home/pawan/yahboomcar_ws_test/yahboomcar_ws/build/M3Pro_demo/build/lib/M3Pro_demo
[1.591s] copying M3Pro_demo/apriltagHeight_gesture.py -> /home/pawan/yahboomcar_ws_test/yahboomcar_ws/build/M3Pro_demo/build/lib/M3Pro_demo
[1.591s] copying M3Pro_demo/apriltag_transport.py -> /home/pawan/yahboomcar_ws_test/yahboomcar_ws/build/M3Pro_demo/build/lib/M3Pro_demo
[1.591s] copying M3Pro_demo/follow_common.py -> /home/pawan/yahboomcar_ws_test/yahboomcar_ws/build/M3Pro_demo/build/lib/M3Pro_demo
[1.591s] copying M3Pro_demo/M3Pro_Dancing.py -> /home/pawan/yahboomcar_ws_test/yahboomcar_ws/build/M3Pro_demo/build/lib/M3Pro_demo
[1.592s] copying M3Pro_demo/color_common.py -> /home/pawan/yahboomcar_ws_test/yahboomcar_ws/build/M3Pro_demo/build/lib/M3Pro_demo
[1.592s] copying M3Pro_demo/X5Plus_adjust-Copy1.py -> /home/pawan/yahboomcar_ws_test/yahboomcar_ws/build/M3Pro_demo/build/lib/M3Pro_demo
[1.592s] copying M3Pro_demo/Dofbot_Track.py -> /home/pawan/yahboomcar_ws_test/yahboomcar_ws/build/M3Pro_demo/build/lib/M3Pro_demo
[1.592s] copying M3Pro_demo/color_list.py -> /home/pawan/yahboomcar_ws_test/yahboomcar_ws/build/M3Pro_demo/build/lib/M3Pro_demo
[1.592s] copying M3Pro_demo/color_track_desktop.py -> /home/pawan/yahboomcar_ws_test/yahboomcar_ws/build/M3Pro_demo/build/lib/M3Pro_demo
[1.592s] copying M3Pro_demo/apriltag_track-distance.py -> /home/pawan/yahboomcar_ws_test/yahboomcar_ws/build/M3Pro_demo/build/lib/M3Pro_demo
[1.592s] copying M3Pro_demo/color_track.py -> /home/pawan/yahboomcar_ws_test/yahboomcar_ws/build/M3Pro_demo/build/lib/M3Pro_demo
[1.592s] copying M3Pro_demo/apriltag_follow_3D_V1.py -> /home/pawan/yahboomcar_ws_test/yahboomcar_ws/build/M3Pro_demo/build/lib/M3Pro_demo
[1.592s] copying M3Pro_demo/media_library.py -> /home/pawan/yahboomcar_ws_test/yahboomcar_ws/build/M3Pro_demo/build/lib/M3Pro_demo
[1.592s] copying M3Pro_demo/apriltag_transport_V2.py -> /home/pawan/yahboomcar_ws_test/yahboomcar_ws/build/M3Pro_demo/build/lib/M3Pro_demo
[1.593s] copying M3Pro_demo/estimate_volume.py -> /home/pawan/yahboomcar_ws_test/yahboomcar_ws/build/M3Pro_demo/build/lib/M3Pro_demo
[1.593s] copying M3Pro_demo/PID.py -> /home/pawan/yahboomcar_ws_test/yahboomcar_ws/build/M3Pro_demo/build/lib/M3Pro_demo
[1.593s] copying M3Pro_demo/KCF_follow.py -> /home/pawan/yahboomcar_ws_test/yahboomcar_ws/build/M3Pro_demo/build/lib/M3Pro_demo
[1.593s] copying M3Pro_demo/Robot_PID.py -> /home/pawan/yahboomcar_ws_test/yahboomcar_ws/build/M3Pro_demo/build/lib/M3Pro_demo
[1.593s] copying M3Pro_demo/Get_OdomInfo.py -> /home/pawan/yahboomcar_ws_test/yahboomcar_ws/build/M3Pro_demo/build/lib/M3Pro_demo
[1.593s] copying M3Pro_demo/mediapipe_gesture.py -> /home/pawan/yahboomcar_ws_test/yahboomcar_ws/build/M3Pro_demo/build/lib/M3Pro_demo
[1.593s] copying M3Pro_demo/apriltag_identify.py -> /home/pawan/yahboomcar_ws_test/yahboomcar_ws/build/M3Pro_demo/build/lib/M3Pro_demo
[1.593s] copying M3Pro_demo/arm_offset.py -> /home/pawan/yahboomcar_ws_test/yahboomcar_ws/build/M3Pro_demo/build/lib/M3Pro_demo
[1.594s] copying M3Pro_demo/grasp_desktop.py -> /home/pawan/yahboomcar_ws_test/yahboomcar_ws/build/M3Pro_demo/build/lib/M3Pro_demo
[1.594s] copying M3Pro_demo/grasp_transport.py -> /home/pawan/yahboomcar_ws_test/yahboomcar_ws/build/M3Pro_demo/build/lib/M3Pro_demo
[1.594s] copying M3Pro_demo/compute_pose.py -> /home/pawan/yahboomcar_ws_test/yahboomcar_ws/build/M3Pro_demo/build/lib/M3Pro_demo
[1.594s] copying M3Pro_demo/apriltag_track_desktop_no_arm.py -> /home/pawan/yahboomcar_ws_test/yahboomcar_ws/build/M3Pro_demo/build/lib/M3Pro_demo
[1.594s] copying M3Pro_demo/Robot_Move.py -> /home/pawan/yahboomcar_ws_test/yahboomcar_ws/build/M3Pro_demo/build/lib/M3Pro_demo
[1.594s] copying M3Pro_demo/apriltag_follow_2D.py -> /home/pawan/yahboomcar_ws_test/yahboomcar_ws/build/M3Pro_demo/build/lib/M3Pro_demo
[1.594s] copying M3Pro_demo/apriltag_list.py -> /home/pawan/yahboomcar_ws_test/yahboomcar_ws/build/M3Pro_demo/build/lib/M3Pro_demo
[1.594s] copying M3Pro_demo/apriltag_track_desktop_onceTrack.py -> /home/pawan/yahboomcar_ws_test/yahboomcar_ws/build/M3Pro_demo/build/lib/M3Pro_demo
[1.594s] copying M3Pro_demo/follow_line.py -> /home/pawan/yahboomcar_ws_test/yahboomcar_ws/build/M3Pro_demo/build/lib/M3Pro_demo
[1.595s] copying M3Pro_demo/apriltag_track_desktop.py -> /home/pawan/yahboomcar_ws_test/yahboomcar_ws/build/M3Pro_demo/build/lib/M3Pro_demo
[1.595s] copying M3Pro_demo/KCF_track.py -> /home/pawan/yahboomcar_ws_test/yahboomcar_ws/build/M3Pro_demo/build/lib/M3Pro_demo
[1.595s] copying M3Pro_demo/grasp.py -> /home/pawan/yahboomcar_ws_test/yahboomcar_ws/build/M3Pro_demo/build/lib/M3Pro_demo
[1.595s] copying M3Pro_demo/apriltagDist_gesture.py -> /home/pawan/yahboomcar_ws_test/yahboomcar_ws/build/M3Pro_demo/build/lib/M3Pro_demo
[1.595s] copying M3Pro_demo/compute_joint5.py -> /home/pawan/yahboomcar_ws_test/yahboomcar_ws/build/M3Pro_demo/build/lib/M3Pro_demo
[1.595s] copying M3Pro_demo/color_transport.py -> /home/pawan/yahboomcar_ws_test/yahboomcar_ws/build/M3Pro_demo/build/lib/M3Pro_demo
[1.595s] copying M3Pro_demo/KCF_track-Copy1.py -> /home/pawan/yahboomcar_ws_test/yahboomcar_ws/build/M3Pro_demo/build/lib/M3Pro_demo
[1.595s] running install
[1.596s] running install_lib
[1.596s] creating /home/pawan/yahboomcar_ws_test/yahboomcar_ws/install/M3Pro_demo/lib/python3.10/site-packages/M3Pro_demo
[1.596s] copying /home/pawan/yahboomcar_ws_test/yahboomcar_ws/build/M3Pro_demo/build/lib/M3Pro_demo/mediapipe_detect.py -> /home/pawan/yahboomcar_ws_test/yahboomcar_ws/install/M3Pro_demo/lib/python3.10/site-packages/M3Pro_demo
[1.596s] copying /home/pawan/yahboomcar_ws_test/yahboomcar_ws/build/M3Pro_demo/build/lib/M3Pro_demo/color_follow.py -> /home/pawan/yahboomcar_ws_test/yahboomcar_ws/install/M3Pro_demo/lib/python3.10/site-packages/M3Pro_demo
[1.596s] copying /home/pawan/yahboomcar_ws_test/yahboomcar_ws/build/M3Pro_demo/build/lib/M3Pro_demo/apriltag_follow.py -> /home/pawan/yahboomcar_ws_test/yahboomcar_ws/install/M3Pro_demo/lib/python3.10/site-packages/M3Pro_demo
[1.596s] copying /home/pawan/yahboomcar_ws_test/yahboomcar_ws/build/M3Pro_demo/build/lib/M3Pro_demo/color_recognize.py -> /home/pawan/yahboomcar_ws_test/yahboomcar_ws/install/M3Pro_demo/lib/python3.10/site-packages/M3Pro_demo
[1.596s] copying /home/pawan/yahboomcar_ws_test/yahboomcar_ws/build/M3Pro_demo/build/lib/M3Pro_demo/apriltagID_gesture.py -> /home/pawan/yahboomcar_ws_test/yahboomcar_ws/install/M3Pro_demo/lib/python3.10/site-packages/M3Pro_demo
[1.596s] copying /home/pawan/yahboomcar_ws_test/yahboomcar_ws/build/M3Pro_demo/build/lib/M3Pro_demo/shape_recognize.py -> /home/pawan/yahboomcar_ws_test/yahboomcar_ws/install/M3Pro_demo/lib/python3.10/site-packages/M3Pro_demo
[1.596s] copying /home/pawan/yahboomcar_ws_test/yahboomcar_ws/build/M3Pro_demo/build/lib/M3Pro_demo/__init__.py -> /home/pawan/yahboomcar_ws_test/yahboomcar_ws/install/M3Pro_demo/lib/python3.10/site-packages/M3Pro_demo
[1.596s] copying /home/pawan/yahboomcar_ws_test/yahboomcar_ws/build/M3Pro_demo/build/lib/M3Pro_demo/vutils.py -> /home/pawan/yahboomcar_ws_test/yahboomcar_ws/install/M3Pro_demo/lib/python3.10/site-packages/M3Pro_demo
[1.597s] copying /home/pawan/yahboomcar_ws_test/yahboomcar_ws/build/M3Pro_demo/build/lib/M3Pro_demo/apriltag_track-Circle.py -> /home/pawan/yahboomcar_ws_test/yahboomcar_ws/install/M3Pro_demo/lib/python3.10/site-packages/M3Pro_demo
[1.597s] copying /home/pawan/yahboomcar_ws_test/yahboomcar_ws/build/M3Pro_demo/build/lib/M3Pro_demo/apriltag_detect.py -> /home/pawan/yahboomcar_ws_test/yahboomcar_ws/install/M3Pro_demo/lib/python3.10/site-packages/M3Pro_demo
[1.597s] copying /home/pawan/yahboomcar_ws_test/yahboomcar_ws/build/M3Pro_demo/build/lib/M3Pro_demo/volume_calculations.py -> /home/pawan/yahboomcar_ws_test/yahboomcar_ws/install/M3Pro_demo/lib/python3.10/site-packages/M3Pro_demo
[1.597s] copying /home/pawan/yahboomcar_ws_test/yahboomcar_ws/build/M3Pro_demo/build/lib/M3Pro_demo/KCF_follow_desktop.py -> /home/pawan/yahboomcar_ws_test/yahboomcar_ws/install/M3Pro_demo/lib/python3.10/site-packages/M3Pro_demo
[1.597s] copying /home/pawan/yahboomcar_ws_test/yahboomcar_ws/build/M3Pro_demo/build/lib/M3Pro_demo/apriltag_track.py -> /home/pawan/yahboomcar_ws_test/yahboomcar_ws/install/M3Pro_demo/lib/python3.10/site-packages/M3Pro_demo
[1.597s] copying /home/pawan/yahboomcar_ws_test/yahboomcar_ws/build/M3Pro_demo/build/lib/M3Pro_demo/apriltag_track-Pose[0].py -> /home/pawan/yahboomcar_ws_test/yahboomcar_ws/install/M3Pro_demo/lib/python3.10/site-packages/M3Pro_demo
[1.597s] copying /home/pawan/yahboomcar_ws_test/yahboomcar_ws/build/M3Pro_demo/build/lib/M3Pro_demo/Gesture_Moving.py -> /home/pawan/yahboomcar_ws_test/yahboomcar_ws/install/M3Pro_demo/lib/python3.10/site-packages/M3Pro_demo
[1.597s] copying /home/pawan/yahboomcar_ws_test/yahboomcar_ws/build/M3Pro_demo/build/lib/M3Pro_demo/aruco_track.py -> /home/pawan/yahboomcar_ws_test/yahboomcar_ws/install/M3Pro_demo/lib/python3.10/site-packages/M3Pro_demo
[1.597s] copying /home/pawan/yahboomcar_ws_test/yahboomcar_ws/build/M3Pro_demo/build/lib/M3Pro_demo/apriltag_detect-Copy1.py -> /home/pawan/yahboomcar_ws_test/yahboomcar_ws/install/M3Pro_demo/lib/python3.10/site-packages/M3Pro_demo
[1.597s] copying /home/pawan/yahboomcar_ws_test/yahboomcar_ws/build/M3Pro_demo/build/lib/M3Pro_demo/apriltagHeight_gesture.py -> /home/pawan/yahboomcar_ws_test/yahboomcar_ws/install/M3Pro_demo/lib/python3.10/site-packages/M3Pro_demo
[1.597s] copying /home/pawan/yahboomcar_ws_test/yahboomcar_ws/build/M3Pro_demo/build/lib/M3Pro_demo/apriltag_transport.py -> /home/pawan/yahboomcar_ws_test/yahboomcar_ws/install/M3Pro_demo/lib/python3.10/site-packages/M3Pro_demo
[1.597s] copying /home/pawan/yahboomcar_ws_test/yahboomcar_ws/build/M3Pro_demo/build/lib/M3Pro_demo/follow_common.py -> /home/pawan/yahboomcar_ws_test/yahboomcar_ws/install/M3Pro_demo/lib/python3.10/site-packages/M3Pro_demo
[1.597s] copying /home/pawan/yahboomcar_ws_test/yahboomcar_ws/build/M3Pro_demo/build/lib/M3Pro_demo/M3Pro_Dancing.py -> /home/pawan/yahboomcar_ws_test/yahboomcar_ws/install/M3Pro_demo/lib/python3.10/site-packages/M3Pro_demo
[1.597s] copying /home/pawan/yahboomcar_ws_test/yahboomcar_ws/build/M3Pro_demo/build/lib/M3Pro_demo/color_common.py -> /home/pawan/yahboomcar_ws_test/yahboomcar_ws/install/M3Pro_demo/lib/python3.10/site-packages/M3Pro_demo
[1.598s] copying /home/pawan/yahboomcar_ws_test/yahboomcar_ws/build/M3Pro_demo/build/lib/M3Pro_demo/X5Plus_adjust-Copy1.py -> /home/pawan/yahboomcar_ws_test/yahboomcar_ws/install/M3Pro_demo/lib/python3.10/site-packages/M3Pro_demo
[1.598s] copying /home/pawan/yahboomcar_ws_test/yahboomcar_ws/build/M3Pro_demo/build/lib/M3Pro_demo/Dofbot_Track.py -> /home/pawan/yahboomcar_ws_test/yahboomcar_ws/install/M3Pro_demo/lib/python3.10/site-packages/M3Pro_demo
[1.598s] copying /home/pawan/yahboomcar_ws_test/yahboomcar_ws/build/M3Pro_demo/build/lib/M3Pro_demo/color_list.py -> /home/pawan/yahboomcar_ws_test/yahboomcar_ws/install/M3Pro_demo/lib/python3.10/site-packages/M3Pro_demo
[1.598s] copying /home/pawan/yahboomcar_ws_test/yahboomcar_ws/build/M3Pro_demo/build/lib/M3Pro_demo/color_track_desktop.py -> /home/pawan/yahboomcar_ws_test/yahboomcar_ws/install/M3Pro_demo/lib/python3.10/site-packages/M3Pro_demo
[1.598s] copying /home/pawan/yahboomcar_ws_test/yahboomcar_ws/build/M3Pro_demo/build/lib/M3Pro_demo/apriltag_track-distance.py -> /home/pawan/yahboomcar_ws_test/yahboomcar_ws/install/M3Pro_demo/lib/python3.10/site-packages/M3Pro_demo
[1.598s] copying /home/pawan/yahboomcar_ws_test/yahboomcar_ws/build/M3Pro_demo/build/lib/M3Pro_demo/color_track.py -> /home/pawan/yahboomcar_ws_test/yahboomcar_ws/install/M3Pro_demo/lib/python3.10/site-packages/M3Pro_demo
[1.598s] copying /home/pawan/yahboomcar_ws_test/yahboomcar_ws/build/M3Pro_demo/build/lib/M3Pro_demo/apriltag_follow_3D_V1.py -> /home/pawan/yahboomcar_ws_test/yahboomcar_ws/install/M3Pro_demo/lib/python3.10/site-packages/M3Pro_demo
[1.598s] copying /home/pawan/yahboomcar_ws_test/yahboomcar_ws/build/M3Pro_demo/build/lib/M3Pro_demo/media_library.py -> /home/pawan/yahboomcar_ws_test/yahboomcar_ws/install/M3Pro_demo/lib/python3.10/site-packages/M3Pro_demo
[1.598s] copying /home/pawan/yahboomcar_ws_test/yahboomcar_ws/build/M3Pro_demo/build/lib/M3Pro_demo/apriltag_transport_V2.py -> /home/pawan/yahboomcar_ws_test/yahboomcar_ws/install/M3Pro_demo/lib/python3.10/site-packages/M3Pro_demo
[1.598s] copying /home/pawan/yahboomcar_ws_test/yahboomcar_ws/build/M3Pro_demo/build/lib/M3Pro_demo/estimate_volume.py -> /home/pawan/yahboomcar_ws_test/yahboomcar_ws/install/M3Pro_demo/lib/python3.10/site-packages/M3Pro_demo
[1.598s] copying /home/pawan/yahboomcar_ws_test/yahboomcar_ws/build/M3Pro_demo/build/lib/M3Pro_demo/PID.py -> /home/pawan/yahboomcar_ws_test/yahboomcar_ws/install/M3Pro_demo/lib/python3.10/site-packages/M3Pro_demo
[1.598s] copying /home/pawan/yahboomcar_ws_test/yahboomcar_ws/build/M3Pro_demo/build/lib/M3Pro_demo/KCF_follow.py -> /home/pawan/yahboomcar_ws_test/yahboomcar_ws/install/M3Pro_demo/lib/python3.10/site-packages/M3Pro_demo
[1.598s] copying /home/pawan/yahboomcar_ws_test/yahboomcar_ws/build/M3Pro_demo/build/lib/M3Pro_demo/Robot_PID.py -> /home/pawan/yahboomcar_ws_test/yahboomcar_ws/install/M3Pro_demo/lib/python3.10/site-packages/M3Pro_demo
[1.598s] copying /home/pawan/yahboomcar_ws_test/yahboomcar_ws/build/M3Pro_demo/build/lib/M3Pro_demo/Get_OdomInfo.py -> /home/pawan/yahboomcar_ws_test/yahboomcar_ws/install/M3Pro_demo/lib/python3.10/site-packages/M3Pro_demo
[1.599s] copying /home/pawan/yahboomcar_ws_test/yahboomcar_ws/build/M3Pro_demo/build/lib/M3Pro_demo/mediapipe_gesture.py -> /home/pawan/yahboomcar_ws_test/yahboomcar_ws/install/M3Pro_demo/lib/python3.10/site-packages/M3Pro_demo
[1.599s] copying /home/pawan/yahboomcar_ws_test/yahboomcar_ws/build/M3Pro_demo/build/lib/M3Pro_demo/apriltag_identify.py -> /home/pawan/yahboomcar_ws_test/yahboomcar_ws/install/M3Pro_demo/lib/python3.10/site-packages/M3Pro_demo
[1.599s] copying /home/pawan/yahboomcar_ws_test/yahboomcar_ws/build/M3Pro_demo/build/lib/M3Pro_demo/arm_offset.py -> /home/pawan/yahboomcar_ws_test/yahboomcar_ws/install/M3Pro_demo/lib/python3.10/site-packages/M3Pro_demo
[1.599s] copying /home/pawan/yahboomcar_ws_test/yahboomcar_ws/build/M3Pro_demo/build/lib/M3Pro_demo/grasp_desktop.py -> /home/pawan/yahboomcar_ws_test/yahboomcar_ws/install/M3Pro_demo/lib/python3.10/site-packages/M3Pro_demo
[1.599s] copying /home/pawan/yahboomcar_ws_test/yahboomcar_ws/build/M3Pro_demo/build/lib/M3Pro_demo/grasp_transport.py -> /home/pawan/yahboomcar_ws_test/yahboomcar_ws/install/M3Pro_demo/lib/python3.10/site-packages/M3Pro_demo
[1.599s] copying /home/pawan/yahboomcar_ws_test/yahboomcar_ws/build/M3Pro_demo/build/lib/M3Pro_demo/compute_pose.py -> /home/pawan/yahboomcar_ws_test/yahboomcar_ws/install/M3Pro_demo/lib/python3.10/site-packages/M3Pro_demo
[1.599s] copying /home/pawan/yahboomcar_ws_test/yahboomcar_ws/build/M3Pro_demo/build/lib/M3Pro_demo/apriltag_track_desktop_no_arm.py -> /home/pawan/yahboomcar_ws_test/yahboomcar_ws/install/M3Pro_demo/lib/python3.10/site-packages/M3Pro_demo
[1.599s] copying /home/pawan/yahboomcar_ws_test/yahboomcar_ws/build/M3Pro_demo/build/lib/M3Pro_demo/Robot_Move.py -> /home/pawan/yahboomcar_ws_test/yahboomcar_ws/install/M3Pro_demo/lib/python3.10/site-packages/M3Pro_demo
[1.599s] copying /home/pawan/yahboomcar_ws_test/yahboomcar_ws/build/M3Pro_demo/build/lib/M3Pro_demo/apriltag_follow_2D.py -> /home/pawan/yahboomcar_ws_test/yahboomcar_ws/install/M3Pro_demo/lib/python3.10/site-packages/M3Pro_demo
[1.599s] copying /home/pawan/yahboomcar_ws_test/yahboomcar_ws/build/M3Pro_demo/build/lib/M3Pro_demo/apriltag_list.py -> /home/pawan/yahboomcar_ws_test/yahboomcar_ws/install/M3Pro_demo/lib/python3.10/site-packages/M3Pro_demo
[1.599s] copying /home/pawan/yahboomcar_ws_test/yahboomcar_ws/build/M3Pro_demo/build/lib/M3Pro_demo/apriltag_track_desktop_onceTrack.py -> /home/pawan/yahboomcar_ws_test/yahboomcar_ws/install/M3Pro_demo/lib/python3.10/site-packages/M3Pro_demo
[1.599s] copying /home/pawan/yahboomcar_ws_test/yahboomcar_ws/build/M3Pro_demo/build/lib/M3Pro_demo/follow_line.py -> /home/pawan/yahboomcar_ws_test/yahboomcar_ws/install/M3Pro_demo/lib/python3.10/site-packages/M3Pro_demo
[1.599s] copying /home/pawan/yahboomcar_ws_test/yahboomcar_ws/build/M3Pro_demo/build/lib/M3Pro_demo/apriltag_track_desktop.py -> /home/pawan/yahboomcar_ws_test/yahboomcar_ws/install/M3Pro_demo/lib/python3.10/site-packages/M3Pro_demo
[1.600s] copying /home/pawan/yahboomcar_ws_test/yahboomcar_ws/build/M3Pro_demo/build/lib/M3Pro_demo/KCF_track.py -> /home/pawan/yahboomcar_ws_test/yahboomcar_ws/install/M3Pro_demo/lib/python3.10/site-packages/M3Pro_demo
[1.600s] copying /home/pawan/yahboomcar_ws_test/yahboomcar_ws/build/M3Pro_demo/build/lib/M3Pro_demo/grasp.py -> /home/pawan/yahboomcar_ws_test/yahboomcar_ws/install/M3Pro_demo/lib/python3.10/site-packages/M3Pro_demo
[1.600s] copying /home/pawan/yahboomcar_ws_test/yahboomcar_ws/build/M3Pro_demo/build/lib/M3Pro_demo/apriltagDist_gesture.py -> /home/pawan/yahboomcar_ws_test/yahboomcar_ws/install/M3Pro_demo/lib/python3.10/site-packages/M3Pro_demo
[1.600s] copying /home/pawan/yahboomcar_ws_test/yahboomcar_ws/build/M3Pro_demo/build/lib/M3Pro_demo/compute_joint5.py -> /home/pawan/yahboomcar_ws_test/yahboomcar_ws/install/M3Pro_demo/lib/python3.10/site-packages/M3Pro_demo
[1.600s] copying /home/pawan/yahboomcar_ws_test/yahboomcar_ws/build/M3Pro_demo/build/lib/M3Pro_demo/color_transport.py -> /home/pawan/yahboomcar_ws_test/yahboomcar_ws/install/M3Pro_demo/lib/python3.10/site-packages/M3Pro_demo
[1.600s] copying /home/pawan/yahboomcar_ws_test/yahboomcar_ws/build/M3Pro_demo/build/lib/M3Pro_demo/KCF_track-Copy1.py -> /home/pawan/yahboomcar_ws_test/yahboomcar_ws/install/M3Pro_demo/lib/python3.10/site-packages/M3Pro_demo
[1.600s] byte-compiling /home/pawan/yahboomcar_ws_test/yahboomcar_ws/install/M3Pro_demo/lib/python3.10/site-packages/M3Pro_demo/mediapipe_detect.py to mediapipe_detect.cpython-310.pyc
[1.600s] byte-compiling /home/pawan/yahboomcar_ws_test/yahboomcar_ws/install/M3Pro_demo/lib/python3.10/site-packages/M3Pro_demo/color_follow.py to color_follow.cpython-310.pyc
[1.602s] byte-compiling /home/pawan/yahboomcar_ws_test/yahboomcar_ws/install/M3Pro_demo/lib/python3.10/site-packages/M3Pro_demo/apriltag_follow.py to apriltag_follow.cpython-310.pyc
[1.602s] byte-compiling /home/pawan/yahboomcar_ws_test/yahboomcar_ws/install/M3Pro_demo/lib/python3.10/site-packages/M3Pro_demo/color_recognize.py to color_recognize.cpython-310.pyc
[1.604s] byte-compiling /home/pawan/yahboomcar_ws_test/yahboomcar_ws/install/M3Pro_demo/lib/python3.10/site-packages/M3Pro_demo/apriltagID_gesture.py to apriltagID_gesture.cpython-310.pyc
[1.604s] byte-compiling /home/pawan/yahboomcar_ws_test/yahboomcar_ws/install/M3Pro_demo/lib/python3.10/site-packages/M3Pro_demo/shape_recognize.py to shape_recognize.cpython-310.pyc
[1.606s] byte-compiling /home/pawan/yahboomcar_ws_test/yahboomcar_ws/install/M3Pro_demo/lib/python3.10/site-packages/M3Pro_demo/__init__.py to __init__.cpython-310.pyc
[1.606s] byte-compiling /home/pawan/yahboomcar_ws_test/yahboomcar_ws/install/M3Pro_demo/lib/python3.10/site-packages/M3Pro_demo/vutils.py to vutils.cpython-310.pyc
[1.607s] byte-compiling /home/pawan/yahboomcar_ws_test/yahboomcar_ws/install/M3Pro_demo/lib/python3.10/site-packages/M3Pro_demo/apriltag_track-Circle.py to apriltag_track-Circle.cpython-310.pyc
[1.607s] byte-compiling /home/pawan/yahboomcar_ws_test/yahboomcar_ws/install/M3Pro_demo/lib/python3.10/site-packages/M3Pro_demo/apriltag_detect.py to apriltag_detect.cpython-310.pyc
[1.609s] byte-compiling /home/pawan/yahboomcar_ws_test/yahboomcar_ws/install/M3Pro_demo/lib/python3.10/site-packages/M3Pro_demo/volume_calculations.py to volume_calculations.cpython-310.pyc
[1.610s] byte-compiling /home/pawan/yahboomcar_ws_test/yahboomcar_ws/install/M3Pro_demo/lib/python3.10/site-packages/M3Pro_demo/KCF_follow_desktop.py to KCF_follow_desktop.cpython-310.pyc
[1.612s] byte-compiling /home/pawan/yahboomcar_ws_test/yahboomcar_ws/install/M3Pro_demo/lib/python3.10/site-packages/M3Pro_demo/apriltag_track.py to apriltag_track.cpython-310.pyc
[1.613s] byte-compiling /home/pawan/yahboomcar_ws_test/yahboomcar_ws/install/M3Pro_demo/lib/python3.10/site-packages/M3Pro_demo/apriltag_track-Pose[0].py to apriltag_track-Pose[0].cpython-310.pyc
[1.614s] byte-compiling /home/pawan/yahboomcar_ws_test/yahboomcar_ws/install/M3Pro_demo/lib/python3.10/site-packages/M3Pro_demo/Gesture_Moving.py to Gesture_Moving.cpython-310.pyc
[1.615s] byte-compiling /home/pawan/yahboomcar_ws_test/yahboomcar_ws/install/M3Pro_demo/lib/python3.10/site-packages/M3Pro_demo/aruco_track.py to aruco_track.cpython-310.pyc
[1.615s] byte-compiling /home/pawan/yahboomcar_ws_test/yahboomcar_ws/install/M3Pro_demo/lib/python3.10/site-packages/M3Pro_demo/apriltag_detect-Copy1.py to apriltag_detect-Copy1.cpython-310.pyc
[1.616s] byte-compiling /home/pawan/yahboomcar_ws_test/yahboomcar_ws/install/M3Pro_demo/lib/python3.10/site-packages/M3Pro_demo/apriltagHeight_gesture.py to apriltagHeight_gesture.cpython-310.pyc
[1.618s] byte-compiling /home/pawan/yahboomcar_ws_test/yahboomcar_ws/install/M3Pro_demo/lib/python3.10/site-packages/M3Pro_demo/apriltag_transport.py to apriltag_transport.cpython-310.pyc
[1.620s] byte-compiling /home/pawan/yahboomcar_ws_test/yahboomcar_ws/install/M3Pro_demo/lib/python3.10/site-packages/M3Pro_demo/follow_common.py to follow_common.cpython-310.pyc
[1.621s] byte-compiling /home/pawan/yahboomcar_ws_test/yahboomcar_ws/install/M3Pro_demo/lib/python3.10/site-packages/M3Pro_demo/M3Pro_Dancing.py to M3Pro_Dancing.cpython-310.pyc
[1.622s] byte-compiling /home/pawan/yahboomcar_ws_test/yahboomcar_ws/install/M3Pro_demo/lib/python3.10/site-packages/M3Pro_demo/color_common.py to color_common.cpython-310.pyc
[1.624s] byte-compiling /home/pawan/yahboomcar_ws_test/yahboomcar_ws/install/M3Pro_demo/lib/python3.10/site-packages/M3Pro_demo/X5Plus_adjust-Copy1.py to X5Plus_adjust-Copy1.cpython-310.pyc
[1.625s] byte-compiling /home/pawan/yahboomcar_ws_test/yahboomcar_ws/install/M3Pro_demo/lib/python3.10/site-packages/M3Pro_demo/Dofbot_Track.py to Dofbot_Track.cpython-310.pyc
[1.626s] byte-compiling /home/pawan/yahboomcar_ws_test/yahboomcar_ws/install/M3Pro_demo/lib/python3.10/site-packages/M3Pro_demo/color_list.py to color_list.cpython-310.pyc
[1.629s] byte-compiling /home/pawan/yahboomcar_ws_test/yahboomcar_ws/install/M3Pro_demo/lib/python3.10/site-packages/M3Pro_demo/color_track_desktop.py to color_track_desktop.cpython-310.pyc
[1.631s] byte-compiling /home/pawan/yahboomcar_ws_test/yahboomcar_ws/install/M3Pro_demo/lib/python3.10/site-packages/M3Pro_demo/apriltag_track-distance.py to apriltag_track-distance.cpython-310.pyc
[1.632s] byte-compiling /home/pawan/yahboomcar_ws_test/yahboomcar_ws/install/M3Pro_demo/lib/python3.10/site-packages/M3Pro_demo/color_track.py to color_track.cpython-310.pyc
[1.634s] byte-compiling /home/pawan/yahboomcar_ws_test/yahboomcar_ws/install/M3Pro_demo/lib/python3.10/site-packages/M3Pro_demo/apriltag_follow_3D_V1.py to apriltag_follow_3D_V1.cpython-310.pyc
[1.636s] byte-compiling /home/pawan/yahboomcar_ws_test/yahboomcar_ws/install/M3Pro_demo/lib/python3.10/site-packages/M3Pro_demo/media_library.py to media_library.cpython-310.pyc
[1.637s] byte-compiling /home/pawan/yahboomcar_ws_test/yahboomcar_ws/install/M3Pro_demo/lib/python3.10/site-packages/M3Pro_demo/apriltag_transport_V2.py to apriltag_transport_V2.cpython-310.pyc
[1.639s] byte-compiling /home/pawan/yahboomcar_ws_test/yahboomcar_ws/install/M3Pro_demo/lib/python3.10/site-packages/M3Pro_demo/estimate_volume.py to estimate_volume.cpython-310.pyc
[1.641s] byte-compiling /home/pawan/yahboomcar_ws_test/yahboomcar_ws/install/M3Pro_demo/lib/python3.10/site-packages/M3Pro_demo/PID.py to PID.cpython-310.pyc
[1.642s] byte-compiling /home/pawan/yahboomcar_ws_test/yahboomcar_ws/install/M3Pro_demo/lib/python3.10/site-packages/M3Pro_demo/KCF_follow.py to KCF_follow.cpython-310.pyc
[1.643s] byte-compiling /home/pawan/yahboomcar_ws_test/yahboomcar_ws/install/M3Pro_demo/lib/python3.10/site-packages/M3Pro_demo/Robot_PID.py to Robot_PID.cpython-310.pyc
[1.643s] byte-compiling /home/pawan/yahboomcar_ws_test/yahboomcar_ws/install/M3Pro_demo/lib/python3.10/site-packages/M3Pro_demo/Get_OdomInfo.py to Get_OdomInfo.cpython-310.pyc
[1.643s] byte-compiling /home/pawan/yahboomcar_ws_test/yahboomcar_ws/install/M3Pro_demo/lib/python3.10/site-packages/M3Pro_demo/mediapipe_gesture.py to mediapipe_gesture.cpython-310.pyc
[1.644s] byte-compiling /home/pawan/yahboomcar_ws_test/yahboomcar_ws/install/M3Pro_demo/lib/python3.10/site-packages/M3Pro_demo/apriltag_identify.py to apriltag_identify.cpython-310.pyc
[1.645s] byte-compiling /home/pawan/yahboomcar_ws_test/yahboomcar_ws/install/M3Pro_demo/lib/python3.10/site-packages/M3Pro_demo/arm_offset.py to arm_offset.cpython-310.pyc
[1.647s] byte-compiling /home/pawan/yahboomcar_ws_test/yahboomcar_ws/install/M3Pro_demo/lib/python3.10/site-packages/M3Pro_demo/grasp_desktop.py to grasp_desktop.cpython-310.pyc
[1.648s] byte-compiling /home/pawan/yahboomcar_ws_test/yahboomcar_ws/install/M3Pro_demo/lib/python3.10/site-packages/M3Pro_demo/grasp_transport.py to grasp_transport.cpython-310.pyc
[1.649s] byte-compiling /home/pawan/yahboomcar_ws_test/yahboomcar_ws/install/M3Pro_demo/lib/python3.10/site-packages/M3Pro_demo/compute_pose.py to compute_pose.cpython-310.pyc
[1.651s] byte-compiling /home/pawan/yahboomcar_ws_test/yahboomcar_ws/install/M3Pro_demo/lib/python3.10/site-packages/M3Pro_demo/apriltag_track_desktop_no_arm.py to apriltag_track_desktop_no_arm.cpython-310.pyc
[1.652s] byte-compiling /home/pawan/yahboomcar_ws_test/yahboomcar_ws/install/M3Pro_demo/lib/python3.10/site-packages/M3Pro_demo/Robot_Move.py to Robot_Move.cpython-310.pyc
[1.652s] byte-compiling /home/pawan/yahboomcar_ws_test/yahboomcar_ws/install/M3Pro_demo/lib/python3.10/site-packages/M3Pro_demo/apriltag_follow_2D.py to apriltag_follow_2D.cpython-310.pyc
[1.654s] byte-compiling /home/pawan/yahboomcar_ws_test/yahboomcar_ws/install/M3Pro_demo/lib/python3.10/site-packages/M3Pro_demo/apriltag_list.py to apriltag_list.cpython-310.pyc
[1.655s] byte-compiling /home/pawan/yahboomcar_ws_test/yahboomcar_ws/install/M3Pro_demo/lib/python3.10/site-packages/M3Pro_demo/apriltag_track_desktop_onceTrack.py to apriltag_track_desktop_onceTrack.cpython-310.pyc
[1.657s] byte-compiling /home/pawan/yahboomcar_ws_test/yahboomcar_ws/install/M3Pro_demo/lib/python3.10/site-packages/M3Pro_demo/follow_line.py to follow_line.cpython-310.pyc
[1.659s] byte-compiling /home/pawan/yahboomcar_ws_test/yahboomcar_ws/install/M3Pro_demo/lib/python3.10/site-packages/M3Pro_demo/apriltag_track_desktop.py to apriltag_track_desktop.cpython-310.pyc
[1.661s] byte-compiling /home/pawan/yahboomcar_ws_test/yahboomcar_ws/install/M3Pro_demo/lib/python3.10/site-packages/M3Pro_demo/KCF_track.py to KCF_track.cpython-310.pyc
[1.662s] byte-compiling /home/pawan/yahboomcar_ws_test/yahboomcar_ws/install/M3Pro_demo/lib/python3.10/site-packages/M3Pro_demo/grasp.py to grasp.cpython-310.pyc
[1.663s] byte-compiling /home/pawan/yahboomcar_ws_test/yahboomcar_ws/install/M3Pro_demo/lib/python3.10/site-packages/M3Pro_demo/apriltagDist_gesture.py to apriltagDist_gesture.cpython-310.pyc
[1.665s] byte-compiling /home/pawan/yahboomcar_ws_test/yahboomcar_ws/install/M3Pro_demo/lib/python3.10/site-packages/M3Pro_demo/compute_joint5.py to compute_joint5.cpython-310.pyc
[1.665s] byte-compiling /home/pawan/yahboomcar_ws_test/yahboomcar_ws/install/M3Pro_demo/lib/python3.10/site-packages/M3Pro_demo/color_transport.py to color_transport.cpython-310.pyc
[1.667s] byte-compiling /home/pawan/yahboomcar_ws_test/yahboomcar_ws/install/M3Pro_demo/lib/python3.10/site-packages/M3Pro_demo/KCF_track-Copy1.py to KCF_track-Copy1.cpython-310.pyc
[1.668s] running install_data
[1.668s] creating /home/pawan/yahboomcar_ws_test/yahboomcar_ws/install/M3Pro_demo/share/ament_index
[1.668s] creating /home/pawan/yahboomcar_ws_test/yahboomcar_ws/install/M3Pro_demo/share/ament_index/resource_index
[1.668s] creating /home/pawan/yahboomcar_ws_test/yahboomcar_ws/install/M3Pro_demo/share/ament_index/resource_index/packages
[1.668s] copying resource/M3Pro_demo -> /home/pawan/yahboomcar_ws_test/yahboomcar_ws/install/M3Pro_demo/share/ament_index/resource_index/packages
[1.668s] copying package.xml -> /home/pawan/yahboomcar_ws_test/yahboomcar_ws/install/M3Pro_demo/share/M3Pro_demo
[1.668s] creating /home/pawan/yahboomcar_ws_test/yahboomcar_ws/install/M3Pro_demo/share/M3Pro_demo/launch
[1.668s] copying launch/camera_arm_kin.launch.py -> /home/pawan/yahboomcar_ws_test/yahboomcar_ws/install/M3Pro_demo/share/M3Pro_demo/launch
[1.668s] running install_egg_info
[1.669s] Copying ../../build/M3Pro_demo/M3Pro_demo.egg-info to /home/pawan/yahboomcar_ws_test/yahboomcar_ws/install/M3Pro_demo/lib/python3.10/site-packages/M3Pro_demo-0.0.0-py3.10.egg-info
[1.670s] running install_scripts
[1.683s] Installing Gesture_Moving script to /home/pawan/yahboomcar_ws_test/yahboomcar_ws/install/M3Pro_demo/lib/M3Pro_demo
[1.683s] Installing KCF_follow script to /home/pawan/yahboomcar_ws_test/yahboomcar_ws/install/M3Pro_demo/lib/M3Pro_demo
[1.683s] Installing KCF_follow_desktop script to /home/pawan/yahboomcar_ws_test/yahboomcar_ws/install/M3Pro_demo/lib/M3Pro_demo
[1.683s] Installing KCF_track script to /home/pawan/yahboomcar_ws_test/yahboomcar_ws/install/M3Pro_demo/lib/M3Pro_demo
[1.683s] Installing M3Pro_Dancing script to /home/pawan/yahboomcar_ws_test/yahboomcar_ws/install/M3Pro_demo/lib/M3Pro_demo
[1.683s] Installing apriltagDist_gesture script to /home/pawan/yahboomcar_ws_test/yahboomcar_ws/install/M3Pro_demo/lib/M3Pro_demo
[1.683s] Installing apriltagHeight_gesture script to /home/pawan/yahboomcar_ws_test/yahboomcar_ws/install/M3Pro_demo/lib/M3Pro_demo
[1.683s] Installing apriltagID_gesture script to /home/pawan/yahboomcar_ws_test/yahboomcar_ws/install/M3Pro_demo/lib/M3Pro_demo
[1.684s] Installing apriltag_detect script to /home/pawan/yahboomcar_ws_test/yahboomcar_ws/install/M3Pro_demo/lib/M3Pro_demo
[1.684s] Installing apriltag_follow script to /home/pawan/yahboomcar_ws_test/yahboomcar_ws/install/M3Pro_demo/lib/M3Pro_demo
[1.684s] Installing apriltag_follow_2D script to /home/pawan/yahboomcar_ws_test/yahboomcar_ws/install/M3Pro_demo/lib/M3Pro_demo
[1.684s] Installing apriltag_list script to /home/pawan/yahboomcar_ws_test/yahboomcar_ws/install/M3Pro_demo/lib/M3Pro_demo
[1.684s] Installing apriltag_track script to /home/pawan/yahboomcar_ws_test/yahboomcar_ws/install/M3Pro_demo/lib/M3Pro_demo
[1.684s] Installing apriltag_track_desktop script to /home/pawan/yahboomcar_ws_test/yahboomcar_ws/install/M3Pro_demo/lib/M3Pro_demo
[1.684s] Installing apriltag_transport script to /home/pawan/yahboomcar_ws_test/yahboomcar_ws/install/M3Pro_demo/lib/M3Pro_demo
[1.684s] Installing apriltag_transport_V2 script to /home/pawan/yahboomcar_ws_test/yahboomcar_ws/install/M3Pro_demo/lib/M3Pro_demo
[1.684s] Installing arm_offset script to /home/pawan/yahboomcar_ws_test/yahboomcar_ws/install/M3Pro_demo/lib/M3Pro_demo
[1.684s] Installing color_follow script to /home/pawan/yahboomcar_ws_test/yahboomcar_ws/install/M3Pro_demo/lib/M3Pro_demo
[1.684s] Installing color_list script to /home/pawan/yahboomcar_ws_test/yahboomcar_ws/install/M3Pro_demo/lib/M3Pro_demo
[1.684s] Installing color_recognize script to /home/pawan/yahboomcar_ws_test/yahboomcar_ws/install/M3Pro_demo/lib/M3Pro_demo
[1.684s] Installing color_track script to /home/pawan/yahboomcar_ws_test/yahboomcar_ws/install/M3Pro_demo/lib/M3Pro_demo
[1.684s] Installing color_track_desktop script to /home/pawan/yahboomcar_ws_test/yahboomcar_ws/install/M3Pro_demo/lib/M3Pro_demo
[1.685s] Installing color_transport script to /home/pawan/yahboomcar_ws_test/yahboomcar_ws/install/M3Pro_demo/lib/M3Pro_demo
[1.685s] Installing estimate_volume script to /home/pawan/yahboomcar_ws_test/yahboomcar_ws/install/M3Pro_demo/lib/M3Pro_demo
[1.685s] Installing follow_line script to /home/pawan/yahboomcar_ws_test/yahboomcar_ws/install/M3Pro_demo/lib/M3Pro_demo
[1.685s] Installing grasp script to /home/pawan/yahboomcar_ws_test/yahboomcar_ws/install/M3Pro_demo/lib/M3Pro_demo
[1.685s] Installing grasp_desktop script to /home/pawan/yahboomcar_ws_test/yahboomcar_ws/install/M3Pro_demo/lib/M3Pro_demo
[1.685s] Installing grasp_transport script to /home/pawan/yahboomcar_ws_test/yahboomcar_ws/install/M3Pro_demo/lib/M3Pro_demo
[1.685s] Installing mediapipe_detect script to /home/pawan/yahboomcar_ws_test/yahboomcar_ws/install/M3Pro_demo/lib/M3Pro_demo
[1.685s] Installing mediapipe_gesture script to /home/pawan/yahboomcar_ws_test/yahboomcar_ws/install/M3Pro_demo/lib/M3Pro_demo
[1.685s] Installing shape_recognize script to /home/pawan/yahboomcar_ws_test/yahboomcar_ws/install/M3Pro_demo/lib/M3Pro_demo
[1.685s] Installing volume_calculations script to /home/pawan/yahboomcar_ws_test/yahboomcar_ws/install/M3Pro_demo/lib/M3Pro_demo
[1.685s] writing list of installed files to '/home/pawan/yahboomcar_ws_test/yahboomcar_ws/build/M3Pro_demo/install.log'
