[0.071s] Invoking command in '/home/pawan/yahboomcar_ws_test/M3Pro_ws/build/M3Pro': CMAKE_PREFIX_PATH=${CMAKE_PREFIX_PATH}:/home/pawan/yahboomcar_ws_test/yahboomcar_ws/install/yahboom_M3Pro_description:/opt/ros/humble /usr/bin/cmake /home/pawan/yahboomcar_ws_test/M3Pro_ws/src/M3Pro -DCMAKE_INSTALL_PREFIX=/home/pawan/yahboomcar_ws_test/M3Pro_ws/install/M3Pro
[1.702s] -- The C compiler identification is GNU 11.4.0
[1.702s] -- The CXX compiler identification is GNU 11.4.0
[1.702s] -- Detecting C compiler ABI info
[1.702s] -- Detecting C compiler ABI info - done
[1.702s] -- Check for working C compiler: /usr/bin/cc - skipped
[1.702s] -- Detecting C compile features
[1.702s] -- Detecting C compile features - done
[1.702s] -- Detecting CXX compiler ABI info
[1.702s] -- Detecting CXX compiler ABI info - done
[1.702s] -- Check for working CXX compiler: /usr/bin/c++ - skipped
[1.702s] -- Detecting CXX compile features
[1.702s] -- Detecting CXX compile features - done
[1.702s] -- Found ament_cmake: 1.3.14 (/opt/ros/humble/share/ament_cmake/cmake)
[1.702s] -- Found Python3: /usr/bin/python3 (found version "3.10.12") found components: Interpreter 
[1.702s] -- Configuring done
[1.702s] -- Generating done
[1.702s] -- Build files have been written to: /home/pawan/yahboomcar_ws_test/M3Pro_ws/build/M3Pro
[1.702s] WARNING: Package name "M3Pro" does not follow the naming conventions. It should start with a lower case letter and only contain lower case letters, digits, underscores, and dashes.
[1.711s] Invoked command in '/home/pawan/yahboomcar_ws_test/M3Pro_ws/build/M3Pro' returned '0': CMAKE_PREFIX_PATH=${CMAKE_PREFIX_PATH}:/home/pawan/yahboomcar_ws_test/yahboomcar_ws/install/yahboom_M3Pro_description:/opt/ros/humble /usr/bin/cmake /home/pawan/yahboomcar_ws_test/M3Pro_ws/src/M3Pro -DCMAKE_INSTALL_PREFIX=/home/pawan/yahboomcar_ws_test/M3Pro_ws/install/M3Pro
[1.712s] Invoking command in '/home/pawan/yahboomcar_ws_test/M3Pro_ws/build/M3Pro': CMAKE_PREFIX_PATH=${CMAKE_PREFIX_PATH}:/home/pawan/yahboomcar_ws_test/yahboomcar_ws/install/yahboom_M3Pro_description:/opt/ros/humble /usr/bin/cmake --build /home/pawan/yahboomcar_ws_test/M3Pro_ws/build/M3Pro -- -j20 -l20
