[0.773s] Invoking command in '/home/pawan/yahboomcar_ws_test/yahboomcar_ws/build/arm_kin': CMAKE_PREFIX_PATH=${CMAKE_PREFIX_PATH}:/home/pawan/yahboomcar_ws_test/yahboomcar_ws/install/yahboom_M3Pro_description:/opt/ros/humble /usr/bin/cmake /home/pawan/yahboomcar_ws_test/yahboomcar_ws/src/arm_kin -DCMAKE_INSTALL_PREFIX=/home/pawan/yahboomcar_ws_test/yahboomcar_ws/install/arm_kin
[2.006s] [31mCMake Error at CMakeLists.txt:13 (find_package):
[2.007s]   By not providing "Findarm_interface.cmake" in CMAKE_MODULE_PATH this
[2.007s]   project has asked CMake to find a package configuration file provided by
[2.007s]   "arm_interface", but CMake did not find one.
[2.007s] 
[2.007s]   Could not find a package configuration file provided by "arm_interface"
[2.007s]   with any of the following names:
[2.007s] 
[2.007s]     arm_interfaceConfig.cmake
[2.007s]     arm_interface-config.cmake
[2.007s] 
[2.007s]   Add the installation prefix of "arm_interface" to CMAKE_PREFIX_PATH or set
[2.007s]   "arm_interface_DIR" to a directory containing one of the above files.  If
[2.007s]   "arm_interface" provides a separate development package or SDK, be sure it
[2.007s]   has been installed.
[2.007s] 
[2.007s] [0m
[2.008s] -- Found ament_cmake: 1.3.14 (/opt/ros/humble/share/ament_cmake/cmake)
[2.008s] -- Found rclcpp: 16.0.19 (/opt/ros/humble/share/rclcpp/cmake)
[2.008s] -- Found rosidl_generator_c: 3.1.8 (/opt/ros/humble/share/rosidl_generator_c/cmake)
[2.008s] -- Found rosidl_adapter: 3.1.8 (/opt/ros/humble/share/rosidl_adapter/cmake)
[2.008s] -- Found rosidl_generator_cpp: 3.1.8 (/opt/ros/humble/share/rosidl_generator_cpp/cmake)
[2.008s] -- Using all available rosidl_typesupport_c: rosidl_typesupport_fastrtps_c;rosidl_typesupport_introspection_c
[2.008s] -- Using all available rosidl_typesupport_cpp: rosidl_typesupport_fastrtps_cpp;rosidl_typesupport_introspection_cpp
[2.008s] -- Found rmw_implementation_cmake: 6.1.2 (/opt/ros/humble/share/rmw_implementation_cmake/cmake)
[2.008s] -- Found rmw_fastrtps_cpp: 6.2.10 (/opt/ros/humble/share/rmw_fastrtps_cpp/cmake)
[2.008s] -- Using RMW implementation 'rmw_fastrtps_cpp' as default
[2.008s] -- Configuring incomplete, errors occurred!
[2.008s] See also "/home/pawan/yahboomcar_ws_test/yahboomcar_ws/build/arm_kin/CMakeFiles/CMakeOutput.log".
[2.016s] Invoked command in '/home/pawan/yahboomcar_ws_test/yahboomcar_ws/build/arm_kin' returned '1': CMAKE_PREFIX_PATH=${CMAKE_PREFIX_PATH}:/home/pawan/yahboomcar_ws_test/yahboomcar_ws/install/yahboom_M3Pro_description:/opt/ros/humble /usr/bin/cmake /home/pawan/yahboomcar_ws_test/yahboomcar_ws/src/arm_kin -DCMAKE_INSTALL_PREFIX=/home/pawan/yahboomcar_ws_test/yahboomcar_ws/install/arm_kin
