[0.022s] Invoking command in '/home/pawan/yahboomcar_ws_test/digitaltwin_ws/build/ira_laser_tools': CMAKE_PREFIX_PATH=${CMAKE_PREFIX_PATH}:/home/pawan/yahboomcar_ws_test/digitaltwin_ws/install/yahboom_M3Pro_description:/home/pawan/yahboomcar_ws_test/digitaltwin_ws/install/sim_audio:/home/pawan/WISES_Robot/digitaltwin_ws/install/yahboom_M3Pro_description:/home/pawan/WISES_Robot/digitaltwin_ws/install/sim_audio:/opt/ros/jazzy DEBUGINFOD_URLS=https://debuginfod.ubuntu.com /usr/bin/cmake /home/pawan/yahboomcar_ws_test/digitaltwin_ws/src/lidar/ira_laser_tools -DAMENT_CMAKE_SYMLINK_INSTALL=1 -DCMAKE_INSTALL_PREFIX=/home/pawan/yahboomcar_ws_test/digitaltwin_ws/install/ira_laser_tools
[0.349s] -- The C compiler identification is GNU 13.3.0
[0.349s] -- The CXX compiler identification is GNU 13.3.0
[0.349s] -- Detecting C compiler ABI info
[0.349s] -- Detecting C compiler ABI info - done
[0.349s] -- Check for working C compiler: /usr/bin/cc - skipped
[0.349s] -- Detecting C compile features
[0.349s] -- Detecting C compile features - done
[0.349s] -- Detecting CXX compiler ABI info
[0.350s] -- Detecting CXX compiler ABI info - done
[0.350s] -- Check for working CXX compiler: /usr/bin/c++ - skipped
[0.350s] -- Detecting CXX compile features
[0.350s] -- Detecting CXX compile features - done
[0.350s] -- Found ament_cmake: 2.5.6 (/opt/ros/jazzy/share/ament_cmake/cmake)
[0.441s] -- Found Python3: /usr/bin/python3 (found version "3.12.3") found components: Interpreter 
[0.501s] -- Override CMake install command with custom implementation using symlinks instead of copying resources
[0.540s] -- Found rclcpp: 28.1.22 (/opt/ros/jazzy/share/rclcpp/cmake)
[0.603s] -- Found rosidl_generator_c: 4.6.9 (/opt/ros/jazzy/share/rosidl_generator_c/cmake)
[0.626s] -- Found rosidl_generator_cpp: 4.6.9 (/opt/ros/jazzy/share/rosidl_generator_cpp/cmake)
[0.652s] -- Using all available rosidl_typesupport_c: rosidl_typesupport_fastrtps_c;rosidl_typesupport_introspection_c
[0.682s] -- Using all available rosidl_typesupport_cpp: rosidl_typesupport_fastrtps_cpp;rosidl_typesupport_introspection_cpp
[0.767s] -- Found rmw_implementation_cmake: 7.3.3 (/opt/ros/jazzy/share/rmw_implementation_cmake/cmake)
[0.770s] -- Found rmw_fastrtps_cpp: 8.4.4 (/opt/ros/jazzy/share/rmw_fastrtps_cpp/cmake)
[0.801s] -- Found OpenSSL: /usr/lib/x86_64-linux-gnu/libcrypto.so (found version "3.0.13")  
[0.817s] -- Found FastRTPS: /opt/ros/humble/include (Required is at least version "2.13") 
[0.839s] -- Using RMW implementation 'rmw_fastrtps_cpp' as default
[0.907s] -- Found rclcpp_action: 28.1.22 (/opt/ros/jazzy/share/rclcpp_action/cmake)
[0.946s] -- Found rclcpp_lifecycle: 28.1.22 (/opt/ros/jazzy/share/rclcpp_lifecycle/cmake)
[0.974s] -- Found std_msgs: 5.3.8 (/opt/ros/jazzy/share/std_msgs/cmake)
[0.986s] -- Found geometry_msgs: 5.3.8 (/opt/ros/jazzy/share/geometry_msgs/cmake)
[1.000s] -- Found sensor_msgs: 5.3.8 (/opt/ros/jazzy/share/sensor_msgs/cmake)
[1.020s] -- Found laser_geometry: 2.7.2 (/opt/ros/jazzy/share/laser_geometry/cmake)
[1.030s] -- Found tf2_ros: 0.36.22 (/opt/ros/jazzy/share/tf2_ros/cmake)
[1.094s] -- Found pcl_ros: 2.6.5 (/opt/ros/jazzy/share/pcl_ros/cmake)
[1.157s] [33mCMake Warning (dev) at /usr/lib/x86_64-linux-gnu/cmake/pcl/Modules/FindFLANN.cmake:45 (find_package):
[1.157s]   Policy CMP0144 is not set: find_package uses upper-case <PACKAGENAME>_ROOT
[1.157s]   variables.  Run "cmake --help-policy CMP0144" for policy details.  Use the
[1.157s]   cmake_policy command to set the policy and suppress this warning.
[1.158s] 
[1.158s]   CMake variable FLANN_ROOT is set to:
[1.158s] 
[1.158s]     /usr
[1.158s] 
[1.158s]   For compatibility, find_package is ignoring the variable, but code in a
[1.158s]   .cmake module might still use it.
[1.158s] Call Stack (most recent call first):
[1.158s]   /usr/lib/x86_64-linux-gnu/cmake/pcl/PCLConfig.cmake:261 (find_package)
[1.158s]   /usr/lib/x86_64-linux-gnu/cmake/pcl/PCLConfig.cmake:306 (find_flann)
[1.159s]   /usr/lib/x86_64-linux-gnu/cmake/pcl/PCLConfig.cmake:570 (find_external_library)
[1.159s]   /opt/ros/jazzy/share/pcl_conversions/cmake/ament_cmake_export_dependencies-extras.cmake:21 (find_package)
[1.159s]   /opt/ros/jazzy/share/pcl_conversions/cmake/pcl_conversionsConfig.cmake:41 (include)
[1.159s]   /opt/ros/jazzy/share/pcl_ros/cmake/ament_cmake_export_dependencies-extras.cmake:21 (find_package)
[1.159s]   /opt/ros/jazzy/share/pcl_ros/cmake/pcl_rosConfig.cmake:41 (include)
[1.159s]   CMakeLists.txt:27 (find_package)
[1.159s] This warning is for project developers.  Use -Wno-dev to suppress it.
[1.159s] [0m
[1.159s] -- Found flann version 1.9.2
[1.422s] -- Found OpenMP_CXX: -fopenmp (found version "4.5") 
[1.422s] -- Found OpenMP: TRUE (found version "4.5") found components: CXX 
[1.793s] -- OpenNI found (version: 1.5.4.0, include: /usr/include/ni, lib: /usr/lib/libOpenNI.so;libusb::libusb)
[1.799s] -- OpenNI2 found (version: 2.2.0.33, include: /usr/include/openni2, lib: /usr/lib/x86_64-linux-gnu/libOpenNI2.so;libusb::libusb)
[1.804s] -- Could NOT find Pcap (missing: PCAP_LIBRARIES PCAP_INCLUDE_DIRS) 
[1.816s] -- Found ZLIB: /usr/lib/x86_64-linux-gnu/libz.so (found version "1.3")  
[1.831s] -- Found PNG: /usr/lib/x86_64-linux-gnu/libpng.so (found version "1.6.43") 
[2.182s] -- OpenNI found (version: 1.5.4.0, include: /usr/include/ni, lib: /usr/lib/libOpenNI.so;libusb::libusb)
[2.187s] -- OpenNI2 found (version: 2.2.0.33, include: /usr/include/openni2, lib: /usr/lib/x86_64-linux-gnu/libOpenNI2.so;libusb::libusb)
[2.522s] -- Found Qhull version 8.0.2
[2.873s] -- OpenNI found (version: 1.5.4.0, include: /usr/include/ni, lib: /usr/lib/libOpenNI.so;libusb::libusb)
[3.241s] -- Found eigen3_cmake_module: 0.3.1 (/opt/ros/jazzy/share/eigen3_cmake_module/cmake)
[3.242s] -- Ensuring Eigen3 include directory is part of orocos-kdl CMake target
[3.345s] -- Configuring done (3.3s)
[3.376s] -- Generating done (0.0s)
[3.381s] -- Build files have been written to: /home/pawan/yahboomcar_ws_test/digitaltwin_ws/build/ira_laser_tools
