[1.167s] Invoking command in '/home/pawan/yahboomcar_ws_test/yahboomcar_ws/build/yahboomcar_msgs': CMAKE_PREFIX_PATH=${CMAKE_PREFIX_PATH}:/opt/ros/humble /usr/bin/cmake /home/pawan/yahboomcar_ws_test/yahboomcar_ws/src/yahboomcar_msgs -DCMAKE_INSTALL_PREFIX=/home/pawan/yahboomcar_ws_test/yahboomcar_ws/install/yahboomcar_msgs
[1.213s] -- The C compiler identification is GNU 11.4.0
[1.267s] -- The CXX compiler identification is GNU 11.4.0
[1.273s] -- Detecting C compiler ABI info
[1.325s] -- Detecting C compiler ABI info - done
[1.333s] -- Check for working C compiler: /usr/bin/cc - skipped
[1.333s] -- Detecting C compile features
[1.334s] -- Detecting C compile features - done
[1.337s] -- Detecting CXX compiler ABI info
[1.408s] -- Detecting CXX compiler ABI info - done
[1.416s] -- Check for working CXX compiler: /usr/bin/c++ - skipped
[1.416s] -- Detecting CXX compile features
[1.417s] -- Detecting CXX compile features - done
[1.419s] -- Found ament_cmake: 1.3.14 (/opt/ros/humble/share/ament_cmake/cmake)
[1.549s] -- Found Python3: /usr/bin/python3 (found version "3.10.12") found components: Interpreter 
[1.620s] -- Found rosidl_default_generators: 1.2.1 (/opt/ros/humble/share/rosidl_default_generators/cmake)
[1.622s] -- Using all available rosidl_typesupport_c: rosidl_typesupport_fastrtps_c;rosidl_typesupport_introspection_c
[1.626s] -- Found rosidl_adapter: 3.1.8 (/opt/ros/humble/share/rosidl_adapter/cmake)
[1.657s] -- Using all available rosidl_typesupport_cpp: rosidl_typesupport_fastrtps_cpp;rosidl_typesupport_introspection_cpp
[1.683s] -- Found geometry_msgs: 4.9.1 (/opt/ros/humble/share/geometry_msgs/cmake)
[1.916s] -- Found ament_cmake_ros: 0.10.0 (/opt/ros/humble/share/ament_cmake_ros/cmake)
[2.092s] -- Using all available rosidl_typesupport_c: rosidl_typesupport_fastrtps_c;rosidl_typesupport_introspection_c
[2.344s] -- Using all available rosidl_typesupport_cpp: rosidl_typesupport_fastrtps_cpp;rosidl_typesupport_introspection_cpp
[2.368s] -- Found PythonInterp: /usr/bin/python3 (found suitable version "3.10.12", minimum required is "3.6") 
[2.369s] -- Found python_cmake_module: 0.10.0 (/opt/ros/humble/share/python_cmake_module/cmake)
[2.387s] -- Found PythonLibs: /usr/lib/x86_64-linux-gnu/libpython3.10.so (found suitable version "3.10.12", minimum required is "3.5") 
[2.388s] -- Using PYTHON_EXECUTABLE: /usr/bin/python3
[2.388s] -- Using PYTHON_INCLUDE_DIRS: /usr/include/python3.10
[2.388s] -- Using PYTHON_LIBRARIES: /usr/lib/x86_64-linux-gnu/libpython3.10.so
[2.403s] -- Found PythonExtra: .so  
[2.517s] -- Found ament_lint_auto: 0.12.15 (/opt/ros/humble/share/ament_lint_auto/cmake)
[2.533s] -- Added test 'copyright' to check source files copyright and LICENSE
[2.534s] -- Added test 'lint_cmake' to check CMake code style
[2.535s] -- Added test 'xmllint' to check XML markup files
[2.536s] -- Configuring done
[2.561s] -- Generating done
[2.570s] -- Build files have been written to: /home/pawan/yahboomcar_ws_test/yahboomcar_ws/build/yahboomcar_msgs
