[0.071s] DEBUG:colcon:Command line arguments: ['/usr/bin/colcon', 'build', '--symlink-install']
[0.071s] DEBUG:colcon:Parsed command line arguments: Namespace(log_base=None, log_level=None, verb_name='build', build_base='build', install_base='install', merge_install=False, symlink_install=True, test_result_base=None, continue_on_error=False, executor='parallel', parallel_workers=20, event_handlers=None, ignore_user_meta=False, metas=['./colcon.meta'], base_paths=['.'], packages_ignore=None, packages_ignore_regex=None, paths=None, packages_up_to=None, packages_up_to_regex=None, packages_above=None, packages_above_and_dependencies=None, packages_above_depth=None, packages_select_by_dep=None, packages_skip_by_dep=None, packages_skip_up_to=None, packages_select_build_failed=False, packages_skip_build_finished=False, packages_select_test_failures=False, packages_skip_test_passed=False, packages_select=None, packages_skip=None, packages_select_regex=None, packages_skip_regex=None, packages_start=None, packages_end=None, allow_overriding=[], cmake_args=None, cmake_target=None, cmake_target_skip_unavailable=False, cmake_clean_cache=False, cmake_clean_first=False, cmake_force_configure=False, ament_cmake_args=None, catkin_cmake_args=None, catkin_skip_building_tests=False, mixin_files=None, mixin=None, verb_parser=<colcon_mixin.mixin.mixin_argument.MixinArgumentDecorator object at 0x70a153e6a840>, verb_extension=<colcon_core.verb.build.BuildVerb object at 0x70a153e6a5d0>, main=<bound method BuildVerb.main of <colcon_core.verb.build.BuildVerb object at 0x70a153e6a5d0>>, mixin_verb=('build',))
[0.096s] Level 1:colcon.colcon_core.package_discovery:discover_packages(colcon_meta) check parameters
[0.097s] Level 1:colcon.colcon_core.package_discovery:discover_packages(recursive) check parameters
[0.097s] Level 1:colcon.colcon_core.package_discovery:discover_packages(ignore) check parameters
[0.097s] Level 1:colcon.colcon_core.package_discovery:discover_packages(path) check parameters
[0.097s] Level 1:colcon.colcon_core.package_discovery:discover_packages(colcon_meta) discover
[0.097s] Level 1:colcon.colcon_core.package_discovery:discover_packages(recursive) discover
[0.097s] INFO:colcon.colcon_core.package_discovery:Crawling recursively for packages in '/home/pawan/yahboomcar_ws_test/digitaltwin_ws'
[0.097s] Level 1:colcon.colcon_core.package_identification:_identify(.) by extensions ['ignore', 'ignore_ament_install']
[0.097s] Level 1:colcon.colcon_core.package_identification:_identify(.) by extension 'ignore'
[0.097s] Level 1:colcon.colcon_core.package_identification:_identify(.) by extension 'ignore_ament_install'
[0.097s] Level 1:colcon.colcon_core.package_identification:_identify(.) by extensions ['colcon_pkg']
[0.097s] Level 1:colcon.colcon_core.package_identification:_identify(.) by extension 'colcon_pkg'
[0.097s] Level 1:colcon.colcon_core.package_identification:_identify(.) by extensions ['colcon_meta']
[0.097s] Level 1:colcon.colcon_core.package_identification:_identify(.) by extension 'colcon_meta'
[0.097s] Level 1:colcon.colcon_core.package_identification:_identify(.) by extensions ['ros']
[0.097s] Level 1:colcon.colcon_core.package_identification:_identify(.) by extension 'ros'
[0.115s] Level 1:colcon.colcon_core.package_identification:_identify(.) by extensions ['cmake', 'python']
[0.115s] Level 1:colcon.colcon_core.package_identification:_identify(.) by extension 'cmake'
[0.115s] Level 1:colcon.colcon_core.package_identification:_identify(.) by extension 'python'
[0.115s] Level 1:colcon.colcon_core.package_identification:_identify(.) by extensions ['python_setup_py']
[0.115s] Level 1:colcon.colcon_core.package_identification:_identify(.) by extension 'python_setup_py'
[0.115s] Level 1:colcon.colcon_core.package_identification:_identify(Doc) by extensions ['ignore', 'ignore_ament_install']
[0.115s] Level 1:colcon.colcon_core.package_identification:_identify(Doc) by extension 'ignore'
[0.115s] Level 1:colcon.colcon_core.package_identification:_identify(Doc) by extension 'ignore_ament_install'
[0.115s] Level 1:colcon.colcon_core.package_identification:_identify(Doc) by extensions ['colcon_pkg']
[0.115s] Level 1:colcon.colcon_core.package_identification:_identify(Doc) by extension 'colcon_pkg'
[0.115s] Level 1:colcon.colcon_core.package_identification:_identify(Doc) by extensions ['colcon_meta']
[0.115s] Level 1:colcon.colcon_core.package_identification:_identify(Doc) by extension 'colcon_meta'
[0.115s] Level 1:colcon.colcon_core.package_identification:_identify(Doc) by extensions ['ros']
[0.115s] Level 1:colcon.colcon_core.package_identification:_identify(Doc) by extension 'ros'
[0.115s] Level 1:colcon.colcon_core.package_identification:_identify(Doc) by extensions ['cmake', 'python']
[0.115s] Level 1:colcon.colcon_core.package_identification:_identify(Doc) by extension 'cmake'
[0.115s] Level 1:colcon.colcon_core.package_identification:_identify(Doc) by extension 'python'
[0.115s] Level 1:colcon.colcon_core.package_identification:_identify(Doc) by extensions ['python_setup_py']
[0.116s] Level 1:colcon.colcon_core.package_identification:_identify(Doc) by extension 'python_setup_py'
[0.116s] Level 1:colcon.colcon_core.package_identification:_identify(Doc/Img) by extensions ['ignore', 'ignore_ament_install']
[0.116s] Level 1:colcon.colcon_core.package_identification:_identify(Doc/Img) by extension 'ignore'
[0.116s] Level 1:colcon.colcon_core.package_identification:_identify(Doc/Img) by extension 'ignore_ament_install'
[0.116s] Level 1:colcon.colcon_core.package_identification:_identify(Doc/Img) by extensions ['colcon_pkg']
[0.116s] Level 1:colcon.colcon_core.package_identification:_identify(Doc/Img) by extension 'colcon_pkg'
[0.116s] Level 1:colcon.colcon_core.package_identification:_identify(Doc/Img) by extensions ['colcon_meta']
[0.116s] Level 1:colcon.colcon_core.package_identification:_identify(Doc/Img) by extension 'colcon_meta'
[0.116s] Level 1:colcon.colcon_core.package_identification:_identify(Doc/Img) by extensions ['ros']
[0.116s] Level 1:colcon.colcon_core.package_identification:_identify(Doc/Img) by extension 'ros'
[0.116s] Level 1:colcon.colcon_core.package_identification:_identify(Doc/Img) by extensions ['cmake', 'python']
[0.116s] Level 1:colcon.colcon_core.package_identification:_identify(Doc/Img) by extension 'cmake'
[0.116s] Level 1:colcon.colcon_core.package_identification:_identify(Doc/Img) by extension 'python'
[0.116s] Level 1:colcon.colcon_core.package_identification:_identify(Doc/Img) by extensions ['python_setup_py']
[0.116s] Level 1:colcon.colcon_core.package_identification:_identify(Doc/Img) by extension 'python_setup_py'
[0.116s] Level 1:colcon.colcon_core.package_identification:_identify(build) by extensions ['ignore', 'ignore_ament_install']
[0.116s] Level 1:colcon.colcon_core.package_identification:_identify(build) by extension 'ignore'
[0.116s] Level 1:colcon.colcon_core.package_identification:_identify(build) ignored
[0.116s] Level 1:colcon.colcon_core.package_identification:_identify(install) by extensions ['ignore', 'ignore_ament_install']
[0.116s] Level 1:colcon.colcon_core.package_identification:_identify(install) by extension 'ignore'
[0.116s] Level 1:colcon.colcon_core.package_identification:_identify(install) ignored
[0.116s] Level 1:colcon.colcon_core.package_identification:_identify(log) by extensions ['ignore', 'ignore_ament_install']
[0.116s] Level 1:colcon.colcon_core.package_identification:_identify(log) by extension 'ignore'
[0.116s] Level 1:colcon.colcon_core.package_identification:_identify(log) ignored
[0.116s] Level 1:colcon.colcon_core.package_identification:_identify(scripts) by extensions ['ignore', 'ignore_ament_install']
[0.116s] Level 1:colcon.colcon_core.package_identification:_identify(scripts) by extension 'ignore'
[0.116s] Level 1:colcon.colcon_core.package_identification:_identify(scripts) by extension 'ignore_ament_install'
[0.116s] Level 1:colcon.colcon_core.package_identification:_identify(scripts) by extensions ['colcon_pkg']
[0.116s] Level 1:colcon.colcon_core.package_identification:_identify(scripts) by extension 'colcon_pkg'
[0.116s] Level 1:colcon.colcon_core.package_identification:_identify(scripts) by extensions ['colcon_meta']
[0.117s] Level 1:colcon.colcon_core.package_identification:_identify(scripts) by extension 'colcon_meta'
[0.117s] Level 1:colcon.colcon_core.package_identification:_identify(scripts) by extensions ['ros']
[0.117s] Level 1:colcon.colcon_core.package_identification:_identify(scripts) by extension 'ros'
[0.117s] Level 1:colcon.colcon_core.package_identification:_identify(scripts) by extensions ['cmake', 'python']
[0.117s] Level 1:colcon.colcon_core.package_identification:_identify(scripts) by extension 'cmake'
[0.117s] Level 1:colcon.colcon_core.package_identification:_identify(scripts) by extension 'python'
[0.117s] Level 1:colcon.colcon_core.package_identification:_identify(scripts) by extensions ['python_setup_py']
[0.117s] Level 1:colcon.colcon_core.package_identification:_identify(scripts) by extension 'python_setup_py'
[0.117s] Level 1:colcon.colcon_core.package_identification:_identify(src) by extensions ['ignore', 'ignore_ament_install']
[0.117s] Level 1:colcon.colcon_core.package_identification:_identify(src) by extension 'ignore'
[0.117s] Level 1:colcon.colcon_core.package_identification:_identify(src) by extension 'ignore_ament_install'
[0.117s] Level 1:colcon.colcon_core.package_identification:_identify(src) by extensions ['colcon_pkg']
[0.117s] Level 1:colcon.colcon_core.package_identification:_identify(src) by extension 'colcon_pkg'
[0.117s] Level 1:colcon.colcon_core.package_identification:_identify(src) by extensions ['colcon_meta']
[0.117s] Level 1:colcon.colcon_core.package_identification:_identify(src) by extension 'colcon_meta'
[0.117s] Level 1:colcon.colcon_core.package_identification:_identify(src) by extensions ['ros']
[0.117s] Level 1:colcon.colcon_core.package_identification:_identify(src) by extension 'ros'
[0.117s] Level 1:colcon.colcon_core.package_identification:_identify(src) by extensions ['cmake', 'python']
[0.117s] Level 1:colcon.colcon_core.package_identification:_identify(src) by extension 'cmake'
[0.117s] Level 1:colcon.colcon_core.package_identification:_identify(src) by extension 'python'
[0.117s] Level 1:colcon.colcon_core.package_identification:_identify(src) by extensions ['python_setup_py']
[0.117s] Level 1:colcon.colcon_core.package_identification:_identify(src) by extension 'python_setup_py'
[0.117s] Level 1:colcon.colcon_core.package_identification:_identify(src/M3Pro_navigation) by extensions ['ignore', 'ignore_ament_install']
[0.117s] Level 1:colcon.colcon_core.package_identification:_identify(src/M3Pro_navigation) by extension 'ignore'
[0.117s] Level 1:colcon.colcon_core.package_identification:_identify(src/M3Pro_navigation) by extension 'ignore_ament_install'
[0.117s] Level 1:colcon.colcon_core.package_identification:_identify(src/M3Pro_navigation) by extensions ['colcon_pkg']
[0.117s] Level 1:colcon.colcon_core.package_identification:_identify(src/M3Pro_navigation) by extension 'colcon_pkg'
[0.117s] Level 1:colcon.colcon_core.package_identification:_identify(src/M3Pro_navigation) by extensions ['colcon_meta']
[0.117s] Level 1:colcon.colcon_core.package_identification:_identify(src/M3Pro_navigation) by extension 'colcon_meta'
[0.117s] Level 1:colcon.colcon_core.package_identification:_identify(src/M3Pro_navigation) by extensions ['ros']
[0.117s] Level 1:colcon.colcon_core.package_identification:_identify(src/M3Pro_navigation) by extension 'ros'
[0.119s] DEBUG:colcon.colcon_core.package_identification:Package 'src/M3Pro_navigation' with type 'ros.ament_cmake' and name 'M3Pro_navigation'
[0.119s] Level 1:colcon.colcon_core.package_identification:_identify(src/lidar) by extensions ['ignore', 'ignore_ament_install']
[0.119s] Level 1:colcon.colcon_core.package_identification:_identify(src/lidar) by extension 'ignore'
[0.119s] Level 1:colcon.colcon_core.package_identification:_identify(src/lidar) by extension 'ignore_ament_install'
[0.119s] Level 1:colcon.colcon_core.package_identification:_identify(src/lidar) by extensions ['colcon_pkg']
[0.119s] Level 1:colcon.colcon_core.package_identification:_identify(src/lidar) by extension 'colcon_pkg'
[0.119s] Level 1:colcon.colcon_core.package_identification:_identify(src/lidar) by extensions ['colcon_meta']
[0.119s] Level 1:colcon.colcon_core.package_identification:_identify(src/lidar) by extension 'colcon_meta'
[0.119s] Level 1:colcon.colcon_core.package_identification:_identify(src/lidar) by extensions ['ros']
[0.119s] Level 1:colcon.colcon_core.package_identification:_identify(src/lidar) by extension 'ros'
[0.119s] Level 1:colcon.colcon_core.package_identification:_identify(src/lidar) by extensions ['cmake', 'python']
[0.119s] Level 1:colcon.colcon_core.package_identification:_identify(src/lidar) by extension 'cmake'
[0.119s] Level 1:colcon.colcon_core.package_identification:_identify(src/lidar) by extension 'python'
[0.119s] Level 1:colcon.colcon_core.package_identification:_identify(src/lidar) by extensions ['python_setup_py']
[0.119s] Level 1:colcon.colcon_core.package_identification:_identify(src/lidar) by extension 'python_setup_py'
[0.119s] Level 1:colcon.colcon_core.package_identification:_identify(src/lidar/ira_laser_tools) by extensions ['ignore', 'ignore_ament_install']
[0.119s] Level 1:colcon.colcon_core.package_identification:_identify(src/lidar/ira_laser_tools) by extension 'ignore'
[0.119s] Level 1:colcon.colcon_core.package_identification:_identify(src/lidar/ira_laser_tools) by extension 'ignore_ament_install'
[0.119s] Level 1:colcon.colcon_core.package_identification:_identify(src/lidar/ira_laser_tools) by extensions ['colcon_pkg']
[0.119s] Level 1:colcon.colcon_core.package_identification:_identify(src/lidar/ira_laser_tools) by extension 'colcon_pkg'
[0.120s] Level 1:colcon.colcon_core.package_identification:_identify(src/lidar/ira_laser_tools) by extensions ['colcon_meta']
[0.120s] Level 1:colcon.colcon_core.package_identification:_identify(src/lidar/ira_laser_tools) by extension 'colcon_meta'
[0.120s] Level 1:colcon.colcon_core.package_identification:_identify(src/lidar/ira_laser_tools) by extensions ['ros']
[0.120s] Level 1:colcon.colcon_core.package_identification:_identify(src/lidar/ira_laser_tools) by extension 'ros'
[0.120s] DEBUG:colcon.colcon_core.package_identification:Package 'src/lidar/ira_laser_tools' with type 'ros.ament_cmake' and name 'ira_laser_tools'
[0.120s] Level 1:colcon.colcon_core.package_identification:_identify(src/lidar/yahboom_laser_filter) by extensions ['ignore', 'ignore_ament_install']
[0.120s] Level 1:colcon.colcon_core.package_identification:_identify(src/lidar/yahboom_laser_filter) by extension 'ignore'
[0.121s] Level 1:colcon.colcon_core.package_identification:_identify(src/lidar/yahboom_laser_filter) by extension 'ignore_ament_install'
[0.121s] Level 1:colcon.colcon_core.package_identification:_identify(src/lidar/yahboom_laser_filter) by extensions ['colcon_pkg']
[0.121s] Level 1:colcon.colcon_core.package_identification:_identify(src/lidar/yahboom_laser_filter) by extension 'colcon_pkg'
[0.121s] Level 1:colcon.colcon_core.package_identification:_identify(src/lidar/yahboom_laser_filter) by extensions ['colcon_meta']
[0.121s] Level 1:colcon.colcon_core.package_identification:_identify(src/lidar/yahboom_laser_filter) by extension 'colcon_meta'
[0.121s] Level 1:colcon.colcon_core.package_identification:_identify(src/lidar/yahboom_laser_filter) by extensions ['ros']
[0.121s] Level 1:colcon.colcon_core.package_identification:_identify(src/lidar/yahboom_laser_filter) by extension 'ros'
[0.121s] DEBUG:colcon.colcon_core.package_identification:Package 'src/lidar/yahboom_laser_filter' with type 'ros.ament_cmake' and name 'yahboom_laser_filter'
[0.121s] Level 1:colcon.colcon_core.package_identification:_identify(src/sim_audio) by extensions ['ignore', 'ignore_ament_install']
[0.121s] Level 1:colcon.colcon_core.package_identification:_identify(src/sim_audio) by extension 'ignore'
[0.121s] Level 1:colcon.colcon_core.package_identification:_identify(src/sim_audio) by extension 'ignore_ament_install'
[0.121s] Level 1:colcon.colcon_core.package_identification:_identify(src/sim_audio) by extensions ['colcon_pkg']
[0.121s] Level 1:colcon.colcon_core.package_identification:_identify(src/sim_audio) by extension 'colcon_pkg'
[0.121s] Level 1:colcon.colcon_core.package_identification:_identify(src/sim_audio) by extensions ['colcon_meta']
[0.121s] Level 1:colcon.colcon_core.package_identification:_identify(src/sim_audio) by extension 'colcon_meta'
[0.121s] Level 1:colcon.colcon_core.package_identification:_identify(src/sim_audio) by extensions ['ros']
[0.121s] Level 1:colcon.colcon_core.package_identification:_identify(src/sim_audio) by extension 'ros'
[0.122s] DEBUG:colcon.colcon_core.package_identification:Package 'src/sim_audio' with type 'ros.ament_python' and name 'sim_audio'
[0.122s] Level 1:colcon.colcon_core.package_identification:_identify(src/slam) by extensions ['ignore', 'ignore_ament_install']
[0.122s] Level 1:colcon.colcon_core.package_identification:_identify(src/slam) by extension 'ignore'
[0.122s] Level 1:colcon.colcon_core.package_identification:_identify(src/slam) by extension 'ignore_ament_install'
[0.122s] Level 1:colcon.colcon_core.package_identification:_identify(src/slam) by extensions ['colcon_pkg']
[0.122s] Level 1:colcon.colcon_core.package_identification:_identify(src/slam) by extension 'colcon_pkg'
[0.122s] Level 1:colcon.colcon_core.package_identification:_identify(src/slam) by extensions ['colcon_meta']
[0.122s] Level 1:colcon.colcon_core.package_identification:_identify(src/slam) by extension 'colcon_meta'
[0.122s] Level 1:colcon.colcon_core.package_identification:_identify(src/slam) by extensions ['ros']
[0.122s] Level 1:colcon.colcon_core.package_identification:_identify(src/slam) by extension 'ros'
[0.122s] Level 1:colcon.colcon_core.package_identification:_identify(src/slam) by extensions ['cmake', 'python']
[0.122s] Level 1:colcon.colcon_core.package_identification:_identify(src/slam) by extension 'cmake'
[0.122s] Level 1:colcon.colcon_core.package_identification:_identify(src/slam) by extension 'python'
[0.122s] Level 1:colcon.colcon_core.package_identification:_identify(src/slam) by extensions ['python_setup_py']
[0.122s] Level 1:colcon.colcon_core.package_identification:_identify(src/slam) by extension 'python_setup_py'
[0.122s] Level 1:colcon.colcon_core.package_identification:_identify(src/slam/saved_maps) by extensions ['ignore', 'ignore_ament_install']
[0.122s] Level 1:colcon.colcon_core.package_identification:_identify(src/slam/saved_maps) by extension 'ignore'
[0.122s] Level 1:colcon.colcon_core.package_identification:_identify(src/slam/saved_maps) by extension 'ignore_ament_install'
[0.122s] Level 1:colcon.colcon_core.package_identification:_identify(src/slam/saved_maps) by extensions ['colcon_pkg']
[0.122s] Level 1:colcon.colcon_core.package_identification:_identify(src/slam/saved_maps) by extension 'colcon_pkg'
[0.122s] Level 1:colcon.colcon_core.package_identification:_identify(src/slam/saved_maps) by extensions ['colcon_meta']
[0.122s] Level 1:colcon.colcon_core.package_identification:_identify(src/slam/saved_maps) by extension 'colcon_meta'
[0.122s] Level 1:colcon.colcon_core.package_identification:_identify(src/slam/saved_maps) by extensions ['ros']
[0.122s] Level 1:colcon.colcon_core.package_identification:_identify(src/slam/saved_maps) by extension 'ros'
[0.123s] DEBUG:colcon.colcon_core.package_identification:Package 'src/slam/saved_maps' with type 'ros.ament_cmake' and name 'saved_maps'
[0.123s] Level 1:colcon.colcon_core.package_identification:_identify(src/slam/slam_engine) by extensions ['ignore', 'ignore_ament_install']
[0.123s] Level 1:colcon.colcon_core.package_identification:_identify(src/slam/slam_engine) by extension 'ignore'
[0.123s] Level 1:colcon.colcon_core.package_identification:_identify(src/slam/slam_engine) by extension 'ignore_ament_install'
[0.123s] Level 1:colcon.colcon_core.package_identification:_identify(src/slam/slam_engine) by extensions ['colcon_pkg']
[0.123s] Level 1:colcon.colcon_core.package_identification:_identify(src/slam/slam_engine) by extension 'colcon_pkg'
[0.123s] Level 1:colcon.colcon_core.package_identification:_identify(src/slam/slam_engine) by extensions ['colcon_meta']
[0.123s] Level 1:colcon.colcon_core.package_identification:_identify(src/slam/slam_engine) by extension 'colcon_meta'
[0.123s] Level 1:colcon.colcon_core.package_identification:_identify(src/slam/slam_engine) by extensions ['ros']
[0.123s] Level 1:colcon.colcon_core.package_identification:_identify(src/slam/slam_engine) by extension 'ros'
[0.123s] DEBUG:colcon.colcon_core.package_identification:Package 'src/slam/slam_engine' with type 'ros.ament_cmake' and name 'slam_engine'
[0.123s] Level 1:colcon.colcon_core.package_identification:_identify(src/yahboom_M3Pro_description) by extensions ['ignore', 'ignore_ament_install']
[0.123s] Level 1:colcon.colcon_core.package_identification:_identify(src/yahboom_M3Pro_description) by extension 'ignore'
[0.123s] Level 1:colcon.colcon_core.package_identification:_identify(src/yahboom_M3Pro_description) by extension 'ignore_ament_install'
[0.123s] Level 1:colcon.colcon_core.package_identification:_identify(src/yahboom_M3Pro_description) by extensions ['colcon_pkg']
[0.123s] Level 1:colcon.colcon_core.package_identification:_identify(src/yahboom_M3Pro_description) by extension 'colcon_pkg'
[0.123s] Level 1:colcon.colcon_core.package_identification:_identify(src/yahboom_M3Pro_description) by extensions ['colcon_meta']
[0.123s] Level 1:colcon.colcon_core.package_identification:_identify(src/yahboom_M3Pro_description) by extension 'colcon_meta'
[0.123s] Level 1:colcon.colcon_core.package_identification:_identify(src/yahboom_M3Pro_description) by extensions ['ros']
[0.123s] Level 1:colcon.colcon_core.package_identification:_identify(src/yahboom_M3Pro_description) by extension 'ros'
[0.124s] DEBUG:colcon.colcon_core.package_identification:Package 'src/yahboom_M3Pro_description' with type 'ros.ament_python' and name 'yahboom_M3Pro_description'
[0.124s] Level 1:colcon.colcon_core.package_discovery:discover_packages(recursive) using defaults
[0.124s] Level 1:colcon.colcon_core.package_discovery:discover_packages(ignore) discover
[0.124s] Level 1:colcon.colcon_core.package_discovery:discover_packages(ignore) using defaults
[0.124s] Level 1:colcon.colcon_core.package_discovery:discover_packages(path) discover
[0.124s] Level 1:colcon.colcon_core.package_discovery:discover_packages(path) using defaults
[0.138s] Level 1:colcon.colcon_core.package_discovery:discover_packages(prefix_path) check parameters
[0.138s] Level 1:colcon.colcon_core.package_discovery:discover_packages(prefix_path) discover
[0.140s] DEBUG:colcon.colcon_installed_package_information.package_discovery:Found 7 installed packages in /home/pawan/yahboomcar_ws_test/digitaltwin_ws/install
[0.140s] DEBUG:colcon.colcon_installed_package_information.package_discovery:Found 7 installed packages in /home/pawan/WISES_Robot/digitaltwin_ws/install
[0.141s] DEBUG:colcon.colcon_installed_package_information.package_discovery:Found 393 installed packages in /opt/ros/jazzy
[0.142s] Level 1:colcon.colcon_core.package_discovery:discover_packages(prefix_path) using defaults
[0.172s] Level 5:colcon.colcon_core.verb:set package 'M3Pro_navigation' build argument 'cmake_args' from command line to 'None'
[0.172s] Level 5:colcon.colcon_core.verb:set package 'M3Pro_navigation' build argument 'cmake_target' from command line to 'None'
[0.172s] Level 5:colcon.colcon_core.verb:set package 'M3Pro_navigation' build argument 'cmake_target_skip_unavailable' from command line to 'False'
[0.172s] Level 5:colcon.colcon_core.verb:set package 'M3Pro_navigation' build argument 'cmake_clean_cache' from command line to 'False'
[0.173s] Level 5:colcon.colcon_core.verb:set package 'M3Pro_navigation' build argument 'cmake_clean_first' from command line to 'False'
[0.173s] Level 5:colcon.colcon_core.verb:set package 'M3Pro_navigation' build argument 'cmake_force_configure' from command line to 'False'
[0.173s] Level 5:colcon.colcon_core.verb:set package 'M3Pro_navigation' build argument 'ament_cmake_args' from command line to 'None'
[0.173s] Level 5:colcon.colcon_core.verb:set package 'M3Pro_navigation' build argument 'catkin_cmake_args' from command line to 'None'
[0.173s] Level 5:colcon.colcon_core.verb:set package 'M3Pro_navigation' build argument 'catkin_skip_building_tests' from command line to 'False'
[0.173s] DEBUG:colcon.colcon_core.verb:Building package 'M3Pro_navigation' with the following arguments: {'ament_cmake_args': None, 'build_base': '/home/pawan/yahboomcar_ws_test/digitaltwin_ws/build/M3Pro_navigation', 'catkin_cmake_args': None, 'catkin_skip_building_tests': False, 'cmake_args': None, 'cmake_clean_cache': False, 'cmake_clean_first': False, 'cmake_force_configure': False, 'cmake_target': None, 'cmake_target_skip_unavailable': False, 'install_base': '/home/pawan/yahboomcar_ws_test/digitaltwin_ws/install/M3Pro_navigation', 'merge_install': False, 'path': '/home/pawan/yahboomcar_ws_test/digitaltwin_ws/src/M3Pro_navigation', 'symlink_install': True, 'test_result_base': None}
[0.173s] Level 5:colcon.colcon_core.verb:set package 'ira_laser_tools' build argument 'cmake_args' from command line to 'None'
[0.173s] Level 5:colcon.colcon_core.verb:set package 'ira_laser_tools' build argument 'cmake_target' from command line to 'None'
[0.173s] Level 5:colcon.colcon_core.verb:set package 'ira_laser_tools' build argument 'cmake_target_skip_unavailable' from command line to 'False'
[0.173s] Level 5:colcon.colcon_core.verb:set package 'ira_laser_tools' build argument 'cmake_clean_cache' from command line to 'False'
[0.173s] Level 5:colcon.colcon_core.verb:set package 'ira_laser_tools' build argument 'cmake_clean_first' from command line to 'False'
[0.173s] Level 5:colcon.colcon_core.verb:set package 'ira_laser_tools' build argument 'cmake_force_configure' from command line to 'False'
[0.173s] Level 5:colcon.colcon_core.verb:set package 'ira_laser_tools' build argument 'ament_cmake_args' from command line to 'None'
[0.173s] Level 5:colcon.colcon_core.verb:set package 'ira_laser_tools' build argument 'catkin_cmake_args' from command line to 'None'
[0.173s] Level 5:colcon.colcon_core.verb:set package 'ira_laser_tools' build argument 'catkin_skip_building_tests' from command line to 'False'
[0.173s] DEBUG:colcon.colcon_core.verb:Building package 'ira_laser_tools' with the following arguments: {'ament_cmake_args': None, 'build_base': '/home/pawan/yahboomcar_ws_test/digitaltwin_ws/build/ira_laser_tools', 'catkin_cmake_args': None, 'catkin_skip_building_tests': False, 'cmake_args': None, 'cmake_clean_cache': False, 'cmake_clean_first': False, 'cmake_force_configure': False, 'cmake_target': None, 'cmake_target_skip_unavailable': False, 'install_base': '/home/pawan/yahboomcar_ws_test/digitaltwin_ws/install/ira_laser_tools', 'merge_install': False, 'path': '/home/pawan/yahboomcar_ws_test/digitaltwin_ws/src/lidar/ira_laser_tools', 'symlink_install': True, 'test_result_base': None}
[0.173s] Level 5:colcon.colcon_core.verb:set package 'saved_maps' build argument 'cmake_args' from command line to 'None'
[0.173s] Level 5:colcon.colcon_core.verb:set package 'saved_maps' build argument 'cmake_target' from command line to 'None'
[0.173s] Level 5:colcon.colcon_core.verb:set package 'saved_maps' build argument 'cmake_target_skip_unavailable' from command line to 'False'
[0.173s] Level 5:colcon.colcon_core.verb:set package 'saved_maps' build argument 'cmake_clean_cache' from command line to 'False'
[0.173s] Level 5:colcon.colcon_core.verb:set package 'saved_maps' build argument 'cmake_clean_first' from command line to 'False'
[0.173s] Level 5:colcon.colcon_core.verb:set package 'saved_maps' build argument 'cmake_force_configure' from command line to 'False'
[0.173s] Level 5:colcon.colcon_core.verb:set package 'saved_maps' build argument 'ament_cmake_args' from command line to 'None'
[0.173s] Level 5:colcon.colcon_core.verb:set package 'saved_maps' build argument 'catkin_cmake_args' from command line to 'None'
[0.173s] Level 5:colcon.colcon_core.verb:set package 'saved_maps' build argument 'catkin_skip_building_tests' from command line to 'False'
[0.173s] DEBUG:colcon.colcon_core.verb:Building package 'saved_maps' with the following arguments: {'ament_cmake_args': None, 'build_base': '/home/pawan/yahboomcar_ws_test/digitaltwin_ws/build/saved_maps', 'catkin_cmake_args': None, 'catkin_skip_building_tests': False, 'cmake_args': None, 'cmake_clean_cache': False, 'cmake_clean_first': False, 'cmake_force_configure': False, 'cmake_target': None, 'cmake_target_skip_unavailable': False, 'install_base': '/home/pawan/yahboomcar_ws_test/digitaltwin_ws/install/saved_maps', 'merge_install': False, 'path': '/home/pawan/yahboomcar_ws_test/digitaltwin_ws/src/slam/saved_maps', 'symlink_install': True, 'test_result_base': None}
[0.173s] Level 5:colcon.colcon_core.verb:set package 'sim_audio' build argument 'cmake_args' from command line to 'None'
[0.173s] Level 5:colcon.colcon_core.verb:set package 'sim_audio' build argument 'cmake_target' from command line to 'None'
[0.173s] Level 5:colcon.colcon_core.verb:set package 'sim_audio' build argument 'cmake_target_skip_unavailable' from command line to 'False'
[0.173s] Level 5:colcon.colcon_core.verb:set package 'sim_audio' build argument 'cmake_clean_cache' from command line to 'False'
[0.173s] Level 5:colcon.colcon_core.verb:set package 'sim_audio' build argument 'cmake_clean_first' from command line to 'False'
[0.173s] Level 5:colcon.colcon_core.verb:set package 'sim_audio' build argument 'cmake_force_configure' from command line to 'False'
[0.173s] Level 5:colcon.colcon_core.verb:set package 'sim_audio' build argument 'ament_cmake_args' from command line to 'None'
[0.173s] Level 5:colcon.colcon_core.verb:set package 'sim_audio' build argument 'catkin_cmake_args' from command line to 'None'
[0.173s] Level 5:colcon.colcon_core.verb:set package 'sim_audio' build argument 'catkin_skip_building_tests' from command line to 'False'
[0.173s] DEBUG:colcon.colcon_core.verb:Building package 'sim_audio' with the following arguments: {'ament_cmake_args': None, 'build_base': '/home/pawan/yahboomcar_ws_test/digitaltwin_ws/build/sim_audio', 'catkin_cmake_args': None, 'catkin_skip_building_tests': False, 'cmake_args': None, 'cmake_clean_cache': False, 'cmake_clean_first': False, 'cmake_force_configure': False, 'cmake_target': None, 'cmake_target_skip_unavailable': False, 'install_base': '/home/pawan/yahboomcar_ws_test/digitaltwin_ws/install/sim_audio', 'merge_install': False, 'path': '/home/pawan/yahboomcar_ws_test/digitaltwin_ws/src/sim_audio', 'symlink_install': True, 'test_result_base': None}
[0.174s] Level 5:colcon.colcon_core.verb:set package 'slam_engine' build argument 'cmake_args' from command line to 'None'
[0.174s] Level 5:colcon.colcon_core.verb:set package 'slam_engine' build argument 'cmake_target' from command line to 'None'
[0.174s] Level 5:colcon.colcon_core.verb:set package 'slam_engine' build argument 'cmake_target_skip_unavailable' from command line to 'False'
[0.174s] Level 5:colcon.colcon_core.verb:set package 'slam_engine' build argument 'cmake_clean_cache' from command line to 'False'
[0.174s] Level 5:colcon.colcon_core.verb:set package 'slam_engine' build argument 'cmake_clean_first' from command line to 'False'
[0.174s] Level 5:colcon.colcon_core.verb:set package 'slam_engine' build argument 'cmake_force_configure' from command line to 'False'
[0.174s] Level 5:colcon.colcon_core.verb:set package 'slam_engine' build argument 'ament_cmake_args' from command line to 'None'
[0.174s] Level 5:colcon.colcon_core.verb:set package 'slam_engine' build argument 'catkin_cmake_args' from command line to 'None'
[0.174s] Level 5:colcon.colcon_core.verb:set package 'slam_engine' build argument 'catkin_skip_building_tests' from command line to 'False'
[0.174s] DEBUG:colcon.colcon_core.verb:Building package 'slam_engine' with the following arguments: {'ament_cmake_args': None, 'build_base': '/home/pawan/yahboomcar_ws_test/digitaltwin_ws/build/slam_engine', 'catkin_cmake_args': None, 'catkin_skip_building_tests': False, 'cmake_args': None, 'cmake_clean_cache': False, 'cmake_clean_first': False, 'cmake_force_configure': False, 'cmake_target': None, 'cmake_target_skip_unavailable': False, 'install_base': '/home/pawan/yahboomcar_ws_test/digitaltwin_ws/install/slam_engine', 'merge_install': False, 'path': '/home/pawan/yahboomcar_ws_test/digitaltwin_ws/src/slam/slam_engine', 'symlink_install': True, 'test_result_base': None}
[0.174s] Level 5:colcon.colcon_core.verb:set package 'yahboom_M3Pro_description' build argument 'cmake_args' from command line to 'None'
[0.174s] Level 5:colcon.colcon_core.verb:set package 'yahboom_M3Pro_description' build argument 'cmake_target' from command line to 'None'
[0.174s] Level 5:colcon.colcon_core.verb:set package 'yahboom_M3Pro_description' build argument 'cmake_target_skip_unavailable' from command line to 'False'
[0.174s] Level 5:colcon.colcon_core.verb:set package 'yahboom_M3Pro_description' build argument 'cmake_clean_cache' from command line to 'False'
[0.174s] Level 5:colcon.colcon_core.verb:set package 'yahboom_M3Pro_description' build argument 'cmake_clean_first' from command line to 'False'
[0.174s] Level 5:colcon.colcon_core.verb:set package 'yahboom_M3Pro_description' build argument 'cmake_force_configure' from command line to 'False'
[0.174s] Level 5:colcon.colcon_core.verb:set package 'yahboom_M3Pro_description' build argument 'ament_cmake_args' from command line to 'None'
[0.174s] Level 5:colcon.colcon_core.verb:set package 'yahboom_M3Pro_description' build argument 'catkin_cmake_args' from command line to 'None'
[0.174s] Level 5:colcon.colcon_core.verb:set package 'yahboom_M3Pro_description' build argument 'catkin_skip_building_tests' from command line to 'False'
[0.174s] DEBUG:colcon.colcon_core.verb:Building package 'yahboom_M3Pro_description' with the following arguments: {'ament_cmake_args': None, 'build_base': '/home/pawan/yahboomcar_ws_test/digitaltwin_ws/build/yahboom_M3Pro_description', 'catkin_cmake_args': None, 'catkin_skip_building_tests': False, 'cmake_args': None, 'cmake_clean_cache': False, 'cmake_clean_first': False, 'cmake_force_configure': False, 'cmake_target': None, 'cmake_target_skip_unavailable': False, 'install_base': '/home/pawan/yahboomcar_ws_test/digitaltwin_ws/install/yahboom_M3Pro_description', 'merge_install': False, 'path': '/home/pawan/yahboomcar_ws_test/digitaltwin_ws/src/yahboom_M3Pro_description', 'symlink_install': True, 'test_result_base': None}
[0.174s] Level 5:colcon.colcon_core.verb:set package 'yahboom_laser_filter' build argument 'cmake_args' from command line to 'None'
[0.174s] Level 5:colcon.colcon_core.verb:set package 'yahboom_laser_filter' build argument 'cmake_target' from command line to 'None'
[0.174s] Level 5:colcon.colcon_core.verb:set package 'yahboom_laser_filter' build argument 'cmake_target_skip_unavailable' from command line to 'False'
[0.174s] Level 5:colcon.colcon_core.verb:set package 'yahboom_laser_filter' build argument 'cmake_clean_cache' from command line to 'False'
[0.174s] Level 5:colcon.colcon_core.verb:set package 'yahboom_laser_filter' build argument 'cmake_clean_first' from command line to 'False'
[0.174s] Level 5:colcon.colcon_core.verb:set package 'yahboom_laser_filter' build argument 'cmake_force_configure' from command line to 'False'
[0.174s] Level 5:colcon.colcon_core.verb:set package 'yahboom_laser_filter' build argument 'ament_cmake_args' from command line to 'None'
[0.174s] Level 5:colcon.colcon_core.verb:set package 'yahboom_laser_filter' build argument 'catkin_cmake_args' from command line to 'None'
[0.174s] Level 5:colcon.colcon_core.verb:set package 'yahboom_laser_filter' build argument 'catkin_skip_building_tests' from command line to 'False'
[0.174s] DEBUG:colcon.colcon_core.verb:Building package 'yahboom_laser_filter' with the following arguments: {'ament_cmake_args': None, 'build_base': '/home/pawan/yahboomcar_ws_test/digitaltwin_ws/build/yahboom_laser_filter', 'catkin_cmake_args': None, 'catkin_skip_building_tests': False, 'cmake_args': None, 'cmake_clean_cache': False, 'cmake_clean_first': False, 'cmake_force_configure': False, 'cmake_target': None, 'cmake_target_skip_unavailable': False, 'install_base': '/home/pawan/yahboomcar_ws_test/digitaltwin_ws/install/yahboom_laser_filter', 'merge_install': False, 'path': '/home/pawan/yahboomcar_ws_test/digitaltwin_ws/src/lidar/yahboom_laser_filter', 'symlink_install': True, 'test_result_base': None}
[0.174s] INFO:colcon.colcon_core.executor:Executing jobs using 'parallel' executor
[0.175s] DEBUG:colcon.colcon_parallel_executor.executor.parallel:run_until_complete
[0.175s] INFO:colcon.colcon_ros.task.ament_cmake.build:Building ROS package in '/home/pawan/yahboomcar_ws_test/digitaltwin_ws/src/M3Pro_navigation' with build type 'ament_cmake'
[0.175s] INFO:colcon.colcon_cmake.task.cmake.build:Building CMake package in '/home/pawan/yahboomcar_ws_test/digitaltwin_ws/src/M3Pro_navigation'
[0.177s] INFO:colcon.colcon_core.plugin_system:Skipping extension 'colcon_core.shell.bat': Not used on non-Windows systems
[0.177s] INFO:colcon.colcon_core.shell:Skip shell extension 'powershell' for command environment: Not usable outside of PowerShell
[0.177s] DEBUG:colcon.colcon_core.shell:Skip shell extension 'dsv' for command environment
[0.180s] INFO:colcon.colcon_ros.task.ament_cmake.build:Building ROS package in '/home/pawan/yahboomcar_ws_test/digitaltwin_ws/src/lidar/ira_laser_tools' with build type 'ament_cmake'
[0.180s] INFO:colcon.colcon_cmake.task.cmake.build:Building CMake package in '/home/pawan/yahboomcar_ws_test/digitaltwin_ws/src/lidar/ira_laser_tools'
[0.180s] INFO:colcon.colcon_core.shell:Skip shell extension 'powershell' for command environment: Not usable outside of PowerShell
[0.180s] DEBUG:colcon.colcon_core.shell:Skip shell extension 'dsv' for command environment
[0.183s] INFO:colcon.colcon_ros.task.ament_cmake.build:Building ROS package in '/home/pawan/yahboomcar_ws_test/digitaltwin_ws/src/slam/saved_maps' with build type 'ament_cmake'
[0.183s] INFO:colcon.colcon_cmake.task.cmake.build:Building CMake package in '/home/pawan/yahboomcar_ws_test/digitaltwin_ws/src/slam/saved_maps'
[0.183s] INFO:colcon.colcon_core.shell:Skip shell extension 'powershell' for command environment: Not usable outside of PowerShell
[0.183s] DEBUG:colcon.colcon_core.shell:Skip shell extension 'dsv' for command environment
[0.186s] INFO:colcon.colcon_ros.task.ament_python.build:Building ROS package in '/home/pawan/yahboomcar_ws_test/digitaltwin_ws/src/sim_audio' with build type 'ament_python'
[0.186s] Level 1:colcon.colcon_core.shell:create_environment_hook('sim_audio', 'ament_prefix_path')
[0.186s] INFO:colcon.colcon_core.shell:Creating environment hook '/home/pawan/yahboomcar_ws_test/digitaltwin_ws/install/sim_audio/share/sim_audio/hook/ament_prefix_path.ps1'
[0.186s] INFO:colcon.colcon_core.shell:Creating environment descriptor '/home/pawan/yahboomcar_ws_test/digitaltwin_ws/install/sim_audio/share/sim_audio/hook/ament_prefix_path.dsv'
[0.187s] INFO:colcon.colcon_core.shell:Creating environment hook '/home/pawan/yahboomcar_ws_test/digitaltwin_ws/install/sim_audio/share/sim_audio/hook/ament_prefix_path.sh'
[0.187s] INFO:colcon.colcon_core.shell:Skip shell extension 'powershell' for command environment: Not usable outside of PowerShell
[0.187s] DEBUG:colcon.colcon_core.shell:Skip shell extension 'dsv' for command environment
[0.190s] INFO:colcon.colcon_ros.task.ament_cmake.build:Building ROS package in '/home/pawan/yahboomcar_ws_test/digitaltwin_ws/src/slam/slam_engine' with build type 'ament_cmake'
[0.190s] INFO:colcon.colcon_cmake.task.cmake.build:Building CMake package in '/home/pawan/yahboomcar_ws_test/digitaltwin_ws/src/slam/slam_engine'
[0.190s] INFO:colcon.colcon_core.shell:Skip shell extension 'powershell' for command environment: Not usable outside of PowerShell
[0.190s] DEBUG:colcon.colcon_core.shell:Skip shell extension 'dsv' for command environment
[0.192s] INFO:colcon.colcon_ros.task.ament_python.build:Building ROS package in '/home/pawan/yahboomcar_ws_test/digitaltwin_ws/src/yahboom_M3Pro_description' with build type 'ament_python'
[0.192s] Level 1:colcon.colcon_core.shell:create_environment_hook('yahboom_M3Pro_description', 'ament_prefix_path')
[0.192s] INFO:colcon.colcon_core.shell:Creating environment hook '/home/pawan/yahboomcar_ws_test/digitaltwin_ws/install/yahboom_M3Pro_description/share/yahboom_M3Pro_description/hook/ament_prefix_path.ps1'
[0.193s] INFO:colcon.colcon_core.shell:Creating environment descriptor '/home/pawan/yahboomcar_ws_test/digitaltwin_ws/install/yahboom_M3Pro_description/share/yahboom_M3Pro_description/hook/ament_prefix_path.dsv'
[0.193s] INFO:colcon.colcon_core.shell:Creating environment hook '/home/pawan/yahboomcar_ws_test/digitaltwin_ws/install/yahboom_M3Pro_description/share/yahboom_M3Pro_description/hook/ament_prefix_path.sh'
[0.193s] INFO:colcon.colcon_core.shell:Skip shell extension 'powershell' for command environment: Not usable outside of PowerShell
[0.193s] DEBUG:colcon.colcon_core.shell:Skip shell extension 'dsv' for command environment
[0.196s] INFO:colcon.colcon_ros.task.ament_cmake.build:Building ROS package in '/home/pawan/yahboomcar_ws_test/digitaltwin_ws/src/lidar/yahboom_laser_filter' with build type 'ament_cmake'
[0.196s] INFO:colcon.colcon_cmake.task.cmake.build:Building CMake package in '/home/pawan/yahboomcar_ws_test/digitaltwin_ws/src/lidar/yahboom_laser_filter'
[0.196s] INFO:colcon.colcon_core.shell:Skip shell extension 'powershell' for command environment: Not usable outside of PowerShell
[0.196s] DEBUG:colcon.colcon_core.shell:Skip shell extension 'dsv' for command environment
[0.201s] DEBUG:colcon.colcon_core.event_handler.log_command:Invoking command in '/home/pawan/yahboomcar_ws_test/digitaltwin_ws/build/M3Pro_navigation': CMAKE_PREFIX_PATH=${CMAKE_PREFIX_PATH}:/home/pawan/yahboomcar_ws_test/digitaltwin_ws/install/yahboom_M3Pro_description:/home/pawan/yahboomcar_ws_test/digitaltwin_ws/install/sim_audio:/home/pawan/WISES_Robot/digitaltwin_ws/install/yahboom_M3Pro_description:/home/pawan/WISES_Robot/digitaltwin_ws/install/sim_audio:/opt/ros/jazzy DEBUGINFOD_URLS=https://debuginfod.ubuntu.com /usr/bin/cmake /home/pawan/yahboomcar_ws_test/digitaltwin_ws/src/M3Pro_navigation -DAMENT_CMAKE_SYMLINK_INSTALL=1 -DCMAKE_INSTALL_PREFIX=/home/pawan/yahboomcar_ws_test/digitaltwin_ws/install/M3Pro_navigation
[0.202s] DEBUG:colcon.colcon_core.event_handler.log_command:Invoking command in '/home/pawan/yahboomcar_ws_test/digitaltwin_ws/build/ira_laser_tools': CMAKE_PREFIX_PATH=${CMAKE_PREFIX_PATH}:/home/pawan/yahboomcar_ws_test/digitaltwin_ws/install/yahboom_M3Pro_description:/home/pawan/yahboomcar_ws_test/digitaltwin_ws/install/sim_audio:/home/pawan/WISES_Robot/digitaltwin_ws/install/yahboom_M3Pro_description:/home/pawan/WISES_Robot/digitaltwin_ws/install/sim_audio:/opt/ros/jazzy DEBUGINFOD_URLS=https://debuginfod.ubuntu.com /usr/bin/cmake /home/pawan/yahboomcar_ws_test/digitaltwin_ws/src/lidar/ira_laser_tools -DAMENT_CMAKE_SYMLINK_INSTALL=1 -DCMAKE_INSTALL_PREFIX=/home/pawan/yahboomcar_ws_test/digitaltwin_ws/install/ira_laser_tools
[0.206s] DEBUG:colcon.colcon_core.event_handler.log_command:Invoking command in '/home/pawan/yahboomcar_ws_test/digitaltwin_ws/build/saved_maps': CMAKE_PREFIX_PATH=${CMAKE_PREFIX_PATH}:/home/pawan/yahboomcar_ws_test/digitaltwin_ws/install/yahboom_M3Pro_description:/home/pawan/yahboomcar_ws_test/digitaltwin_ws/install/sim_audio:/home/pawan/WISES_Robot/digitaltwin_ws/install/yahboom_M3Pro_description:/home/pawan/WISES_Robot/digitaltwin_ws/install/sim_audio:/opt/ros/jazzy DEBUGINFOD_URLS=https://debuginfod.ubuntu.com /usr/bin/cmake /home/pawan/yahboomcar_ws_test/digitaltwin_ws/src/slam/saved_maps -DAMENT_CMAKE_SYMLINK_INSTALL=1 -DCMAKE_INSTALL_PREFIX=/home/pawan/yahboomcar_ws_test/digitaltwin_ws/install/saved_maps
[0.365s] INFO:colcon.colcon_core.task.python.build:Building Python package in '/home/pawan/yahboomcar_ws_test/digitaltwin_ws/src/sim_audio'
[0.366s] INFO:colcon.colcon_core.shell:Skip shell extension 'powershell' for command environment: Not usable outside of PowerShell
[0.366s] DEBUG:colcon.colcon_core.shell:Skip shell extension 'dsv' for command environment
[0.370s] DEBUG:colcon.colcon_core.event_handler.log_command:Invoking command in '/home/pawan/yahboomcar_ws_test/digitaltwin_ws/build/slam_engine': CMAKE_PREFIX_PATH=${CMAKE_PREFIX_PATH}:/home/pawan/yahboomcar_ws_test/digitaltwin_ws/install/yahboom_M3Pro_description:/home/pawan/yahboomcar_ws_test/digitaltwin_ws/install/sim_audio:/home/pawan/WISES_Robot/digitaltwin_ws/install/yahboom_M3Pro_description:/home/pawan/WISES_Robot/digitaltwin_ws/install/sim_audio:/opt/ros/jazzy DEBUGINFOD_URLS=https://debuginfod.ubuntu.com /usr/bin/cmake /home/pawan/yahboomcar_ws_test/digitaltwin_ws/src/slam/slam_engine -DAMENT_CMAKE_SYMLINK_INSTALL=1 -DCMAKE_INSTALL_PREFIX=/home/pawan/yahboomcar_ws_test/digitaltwin_ws/install/slam_engine
[0.524s] INFO:colcon.colcon_core.task.python.build:Building Python package in '/home/pawan/yahboomcar_ws_test/digitaltwin_ws/src/yahboom_M3Pro_description'
[0.524s] INFO:colcon.colcon_core.shell:Skip shell extension 'powershell' for command environment: Not usable outside of PowerShell
[0.524s] DEBUG:colcon.colcon_core.shell:Skip shell extension 'dsv' for command environment
[0.532s] DEBUG:colcon.colcon_core.event_handler.log_command:Invoking command in '/home/pawan/yahboomcar_ws_test/digitaltwin_ws/build/yahboom_laser_filter': CMAKE_PREFIX_PATH=${CMAKE_PREFIX_PATH}:/home/pawan/yahboomcar_ws_test/digitaltwin_ws/install/yahboom_M3Pro_description:/home/pawan/yahboomcar_ws_test/digitaltwin_ws/install/sim_audio:/home/pawan/WISES_Robot/digitaltwin_ws/install/yahboom_M3Pro_description:/home/pawan/WISES_Robot/digitaltwin_ws/install/sim_audio:/opt/ros/jazzy DEBUGINFOD_URLS=https://debuginfod.ubuntu.com /usr/bin/cmake /home/pawan/yahboomcar_ws_test/digitaltwin_ws/src/lidar/yahboom_laser_filter -DAMENT_CMAKE_SYMLINK_INSTALL=1 -DCMAKE_INSTALL_PREFIX=/home/pawan/yahboomcar_ws_test/digitaltwin_ws/install/yahboom_laser_filter
[0.880s] DEBUG:colcon.colcon_core.event_handler.log_command:Invoked command in '/home/pawan/yahboomcar_ws_test/digitaltwin_ws/build/M3Pro_navigation' returned '0': CMAKE_PREFIX_PATH=${CMAKE_PREFIX_PATH}:/home/pawan/yahboomcar_ws_test/digitaltwin_ws/install/yahboom_M3Pro_description:/home/pawan/yahboomcar_ws_test/digitaltwin_ws/install/sim_audio:/home/pawan/WISES_Robot/digitaltwin_ws/install/yahboom_M3Pro_description:/home/pawan/WISES_Robot/digitaltwin_ws/install/sim_audio:/opt/ros/jazzy DEBUGINFOD_URLS=https://debuginfod.ubuntu.com /usr/bin/cmake /home/pawan/yahboomcar_ws_test/digitaltwin_ws/src/M3Pro_navigation -DAMENT_CMAKE_SYMLINK_INSTALL=1 -DCMAKE_INSTALL_PREFIX=/home/pawan/yahboomcar_ws_test/digitaltwin_ws/install/M3Pro_navigation
[0.881s] DEBUG:colcon.colcon_core.event_handler.log_command:Invoking command in '/home/pawan/yahboomcar_ws_test/digitaltwin_ws/build/M3Pro_navigation': CMAKE_PREFIX_PATH=${CMAKE_PREFIX_PATH}:/home/pawan/yahboomcar_ws_test/digitaltwin_ws/install/yahboom_M3Pro_description:/home/pawan/yahboomcar_ws_test/digitaltwin_ws/install/sim_audio:/home/pawan/WISES_Robot/digitaltwin_ws/install/yahboom_M3Pro_description:/home/pawan/WISES_Robot/digitaltwin_ws/install/sim_audio:/opt/ros/jazzy DEBUGINFOD_URLS=https://debuginfod.ubuntu.com /usr/bin/cmake --build /home/pawan/yahboomcar_ws_test/digitaltwin_ws/build/M3Pro_navigation -- -j20 -l20
[0.910s] DEBUG:colcon.colcon_core.event_handler.log_command:Invoked command in '/home/pawan/yahboomcar_ws_test/digitaltwin_ws/build/saved_maps' returned '0': CMAKE_PREFIX_PATH=${CMAKE_PREFIX_PATH}:/home/pawan/yahboomcar_ws_test/digitaltwin_ws/install/yahboom_M3Pro_description:/home/pawan/yahboomcar_ws_test/digitaltwin_ws/install/sim_audio:/home/pawan/WISES_Robot/digitaltwin_ws/install/yahboom_M3Pro_description:/home/pawan/WISES_Robot/digitaltwin_ws/install/sim_audio:/opt/ros/jazzy DEBUGINFOD_URLS=https://debuginfod.ubuntu.com /usr/bin/cmake /home/pawan/yahboomcar_ws_test/digitaltwin_ws/src/slam/saved_maps -DAMENT_CMAKE_SYMLINK_INSTALL=1 -DCMAKE_INSTALL_PREFIX=/home/pawan/yahboomcar_ws_test/digitaltwin_ws/install/saved_maps
[0.911s] DEBUG:colcon.colcon_core.event_handler.log_command:Invoking command in '/home/pawan/yahboomcar_ws_test/digitaltwin_ws/build/saved_maps': CMAKE_PREFIX_PATH=${CMAKE_PREFIX_PATH}:/home/pawan/yahboomcar_ws_test/digitaltwin_ws/install/yahboom_M3Pro_description:/home/pawan/yahboomcar_ws_test/digitaltwin_ws/install/sim_audio:/home/pawan/WISES_Robot/digitaltwin_ws/install/yahboom_M3Pro_description:/home/pawan/WISES_Robot/digitaltwin_ws/install/sim_audio:/opt/ros/jazzy DEBUGINFOD_URLS=https://debuginfod.ubuntu.com /usr/bin/cmake --build /home/pawan/yahboomcar_ws_test/digitaltwin_ws/build/saved_maps -- -j20 -l20
[0.919s] DEBUG:colcon.colcon_core.event_handler.log_command:Invoked command in '/home/pawan/yahboomcar_ws_test/digitaltwin_ws/build/M3Pro_navigation' returned '0': CMAKE_PREFIX_PATH=${CMAKE_PREFIX_PATH}:/home/pawan/yahboomcar_ws_test/digitaltwin_ws/install/yahboom_M3Pro_description:/home/pawan/yahboomcar_ws_test/digitaltwin_ws/install/sim_audio:/home/pawan/WISES_Robot/digitaltwin_ws/install/yahboom_M3Pro_description:/home/pawan/WISES_Robot/digitaltwin_ws/install/sim_audio:/opt/ros/jazzy DEBUGINFOD_URLS=https://debuginfod.ubuntu.com /usr/bin/cmake --build /home/pawan/yahboomcar_ws_test/digitaltwin_ws/build/M3Pro_navigation -- -j20 -l20
[0.929s] DEBUG:colcon.colcon_core.event_handler.log_command:Invoking command in '/home/pawan/yahboomcar_ws_test/digitaltwin_ws/build/M3Pro_navigation': CMAKE_PREFIX_PATH=${CMAKE_PREFIX_PATH}:/home/pawan/yahboomcar_ws_test/digitaltwin_ws/install/yahboom_M3Pro_description:/home/pawan/yahboomcar_ws_test/digitaltwin_ws/install/sim_audio:/home/pawan/WISES_Robot/digitaltwin_ws/install/yahboom_M3Pro_description:/home/pawan/WISES_Robot/digitaltwin_ws/install/sim_audio:/opt/ros/jazzy DEBUGINFOD_URLS=https://debuginfod.ubuntu.com /usr/bin/cmake --install /home/pawan/yahboomcar_ws_test/digitaltwin_ws/build/M3Pro_navigation
[0.942s] DEBUG:colcon.colcon_core.event_handler.log_command:Invoked command in '/home/pawan/yahboomcar_ws_test/digitaltwin_ws/build/saved_maps' returned '0': CMAKE_PREFIX_PATH=${CMAKE_PREFIX_PATH}:/home/pawan/yahboomcar_ws_test/digitaltwin_ws/install/yahboom_M3Pro_description:/home/pawan/yahboomcar_ws_test/digitaltwin_ws/install/sim_audio:/home/pawan/WISES_Robot/digitaltwin_ws/install/yahboom_M3Pro_description:/home/pawan/WISES_Robot/digitaltwin_ws/install/sim_audio:/opt/ros/jazzy DEBUGINFOD_URLS=https://debuginfod.ubuntu.com /usr/bin/cmake --build /home/pawan/yahboomcar_ws_test/digitaltwin_ws/build/saved_maps -- -j20 -l20
[0.943s] DEBUG:colcon.colcon_core.event_handler.log_command:Invoking command in '/home/pawan/yahboomcar_ws_test/digitaltwin_ws/build/saved_maps': CMAKE_PREFIX_PATH=${CMAKE_PREFIX_PATH}:/home/pawan/yahboomcar_ws_test/digitaltwin_ws/install/yahboom_M3Pro_description:/home/pawan/yahboomcar_ws_test/digitaltwin_ws/install/sim_audio:/home/pawan/WISES_Robot/digitaltwin_ws/install/yahboom_M3Pro_description:/home/pawan/WISES_Robot/digitaltwin_ws/install/sim_audio:/opt/ros/jazzy DEBUGINFOD_URLS=https://debuginfod.ubuntu.com /usr/bin/cmake --install /home/pawan/yahboomcar_ws_test/digitaltwin_ws/build/saved_maps
[0.945s] DEBUG:colcon.colcon_core.task.python.build:Available setuptools commands: bdist_rpm, update_catalog, rotate, editable_wheel, sdist, build_py, init_catalog, develop, symlink_data, build_clib, check, upload, compile_catalog, install_data, clean, install_egg_info, bdist, bdist_wheel, build, extract_messages, egg_info, setopt, bdist_egg, upload_docs, alias, build_scripts, test, install_scripts, easy_install, build_ext, saveopts, install, bdist_dumb, dist_info, install_headers, install_lib, register
[1.031s] DEBUG:colcon.colcon_core.event_handler.log_command:Invoked command in '/home/pawan/yahboomcar_ws_test/digitaltwin_ws/build/slam_engine' returned '0': CMAKE_PREFIX_PATH=${CMAKE_PREFIX_PATH}:/home/pawan/yahboomcar_ws_test/digitaltwin_ws/install/yahboom_M3Pro_description:/home/pawan/yahboomcar_ws_test/digitaltwin_ws/install/sim_audio:/home/pawan/WISES_Robot/digitaltwin_ws/install/yahboom_M3Pro_description:/home/pawan/WISES_Robot/digitaltwin_ws/install/sim_audio:/opt/ros/jazzy DEBUGINFOD_URLS=https://debuginfod.ubuntu.com /usr/bin/cmake /home/pawan/yahboomcar_ws_test/digitaltwin_ws/src/slam/slam_engine -DAMENT_CMAKE_SYMLINK_INSTALL=1 -DCMAKE_INSTALL_PREFIX=/home/pawan/yahboomcar_ws_test/digitaltwin_ws/install/slam_engine
[1.032s] DEBUG:colcon.colcon_core.event_handler.log_command:Invoking command in '/home/pawan/yahboomcar_ws_test/digitaltwin_ws/build/slam_engine': CMAKE_PREFIX_PATH=${CMAKE_PREFIX_PATH}:/home/pawan/yahboomcar_ws_test/digitaltwin_ws/install/yahboom_M3Pro_description:/home/pawan/yahboomcar_ws_test/digitaltwin_ws/install/sim_audio:/home/pawan/WISES_Robot/digitaltwin_ws/install/yahboom_M3Pro_description:/home/pawan/WISES_Robot/digitaltwin_ws/install/sim_audio:/opt/ros/jazzy DEBUGINFOD_URLS=https://debuginfod.ubuntu.com /usr/bin/cmake --build /home/pawan/yahboomcar_ws_test/digitaltwin_ws/build/slam_engine -- -j20 -l20
[1.067s] DEBUG:colcon.colcon_core.event_handler.log_command:Invoked command in '/home/pawan/yahboomcar_ws_test/digitaltwin_ws/build/slam_engine' returned '0': CMAKE_PREFIX_PATH=${CMAKE_PREFIX_PATH}:/home/pawan/yahboomcar_ws_test/digitaltwin_ws/install/yahboom_M3Pro_description:/home/pawan/yahboomcar_ws_test/digitaltwin_ws/install/sim_audio:/home/pawan/WISES_Robot/digitaltwin_ws/install/yahboom_M3Pro_description:/home/pawan/WISES_Robot/digitaltwin_ws/install/sim_audio:/opt/ros/jazzy DEBUGINFOD_URLS=https://debuginfod.ubuntu.com /usr/bin/cmake --build /home/pawan/yahboomcar_ws_test/digitaltwin_ws/build/slam_engine -- -j20 -l20
[1.068s] DEBUG:colcon.colcon_core.event_handler.log_command:Invoking command in '/home/pawan/yahboomcar_ws_test/digitaltwin_ws/build/slam_engine': CMAKE_PREFIX_PATH=${CMAKE_PREFIX_PATH}:/home/pawan/yahboomcar_ws_test/digitaltwin_ws/install/yahboom_M3Pro_description:/home/pawan/yahboomcar_ws_test/digitaltwin_ws/install/sim_audio:/home/pawan/WISES_Robot/digitaltwin_ws/install/yahboom_M3Pro_description:/home/pawan/WISES_Robot/digitaltwin_ws/install/sim_audio:/opt/ros/jazzy DEBUGINFOD_URLS=https://debuginfod.ubuntu.com /usr/bin/cmake --install /home/pawan/yahboomcar_ws_test/digitaltwin_ws/build/slam_engine
[1.092s] Level 1:colcon.colcon_core.environment:create_environment_scripts_only(saved_maps)
[1.093s] DEBUG:colcon.colcon_core.event_handler.log_command:Invoked command in '/home/pawan/yahboomcar_ws_test/digitaltwin_ws/build/saved_maps' returned '0': CMAKE_PREFIX_PATH=${CMAKE_PREFIX_PATH}:/home/pawan/yahboomcar_ws_test/digitaltwin_ws/install/yahboom_M3Pro_description:/home/pawan/yahboomcar_ws_test/digitaltwin_ws/install/sim_audio:/home/pawan/WISES_Robot/digitaltwin_ws/install/yahboom_M3Pro_description:/home/pawan/WISES_Robot/digitaltwin_ws/install/sim_audio:/opt/ros/jazzy DEBUGINFOD_URLS=https://debuginfod.ubuntu.com /usr/bin/cmake --install /home/pawan/yahboomcar_ws_test/digitaltwin_ws/build/saved_maps
[1.095s] Level 1:colcon.colcon_core.environment:checking '/home/pawan/yahboomcar_ws_test/digitaltwin_ws/install/saved_maps' for CMake module files
[1.096s] Level 1:colcon.colcon_core.environment:checking '/home/pawan/yahboomcar_ws_test/digitaltwin_ws/install/saved_maps' for CMake config files
[1.096s] Level 1:colcon.colcon_core.shell:create_environment_hook('saved_maps', 'cmake_prefix_path')
[1.097s] INFO:colcon.colcon_core.shell:Creating environment hook '/home/pawan/yahboomcar_ws_test/digitaltwin_ws/install/saved_maps/share/saved_maps/hook/cmake_prefix_path.ps1'
[1.097s] INFO:colcon.colcon_core.shell:Creating environment descriptor '/home/pawan/yahboomcar_ws_test/digitaltwin_ws/install/saved_maps/share/saved_maps/hook/cmake_prefix_path.dsv'
[1.098s] INFO:colcon.colcon_core.shell:Creating environment hook '/home/pawan/yahboomcar_ws_test/digitaltwin_ws/install/saved_maps/share/saved_maps/hook/cmake_prefix_path.sh'
[1.098s] Level 1:colcon.colcon_core.environment:checking '/home/pawan/yahboomcar_ws_test/digitaltwin_ws/install/saved_maps/bin'
[1.098s] Level 1:colcon.colcon_core.environment:checking '/home/pawan/yahboomcar_ws_test/digitaltwin_ws/install/saved_maps/lib/pkgconfig/saved_maps.pc'
[1.099s] Level 1:colcon.colcon_core.environment:checking '/home/pawan/yahboomcar_ws_test/digitaltwin_ws/install/saved_maps/lib/python3.12/site-packages'
[1.099s] Level 1:colcon.colcon_core.environment:checking '/home/pawan/yahboomcar_ws_test/digitaltwin_ws/install/saved_maps/bin'
[1.099s] INFO:colcon.colcon_core.shell:Creating package script '/home/pawan/yahboomcar_ws_test/digitaltwin_ws/install/saved_maps/share/saved_maps/package.ps1'
[1.101s] INFO:colcon.colcon_core.shell:Creating package descriptor '/home/pawan/yahboomcar_ws_test/digitaltwin_ws/install/saved_maps/share/saved_maps/package.dsv'
[1.101s] INFO:colcon.colcon_core.shell:Creating package script '/home/pawan/yahboomcar_ws_test/digitaltwin_ws/install/saved_maps/share/saved_maps/package.sh'
[1.102s] INFO:colcon.colcon_core.shell:Creating package script '/home/pawan/yahboomcar_ws_test/digitaltwin_ws/install/saved_maps/share/saved_maps/package.bash'
[1.102s] INFO:colcon.colcon_core.shell:Creating package script '/home/pawan/yahboomcar_ws_test/digitaltwin_ws/install/saved_maps/share/saved_maps/package.zsh'
[1.103s] Level 1:colcon.colcon_core.environment:create_file_with_runtime_dependencies(/home/pawan/yahboomcar_ws_test/digitaltwin_ws/install/saved_maps/share/colcon-core/packages/saved_maps)
[1.104s] Level 1:colcon.colcon_core.environment:create_environment_scripts_only(saved_maps)
[1.104s] Level 1:colcon.colcon_core.environment:checking '/home/pawan/yahboomcar_ws_test/digitaltwin_ws/install/saved_maps' for CMake module files
[1.104s] Level 1:colcon.colcon_core.environment:checking '/home/pawan/yahboomcar_ws_test/digitaltwin_ws/install/saved_maps' for CMake config files
[1.105s] Level 1:colcon.colcon_core.shell:create_environment_hook('saved_maps', 'cmake_prefix_path')
[1.105s] INFO:colcon.colcon_core.shell:Creating environment hook '/home/pawan/yahboomcar_ws_test/digitaltwin_ws/install/saved_maps/share/saved_maps/hook/cmake_prefix_path.ps1'
[1.105s] INFO:colcon.colcon_core.shell:Creating environment descriptor '/home/pawan/yahboomcar_ws_test/digitaltwin_ws/install/saved_maps/share/saved_maps/hook/cmake_prefix_path.dsv'
[1.106s] INFO:colcon.colcon_core.shell:Creating environment hook '/home/pawan/yahboomcar_ws_test/digitaltwin_ws/install/saved_maps/share/saved_maps/hook/cmake_prefix_path.sh'
[1.106s] Level 1:colcon.colcon_core.environment:checking '/home/pawan/yahboomcar_ws_test/digitaltwin_ws/install/saved_maps/bin'
[1.106s] Level 1:colcon.colcon_core.environment:checking '/home/pawan/yahboomcar_ws_test/digitaltwin_ws/install/saved_maps/lib/pkgconfig/saved_maps.pc'
[1.106s] Level 1:colcon.colcon_core.environment:checking '/home/pawan/yahboomcar_ws_test/digitaltwin_ws/install/saved_maps/lib/python3.12/site-packages'
[1.107s] Level 1:colcon.colcon_core.environment:checking '/home/pawan/yahboomcar_ws_test/digitaltwin_ws/install/saved_maps/bin'
[1.107s] INFO:colcon.colcon_core.shell:Creating package script '/home/pawan/yahboomcar_ws_test/digitaltwin_ws/install/saved_maps/share/saved_maps/package.ps1'
[1.108s] INFO:colcon.colcon_core.shell:Creating package descriptor '/home/pawan/yahboomcar_ws_test/digitaltwin_ws/install/saved_maps/share/saved_maps/package.dsv'
[1.108s] INFO:colcon.colcon_core.shell:Creating package script '/home/pawan/yahboomcar_ws_test/digitaltwin_ws/install/saved_maps/share/saved_maps/package.sh'
[1.109s] INFO:colcon.colcon_core.shell:Creating package script '/home/pawan/yahboomcar_ws_test/digitaltwin_ws/install/saved_maps/share/saved_maps/package.bash'
[1.109s] INFO:colcon.colcon_core.shell:Creating package script '/home/pawan/yahboomcar_ws_test/digitaltwin_ws/install/saved_maps/share/saved_maps/package.zsh'
[1.110s] Level 1:colcon.colcon_core.environment:create_file_with_runtime_dependencies(/home/pawan/yahboomcar_ws_test/digitaltwin_ws/install/saved_maps/share/colcon-core/packages/saved_maps)
[1.110s] Level 1:colcon.colcon_core.environment:create_environment_scripts_only(M3Pro_navigation)
[1.111s] Level 1:colcon.colcon_core.environment:checking '/home/pawan/yahboomcar_ws_test/digitaltwin_ws/install/M3Pro_navigation' for CMake module files
[1.111s] DEBUG:colcon.colcon_core.event_handler.log_command:Invoked command in '/home/pawan/yahboomcar_ws_test/digitaltwin_ws/build/M3Pro_navigation' returned '0': CMAKE_PREFIX_PATH=${CMAKE_PREFIX_PATH}:/home/pawan/yahboomcar_ws_test/digitaltwin_ws/install/yahboom_M3Pro_description:/home/pawan/yahboomcar_ws_test/digitaltwin_ws/install/sim_audio:/home/pawan/WISES_Robot/digitaltwin_ws/install/yahboom_M3Pro_description:/home/pawan/WISES_Robot/digitaltwin_ws/install/sim_audio:/opt/ros/jazzy DEBUGINFOD_URLS=https://debuginfod.ubuntu.com /usr/bin/cmake --install /home/pawan/yahboomcar_ws_test/digitaltwin_ws/build/M3Pro_navigation
[1.112s] Level 1:colcon.colcon_core.environment:checking '/home/pawan/yahboomcar_ws_test/digitaltwin_ws/install/M3Pro_navigation' for CMake config files
[1.112s] Level 1:colcon.colcon_core.shell:create_environment_hook('M3Pro_navigation', 'cmake_prefix_path')
[1.112s] INFO:colcon.colcon_core.shell:Creating environment hook '/home/pawan/yahboomcar_ws_test/digitaltwin_ws/install/M3Pro_navigation/share/M3Pro_navigation/hook/cmake_prefix_path.ps1'
[1.112s] INFO:colcon.colcon_core.shell:Creating environment descriptor '/home/pawan/yahboomcar_ws_test/digitaltwin_ws/install/M3Pro_navigation/share/M3Pro_navigation/hook/cmake_prefix_path.dsv'
[1.112s] INFO:colcon.colcon_core.shell:Creating environment hook '/home/pawan/yahboomcar_ws_test/digitaltwin_ws/install/M3Pro_navigation/share/M3Pro_navigation/hook/cmake_prefix_path.sh'
[1.113s] Level 1:colcon.colcon_core.environment:checking '/home/pawan/yahboomcar_ws_test/digitaltwin_ws/install/M3Pro_navigation/bin'
[1.113s] Level 1:colcon.colcon_core.environment:checking '/home/pawan/yahboomcar_ws_test/digitaltwin_ws/install/M3Pro_navigation/lib/pkgconfig/M3Pro_navigation.pc'
[1.113s] Level 1:colcon.colcon_core.environment:checking '/home/pawan/yahboomcar_ws_test/digitaltwin_ws/install/M3Pro_navigation/lib/python3.12/site-packages'
[1.113s] Level 1:colcon.colcon_core.environment:checking '/home/pawan/yahboomcar_ws_test/digitaltwin_ws/install/M3Pro_navigation/bin'
[1.113s] INFO:colcon.colcon_core.shell:Creating package script '/home/pawan/yahboomcar_ws_test/digitaltwin_ws/install/M3Pro_navigation/share/M3Pro_navigation/package.ps1'
[1.114s] INFO:colcon.colcon_core.shell:Creating package descriptor '/home/pawan/yahboomcar_ws_test/digitaltwin_ws/install/M3Pro_navigation/share/M3Pro_navigation/package.dsv'
[1.114s] INFO:colcon.colcon_core.shell:Creating package script '/home/pawan/yahboomcar_ws_test/digitaltwin_ws/install/M3Pro_navigation/share/M3Pro_navigation/package.sh'
[1.114s] INFO:colcon.colcon_core.shell:Creating package script '/home/pawan/yahboomcar_ws_test/digitaltwin_ws/install/M3Pro_navigation/share/M3Pro_navigation/package.bash'
[1.115s] INFO:colcon.colcon_core.shell:Creating package script '/home/pawan/yahboomcar_ws_test/digitaltwin_ws/install/M3Pro_navigation/share/M3Pro_navigation/package.zsh'
[1.115s] Level 1:colcon.colcon_core.environment:create_file_with_runtime_dependencies(/home/pawan/yahboomcar_ws_test/digitaltwin_ws/install/M3Pro_navigation/share/colcon-core/packages/M3Pro_navigation)
[1.115s] Level 1:colcon.colcon_core.environment:create_environment_scripts_only(M3Pro_navigation)
[1.115s] Level 1:colcon.colcon_core.environment:checking '/home/pawan/yahboomcar_ws_test/digitaltwin_ws/install/M3Pro_navigation' for CMake module files
[1.115s] Level 1:colcon.colcon_core.environment:checking '/home/pawan/yahboomcar_ws_test/digitaltwin_ws/install/M3Pro_navigation' for CMake config files
[1.115s] Level 1:colcon.colcon_core.shell:create_environment_hook('M3Pro_navigation', 'cmake_prefix_path')
[1.116s] INFO:colcon.colcon_core.shell:Creating environment hook '/home/pawan/yahboomcar_ws_test/digitaltwin_ws/install/M3Pro_navigation/share/M3Pro_navigation/hook/cmake_prefix_path.ps1'
[1.116s] INFO:colcon.colcon_core.shell:Creating environment descriptor '/home/pawan/yahboomcar_ws_test/digitaltwin_ws/install/M3Pro_navigation/share/M3Pro_navigation/hook/cmake_prefix_path.dsv'
[1.116s] INFO:colcon.colcon_core.shell:Creating environment hook '/home/pawan/yahboomcar_ws_test/digitaltwin_ws/install/M3Pro_navigation/share/M3Pro_navigation/hook/cmake_prefix_path.sh'
[1.116s] Level 1:colcon.colcon_core.environment:checking '/home/pawan/yahboomcar_ws_test/digitaltwin_ws/install/M3Pro_navigation/bin'
[1.116s] Level 1:colcon.colcon_core.environment:checking '/home/pawan/yahboomcar_ws_test/digitaltwin_ws/install/M3Pro_navigation/lib/pkgconfig/M3Pro_navigation.pc'
[1.117s] Level 1:colcon.colcon_core.environment:checking '/home/pawan/yahboomcar_ws_test/digitaltwin_ws/install/M3Pro_navigation/lib/python3.12/site-packages'
[1.117s] Level 1:colcon.colcon_core.environment:checking '/home/pawan/yahboomcar_ws_test/digitaltwin_ws/install/M3Pro_navigation/bin'
[1.117s] INFO:colcon.colcon_core.shell:Creating package script '/home/pawan/yahboomcar_ws_test/digitaltwin_ws/install/M3Pro_navigation/share/M3Pro_navigation/package.ps1'
[1.117s] INFO:colcon.colcon_core.shell:Creating package descriptor '/home/pawan/yahboomcar_ws_test/digitaltwin_ws/install/M3Pro_navigation/share/M3Pro_navigation/package.dsv'
[1.117s] INFO:colcon.colcon_core.shell:Creating package script '/home/pawan/yahboomcar_ws_test/digitaltwin_ws/install/M3Pro_navigation/share/M3Pro_navigation/package.sh'
[1.118s] INFO:colcon.colcon_core.shell:Creating package script '/home/pawan/yahboomcar_ws_test/digitaltwin_ws/install/M3Pro_navigation/share/M3Pro_navigation/package.bash'
[1.118s] INFO:colcon.colcon_core.shell:Creating package script '/home/pawan/yahboomcar_ws_test/digitaltwin_ws/install/M3Pro_navigation/share/M3Pro_navigation/package.zsh'
[1.118s] Level 1:colcon.colcon_core.environment:create_file_with_runtime_dependencies(/home/pawan/yahboomcar_ws_test/digitaltwin_ws/install/M3Pro_navigation/share/colcon-core/packages/M3Pro_navigation)
[1.119s] DEBUG:colcon.colcon_core.task.python.build:Available setuptools commands: bdist_rpm, update_catalog, rotate, editable_wheel, sdist, build_py, init_catalog, develop, symlink_data, build_clib, check, upload, compile_catalog, install_data, clean, install_egg_info, bdist, bdist_wheel, build, extract_messages, egg_info, setopt, bdist_egg, upload_docs, alias, build_scripts, test, install_scripts, easy_install, build_ext, saveopts, install, bdist_dumb, dist_info, install_headers, install_lib, register
[1.169s] DEBUG:colcon.colcon_core.task.python.build:Available setuptools 'develop' options: --allow-hosts, --editable, --record, --no-user-cfg, --install-layout, --optimize, --help, --no-find-links, --egg-path, --uninstall, --zip-ok, --always-unzip, --user, --site-dirs, --install-dir, --build-directory, --exclude-scripts, --index-url, --quiet, --upgrade, --prefix, --always-copy, --find-links, --no-deps, --local-snapshots-ok, --force-installation-into-system-dir, --multi-version, --version, --verbose, --dry-run, --script-dir
[1.170s] DEBUG:colcon.colcon_core.event_handler.log_command:Invoking command in '/home/pawan/yahboomcar_ws_test/digitaltwin_ws/build/sim_audio': DEBUGINFOD_URLS=https://debuginfod.ubuntu.com PYTHONPATH=/home/pawan/yahboomcar_ws_test/digitaltwin_ws/build/sim_audio/prefix_override:/usr/lib/python3/dist-packages/colcon_core/task/python/colcon_distutils_commands:/home/pawan/yahboomcar_ws_test/digitaltwin_ws/install/sim_audio/lib/python3.12/site-packages:${PYTHONPATH} /usr/bin/python3 -W ignore:setup.py install is deprecated -W ignore:easy_install command is deprecated setup.py develop --editable --build-directory /home/pawan/yahboomcar_ws_test/digitaltwin_ws/build/sim_audio/build --no-deps symlink_data
[1.234s] Level 1:colcon.colcon_core.environment:create_environment_scripts_only(slam_engine)
[1.235s] Level 1:colcon.colcon_core.environment:checking '/home/pawan/yahboomcar_ws_test/digitaltwin_ws/install/slam_engine' for CMake module files
[1.235s] DEBUG:colcon.colcon_core.event_handler.log_command:Invoked command in '/home/pawan/yahboomcar_ws_test/digitaltwin_ws/build/slam_engine' returned '0': CMAKE_PREFIX_PATH=${CMAKE_PREFIX_PATH}:/home/pawan/yahboomcar_ws_test/digitaltwin_ws/install/yahboom_M3Pro_description:/home/pawan/yahboomcar_ws_test/digitaltwin_ws/install/sim_audio:/home/pawan/WISES_Robot/digitaltwin_ws/install/yahboom_M3Pro_description:/home/pawan/WISES_Robot/digitaltwin_ws/install/sim_audio:/opt/ros/jazzy DEBUGINFOD_URLS=https://debuginfod.ubuntu.com /usr/bin/cmake --install /home/pawan/yahboomcar_ws_test/digitaltwin_ws/build/slam_engine
[1.235s] Level 1:colcon.colcon_core.environment:checking '/home/pawan/yahboomcar_ws_test/digitaltwin_ws/install/slam_engine' for CMake config files
[1.236s] Level 1:colcon.colcon_core.shell:create_environment_hook('slam_engine', 'cmake_prefix_path')
[1.236s] INFO:colcon.colcon_core.shell:Creating environment hook '/home/pawan/yahboomcar_ws_test/digitaltwin_ws/install/slam_engine/share/slam_engine/hook/cmake_prefix_path.ps1'
[1.236s] INFO:colcon.colcon_core.shell:Creating environment descriptor '/home/pawan/yahboomcar_ws_test/digitaltwin_ws/install/slam_engine/share/slam_engine/hook/cmake_prefix_path.dsv'
[1.237s] INFO:colcon.colcon_core.shell:Creating environment hook '/home/pawan/yahboomcar_ws_test/digitaltwin_ws/install/slam_engine/share/slam_engine/hook/cmake_prefix_path.sh'
[1.237s] Level 1:colcon.colcon_core.environment:checking '/home/pawan/yahboomcar_ws_test/digitaltwin_ws/install/slam_engine/bin'
[1.237s] Level 1:colcon.colcon_core.environment:checking '/home/pawan/yahboomcar_ws_test/digitaltwin_ws/install/slam_engine/lib/pkgconfig/slam_engine.pc'
[1.238s] Level 1:colcon.colcon_core.environment:checking '/home/pawan/yahboomcar_ws_test/digitaltwin_ws/install/slam_engine/lib/python3.12/site-packages'
[1.238s] Level 1:colcon.colcon_core.environment:checking '/home/pawan/yahboomcar_ws_test/digitaltwin_ws/install/slam_engine/bin'
[1.238s] INFO:colcon.colcon_core.shell:Creating package script '/home/pawan/yahboomcar_ws_test/digitaltwin_ws/install/slam_engine/share/slam_engine/package.ps1'
[1.239s] INFO:colcon.colcon_core.shell:Creating package descriptor '/home/pawan/yahboomcar_ws_test/digitaltwin_ws/install/slam_engine/share/slam_engine/package.dsv'
[1.239s] INFO:colcon.colcon_core.shell:Creating package script '/home/pawan/yahboomcar_ws_test/digitaltwin_ws/install/slam_engine/share/slam_engine/package.sh'
[1.240s] INFO:colcon.colcon_core.shell:Creating package script '/home/pawan/yahboomcar_ws_test/digitaltwin_ws/install/slam_engine/share/slam_engine/package.bash'
[1.240s] INFO:colcon.colcon_core.shell:Creating package script '/home/pawan/yahboomcar_ws_test/digitaltwin_ws/install/slam_engine/share/slam_engine/package.zsh'
[1.240s] Level 1:colcon.colcon_core.environment:create_file_with_runtime_dependencies(/home/pawan/yahboomcar_ws_test/digitaltwin_ws/install/slam_engine/share/colcon-core/packages/slam_engine)
[1.241s] Level 1:colcon.colcon_core.environment:create_environment_scripts_only(slam_engine)
[1.241s] Level 1:colcon.colcon_core.environment:checking '/home/pawan/yahboomcar_ws_test/digitaltwin_ws/install/slam_engine' for CMake module files
[1.241s] Level 1:colcon.colcon_core.environment:checking '/home/pawan/yahboomcar_ws_test/digitaltwin_ws/install/slam_engine' for CMake config files
[1.242s] Level 1:colcon.colcon_core.shell:create_environment_hook('slam_engine', 'cmake_prefix_path')
[1.242s] INFO:colcon.colcon_core.shell:Creating environment hook '/home/pawan/yahboomcar_ws_test/digitaltwin_ws/install/slam_engine/share/slam_engine/hook/cmake_prefix_path.ps1'
[1.242s] INFO:colcon.colcon_core.shell:Creating environment descriptor '/home/pawan/yahboomcar_ws_test/digitaltwin_ws/install/slam_engine/share/slam_engine/hook/cmake_prefix_path.dsv'
[1.242s] INFO:colcon.colcon_core.shell:Creating environment hook '/home/pawan/yahboomcar_ws_test/digitaltwin_ws/install/slam_engine/share/slam_engine/hook/cmake_prefix_path.sh'
[1.243s] Level 1:colcon.colcon_core.environment:checking '/home/pawan/yahboomcar_ws_test/digitaltwin_ws/install/slam_engine/bin'
[1.243s] Level 1:colcon.colcon_core.environment:checking '/home/pawan/yahboomcar_ws_test/digitaltwin_ws/install/slam_engine/lib/pkgconfig/slam_engine.pc'
[1.243s] Level 1:colcon.colcon_core.environment:checking '/home/pawan/yahboomcar_ws_test/digitaltwin_ws/install/slam_engine/lib/python3.12/site-packages'
[1.244s] Level 1:colcon.colcon_core.environment:checking '/home/pawan/yahboomcar_ws_test/digitaltwin_ws/install/slam_engine/bin'
[1.244s] INFO:colcon.colcon_core.shell:Creating package script '/home/pawan/yahboomcar_ws_test/digitaltwin_ws/install/slam_engine/share/slam_engine/package.ps1'
[1.244s] INFO:colcon.colcon_core.shell:Creating package descriptor '/home/pawan/yahboomcar_ws_test/digitaltwin_ws/install/slam_engine/share/slam_engine/package.dsv'
[1.245s] INFO:colcon.colcon_core.shell:Creating package script '/home/pawan/yahboomcar_ws_test/digitaltwin_ws/install/slam_engine/share/slam_engine/package.sh'
[1.245s] INFO:colcon.colcon_core.shell:Creating package script '/home/pawan/yahboomcar_ws_test/digitaltwin_ws/install/slam_engine/share/slam_engine/package.bash'
[1.246s] INFO:colcon.colcon_core.shell:Creating package script '/home/pawan/yahboomcar_ws_test/digitaltwin_ws/install/slam_engine/share/slam_engine/package.zsh'
[1.246s] Level 1:colcon.colcon_core.environment:create_file_with_runtime_dependencies(/home/pawan/yahboomcar_ws_test/digitaltwin_ws/install/slam_engine/share/colcon-core/packages/slam_engine)
[1.373s] DEBUG:colcon.colcon_core.task.python.build:Available setuptools 'develop' options: --allow-hosts, --editable, --record, --no-user-cfg, --install-layout, --optimize, --help, --no-find-links, --egg-path, --uninstall, --zip-ok, --always-unzip, --user, --site-dirs, --install-dir, --build-directory, --exclude-scripts, --index-url, --quiet, --upgrade, --prefix, --always-copy, --find-links, --no-deps, --local-snapshots-ok, --force-installation-into-system-dir, --multi-version, --version, --verbose, --dry-run, --script-dir
[1.373s] DEBUG:colcon.colcon_core.task.python.build:While undoing a previous installation files outside the Python library path are being ignored: /home/pawan/yahboomcar_ws_test/digitaltwin_ws/install/yahboom_M3Pro_description/lib/python3.10/site-packages/yahboom_M3Pro_description/__init__.py
[1.374s] DEBUG:colcon.colcon_core.task.python.build:While undoing a previous installation files outside the Python library path are being ignored: /home/pawan/yahboomcar_ws_test/digitaltwin_ws/install/yahboom_M3Pro_description/lib/python3.10/site-packages/yahboom_M3Pro_description/__pycache__/__init__.cpython-310.pyc
[1.374s] DEBUG:colcon.colcon_core.task.python.build:While undoing a previous installation files outside the Python library path are being ignored: /home/pawan/yahboomcar_ws_test/digitaltwin_ws/install/yahboom_M3Pro_description/share/ament_index/resource_index/packages/yahboom_M3Pro_description
[1.374s] DEBUG:colcon.colcon_core.task.python.build:While undoing a previous installation files outside the Python library path are being ignored: /home/pawan/yahboomcar_ws_test/digitaltwin_ws/install/yahboom_M3Pro_description/share/yahboom_M3Pro_description/package.xml
[1.374s] DEBUG:colcon.colcon_core.task.python.build:While undoing a previous installation files outside the Python library path are being ignored: /home/pawan/yahboomcar_ws_test/digitaltwin_ws/install/yahboom_M3Pro_description/share/yahboom_M3Pro_description/urdf/M3Pro.urdf.xacro
[1.374s] DEBUG:colcon.colcon_core.task.python.build:While undoing a previous installation files outside the Python library path are being ignored: /home/pawan/yahboomcar_ws_test/digitaltwin_ws/install/yahboom_M3Pro_description/share/yahboom_M3Pro_description/urdf/M3Pro.planar_move.xacro
[1.374s] DEBUG:colcon.colcon_core.task.python.build:While undoing a previous installation files outside the Python library path are being ignored: /home/pawan/yahboomcar_ws_test/digitaltwin_ws/install/yahboom_M3Pro_description/share/yahboom_M3Pro_description/urdf/M3Pro.camera_links.xacro
[1.374s] DEBUG:colcon.colcon_core.task.python.build:While undoing a previous installation files outside the Python library path are being ignored: /home/pawan/yahboomcar_ws_test/digitaltwin_ws/install/yahboom_M3Pro_description/share/yahboom_M3Pro_description/urdf/M3Pro.lidar_links.xacro
[1.374s] DEBUG:colcon.colcon_core.task.python.build:While undoing a previous installation files outside the Python library path are being ignored: /home/pawan/yahboomcar_ws_test/digitaltwin_ws/install/yahboom_M3Pro_description/share/yahboom_M3Pro_description/urdf/M3Pro.wheel_friction.xacro
[1.374s] DEBUG:colcon.colcon_core.task.python.build:While undoing a previous installation files outside the Python library path are being ignored: /home/pawan/yahboomcar_ws_test/digitaltwin_ws/install/yahboom_M3Pro_description/share/yahboom_M3Pro_description/meshes/llink1.STL
[1.374s] DEBUG:colcon.colcon_core.task.python.build:While undoing a previous installation files outside the Python library path are being ignored: /home/pawan/yahboomcar_ws_test/digitaltwin_ws/install/yahboom_M3Pro_description/share/yahboom_M3Pro_description/meshes/Gripping.STL
[1.374s] DEBUG:colcon.colcon_core.task.python.build:While undoing a previous installation files outside the Python library path are being ignored: /home/pawan/yahboomcar_ws_test/digitaltwin_ws/install/yahboom_M3Pro_description/share/yahboom_M3Pro_description/meshes/rlink1.STL
[1.374s] DEBUG:colcon.colcon_core.task.python.build:While undoing a previous installation files outside the Python library path are being ignored: /home/pawan/yahboomcar_ws_test/digitaltwin_ws/install/yahboom_M3Pro_description/share/yahboom_M3Pro_description/meshes/llink3.STL
[1.374s] DEBUG:colcon.colcon_core.task.python.build:While undoing a previous installation files outside the Python library path are being ignored: /home/pawan/yahboomcar_ws_test/digitaltwin_ws/install/yahboom_M3Pro_description/share/yahboom_M3Pro_description/meshes/arm5.STL
[1.374s] DEBUG:colcon.colcon_core.task.python.build:While undoing a previous installation files outside the Python library path are being ignored: /home/pawan/yahboomcar_ws_test/digitaltwin_ws/install/yahboom_M3Pro_description/share/yahboom_M3Pro_description/meshes/arm3.STL
[1.374s] DEBUG:colcon.colcon_core.task.python.build:While undoing a previous installation files outside the Python library path are being ignored: /home/pawan/yahboomcar_ws_test/digitaltwin_ws/install/yahboom_M3Pro_description/share/yahboom_M3Pro_description/meshes/lwheel2.STL
[1.374s] DEBUG:colcon.colcon_core.task.python.build:While undoing a previous installation files outside the Python library path are being ignored: /home/pawan/yahboomcar_ws_test/digitaltwin_ws/install/yahboom_M3Pro_description/share/yahboom_M3Pro_description/meshes/rwheel2.STL
[1.374s] DEBUG:colcon.colcon_core.task.python.build:While undoing a previous installation files outside the Python library path are being ignored: /home/pawan/yahboomcar_ws_test/digitaltwin_ws/install/yahboom_M3Pro_description/share/yahboom_M3Pro_description/meshes/rlink3.STL
[1.374s] DEBUG:colcon.colcon_core.task.python.build:While undoing a previous installation files outside the Python library path are being ignored: /home/pawan/yahboomcar_ws_test/digitaltwin_ws/install/yahboom_M3Pro_description/share/yahboom_M3Pro_description/meshes/DCW2.STL
[1.374s] DEBUG:colcon.colcon_core.task.python.build:While undoing a previous installation files outside the Python library path are being ignored: /home/pawan/yahboomcar_ws_test/digitaltwin_ws/install/yahboom_M3Pro_description/share/yahboom_M3Pro_description/meshes/lwheel1.STL
[1.374s] DEBUG:colcon.colcon_core.task.python.build:While undoing a previous installation files outside the Python library path are being ignored: /home/pawan/yahboomcar_ws_test/digitaltwin_ws/install/yahboom_M3Pro_description/share/yahboom_M3Pro_description/meshes/arm4.STL
[1.374s] DEBUG:colcon.colcon_core.task.python.build:While undoing a previous installation files outside the Python library path are being ignored: /home/pawan/yahboomcar_ws_test/digitaltwin_ws/install/yahboom_M3Pro_description/share/yahboom_M3Pro_description/meshes/arm2.STL
[1.374s] DEBUG:colcon.colcon_core.task.python.build:While undoing a previous installation files outside the Python library path are being ignored: /home/pawan/yahboomcar_ws_test/digitaltwin_ws/install/yahboom_M3Pro_description/share/yahboom_M3Pro_description/meshes/rwheel1.STL
[1.374s] DEBUG:colcon.colcon_core.task.python.build:While undoing a previous installation files outside the Python library path are being ignored: /home/pawan/yahboomcar_ws_test/digitaltwin_ws/install/yahboom_M3Pro_description/share/yahboom_M3Pro_description/meshes/arm_base_Link.STL
[1.374s] DEBUG:colcon.colcon_core.task.python.build:While undoing a previous installation files outside the Python library path are being ignored: /home/pawan/yahboomcar_ws_test/digitaltwin_ws/install/yahboom_M3Pro_description/share/yahboom_M3Pro_description/meshes/Camera.STL
[1.374s] DEBUG:colcon.colcon_core.task.python.build:While undoing a previous installation files outside the Python library path are being ignored: /home/pawan/yahboomcar_ws_test/digitaltwin_ws/install/yahboom_M3Pro_description/share/yahboom_M3Pro_description/meshes/base_link.STL
[1.374s] DEBUG:colcon.colcon_core.task.python.build:While undoing a previous installation files outside the Python library path are being ignored: /home/pawan/yahboomcar_ws_test/digitaltwin_ws/install/yahboom_M3Pro_description/share/yahboom_M3Pro_description/meshes/llink2.STL
[1.374s] DEBUG:colcon.colcon_core.task.python.build:While undoing a previous installation files outside the Python library path are being ignored: /home/pawan/yahboomcar_ws_test/digitaltwin_ws/install/yahboom_M3Pro_description/share/yahboom_M3Pro_description/meshes/rlink2.STL
[1.374s] DEBUG:colcon.colcon_core.task.python.build:While undoing a previous installation files outside the Python library path are being ignored: /home/pawan/yahboomcar_ws_test/digitaltwin_ws/install/yahboom_M3Pro_description/share/yahboom_M3Pro_description/meshes/arm1.STL
[1.374s] DEBUG:colcon.colcon_core.task.python.build:While undoing a previous installation files outside the Python library path are being ignored: /home/pawan/yahboomcar_ws_test/digitaltwin_ws/install/yahboom_M3Pro_description/share/yahboom_M3Pro_description/launch/gazebo_display.launch.py
[1.374s] DEBUG:colcon.colcon_core.task.python.build:While undoing a previous installation files outside the Python library path are being ignored: /home/pawan/yahboomcar_ws_test/digitaltwin_ws/install/yahboom_M3Pro_description/share/yahboom_M3Pro_description/launch/display_launch.py
[1.374s] DEBUG:colcon.colcon_core.task.python.build:While undoing a previous installation files outside the Python library path are being ignored: /home/pawan/yahboomcar_ws_test/digitaltwin_ws/install/yahboom_M3Pro_description/share/yahboom_M3Pro_description/launch/rsp.launch.py
[1.374s] DEBUG:colcon.colcon_core.task.python.build:While undoing a previous installation files outside the Python library path are being ignored: /home/pawan/yahboomcar_ws_test/digitaltwin_ws/install/yahboom_M3Pro_description/share/yahboom_M3Pro_description/worlds/maze.world
[1.374s] DEBUG:colcon.colcon_core.task.python.build:While undoing a previous installation files outside the Python library path are being ignored: /home/pawan/yahboomcar_ws_test/digitaltwin_ws/install/yahboom_M3Pro_description/lib/python3.10/site-packages/yahboom_M3Pro_description-0.0.0-py3.10.egg-info/requires.txt
[1.374s] DEBUG:colcon.colcon_core.task.python.build:While undoing a previous installation files outside the Python library path are being ignored: /home/pawan/yahboomcar_ws_test/digitaltwin_ws/install/yahboom_M3Pro_description/lib/python3.10/site-packages/yahboom_M3Pro_description-0.0.0-py3.10.egg-info/entry_points.txt
[1.374s] DEBUG:colcon.colcon_core.task.python.build:While undoing a previous installation files outside the Python library path are being ignored: /home/pawan/yahboomcar_ws_test/digitaltwin_ws/install/yahboom_M3Pro_description/lib/python3.10/site-packages/yahboom_M3Pro_description-0.0.0-py3.10.egg-info/dependency_links.txt
[1.374s] DEBUG:colcon.colcon_core.task.python.build:While undoing a previous installation files outside the Python library path are being ignored: /home/pawan/yahboomcar_ws_test/digitaltwin_ws/install/yahboom_M3Pro_description/lib/python3.10/site-packages/yahboom_M3Pro_description-0.0.0-py3.10.egg-info/zip-safe
[1.374s] DEBUG:colcon.colcon_core.task.python.build:While undoing a previous installation files outside the Python library path are being ignored: /home/pawan/yahboomcar_ws_test/digitaltwin_ws/install/yahboom_M3Pro_description/lib/python3.10/site-packages/yahboom_M3Pro_description-0.0.0-py3.10.egg-info/SOURCES.txt
[1.374s] DEBUG:colcon.colcon_core.task.python.build:While undoing a previous installation files outside the Python library path are being ignored: /home/pawan/yahboomcar_ws_test/digitaltwin_ws/install/yahboom_M3Pro_description/lib/python3.10/site-packages/yahboom_M3Pro_description-0.0.0-py3.10.egg-info/PKG-INFO
[1.374s] DEBUG:colcon.colcon_core.task.python.build:While undoing a previous installation files outside the Python library path are being ignored: /home/pawan/yahboomcar_ws_test/digitaltwin_ws/install/yahboom_M3Pro_description/lib/python3.10/site-packages/yahboom_M3Pro_description-0.0.0-py3.10.egg-info/top_level.txt
[1.376s] DEBUG:colcon.colcon_core.event_handler.log_command:Invoking command in '/home/pawan/yahboomcar_ws_test/digitaltwin_ws/build/yahboom_M3Pro_description': DEBUGINFOD_URLS=https://debuginfod.ubuntu.com PYTHONPATH=/home/pawan/yahboomcar_ws_test/digitaltwin_ws/build/yahboom_M3Pro_description/prefix_override:/usr/lib/python3/dist-packages/colcon_core/task/python/colcon_distutils_commands:/home/pawan/yahboomcar_ws_test/digitaltwin_ws/install/yahboom_M3Pro_description/lib/python3.12/site-packages:${PYTHONPATH} /usr/bin/python3 -W ignore:setup.py install is deprecated -W ignore:easy_install command is deprecated setup.py develop --editable --build-directory /home/pawan/yahboomcar_ws_test/digitaltwin_ws/build/yahboom_M3Pro_description/build --no-deps symlink_data --force
[1.492s] DEBUG:colcon.colcon_core.event_handler.log_command:Invoked command in '/home/pawan/yahboomcar_ws_test/digitaltwin_ws/build/yahboom_laser_filter' returned '0': CMAKE_PREFIX_PATH=${CMAKE_PREFIX_PATH}:/home/pawan/yahboomcar_ws_test/digitaltwin_ws/install/yahboom_M3Pro_description:/home/pawan/yahboomcar_ws_test/digitaltwin_ws/install/sim_audio:/home/pawan/WISES_Robot/digitaltwin_ws/install/yahboom_M3Pro_description:/home/pawan/WISES_Robot/digitaltwin_ws/install/sim_audio:/opt/ros/jazzy DEBUGINFOD_URLS=https://debuginfod.ubuntu.com /usr/bin/cmake /home/pawan/yahboomcar_ws_test/digitaltwin_ws/src/lidar/yahboom_laser_filter -DAMENT_CMAKE_SYMLINK_INSTALL=1 -DCMAKE_INSTALL_PREFIX=/home/pawan/yahboomcar_ws_test/digitaltwin_ws/install/yahboom_laser_filter
[1.492s] DEBUG:colcon.colcon_core.event_handler.log_command:Invoking command in '/home/pawan/yahboomcar_ws_test/digitaltwin_ws/build/yahboom_laser_filter': CMAKE_PREFIX_PATH=${CMAKE_PREFIX_PATH}:/home/pawan/yahboomcar_ws_test/digitaltwin_ws/install/yahboom_M3Pro_description:/home/pawan/yahboomcar_ws_test/digitaltwin_ws/install/sim_audio:/home/pawan/WISES_Robot/digitaltwin_ws/install/yahboom_M3Pro_description:/home/pawan/WISES_Robot/digitaltwin_ws/install/sim_audio:/opt/ros/jazzy DEBUGINFOD_URLS=https://debuginfod.ubuntu.com /usr/bin/cmake --build /home/pawan/yahboomcar_ws_test/digitaltwin_ws/build/yahboom_laser_filter -- -j20 -l20
[1.586s] Level 1:colcon.colcon_core.shell:create_environment_hook('sim_audio', 'pythonpath_develop')
[1.587s] INFO:colcon.colcon_core.shell:Creating environment hook '/home/pawan/yahboomcar_ws_test/digitaltwin_ws/build/sim_audio/share/sim_audio/hook/pythonpath_develop.ps1'
[1.587s] DEBUG:colcon.colcon_core.event_handler.log_command:Invoked command in '/home/pawan/yahboomcar_ws_test/digitaltwin_ws/build/sim_audio' returned '0': DEBUGINFOD_URLS=https://debuginfod.ubuntu.com PYTHONPATH=/home/pawan/yahboomcar_ws_test/digitaltwin_ws/build/sim_audio/prefix_override:/usr/lib/python3/dist-packages/colcon_core/task/python/colcon_distutils_commands:/home/pawan/yahboomcar_ws_test/digitaltwin_ws/install/sim_audio/lib/python3.12/site-packages:${PYTHONPATH} /usr/bin/python3 -W ignore:setup.py install is deprecated -W ignore:easy_install command is deprecated setup.py develop --editable --build-directory /home/pawan/yahboomcar_ws_test/digitaltwin_ws/build/sim_audio/build --no-deps symlink_data
[1.587s] INFO:colcon.colcon_core.shell:Creating environment descriptor '/home/pawan/yahboomcar_ws_test/digitaltwin_ws/build/sim_audio/share/sim_audio/hook/pythonpath_develop.dsv'
[1.588s] INFO:colcon.colcon_core.shell:Creating environment hook '/home/pawan/yahboomcar_ws_test/digitaltwin_ws/build/sim_audio/share/sim_audio/hook/pythonpath_develop.sh'
[1.588s] Level 1:colcon.colcon_core.environment:checking '/home/pawan/yahboomcar_ws_test/digitaltwin_ws/install/sim_audio' for CMake module files
[1.589s] Level 1:colcon.colcon_core.environment:checking '/home/pawan/yahboomcar_ws_test/digitaltwin_ws/install/sim_audio' for CMake config files
[1.589s] Level 1:colcon.colcon_core.environment:checking '/home/pawan/yahboomcar_ws_test/digitaltwin_ws/install/sim_audio/lib'
[1.589s] Level 1:colcon.colcon_core.environment:checking '/home/pawan/yahboomcar_ws_test/digitaltwin_ws/install/sim_audio/bin'
[1.590s] Level 1:colcon.colcon_core.environment:checking '/home/pawan/yahboomcar_ws_test/digitaltwin_ws/install/sim_audio/lib/pkgconfig/sim_audio.pc'
[1.590s] Level 1:colcon.colcon_core.environment:checking '/home/pawan/yahboomcar_ws_test/digitaltwin_ws/install/sim_audio/lib/python3.12/site-packages'
[1.590s] Level 1:colcon.colcon_core.shell:create_environment_hook('sim_audio', 'pythonpath')
[1.590s] INFO:colcon.colcon_core.shell:Creating environment hook '/home/pawan/yahboomcar_ws_test/digitaltwin_ws/install/sim_audio/share/sim_audio/hook/pythonpath.ps1'
[1.590s] INFO:colcon.colcon_core.shell:Creating environment descriptor '/home/pawan/yahboomcar_ws_test/digitaltwin_ws/install/sim_audio/share/sim_audio/hook/pythonpath.dsv'
[1.591s] INFO:colcon.colcon_core.shell:Creating environment hook '/home/pawan/yahboomcar_ws_test/digitaltwin_ws/install/sim_audio/share/sim_audio/hook/pythonpath.sh'
[1.591s] Level 1:colcon.colcon_core.environment:checking '/home/pawan/yahboomcar_ws_test/digitaltwin_ws/install/sim_audio/bin'
[1.591s] Level 1:colcon.colcon_core.environment:create_environment_scripts_only(sim_audio)
[1.591s] INFO:colcon.colcon_core.shell:Creating package script '/home/pawan/yahboomcar_ws_test/digitaltwin_ws/install/sim_audio/share/sim_audio/package.ps1'
[1.592s] INFO:colcon.colcon_core.shell:Creating package descriptor '/home/pawan/yahboomcar_ws_test/digitaltwin_ws/install/sim_audio/share/sim_audio/package.dsv'
[1.592s] INFO:colcon.colcon_core.shell:Creating package script '/home/pawan/yahboomcar_ws_test/digitaltwin_ws/install/sim_audio/share/sim_audio/package.sh'
[1.592s] INFO:colcon.colcon_core.shell:Creating package script '/home/pawan/yahboomcar_ws_test/digitaltwin_ws/install/sim_audio/share/sim_audio/package.bash'
[1.592s] INFO:colcon.colcon_core.shell:Creating package script '/home/pawan/yahboomcar_ws_test/digitaltwin_ws/install/sim_audio/share/sim_audio/package.zsh'
[1.592s] Level 1:colcon.colcon_core.environment:create_file_with_runtime_dependencies(/home/pawan/yahboomcar_ws_test/digitaltwin_ws/install/sim_audio/share/colcon-core/packages/sim_audio)
[1.809s] DEBUG:colcon.colcon_core.event_handler.log_command:Invoked command in '/home/pawan/yahboomcar_ws_test/digitaltwin_ws/build/yahboom_M3Pro_description' returned '1': DEBUGINFOD_URLS=https://debuginfod.ubuntu.com PYTHONPATH=/home/pawan/yahboomcar_ws_test/digitaltwin_ws/build/yahboom_M3Pro_description/prefix_override:/usr/lib/python3/dist-packages/colcon_core/task/python/colcon_distutils_commands:/home/pawan/yahboomcar_ws_test/digitaltwin_ws/install/yahboom_M3Pro_description/lib/python3.12/site-packages:${PYTHONPATH} /usr/bin/python3 -W ignore:setup.py install is deprecated -W ignore:easy_install command is deprecated setup.py develop --editable --build-directory /home/pawan/yahboomcar_ws_test/digitaltwin_ws/build/yahboom_M3Pro_description/build --no-deps symlink_data --force
[6.631s] DEBUG:colcon.colcon_parallel_executor.executor.parallel:closing loop
[6.631s] DEBUG:colcon.colcon_parallel_executor.executor.parallel:loop closed
[6.631s] DEBUG:colcon.colcon_parallel_executor.executor.parallel:run_until_complete finished with '1'
[6.632s] DEBUG:colcon.colcon_core.event_reactor:joining thread
[6.637s] INFO:colcon.colcon_core.plugin_system:Skipping extension 'colcon_notification.desktop_notification.terminal_notifier': Not used on non-Darwin systems
[6.637s] INFO:colcon.colcon_core.plugin_system:Skipping extension 'colcon_notification.desktop_notification.win32': Not used on non-Windows systems
[6.637s] INFO:colcon.colcon_notification.desktop_notification:Sending desktop notification using 'notify2'
[6.653s] DEBUG:colcon.colcon_core.event_reactor:joined thread
[6.654s] INFO:colcon.colcon_core.shell:Creating prefix script '/home/pawan/yahboomcar_ws_test/digitaltwin_ws/install/local_setup.ps1'
[6.655s] INFO:colcon.colcon_core.shell:Creating prefix util module '/home/pawan/yahboomcar_ws_test/digitaltwin_ws/install/_local_setup_util_ps1.py'
[6.657s] INFO:colcon.colcon_core.shell:Creating prefix chain script '/home/pawan/yahboomcar_ws_test/digitaltwin_ws/install/setup.ps1'
[6.658s] INFO:colcon.colcon_core.shell:Creating prefix script '/home/pawan/yahboomcar_ws_test/digitaltwin_ws/install/local_setup.sh'
[6.659s] INFO:colcon.colcon_core.shell:Creating prefix util module '/home/pawan/yahboomcar_ws_test/digitaltwin_ws/install/_local_setup_util_sh.py'
[6.659s] INFO:colcon.colcon_core.shell:Creating prefix chain script '/home/pawan/yahboomcar_ws_test/digitaltwin_ws/install/setup.sh'
[6.661s] INFO:colcon.colcon_core.shell:Creating prefix script '/home/pawan/yahboomcar_ws_test/digitaltwin_ws/install/local_setup.bash'
[6.661s] INFO:colcon.colcon_core.shell:Creating prefix chain script '/home/pawan/yahboomcar_ws_test/digitaltwin_ws/install/setup.bash'
[6.662s] INFO:colcon.colcon_core.shell:Creating prefix script '/home/pawan/yahboomcar_ws_test/digitaltwin_ws/install/local_setup.zsh'
[6.663s] INFO:colcon.colcon_core.shell:Creating prefix chain script '/home/pawan/yahboomcar_ws_test/digitaltwin_ws/install/setup.zsh'
