[0.754s] Invoking command in '/home/pawan/yahboomcar_ws_test/digitaltwin_ws/build/sim_audio': DEBUGINFOD_URLS=https://debuginfod.ubuntu.com PYTHONPATH=/home/pawan/yahboomcar_ws_test/digitaltwin_ws/build/sim_audio/prefix_override:/usr/lib/python3/dist-packages/colcon_core/task/python/colcon_distutils_commands:/home/pawan/yahboomcar_ws_test/digitaltwin_ws/install/sim_audio/lib/python3.12/site-packages:${PYTHONPATH} /usr/bin/python3 -W ignore:setup.py install is deprecated -W ignore:easy_install command is deprecated setup.py develop --editable --build-directory /home/pawan/yahboomcar_ws_test/digitaltwin_ws/build/sim_audio/build --no-deps symlink_data
[0.969s] running develop
[1.089s] running egg_info
[1.089s] creating sim_audio.egg-info
[1.102s] writing sim_audio.egg-info/PKG-INFO
[1.102s] writing dependency_links to sim_audio.egg-info/dependency_links.txt
[1.102s] writing entry points to sim_audio.egg-info/entry_points.txt
[1.102s] writing requirements to sim_audio.egg-info/requires.txt
[1.102s] writing top-level names to sim_audio.egg-info/top_level.txt
[1.102s] writing manifest file 'sim_audio.egg-info/SOURCES.txt'
[1.126s] reading manifest file 'sim_audio.egg-info/SOURCES.txt'
[1.126s] writing manifest file 'sim_audio.egg-info/SOURCES.txt'
[1.139s] running build_ext
[1.139s] Creating /home/pawan/yahboomcar_ws_test/digitaltwin_ws/install/sim_audio/lib/python3.12/site-packages/sim-audio.egg-link (link to .)
[1.139s] Installing audio_field_builder script to /home/pawan/yahboomcar_ws_test/digitaltwin_ws/install/sim_audio/lib/sim_audio
[1.139s] Installing sim_audio_publisher script to /home/pawan/yahboomcar_ws_test/digitaltwin_ws/install/sim_audio/lib/sim_audio
[1.140s] Installing view_audio_field script to /home/pawan/yahboomcar_ws_test/digitaltwin_ws/install/sim_audio/lib/sim_audio
[1.140s] 
[1.140s] Installed /home/pawan/yahboomcar_ws_test/digitaltwin_ws/build/sim_audio
[1.140s] running symlink_data
[1.140s] creating /home/pawan/yahboomcar_ws_test/digitaltwin_ws/install/sim_audio/share/ament_index
[1.140s] creating /home/pawan/yahboomcar_ws_test/digitaltwin_ws/install/sim_audio/share/ament_index/resource_index
[1.140s] creating /home/pawan/yahboomcar_ws_test/digitaltwin_ws/install/sim_audio/share/ament_index/resource_index/packages
[1.140s] symbolically linking /home/pawan/yahboomcar_ws_test/digitaltwin_ws/build/sim_audio/resource/sim_audio -> /home/pawan/yahboomcar_ws_test/digitaltwin_ws/install/sim_audio/share/ament_index/resource_index/packages
[1.140s] symbolically linking /home/pawan/yahboomcar_ws_test/digitaltwin_ws/build/sim_audio/package.xml -> /home/pawan/yahboomcar_ws_test/digitaltwin_ws/install/sim_audio/share/sim_audio
[1.159s] Invoked command in '/home/pawan/yahboomcar_ws_test/digitaltwin_ws/build/sim_audio' returned '0': DEBUGINFOD_URLS=https://debuginfod.ubuntu.com PYTHONPATH=/home/pawan/yahboomcar_ws_test/digitaltwin_ws/build/sim_audio/prefix_override:/usr/lib/python3/dist-packages/colcon_core/task/python/colcon_distutils_commands:/home/pawan/yahboomcar_ws_test/digitaltwin_ws/install/sim_audio/lib/python3.12/site-packages:${PYTHONPATH} /usr/bin/python3 -W ignore:setup.py install is deprecated -W ignore:easy_install command is deprecated setup.py develop --editable --build-directory /home/pawan/yahboomcar_ws_test/digitaltwin_ws/build/sim_audio/build --no-deps symlink_data
