[0.071s] Invoking command in '/home/pawan/yahboomcar_ws_test/M3Pro_ws/build/M3Pro_KCF': CMAKE_PREFIX_PATH=${CMAKE_PREFIX_PATH}:/home/pawan/yahboomcar_ws_test/yahboomcar_ws/install/yahboom_M3Pro_description:/opt/ros/humble /usr/bin/cmake /home/pawan/yahboomcar_ws_test/M3Pro_ws/src/M3Pro_KCF -DCMAKE_INSTALL_PREFIX=/home/pawan/yahboomcar_ws_test/M3Pro_ws/install/M3Pro_KCF
[1.700s] -- The C compiler identification is GNU 11.4.0
[1.700s] -- The CXX compiler identification is GNU 11.4.0
[1.700s] -- Detecting C compiler ABI info
[1.700s] -- Detecting C compiler ABI info - done
[1.700s] -- Check for working C compiler: /usr/bin/cc - skipped
[1.700s] -- Detecting C compile features
[1.700s] -- Detecting C compile features - done
[1.700s] -- Detecting CXX compiler ABI info
[1.700s] -- Detecting CXX compiler ABI info - done
[1.700s] -- Check for working CXX compiler: /usr/bin/c++ - skipped
[1.700s] -- Detecting CXX compile features
[1.700s] -- Detecting CXX compile features - done
[1.700s] -- Found ament_cmake: 1.3.14 (/opt/ros/humble/share/ament_cmake/cmake)
[1.700s] -- Found Python3: /usr/bin/python3 (found version "3.10.12") found components: Interpreter 
[1.700s] -- Found geometry_msgs: 4.9.1 (/opt/ros/humble/share/geometry_msgs/cmake)
[1.700s] -- Found rosidl_generator_c: 3.1.8 (/opt/ros/humble/share/rosidl_generator_c/cmake)
[1.701s] -- Found rosidl_adapter: 3.1.8 (/opt/ros/humble/share/rosidl_adapter/cmake)
[1.701s] -- Found rosidl_generator_cpp: 3.1.8 (/opt/ros/humble/share/rosidl_generator_cpp/cmake)
[1.701s] -- Using all available rosidl_typesupport_c: rosidl_typesupport_fastrtps_c;rosidl_typesupport_introspection_c
[1.701s] -- Using all available rosidl_typesupport_cpp: rosidl_typesupport_fastrtps_cpp;rosidl_typesupport_introspection_cpp
[1.701s] -- Found sensor_msgs: 4.9.1 (/opt/ros/humble/share/sensor_msgs/cmake)
[1.701s] -- Found rclcpp: 16.0.19 (/opt/ros/humble/share/rclcpp/cmake)
[1.701s] -- Found rmw_implementation_cmake: 6.1.2 (/opt/ros/humble/share/rmw_implementation_cmake/cmake)
[1.701s] -- Found rmw_fastrtps_cpp: 6.2.10 (/opt/ros/humble/share/rmw_fastrtps_cpp/cmake)
[1.701s] -- Found OpenSSL: /usr/lib/x86_64-linux-gnu/libcrypto.so (found version "3.0.2")  
[1.701s] -- Found FastRTPS: /opt/ros/humble/include  
[1.701s] -- Using RMW implementation 'rmw_fastrtps_cpp' as default
[1.701s] -- Looking for pthread.h
[1.701s] -- Looking for pthread.h - found
[1.701s] -- Performing Test CMAKE_HAVE_LIBC_PTHREAD
[1.701s] -- Performing Test CMAKE_HAVE_LIBC_PTHREAD - Success
[1.701s] -- Found Threads: TRUE  
[1.701s] -- Found OpenCV: /usr (found version "4.5.4") 
[1.701s] -- Found cv_bridge: 3.2.1 (/opt/ros/humble/share/cv_bridge/cmake)
[1.701s] -- Found image_transport: 3.1.12 (/opt/ros/humble/share/image_transport/cmake)
[1.701s] -- Configuring incomplete, errors occurred!
[1.701s] See also "/home/pawan/yahboomcar_ws_test/M3Pro_ws/build/M3Pro_KCF/CMakeFiles/CMakeOutput.log".
[1.701s] [31mCMake Error at CMakeLists.txt:27 (find_package):
[1.701s]   By not providing "Findarm_interface.cmake" in CMAKE_MODULE_PATH this
[1.701s]   project has asked CMake to find a package configuration file provided by
[1.701s]   "arm_interface", but CMake did not find one.
[1.701s] 
[1.701s]   Could not find a package configuration file provided by "arm_interface"
[1.701s]   with any of the following names:
[1.701s] 
[1.701s]     arm_interfaceConfig.cmake
[1.701s]     arm_interface-config.cmake
[1.701s] 
[1.702s]   Add the installation prefix of "arm_interface" to CMAKE_PREFIX_PATH or set
[1.702s]   "arm_interface_DIR" to a directory containing one of the above files.  If
[1.702s]   "arm_interface" provides a separate development package or SDK, be sure it
[1.702s]   has been installed.
[1.702s] 
[1.702s] [0m
[1.713s] Invoked command in '/home/pawan/yahboomcar_ws_test/M3Pro_ws/build/M3Pro_KCF' returned '1': CMAKE_PREFIX_PATH=${CMAKE_PREFIX_PATH}:/home/pawan/yahboomcar_ws_test/yahboomcar_ws/install/yahboom_M3Pro_description:/opt/ros/humble /usr/bin/cmake /home/pawan/yahboomcar_ws_test/M3Pro_ws/src/M3Pro_KCF -DCMAKE_INSTALL_PREFIX=/home/pawan/yahboomcar_ws_test/M3Pro_ws/install/M3Pro_KCF
