[0.178s] Invoking command in '/home/pawan/yahboomcar_ws_test/digitaltwin_ws/build/yahboom_laser_filter': CMAKE_PREFIX_PATH=/home/pawan/yahboomcar_ws_test/yahboomcar_ws/install/yahboom_M3Pro_description:/opt/ros/humble /usr/bin/cmake /home/pawan/yahboomcar_ws_test/digitaltwin_ws/src/lidar/yahboom_laser_filter -DCMAKE_INSTALL_PREFIX=/home/pawan/yahboomcar_ws_test/digitaltwin_ws/install/yahboom_laser_filter
[0.223s] -- The C compiler identification is GNU 11.4.0
[0.275s] -- The CXX compiler identification is GNU 11.4.0
[0.280s] -- Detecting C compiler ABI info
[0.343s] -- Detecting C compiler ABI info - done
[0.350s] -- Check for working C compiler: /usr/bin/cc - skipped
[0.350s] -- Detecting C compile features
[0.351s] -- Detecting C compile features - done
[0.354s] -- Detecting CXX compiler ABI info
[0.421s] -- Detecting CXX compiler ABI info - done
[0.427s] -- Check for working CXX compiler: /usr/bin/c++ - skipped
[0.427s] -- Detecting CXX compile features
[0.427s] -- Detecting CXX compile features - done
[0.429s] -- Found ament_cmake: 1.3.14 (/opt/ros/humble/share/ament_cmake/cmake)
[0.550s] -- Found Python3: /usr/bin/python3 (found version "3.10.12") found components: Interpreter 
[0.618s] -- Found rclcpp: 16.0.19 (/opt/ros/humble/share/rclcpp/cmake)
[0.648s] -- Found rosidl_generator_c: 3.1.8 (/opt/ros/humble/share/rosidl_generator_c/cmake)
[0.651s] -- Found rosidl_adapter: 3.1.8 (/opt/ros/humble/share/rosidl_adapter/cmake)
[0.657s] -- Found rosidl_generator_cpp: 3.1.8 (/opt/ros/humble/share/rosidl_generator_cpp/cmake)
[0.665s] -- Using all available rosidl_typesupport_c: rosidl_typesupport_fastrtps_c;rosidl_typesupport_introspection_c
[0.675s] -- Using all available rosidl_typesupport_cpp: rosidl_typesupport_fastrtps_cpp;rosidl_typesupport_introspection_cpp
[0.704s] -- Found rmw_implementation_cmake: 6.1.2 (/opt/ros/humble/share/rmw_implementation_cmake/cmake)
[0.706s] -- Found rmw_fastrtps_cpp: 6.2.10 (/opt/ros/humble/share/rmw_fastrtps_cpp/cmake)
[0.772s] -- Found OpenSSL: /usr/lib/x86_64-linux-gnu/libcrypto.so (found version "3.0.2")  
[0.802s] -- Found FastRTPS: /opt/ros/humble/include  
[0.836s] -- Using RMW implementation 'rmw_fastrtps_cpp' as default
[0.845s] -- Looking for pthread.h
[0.905s] -- Looking for pthread.h - found
[0.905s] -- Performing Test CMAKE_HAVE_LIBC_PTHREAD
[0.967s] -- Performing Test CMAKE_HAVE_LIBC_PTHREAD - Success
[0.968s] -- Found Threads: TRUE  
[1.020s] -- Found sensor_msgs: 4.9.1 (/opt/ros/humble/share/sensor_msgs/cmake)
[1.041s] -- Found ament_lint_auto: 0.12.15 (/opt/ros/humble/share/ament_lint_auto/cmake)
[1.109s] -- Added test 'cppcheck' to perform static code analysis on C / C++ code
[1.109s] -- Configured cppcheck include dirs: 
[1.109s] -- Configured cppcheck exclude dirs and/or files: 
[1.109s] -- Added test 'flake8' to check Python code syntax and style conventions
[1.109s] -- Added test 'lint_cmake' to check CMake code style
[1.109s] -- Added test 'pep257' to check Python code against some of the docstring style conventions in PEP 257
[1.110s] -- Added test 'uncrustify' to check C / C++ code style
[1.110s] -- Configured uncrustify additional arguments: 
[1.110s] -- Added test 'xmllint' to check XML markup files
[1.111s] -- Configuring done
[1.117s] -- Generating done
[1.119s] -- Build files have been written to: /home/pawan/yahboomcar_ws_test/digitaltwin_ws/build/yahboom_laser_filter
[1.126s] Invoked command in '/home/pawan/yahboomcar_ws_test/digitaltwin_ws/build/yahboom_laser_filter' returned '0': CMAKE_PREFIX_PATH=/home/pawan/yahboomcar_ws_test/yahboomcar_ws/install/yahboom_M3Pro_description:/opt/ros/humble /usr/bin/cmake /home/pawan/yahboomcar_ws_test/digitaltwin_ws/src/lidar/yahboom_laser_filter -DCMAKE_INSTALL_PREFIX=/home/pawan/yahboomcar_ws_test/digitaltwin_ws/install/yahboom_laser_filter
[1.128s] Invoking command in '/home/pawan/yahboomcar_ws_test/digitaltwin_ws/build/yahboom_laser_filter': CMAKE_PREFIX_PATH=/home/pawan/yahboomcar_ws_test/yahboomcar_ws/install/yahboom_M3Pro_description:/opt/ros/humble /usr/bin/cmake --build /home/pawan/yahboomcar_ws_test/digitaltwin_ws/build/yahboom_laser_filter -- -j20 -l20
[1.177s] [ 66%] [32mBuilding CXX object CMakeFiles/laser_filter_node.dir/src/laser_filter_processor.cpp.o[0m
[1.177s] [ 66%] [32mBuilding CXX object CMakeFiles/laser_filter_node.dir/src/laser_filter_node.cpp.o[0m
[6.746s] [100%] [32m[1mLinking CXX executable laser_filter_node[0m
[7.039s] [100%] Built target laser_filter_node
[7.050s] Invoked command in '/home/pawan/yahboomcar_ws_test/digitaltwin_ws/build/yahboom_laser_filter' returned '0': CMAKE_PREFIX_PATH=/home/pawan/yahboomcar_ws_test/yahboomcar_ws/install/yahboom_M3Pro_description:/opt/ros/humble /usr/bin/cmake --build /home/pawan/yahboomcar_ws_test/digitaltwin_ws/build/yahboom_laser_filter -- -j20 -l20
[7.051s] Invoking command in '/home/pawan/yahboomcar_ws_test/digitaltwin_ws/build/yahboom_laser_filter': CMAKE_PREFIX_PATH=/home/pawan/yahboomcar_ws_test/yahboomcar_ws/install/yahboom_M3Pro_description:/opt/ros/humble /usr/bin/cmake --install /home/pawan/yahboomcar_ws_test/digitaltwin_ws/build/yahboom_laser_filter
[7.058s] -- Install configuration: ""
[7.058s] -- Installing: /home/pawan/yahboomcar_ws_test/digitaltwin_ws/install/yahboom_laser_filter/lib/yahboom_laser_filter/laser_filter_node
[7.060s] -- Set runtime path of "/home/pawan/yahboomcar_ws_test/digitaltwin_ws/install/yahboom_laser_filter/lib/yahboom_laser_filter/laser_filter_node" to ""
[7.060s] -- Installing: /home/pawan/yahboomcar_ws_test/digitaltwin_ws/install/yahboom_laser_filter/share/yahboom_laser_filter/config/
[7.060s] -- Installing: /home/pawan/yahboomcar_ws_test/digitaltwin_ws/install/yahboom_laser_filter/share/yahboom_laser_filter/config//param.yaml
[7.060s] -- Installing: /home/pawan/yahboomcar_ws_test/digitaltwin_ws/install/yahboom_laser_filter/share/yahboom_laser_filter/launch
[7.060s] -- Installing: /home/pawan/yahboomcar_ws_test/digitaltwin_ws/install/yahboom_laser_filter/share/yahboom_laser_filter/launch/laser_filter_node_multi.xml
[7.060s] -- Installing: /home/pawan/yahboomcar_ws_test/digitaltwin_ws/install/yahboom_laser_filter/share/yahboom_laser_filter/launch/.ipynb_checkpoints
[7.060s] -- Installing: /home/pawan/yahboomcar_ws_test/digitaltwin_ws/install/yahboom_laser_filter/share/yahboom_laser_filter/launch/.ipynb_checkpoints/laser_filter_node_multi-checkpoint.xml
[7.060s] -- Installing: /home/pawan/yahboomcar_ws_test/digitaltwin_ws/install/yahboom_laser_filter/share/yahboom_laser_filter/launch/.ipynb_checkpoints/laser_filter_node.launch-checkpoint.py
[7.060s] -- Installing: /home/pawan/yahboomcar_ws_test/digitaltwin_ws/install/yahboom_laser_filter/share/yahboom_laser_filter/launch/laser_filter_node.launch.py
[7.060s] -- Installing: /home/pawan/yahboomcar_ws_test/digitaltwin_ws/install/yahboom_laser_filter/share/ament_index/resource_index/package_run_dependencies/yahboom_laser_filter
[7.060s] -- Installing: /home/pawan/yahboomcar_ws_test/digitaltwin_ws/install/yahboom_laser_filter/share/ament_index/resource_index/parent_prefix_path/yahboom_laser_filter
[7.061s] -- Installing: /home/pawan/yahboomcar_ws_test/digitaltwin_ws/install/yahboom_laser_filter/share/yahboom_laser_filter/environment/ament_prefix_path.sh
[7.061s] -- Installing: /home/pawan/yahboomcar_ws_test/digitaltwin_ws/install/yahboom_laser_filter/share/yahboom_laser_filter/environment/ament_prefix_path.dsv
[7.061s] -- Installing: /home/pawan/yahboomcar_ws_test/digitaltwin_ws/install/yahboom_laser_filter/share/yahboom_laser_filter/environment/path.sh
[7.061s] -- Installing: /home/pawan/yahboomcar_ws_test/digitaltwin_ws/install/yahboom_laser_filter/share/yahboom_laser_filter/environment/path.dsv
[7.061s] -- Installing: /home/pawan/yahboomcar_ws_test/digitaltwin_ws/install/yahboom_laser_filter/share/yahboom_laser_filter/local_setup.bash
[7.061s] -- Installing: /home/pawan/yahboomcar_ws_test/digitaltwin_ws/install/yahboom_laser_filter/share/yahboom_laser_filter/local_setup.sh
[7.061s] -- Installing: /home/pawan/yahboomcar_ws_test/digitaltwin_ws/install/yahboom_laser_filter/share/yahboom_laser_filter/local_setup.zsh
[7.061s] -- Installing: /home/pawan/yahboomcar_ws_test/digitaltwin_ws/install/yahboom_laser_filter/share/yahboom_laser_filter/local_setup.dsv
[7.061s] -- Installing: /home/pawan/yahboomcar_ws_test/digitaltwin_ws/install/yahboom_laser_filter/share/yahboom_laser_filter/package.dsv
[7.061s] -- Installing: /home/pawan/yahboomcar_ws_test/digitaltwin_ws/install/yahboom_laser_filter/share/ament_index/resource_index/packages/yahboom_laser_filter
[7.061s] -- Installing: /home/pawan/yahboomcar_ws_test/digitaltwin_ws/install/yahboom_laser_filter/share/yahboom_laser_filter/cmake/yahboom_laser_filterConfig.cmake
[7.061s] -- Installing: /home/pawan/yahboomcar_ws_test/digitaltwin_ws/install/yahboom_laser_filter/share/yahboom_laser_filter/cmake/yahboom_laser_filterConfig-version.cmake
[7.061s] -- Installing: /home/pawan/yahboomcar_ws_test/digitaltwin_ws/install/yahboom_laser_filter/share/yahboom_laser_filter/package.xml
[7.062s] Invoked command in '/home/pawan/yahboomcar_ws_test/digitaltwin_ws/build/yahboom_laser_filter' returned '0': CMAKE_PREFIX_PATH=/home/pawan/yahboomcar_ws_test/yahboomcar_ws/install/yahboom_M3Pro_description:/opt/ros/humble /usr/bin/cmake --install /home/pawan/yahboomcar_ws_test/digitaltwin_ws/build/yahboom_laser_filter
