[0.692s] Invoking command in '/home/pawan/yahboomcar_ws_test/yahboomcar_ws/build/arm_msgs': CMAKE_PREFIX_PATH=${CMAKE_PREFIX_PATH}:/opt/ros/humble /usr/bin/cmake /home/pawan/yahboomcar_ws_test/yahboomcar_ws/src/arm_msgs -DCMAKE_INSTALL_PREFIX=/home/pawan/yahboomcar_ws_test/yahboomcar_ws/install/arm_msgs
[1.185s] -- The C compiler identification is GNU 11.4.0
[1.185s] -- The CXX compiler identification is GNU 11.4.0
[1.186s] -- Detecting C compiler ABI info
[1.186s] -- Detecting C compiler ABI info - done
[1.186s] -- Check for working C compiler: /usr/bin/cc - skipped
[1.186s] -- Detecting C compile features
[1.186s] -- Detecting C compile features - done
[1.186s] -- Detecting CXX compiler ABI info
[1.186s] -- Detecting CXX compiler ABI info - done
[1.186s] -- Check for working CXX compiler: /usr/bin/c++ - skipped
[1.186s] -- Detecting CXX compile features
[1.186s] -- Detecting CXX compile features - done
[1.186s] -- Found ament_cmake: 1.3.14 (/opt/ros/humble/share/ament_cmake/cmake)
[1.186s] -- Found Python3: /usr/bin/python3 (found version "3.10.12") found components: Interpreter 
[1.186s] -- Found rosidl_default_generators: 1.2.1 (/opt/ros/humble/share/rosidl_default_generators/cmake)
[1.186s] -- Using all available rosidl_typesupport_c: rosidl_typesupport_fastrtps_c;rosidl_typesupport_introspection_c
[1.186s] -- Found rosidl_adapter: 3.1.8 (/opt/ros/humble/share/rosidl_adapter/cmake)
[1.186s] -- Using all available rosidl_typesupport_cpp: rosidl_typesupport_fastrtps_cpp;rosidl_typesupport_introspection_cpp
[1.387s] -- Found ament_cmake_ros: 0.10.0 (/opt/ros/humble/share/ament_cmake_ros/cmake)
[1.543s] -- Using all available rosidl_typesupport_c: rosidl_typesupport_fastrtps_c;rosidl_typesupport_introspection_c
[1.747s] -- Using all available rosidl_typesupport_cpp: rosidl_typesupport_fastrtps_cpp;rosidl_typesupport_introspection_cpp
[1.763s] -- Found PythonInterp: /usr/bin/python3 (found suitable version "3.10.12", minimum required is "3.6") 
[1.764s] -- Found python_cmake_module: 0.10.0 (/opt/ros/humble/share/python_cmake_module/cmake)
[1.786s] -- Found PythonLibs: /usr/lib/x86_64-linux-gnu/libpython3.10.so (found suitable version "3.10.12", minimum required is "3.5") 
[1.786s] -- Using PYTHON_EXECUTABLE: /usr/bin/python3
[1.786s] -- Using PYTHON_INCLUDE_DIRS: /usr/include/python3.10
[1.786s] -- Using PYTHON_LIBRARIES: /usr/lib/x86_64-linux-gnu/libpython3.10.so
[1.803s] -- Found PythonExtra: .so  
[1.870s] -- Found ament_lint_auto: 0.12.15 (/opt/ros/humble/share/ament_lint_auto/cmake)
[1.882s] -- Added test 'lint_cmake' to check CMake code style
[1.883s] -- Added test 'xmllint' to check XML markup files
[1.884s] -- Configuring done
[1.901s] -- Generating done
[1.907s] -- Build files have been written to: /home/pawan/yahboomcar_ws_test/yahboomcar_ws/build/arm_msgs
