[0.023s] Invoking command in '/home/pawan/yahboomcar_ws_test/digitaltwin_ws/build/saved_maps': CMAKE_PREFIX_PATH=${CMAKE_PREFIX_PATH}:/home/pawan/yahboomcar_ws_test/digitaltwin_ws/install/yahboom_M3Pro_description:/home/pawan/yahboomcar_ws_test/digitaltwin_ws/install/sim_audio:/home/pawan/WISES_Robot/digitaltwin_ws/install/yahboom_M3Pro_description:/home/pawan/WISES_Robot/digitaltwin_ws/install/sim_audio:/opt/ros/jazzy DEBUGINFOD_URLS=https://debuginfod.ubuntu.com /usr/bin/cmake /home/pawan/yahboomcar_ws_test/digitaltwin_ws/src/slam/saved_maps -DAMENT_CMAKE_SYMLINK_INSTALL=1 -DCMAKE_INSTALL_PREFIX=/home/pawan/yahboomcar_ws_test/digitaltwin_ws/install/saved_maps
[0.347s] -- The C compiler identification is GNU 13.3.0
[0.347s] -- The CXX compiler identification is GNU 13.3.0
[0.347s] -- Detecting C compiler ABI info
[0.347s] -- Detecting C compiler ABI info - done
[0.347s] -- Check for working C compiler: /usr/bin/cc - skipped
[0.347s] -- Detecting C compile features
[0.347s] -- Detecting C compile features - done
[0.347s] -- Detecting CXX compiler ABI info
[0.347s] -- Detecting CXX compiler ABI info - done
[0.347s] -- Check for working CXX compiler: /usr/bin/c++ - skipped
[0.347s] -- Detecting CXX compile features
[0.347s] -- Detecting CXX compile features - done
[0.347s] -- Found ament_cmake: 2.5.6 (/opt/ros/jazzy/share/ament_cmake/cmake)
[0.460s] -- Found Python3: /usr/bin/python3 (found version "3.12.3") found components: Interpreter 
[0.528s] -- Override CMake install command with custom implementation using symlinks instead of copying resources
[0.596s] -- Found ament_lint_auto: 0.17.5 (/opt/ros/jazzy/share/ament_lint_auto/cmake)
[0.720s] -- Added test 'flake8' to check Python code syntax and style conventions
[0.720s] -- Configured 'flake8' exclude dirs and/or files: 
[0.720s] -- Added test 'lint_cmake' to check CMake code style
[0.720s] -- Added test 'pep257' to check Python code against some of the docstring style conventions in PEP 257
[0.720s] -- Added test 'xmllint' to check XML markup files
[0.721s] -- Configuring done (0.7s)
[0.723s] -- Generating done (0.0s)
[0.724s] -- Build files have been written to: /home/pawan/yahboomcar_ws_test/digitaltwin_ws/build/saved_maps
[0.727s] Invoked command in '/home/pawan/yahboomcar_ws_test/digitaltwin_ws/build/saved_maps' returned '0': CMAKE_PREFIX_PATH=${CMAKE_PREFIX_PATH}:/home/pawan/yahboomcar_ws_test/digitaltwin_ws/install/yahboom_M3Pro_description:/home/pawan/yahboomcar_ws_test/digitaltwin_ws/install/sim_audio:/home/pawan/WISES_Robot/digitaltwin_ws/install/yahboom_M3Pro_description:/home/pawan/WISES_Robot/digitaltwin_ws/install/sim_audio:/opt/ros/jazzy DEBUGINFOD_URLS=https://debuginfod.ubuntu.com /usr/bin/cmake /home/pawan/yahboomcar_ws_test/digitaltwin_ws/src/slam/saved_maps -DAMENT_CMAKE_SYMLINK_INSTALL=1 -DCMAKE_INSTALL_PREFIX=/home/pawan/yahboomcar_ws_test/digitaltwin_ws/install/saved_maps
[0.728s] Invoking command in '/home/pawan/yahboomcar_ws_test/digitaltwin_ws/build/saved_maps': CMAKE_PREFIX_PATH=${CMAKE_PREFIX_PATH}:/home/pawan/yahboomcar_ws_test/digitaltwin_ws/install/yahboom_M3Pro_description:/home/pawan/yahboomcar_ws_test/digitaltwin_ws/install/sim_audio:/home/pawan/WISES_Robot/digitaltwin_ws/install/yahboom_M3Pro_description:/home/pawan/WISES_Robot/digitaltwin_ws/install/sim_audio:/opt/ros/jazzy DEBUGINFOD_URLS=https://debuginfod.ubuntu.com /usr/bin/cmake --build /home/pawan/yahboomcar_ws_test/digitaltwin_ws/build/saved_maps -- -j20 -l20
[0.759s] Invoked command in '/home/pawan/yahboomcar_ws_test/digitaltwin_ws/build/saved_maps' returned '0': CMAKE_PREFIX_PATH=${CMAKE_PREFIX_PATH}:/home/pawan/yahboomcar_ws_test/digitaltwin_ws/install/yahboom_M3Pro_description:/home/pawan/yahboomcar_ws_test/digitaltwin_ws/install/sim_audio:/home/pawan/WISES_Robot/digitaltwin_ws/install/yahboom_M3Pro_description:/home/pawan/WISES_Robot/digitaltwin_ws/install/sim_audio:/opt/ros/jazzy DEBUGINFOD_URLS=https://debuginfod.ubuntu.com /usr/bin/cmake --build /home/pawan/yahboomcar_ws_test/digitaltwin_ws/build/saved_maps -- -j20 -l20
[0.760s] Invoking command in '/home/pawan/yahboomcar_ws_test/digitaltwin_ws/build/saved_maps': CMAKE_PREFIX_PATH=${CMAKE_PREFIX_PATH}:/home/pawan/yahboomcar_ws_test/digitaltwin_ws/install/yahboom_M3Pro_description:/home/pawan/yahboomcar_ws_test/digitaltwin_ws/install/sim_audio:/home/pawan/WISES_Robot/digitaltwin_ws/install/yahboom_M3Pro_description:/home/pawan/WISES_Robot/digitaltwin_ws/install/sim_audio:/opt/ros/jazzy DEBUGINFOD_URLS=https://debuginfod.ubuntu.com /usr/bin/cmake --install /home/pawan/yahboomcar_ws_test/digitaltwin_ws/build/saved_maps
[0.769s] -- Install configuration: ""
[0.769s] -- Execute custom install script
[0.769s] -- Symlinking: /home/pawan/yahboomcar_ws_test/digitaltwin_ws/install/saved_maps/share/saved_maps/launch/save_map.launch.py
[0.778s] -- Symlinking: /home/pawan/yahboomcar_ws_test/digitaltwin_ws/install/saved_maps/share/saved_maps/maps/map_maze.pgm
[0.785s] -- Symlinking: /home/pawan/yahboomcar_ws_test/digitaltwin_ws/install/saved_maps/share/saved_maps/maps/map_maze.yaml
[0.794s] -- Symlinking: /home/pawan/yahboomcar_ws_test/digitaltwin_ws/install/saved_maps/share/ament_index/resource_index/package_run_dependencies/saved_maps
[0.800s] -- Symlinking: /home/pawan/yahboomcar_ws_test/digitaltwin_ws/install/saved_maps/share/ament_index/resource_index/parent_prefix_path/saved_maps
[0.806s] -- Symlinking: /home/pawan/yahboomcar_ws_test/digitaltwin_ws/install/saved_maps/share/saved_maps/environment/ament_prefix_path.sh
[0.815s] -- Symlinking: /home/pawan/yahboomcar_ws_test/digitaltwin_ws/install/saved_maps/share/saved_maps/environment/ament_prefix_path.dsv
[0.822s] -- Symlinking: /home/pawan/yahboomcar_ws_test/digitaltwin_ws/install/saved_maps/share/saved_maps/environment/path.sh
[0.831s] -- Symlinking: /home/pawan/yahboomcar_ws_test/digitaltwin_ws/install/saved_maps/share/saved_maps/environment/path.dsv
[0.839s] -- Symlinking: /home/pawan/yahboomcar_ws_test/digitaltwin_ws/install/saved_maps/share/saved_maps/local_setup.bash
[0.849s] -- Symlinking: /home/pawan/yahboomcar_ws_test/digitaltwin_ws/install/saved_maps/share/saved_maps/local_setup.sh
[0.857s] -- Symlinking: /home/pawan/yahboomcar_ws_test/digitaltwin_ws/install/saved_maps/share/saved_maps/local_setup.zsh
[0.865s] -- Symlinking: /home/pawan/yahboomcar_ws_test/digitaltwin_ws/install/saved_maps/share/saved_maps/local_setup.dsv
[0.871s] -- Symlinking: /home/pawan/yahboomcar_ws_test/digitaltwin_ws/install/saved_maps/share/saved_maps/package.dsv
[0.879s] -- Symlinking: /home/pawan/yahboomcar_ws_test/digitaltwin_ws/install/saved_maps/share/ament_index/resource_index/packages/saved_maps
[0.885s] -- Symlinking: /home/pawan/yahboomcar_ws_test/digitaltwin_ws/install/saved_maps/share/saved_maps/cmake/saved_mapsConfig.cmake
[0.894s] -- Symlinking: /home/pawan/yahboomcar_ws_test/digitaltwin_ws/install/saved_maps/share/saved_maps/cmake/saved_mapsConfig-version.cmake
[0.900s] -- Symlinking: /home/pawan/yahboomcar_ws_test/digitaltwin_ws/install/saved_maps/share/saved_maps/package.xml
[0.910s] Invoked command in '/home/pawan/yahboomcar_ws_test/digitaltwin_ws/build/saved_maps' returned '0': CMAKE_PREFIX_PATH=${CMAKE_PREFIX_PATH}:/home/pawan/yahboomcar_ws_test/digitaltwin_ws/install/yahboom_M3Pro_description:/home/pawan/yahboomcar_ws_test/digitaltwin_ws/install/sim_audio:/home/pawan/WISES_Robot/digitaltwin_ws/install/yahboom_M3Pro_description:/home/pawan/WISES_Robot/digitaltwin_ws/install/sim_audio:/opt/ros/jazzy DEBUGINFOD_URLS=https://debuginfod.ubuntu.com /usr/bin/cmake --install /home/pawan/yahboomcar_ws_test/digitaltwin_ws/build/saved_maps
