running egg_info
creating ../../build/M3Pro_MoveIt_demo/M3Pro_MoveIt_demo.egg-info
writing ../../build/M3Pro_MoveIt_demo/M3Pro_MoveIt_demo.egg-info/PKG-INFO
writing dependency_links to ../../build/M3Pro_MoveIt_demo/M3Pro_MoveIt_demo.egg-info/dependency_links.txt
writing entry points to ../../build/M3Pro_MoveIt_demo/M3Pro_MoveIt_demo.egg-info/entry_points.txt
writing requirements to ../../build/M3Pro_MoveIt_demo/M3Pro_MoveIt_demo.egg-info/requires.txt
writing top-level names to ../../build/M3Pro_MoveIt_demo/M3Pro_MoveIt_demo.egg-info/top_level.txt
writing manifest file '../../build/M3Pro_MoveIt_demo/M3Pro_MoveIt_demo.egg-info/SOURCES.txt'
reading manifest file '../../build/M3Pro_MoveIt_demo/M3Pro_MoveIt_demo.egg-info/SOURCES.txt'
writing manifest file '../../build/M3Pro_MoveIt_demo/M3Pro_MoveIt_demo.egg-info/SOURCES.txt'
running build
running build_py
creating /home/pawan/yahboomcar_ws_test/yahboomcar_ws/build/M3Pro_MoveIt_demo/build
creating /home/pawan/yahboomcar_ws_test/yahboomcar_ws/build/M3Pro_MoveIt_demo/build/lib
creating /home/pawan/yahboomcar_ws_test/yahboomcar_ws/build/M3Pro_MoveIt_demo/build/lib/M3Pro_MoveIt_demo
copying M3Pro_MoveIt_demo/__init__.py -> /home/pawan/yahboomcar_ws_test/yahboomcar_ws/build/M3Pro_MoveIt_demo/build/lib/M3Pro_MoveIt_demo
copying M3Pro_MoveIt_demo/random_move.py -> /home/pawan/yahboomcar_ws_test/yahboomcar_ws/build/M3Pro_MoveIt_demo/build/lib/M3Pro_MoveIt_demo
copying M3Pro_MoveIt_demo/SimulationToMachine.py -> /home/pawan/yahboomcar_ws_test/yahboomcar_ws/build/M3Pro_MoveIt_demo/build/lib/M3Pro_MoveIt_demo
running install
running install_lib
creating /home/pawan/yahboomcar_ws_test/yahboomcar_ws/install/M3Pro_MoveIt_demo/lib/python3.10/site-packages/M3Pro_MoveIt_demo
copying /home/pawan/yahboomcar_ws_test/yahboomcar_ws/build/M3Pro_MoveIt_demo/build/lib/M3Pro_MoveIt_demo/__init__.py -> /home/pawan/yahboomcar_ws_test/yahboomcar_ws/install/M3Pro_MoveIt_demo/lib/python3.10/site-packages/M3Pro_MoveIt_demo
copying /home/pawan/yahboomcar_ws_test/yahboomcar_ws/build/M3Pro_MoveIt_demo/build/lib/M3Pro_MoveIt_demo/random_move.py -> /home/pawan/yahboomcar_ws_test/yahboomcar_ws/install/M3Pro_MoveIt_demo/lib/python3.10/site-packages/M3Pro_MoveIt_demo
copying /home/pawan/yahboomcar_ws_test/yahboomcar_ws/build/M3Pro_MoveIt_demo/build/lib/M3Pro_MoveIt_demo/SimulationToMachine.py -> /home/pawan/yahboomcar_ws_test/yahboomcar_ws/install/M3Pro_MoveIt_demo/lib/python3.10/site-packages/M3Pro_MoveIt_demo
byte-compiling /home/pawan/yahboomcar_ws_test/yahboomcar_ws/install/M3Pro_MoveIt_demo/lib/python3.10/site-packages/M3Pro_MoveIt_demo/__init__.py to __init__.cpython-310.pyc
byte-compiling /home/pawan/yahboomcar_ws_test/yahboomcar_ws/install/M3Pro_MoveIt_demo/lib/python3.10/site-packages/M3Pro_MoveIt_demo/random_move.py to random_move.cpython-310.pyc
byte-compiling /home/pawan/yahboomcar_ws_test/yahboomcar_ws/install/M3Pro_MoveIt_demo/lib/python3.10/site-packages/M3Pro_MoveIt_demo/SimulationToMachine.py to SimulationToMachine.cpython-310.pyc
running install_data
creating /home/pawan/yahboomcar_ws_test/yahboomcar_ws/install/M3Pro_MoveIt_demo/share/ament_index
creating /home/pawan/yahboomcar_ws_test/yahboomcar_ws/install/M3Pro_MoveIt_demo/share/ament_index/resource_index
creating /home/pawan/yahboomcar_ws_test/yahboomcar_ws/install/M3Pro_MoveIt_demo/share/ament_index/resource_index/packages
copying resource/M3Pro_MoveIt_demo -> /home/pawan/yahboomcar_ws_test/yahboomcar_ws/install/M3Pro_MoveIt_demo/share/ament_index/resource_index/packages
copying package.xml -> /home/pawan/yahboomcar_ws_test/yahboomcar_ws/install/M3Pro_MoveIt_demo/share/M3Pro_MoveIt_demo
running install_egg_info
Copying ../../build/M3Pro_MoveIt_demo/M3Pro_MoveIt_demo.egg-info to /home/pawan/yahboomcar_ws_test/yahboomcar_ws/install/M3Pro_MoveIt_demo/lib/python3.10/site-packages/M3Pro_MoveIt_demo-0.0.0-py3.10.egg-info
running install_scripts
Installing SimulationToMachine script to /home/pawan/yahboomcar_ws_test/yahboomcar_ws/install/M3Pro_MoveIt_demo/lib/M3Pro_MoveIt_demo
Installing random_move script to /home/pawan/yahboomcar_ws_test/yahboomcar_ws/install/M3Pro_MoveIt_demo/lib/M3Pro_MoveIt_demo
writing list of installed files to '/home/pawan/yahboomcar_ws_test/yahboomcar_ws/build/M3Pro_MoveIt_demo/install.log'
