[0.006s] Invoking command in '/home/pawan/yahboomcar_ws_test/M3Pro_ws/build/slam_mapping': CMAKE_PREFIX_PATH=${CMAKE_PREFIX_PATH}:/opt/ros/humble /usr/bin/cmake /home/pawan/yahboomcar_ws_test/M3Pro_ws/src/slam_mapping -DCMAKE_INSTALL_PREFIX=/home/pawan/yahboomcar_ws_test/M3Pro_ws/install/slam_mapping
[0.058s] -- The C compiler identification is GNU 11.4.0
[0.123s] -- The CXX compiler identification is GNU 11.4.0
[0.128s] -- Detecting C compiler ABI info
[0.190s] -- Detecting C compiler ABI info - done
[0.199s] -- Check for working C compiler: /usr/bin/cc - skipped
[0.200s] -- Detecting C compile features
[0.200s] -- Detecting C compile features - done
[0.204s] -- Detecting CXX compiler ABI info
[0.291s] -- Detecting CXX compiler ABI info - done
[0.296s] -- Check for working CXX compiler: /usr/bin/c++ - skipped
[0.296s] -- Detecting CXX compile features
[0.297s] -- Detecting CXX compile features - done
[0.300s] -- Found ament_cmake: 1.3.14 (/opt/ros/humble/share/ament_cmake/cmake)
[0.417s] -- Found Python3: /usr/bin/python3 (found version "3.10.12") found components: Interpreter 
[0.497s] -- Found ament_lint_auto: 0.12.15 (/opt/ros/humble/share/ament_lint_auto/cmake)
[0.560s] -- Added test 'flake8' to check Python code syntax and style conventions
[0.560s] -- Added test 'lint_cmake' to check CMake code style
[0.561s] -- Added test 'pep257' to check Python code against some of the docstring style conventions in PEP 257
[0.562s] -- Added test 'xmllint' to check XML markup files
[0.563s] -- Configuring done
[0.564s] -- Generating done
[0.565s] -- Build files have been written to: /home/pawan/yahboomcar_ws_test/M3Pro_ws/build/slam_mapping
[0.569s] Invoked command in '/home/pawan/yahboomcar_ws_test/M3Pro_ws/build/slam_mapping' returned '0': CMAKE_PREFIX_PATH=${CMAKE_PREFIX_PATH}:/opt/ros/humble /usr/bin/cmake /home/pawan/yahboomcar_ws_test/M3Pro_ws/src/slam_mapping -DCMAKE_INSTALL_PREFIX=/home/pawan/yahboomcar_ws_test/M3Pro_ws/install/slam_mapping
[0.570s] Invoking command in '/home/pawan/yahboomcar_ws_test/M3Pro_ws/build/slam_mapping': CMAKE_PREFIX_PATH=${CMAKE_PREFIX_PATH}:/opt/ros/humble /usr/bin/cmake --build /home/pawan/yahboomcar_ws_test/M3Pro_ws/build/slam_mapping -- -j20 -l20
[0.611s] Invoked command in '/home/pawan/yahboomcar_ws_test/M3Pro_ws/build/slam_mapping' returned '0': CMAKE_PREFIX_PATH=${CMAKE_PREFIX_PATH}:/opt/ros/humble /usr/bin/cmake --build /home/pawan/yahboomcar_ws_test/M3Pro_ws/build/slam_mapping -- -j20 -l20
[0.623s] Invoking command in '/home/pawan/yahboomcar_ws_test/M3Pro_ws/build/slam_mapping': CMAKE_PREFIX_PATH=${CMAKE_PREFIX_PATH}:/opt/ros/humble /usr/bin/cmake --install /home/pawan/yahboomcar_ws_test/M3Pro_ws/build/slam_mapping
[0.636s] -- Install configuration: ""
[0.636s] -- Installing: /home/pawan/yahboomcar_ws_test/M3Pro_ws/install/slam_mapping/share/slam_mapping/launch
[0.637s] -- Installing: /home/pawan/yahboomcar_ws_test/M3Pro_ws/install/slam_mapping/share/slam_mapping/launch/app_Slam_Toolbox.xml
[0.639s] -- Installing: /home/pawan/yahboomcar_ws_test/M3Pro_ws/install/slam_mapping/share/slam_mapping/launch/online_async_launch.py
[0.639s] -- Installing: /home/pawan/yahboomcar_ws_test/M3Pro_ws/install/slam_mapping/share/slam_mapping/launch/.ipynb_checkpoints
[0.639s] -- Installing: /home/pawan/yahboomcar_ws_test/M3Pro_ws/install/slam_mapping/share/slam_mapping/launch/.ipynb_checkpoints/save_map.launch-checkpoint.py
[0.639s] -- Installing: /home/pawan/yahboomcar_ws_test/M3Pro_ws/install/slam_mapping/share/slam_mapping/launch/app_Gmapping.xml
[0.639s] -- Installing: /home/pawan/yahboomcar_ws_test/M3Pro_ws/install/slam_mapping/share/slam_mapping/launch/occupancy_grid_launch.py
[0.639s] -- Installing: /home/pawan/yahboomcar_ws_test/M3Pro_ws/install/slam_mapping/share/slam_mapping/launch/app_Cartographer.xml
[0.639s] -- Installing: /home/pawan/yahboomcar_ws_test/M3Pro_ws/install/slam_mapping/share/slam_mapping/launch/slam_view.launch.py
[0.640s] -- Installing: /home/pawan/yahboomcar_ws_test/M3Pro_ws/install/slam_mapping/share/slam_mapping/launch/slam_toolbox.launch.py
[0.640s] -- Installing: /home/pawan/yahboomcar_ws_test/M3Pro_ws/install/slam_mapping/share/slam_mapping/launch/app_camera.launch.py
[0.640s] -- Installing: /home/pawan/yahboomcar_ws_test/M3Pro_ws/install/slam_mapping/share/slam_mapping/launch/bringup.launch.py
[0.640s] -- Installing: /home/pawan/yahboomcar_ws_test/M3Pro_ws/install/slam_mapping/share/slam_mapping/launch/cartographer.launch.py
[0.640s] -- Installing: /home/pawan/yahboomcar_ws_test/M3Pro_ws/install/slam_mapping/share/slam_mapping/launch/gmapping.launch.py
[0.640s] -- Installing: /home/pawan/yahboomcar_ws_test/M3Pro_ws/install/slam_mapping/share/slam_mapping/launch/save_map.launch.py
[0.641s] -- Installing: /home/pawan/yahboomcar_ws_test/M3Pro_ws/install/slam_mapping/share/slam_mapping/config
[0.641s] -- Installing: /home/pawan/yahboomcar_ws_test/M3Pro_ws/install/slam_mapping/share/slam_mapping/config/2d_imu_odom_localization.lua
[0.641s] -- Installing: /home/pawan/yahboomcar_ws_test/M3Pro_ws/install/slam_mapping/share/slam_mapping/config/lds_2d.lua
[0.641s] -- Installing: /home/pawan/yahboomcar_ws_test/M3Pro_ws/install/slam_mapping/share/slam_mapping/config/mapper_params_online_async.yaml
[0.641s] -- Installing: /home/pawan/yahboomcar_ws_test/M3Pro_ws/install/slam_mapping/share/slam_mapping/config/turtlebot3_lds_2d.lua
[0.642s] -- Installing: /home/pawan/yahboomcar_ws_test/M3Pro_ws/install/slam_mapping/share/slam_mapping/rviz
[0.642s] -- Installing: /home/pawan/yahboomcar_ws_test/M3Pro_ws/install/slam_mapping/share/slam_mapping/rviz/rvizconfig2.rviz
[0.642s] -- Installing: /home/pawan/yahboomcar_ws_test/M3Pro_ws/install/slam_mapping/share/slam_mapping/rviz/slam_rviz.rviz
[0.642s] -- Installing: /home/pawan/yahboomcar_ws_test/M3Pro_ws/install/slam_mapping/share/slam_mapping/rviz/rvizconfig1.rviz
[0.643s] -- Installing: /home/pawan/yahboomcar_ws_test/M3Pro_ws/install/slam_mapping/share/ament_index/resource_index/package_run_dependencies/slam_mapping
[0.643s] -- Installing: /home/pawan/yahboomcar_ws_test/M3Pro_ws/install/slam_mapping/share/ament_index/resource_index/parent_prefix_path/slam_mapping
[0.643s] -- Installing: /home/pawan/yahboomcar_ws_test/M3Pro_ws/install/slam_mapping/share/slam_mapping/environment/ament_prefix_path.sh
[0.644s] -- Installing: /home/pawan/yahboomcar_ws_test/M3Pro_ws/install/slam_mapping/share/slam_mapping/environment/ament_prefix_path.dsv
[0.644s] -- Installing: /home/pawan/yahboomcar_ws_test/M3Pro_ws/install/slam_mapping/share/slam_mapping/environment/path.sh
[0.644s] -- Installing: /home/pawan/yahboomcar_ws_test/M3Pro_ws/install/slam_mapping/share/slam_mapping/environment/path.dsv
[0.644s] -- Installing: /home/pawan/yahboomcar_ws_test/M3Pro_ws/install/slam_mapping/share/slam_mapping/local_setup.bash
[0.644s] -- Installing: /home/pawan/yahboomcar_ws_test/M3Pro_ws/install/slam_mapping/share/slam_mapping/local_setup.sh
[0.645s] -- Installing: /home/pawan/yahboomcar_ws_test/M3Pro_ws/install/slam_mapping/share/slam_mapping/local_setup.zsh
[0.645s] -- Installing: /home/pawan/yahboomcar_ws_test/M3Pro_ws/install/slam_mapping/share/slam_mapping/local_setup.dsv
[0.645s] -- Installing: /home/pawan/yahboomcar_ws_test/M3Pro_ws/install/slam_mapping/share/slam_mapping/package.dsv
[0.645s] -- Installing: /home/pawan/yahboomcar_ws_test/M3Pro_ws/install/slam_mapping/share/ament_index/resource_index/packages/slam_mapping
[0.645s] -- Installing: /home/pawan/yahboomcar_ws_test/M3Pro_ws/install/slam_mapping/share/slam_mapping/cmake/slam_mappingConfig.cmake
[0.645s] -- Installing: /home/pawan/yahboomcar_ws_test/M3Pro_ws/install/slam_mapping/share/slam_mapping/cmake/slam_mappingConfig-version.cmake
[0.646s] -- Installing: /home/pawan/yahboomcar_ws_test/M3Pro_ws/install/slam_mapping/share/slam_mapping/package.xml
[0.648s] Invoked command in '/home/pawan/yahboomcar_ws_test/M3Pro_ws/build/slam_mapping' returned '0': CMAKE_PREFIX_PATH=${CMAKE_PREFIX_PATH}:/opt/ros/humble /usr/bin/cmake --install /home/pawan/yahboomcar_ws_test/M3Pro_ws/build/slam_mapping
