[0.520s] Invoking command in '/home/pawan/yahboomcar_ws_test/yahboomcar_ws/src/yahboom_M3Pro_description': PYTHONPATH=/home/pawan/yahboomcar_ws_test/yahboomcar_ws/build/yahboom_M3Pro_description/prefix_override:/usr/lib/python3/dist-packages/colcon_core/task/python/colcon_distutils_commands:/home/pawan/yahboomcar_ws_test/yahboomcar_ws/install/yahboom_M3Pro_description/lib/python3.10/site-packages:${PYTHONPATH} /usr/bin/python3 -W ignore:setup.py install is deprecated -W ignore:easy_install command is deprecated setup.py egg_info --egg-base ../../build/yahboom_M3Pro_description build --build-base /home/pawan/yahboomcar_ws_test/yahboomcar_ws/build/yahboom_M3Pro_description/build install --record /home/pawan/yahboomcar_ws_test/yahboomcar_ws/build/yahboom_M3Pro_description/install.log --single-version-externally-managed install_data
[0.664s] running egg_info
[0.665s] creating ../../build/yahboom_M3Pro_description/yahboom_M3Pro_description.egg-info
[0.665s] writing ../../build/yahboom_M3Pro_description/yahboom_M3Pro_description.egg-info/PKG-INFO
[0.665s] writing dependency_links to ../../build/yahboom_M3Pro_description/yahboom_M3Pro_description.egg-info/dependency_links.txt
[0.665s] writing entry points to ../../build/yahboom_M3Pro_description/yahboom_M3Pro_description.egg-info/entry_points.txt
[0.665s] writing requirements to ../../build/yahboom_M3Pro_description/yahboom_M3Pro_description.egg-info/requires.txt
[0.665s] writing top-level names to ../../build/yahboom_M3Pro_description/yahboom_M3Pro_description.egg-info/top_level.txt
[0.665s] writing manifest file '../../build/yahboom_M3Pro_description/yahboom_M3Pro_description.egg-info/SOURCES.txt'
[0.666s] reading manifest file '../../build/yahboom_M3Pro_description/yahboom_M3Pro_description.egg-info/SOURCES.txt'
[0.667s] writing manifest file '../../build/yahboom_M3Pro_description/yahboom_M3Pro_description.egg-info/SOURCES.txt'
[0.667s] running build
[0.667s] running build_py
[0.667s] creating /home/pawan/yahboomcar_ws_test/yahboomcar_ws/build/yahboom_M3Pro_description/build
[0.667s] creating /home/pawan/yahboomcar_ws_test/yahboomcar_ws/build/yahboom_M3Pro_description/build/lib
[0.667s] creating /home/pawan/yahboomcar_ws_test/yahboomcar_ws/build/yahboom_M3Pro_description/build/lib/yahboom_M3Pro_description
[0.667s] copying yahboom_M3Pro_description/__init__.py -> /home/pawan/yahboomcar_ws_test/yahboomcar_ws/build/yahboom_M3Pro_description/build/lib/yahboom_M3Pro_description
[0.668s] running install
[0.668s] running install_lib
[0.668s] creating /home/pawan/yahboomcar_ws_test/yahboomcar_ws/install/yahboom_M3Pro_description/lib/python3.10/site-packages/yahboom_M3Pro_description
[0.668s] copying /home/pawan/yahboomcar_ws_test/yahboomcar_ws/build/yahboom_M3Pro_description/build/lib/yahboom_M3Pro_description/__init__.py -> /home/pawan/yahboomcar_ws_test/yahboomcar_ws/install/yahboom_M3Pro_description/lib/python3.10/site-packages/yahboom_M3Pro_description
[0.668s] byte-compiling /home/pawan/yahboomcar_ws_test/yahboomcar_ws/install/yahboom_M3Pro_description/lib/python3.10/site-packages/yahboom_M3Pro_description/__init__.py to __init__.cpython-310.pyc
[0.668s] running install_data
[0.669s] creating /home/pawan/yahboomcar_ws_test/yahboomcar_ws/install/yahboom_M3Pro_description/share/ament_index
[0.669s] creating /home/pawan/yahboomcar_ws_test/yahboomcar_ws/install/yahboom_M3Pro_description/share/ament_index/resource_index
[0.669s] creating /home/pawan/yahboomcar_ws_test/yahboomcar_ws/install/yahboom_M3Pro_description/share/ament_index/resource_index/packages
[0.669s] copying resource/yahboom_M3Pro_description -> /home/pawan/yahboomcar_ws_test/yahboomcar_ws/install/yahboom_M3Pro_description/share/ament_index/resource_index/packages
[0.669s] copying package.xml -> /home/pawan/yahboomcar_ws_test/yahboomcar_ws/install/yahboom_M3Pro_description/share/yahboom_M3Pro_description
[0.669s] creating /home/pawan/yahboomcar_ws_test/yahboomcar_ws/install/yahboom_M3Pro_description/share/yahboom_M3Pro_description/urdf
[0.669s] copying urdf/M3Pro.urdf -> /home/pawan/yahboomcar_ws_test/yahboomcar_ws/install/yahboom_M3Pro_description/share/yahboom_M3Pro_description/urdf
[0.669s] creating /home/pawan/yahboomcar_ws_test/yahboomcar_ws/install/yahboom_M3Pro_description/share/yahboom_M3Pro_description/meshes
[0.669s] copying meshes/llink1.STL -> /home/pawan/yahboomcar_ws_test/yahboomcar_ws/install/yahboom_M3Pro_description/share/yahboom_M3Pro_description/meshes
[0.669s] copying meshes/Gripping.STL -> /home/pawan/yahboomcar_ws_test/yahboomcar_ws/install/yahboom_M3Pro_description/share/yahboom_M3Pro_description/meshes
[0.669s] copying meshes/rlink1.STL -> /home/pawan/yahboomcar_ws_test/yahboomcar_ws/install/yahboom_M3Pro_description/share/yahboom_M3Pro_description/meshes
[0.670s] copying meshes/llink3.STL -> /home/pawan/yahboomcar_ws_test/yahboomcar_ws/install/yahboom_M3Pro_description/share/yahboom_M3Pro_description/meshes
[0.670s] copying meshes/arm5.STL -> /home/pawan/yahboomcar_ws_test/yahboomcar_ws/install/yahboom_M3Pro_description/share/yahboom_M3Pro_description/meshes
[0.672s] copying meshes/arm3.STL -> /home/pawan/yahboomcar_ws_test/yahboomcar_ws/install/yahboom_M3Pro_description/share/yahboom_M3Pro_description/meshes
[0.674s] copying meshes/lwheel2.STL -> /home/pawan/yahboomcar_ws_test/yahboomcar_ws/install/yahboom_M3Pro_description/share/yahboom_M3Pro_description/meshes
[0.675s] copying meshes/rwheel2.STL -> /home/pawan/yahboomcar_ws_test/yahboomcar_ws/install/yahboom_M3Pro_description/share/yahboom_M3Pro_description/meshes
[0.676s] copying meshes/rlink3.STL -> /home/pawan/yahboomcar_ws_test/yahboomcar_ws/install/yahboom_M3Pro_description/share/yahboom_M3Pro_description/meshes
[0.677s] copying meshes/DCW2.STL -> /home/pawan/yahboomcar_ws_test/yahboomcar_ws/install/yahboom_M3Pro_description/share/yahboom_M3Pro_description/meshes
[0.677s] copying meshes/lwheel1.STL -> /home/pawan/yahboomcar_ws_test/yahboomcar_ws/install/yahboom_M3Pro_description/share/yahboom_M3Pro_description/meshes
[0.678s] copying meshes/arm4.STL -> /home/pawan/yahboomcar_ws_test/yahboomcar_ws/install/yahboom_M3Pro_description/share/yahboom_M3Pro_description/meshes
[0.679s] copying meshes/arm2.STL -> /home/pawan/yahboomcar_ws_test/yahboomcar_ws/install/yahboom_M3Pro_description/share/yahboom_M3Pro_description/meshes
[0.681s] copying meshes/rwheel1.STL -> /home/pawan/yahboomcar_ws_test/yahboomcar_ws/install/yahboom_M3Pro_description/share/yahboom_M3Pro_description/meshes
[0.682s] copying meshes/arm_base_Link.STL -> /home/pawan/yahboomcar_ws_test/yahboomcar_ws/install/yahboom_M3Pro_description/share/yahboom_M3Pro_description/meshes
[0.682s] copying meshes/Camera.STL -> /home/pawan/yahboomcar_ws_test/yahboomcar_ws/install/yahboom_M3Pro_description/share/yahboom_M3Pro_description/meshes
[0.682s] copying meshes/base_link.STL -> /home/pawan/yahboomcar_ws_test/yahboomcar_ws/install/yahboom_M3Pro_description/share/yahboom_M3Pro_description/meshes
[0.686s] copying meshes/llink2.STL -> /home/pawan/yahboomcar_ws_test/yahboomcar_ws/install/yahboom_M3Pro_description/share/yahboom_M3Pro_description/meshes
[0.686s] copying meshes/rlink2.STL -> /home/pawan/yahboomcar_ws_test/yahboomcar_ws/install/yahboom_M3Pro_description/share/yahboom_M3Pro_description/meshes
[0.686s] copying meshes/arm1.STL -> /home/pawan/yahboomcar_ws_test/yahboomcar_ws/install/yahboom_M3Pro_description/share/yahboom_M3Pro_description/meshes
[0.690s] creating /home/pawan/yahboomcar_ws_test/yahboomcar_ws/install/yahboom_M3Pro_description/share/yahboom_M3Pro_description/launch
[0.690s] copying launch/display_launch.py -> /home/pawan/yahboomcar_ws_test/yahboomcar_ws/install/yahboom_M3Pro_description/share/yahboom_M3Pro_description/launch
[0.690s] running install_egg_info
[0.691s] Copying ../../build/yahboom_M3Pro_description/yahboom_M3Pro_description.egg-info to /home/pawan/yahboomcar_ws_test/yahboomcar_ws/install/yahboom_M3Pro_description/lib/python3.10/site-packages/yahboom_M3Pro_description-0.0.0-py3.10.egg-info
[0.691s] running install_scripts
[0.704s] writing list of installed files to '/home/pawan/yahboomcar_ws_test/yahboomcar_ws/build/yahboom_M3Pro_description/install.log'
[0.718s] Invoked command in '/home/pawan/yahboomcar_ws_test/yahboomcar_ws/src/yahboom_M3Pro_description' returned '0': PYTHONPATH=/home/pawan/yahboomcar_ws_test/yahboomcar_ws/build/yahboom_M3Pro_description/prefix_override:/usr/lib/python3/dist-packages/colcon_core/task/python/colcon_distutils_commands:/home/pawan/yahboomcar_ws_test/yahboomcar_ws/install/yahboom_M3Pro_description/lib/python3.10/site-packages:${PYTHONPATH} /usr/bin/python3 -W ignore:setup.py install is deprecated -W ignore:easy_install command is deprecated setup.py egg_info --egg-base ../../build/yahboom_M3Pro_description build --build-base /home/pawan/yahboomcar_ws_test/yahboomcar_ws/build/yahboom_M3Pro_description/build install --record /home/pawan/yahboomcar_ws_test/yahboomcar_ws/build/yahboom_M3Pro_description/install.log --single-version-externally-managed install_data
