[0.072s] Invoking command in '/home/pawan/yahboomcar_ws_test/M3Pro_ws/build/openslam_gmapping': CMAKE_PREFIX_PATH=${CMAKE_PREFIX_PATH}:/home/pawan/yahboomcar_ws_test/yahboomcar_ws/install/yahboom_M3Pro_description:/opt/ros/humble /usr/bin/cmake /home/pawan/yahboomcar_ws_test/M3Pro_ws/src/M3Pro_core/openslam_gmapping -DCMAKE_INSTALL_PREFIX=/home/pawan/yahboomcar_ws_test/M3Pro_ws/install/openslam_gmapping
[1.703s] -- The C compiler identification is GNU 11.4.0
[1.703s] -- The CXX compiler identification is GNU 11.4.0
[1.703s] -- Detecting C compiler ABI info
[1.703s] -- Detecting C compiler ABI info - done
[1.703s] -- Check for working C compiler: /usr/bin/cc - skipped
[1.703s] -- Detecting C compile features
[1.703s] -- Detecting C compile features - done
[1.703s] -- Detecting CXX compiler ABI info
[1.703s] -- Detecting CXX compiler ABI info - done
[1.703s] -- Check for working CXX compiler: /usr/bin/c++ - skipped
[1.703s] -- Detecting CXX compile features
[1.703s] -- Detecting CXX compile features - done
[1.704s] -- Found ament_cmake: 1.3.14 (/opt/ros/humble/share/ament_cmake/cmake)
[1.704s] -- Found Python3: /usr/bin/python3 (found version "3.10.12") found components: Interpreter 
[1.704s] -- Configuring done
[1.704s] -- Generating done
[1.704s] -- Build files have been written to: /home/pawan/yahboomcar_ws_test/M3Pro_ws/build/openslam_gmapping
[1.718s] Invoked command in '/home/pawan/yahboomcar_ws_test/M3Pro_ws/build/openslam_gmapping' returned '0': CMAKE_PREFIX_PATH=${CMAKE_PREFIX_PATH}:/home/pawan/yahboomcar_ws_test/yahboomcar_ws/install/yahboom_M3Pro_description:/opt/ros/humble /usr/bin/cmake /home/pawan/yahboomcar_ws_test/M3Pro_ws/src/M3Pro_core/openslam_gmapping -DCMAKE_INSTALL_PREFIX=/home/pawan/yahboomcar_ws_test/M3Pro_ws/install/openslam_gmapping
[1.719s] Invoking command in '/home/pawan/yahboomcar_ws_test/M3Pro_ws/build/openslam_gmapping': CMAKE_PREFIX_PATH=${CMAKE_PREFIX_PATH}:/home/pawan/yahboomcar_ws_test/yahboomcar_ws/install/yahboom_M3Pro_description:/opt/ros/humble /usr/bin/cmake --build /home/pawan/yahboomcar_ws_test/M3Pro_ws/build/openslam_gmapping -- -j20 -l20
[1.759s] [  4%] [32mBuilding CXX object sensor/sensor_base/CMakeFiles/sensor_base.dir/sensor.cpp.o[0m
[1.759s] [ 13%] [32mBuilding CXX object utils/CMakeFiles/utils.dir/stat.cpp.o[0m
[1.759s] [ 13%] [32mBuilding CXX object sensor/sensor_base/CMakeFiles/sensor_base.dir/sensorreading.cpp.o[0m
[1.759s] [ 18%] [32mBuilding CXX object utils/CMakeFiles/utils.dir/movement.cpp.o[0m
[2.014s] [ 22%] [32m[1mLinking CXX static library libsensor_base.a[0m
[2.079s] [ 22%] Built target sensor_base
[2.101s] [ 27%] [32mBuilding CXX object sensor/sensor_range/CMakeFiles/sensor_range.dir/rangereading.cpp.o[0m
[2.106s] [ 31%] [32mBuilding CXX object sensor/sensor_range/CMakeFiles/sensor_range.dir/rangesensor.cpp.o[0m
[2.166s] [ 36%] [32mBuilding CXX object sensor/sensor_odometry/CMakeFiles/sensor_odometry.dir/odometryreading.cpp.o[0m
[2.176s] [ 40%] [32mBuilding CXX object sensor/sensor_odometry/CMakeFiles/sensor_odometry.dir/odometrysensor.cpp.o[0m
[2.194s] [ 45%] [32m[1mLinking CXX static library libutils.a[0m
[2.221s] [ 45%] Built target utils
[2.505s] [ 50%] [32m[1mLinking CXX static library libsensor_odometry.a[0m
[2.538s] [ 50%] Built target sensor_odometry
[2.554s] [ 54%] [32m[1mLinking CXX static library libsensor_range.a[0m
[2.578s] [ 54%] Built target sensor_range
[2.594s] [ 59%] [32mBuilding CXX object scanmatcher/CMakeFiles/scanmatcher.dir/scanmatcherprocessor.cpp.o[0m
[2.594s] [ 72%] [32mBuilding CXX object scanmatcher/CMakeFiles/scanmatcher.dir/scanmatcher.cpp.o[0m
[2.594s] [ 72%] [32mBuilding CXX object scanmatcher/CMakeFiles/scanmatcher.dir/eig3.cpp.o[0m
[2.594s] [ 72%] [32mBuilding CXX object scanmatcher/CMakeFiles/scanmatcher.dir/smmap.cpp.o[0m
[3.702s] [ 77%] [32m[1mLinking CXX static library libscanmatcher.a[0m
[3.725s] [ 77%] Built target scanmatcher
[3.739s] [ 81%] [32mBuilding CXX object gridfastslam/CMakeFiles/gridfastslam.dir/motionmodel.cpp.o[0m
[3.740s] [ 90%] [32mBuilding CXX object gridfastslam/CMakeFiles/gridfastslam.dir/gfsreader.cpp.o[0m
[3.740s] [ 95%] [32mBuilding CXX object gridfastslam/CMakeFiles/gridfastslam.dir/gridslamprocessor_tree.cpp.o[0m
[3.740s] [ 95%] [32mBuilding CXX object gridfastslam/CMakeFiles/gridfastslam.dir/gridslamprocessor.cpp.o[0m
[5.117s] [100%] [32m[1mLinking CXX static library libgridfastslam.a[0m
[5.149s] [100%] Built target gridfastslam
