[0.038s] Invoking command in '/home/pawan/yahboomcar_ws_test/yahboomcar_ws/build/arm_interface': CMAKE_PREFIX_PATH=${CMAKE_PREFIX_PATH}:/home/pawan/yahboomcar_ws_test/yahboomcar_ws/install/yahboom_M3Pro_description:/opt/ros/humble /usr/bin/cmake --build /home/pawan/yahboomcar_ws_test/yahboomcar_ws/build/arm_interface -- -j20 -l20
[1.300s] [35m[1mConsolidate compiler generated dependencies of target arm_interface__rosidl_generator_c[0m
[1.301s] [  1%] Built target arm_interface__rs
[1.301s] [  2%] Built target arm_interface__cpp
[1.301s] [ 13%] Built target arm_interface__rosidl_generator_c
[1.301s] [ 13%] Built target ament_cmake_python_copy_arm_interface
[1.301s] [35m[1mConsolidate compiler generated dependencies of target arm_interface__rosidl_typesupport_cpp[0m
[1.301s] [35m[1mConsolidate compiler generated dependencies of target arm_interface__rosidl_typesupport_introspection_cpp[0m
[1.301s] [35m[1mConsolidate compiler generated dependencies of target arm_interface__rosidl_typesupport_c[0m
[1.301s] [35m[1mConsolidate compiler generated dependencies of target arm_interface__rosidl_typesupport_introspection_c[0m
[1.301s] [35m[1mConsolidate compiler generated dependencies of target arm_interface__rosidl_typesupport_fastrtps_cpp[0m
[1.301s] [ 25%] Built target arm_interface__rosidl_typesupport_c
[1.301s] [35m[1mConsolidate compiler generated dependencies of target arm_interface__rosidl_typesupport_fastrtps_c[0m
[1.301s] [ 36%] Built target arm_interface__rosidl_typesupport_introspection_c
[1.301s] [ 47%] Built target arm_interface__rosidl_typesupport_introspection_cpp
[1.301s] [ 59%] Built target arm_interface__rosidl_typesupport_cpp
[1.301s] [ 70%] Built target arm_interface__rosidl_typesupport_fastrtps_cpp
[1.301s] [ 82%] Built target arm_interface__rosidl_typesupport_fastrtps_c
[1.301s] [ 82%] Built target arm_interface
[1.301s] [ 83%] Built target arm_interface__py
[1.301s] [35m[1mConsolidate compiler generated dependencies of target arm_interface__rosidl_generator_py[0m
[1.301s] [ 93%] Built target arm_interface__rosidl_generator_py
[1.301s] [35m[1mConsolidate compiler generated dependencies of target arm_interface__rosidl_typesupport_fastrtps_c__pyext[0m
[1.301s] [35m[1mConsolidate compiler generated dependencies of target arm_interface__rosidl_typesupport_c__pyext[0m
[1.301s] [35m[1mConsolidate compiler generated dependencies of target arm_interface__rosidl_typesupport_introspection_c__pyext[0m
[1.301s] [ 95%] Built target arm_interface__rosidl_typesupport_fastrtps_c__pyext
[1.302s] [100%] Built target arm_interface__rosidl_typesupport_c__pyext
[1.302s] [100%] Built target arm_interface__rosidl_typesupport_introspection_c__pyext
[1.302s] running egg_info
[1.302s] writing arm_interface.egg-info/PKG-INFO
[1.302s] writing dependency_links to arm_interface.egg-info/dependency_links.txt
[1.302s] writing top-level names to arm_interface.egg-info/top_level.txt
[1.302s] reading manifest file 'arm_interface.egg-info/SOURCES.txt'
[1.302s] writing manifest file 'arm_interface.egg-info/SOURCES.txt'
[1.302s] [100%] Built target ament_cmake_python_build_arm_interface_egg
[1.308s] Invoked command in '/home/pawan/yahboomcar_ws_test/yahboomcar_ws/build/arm_interface' returned '0': CMAKE_PREFIX_PATH=${CMAKE_PREFIX_PATH}:/home/pawan/yahboomcar_ws_test/yahboomcar_ws/install/yahboom_M3Pro_description:/opt/ros/humble /usr/bin/cmake --build /home/pawan/yahboomcar_ws_test/yahboomcar_ws/build/arm_interface -- -j20 -l20
[1.317s] Invoking command in '/home/pawan/yahboomcar_ws_test/yahboomcar_ws/build/arm_interface': CMAKE_PREFIX_PATH=${CMAKE_PREFIX_PATH}:/home/pawan/yahboomcar_ws_test/yahboomcar_ws/install/yahboom_M3Pro_description:/opt/ros/humble /usr/bin/cmake --install /home/pawan/yahboomcar_ws_test/yahboomcar_ws/build/arm_interface
[1.325s] -- Install configuration: ""
[1.325s] -- Installing: /home/pawan/yahboomcar_ws_test/yahboomcar_ws/install/arm_interface/share/ament_index/resource_index/rosidl_interfaces/arm_interface
[1.325s] -- Installing: /home/pawan/yahboomcar_ws_test/yahboomcar_ws/install/arm_interface/include/arm_interface/arm_interface
[1.325s] -- Installing: /home/pawan/yahboomcar_ws_test/yahboomcar_ws/install/arm_interface/include/arm_interface/arm_interface/msg
[1.326s] -- Installing: /home/pawan/yahboomcar_ws_test/yahboomcar_ws/install/arm_interface/include/arm_interface/arm_interface/msg/center_xy.h
[1.326s] -- Installing: /home/pawan/yahboomcar_ws_test/yahboomcar_ws/install/arm_interface/include/arm_interface/arm_interface/msg/target_xy_roll.h
[1.327s] -- Installing: /home/pawan/yahboomcar_ws_test/yahboomcar_ws/install/arm_interface/include/arm_interface/arm_interface/msg/position.h
[1.327s] -- Installing: /home/pawan/yahboomcar_ws_test/yahboomcar_ws/install/arm_interface/include/arm_interface/arm_interface/msg/detail
[1.327s] -- Installing: /home/pawan/yahboomcar_ws_test/yahboomcar_ws/install/arm_interface/include/arm_interface/arm_interface/msg/detail/cur_joints__functions.h
[1.327s] -- Installing: /home/pawan/yahboomcar_ws_test/yahboomcar_ws/install/arm_interface/include/arm_interface/arm_interface/msg/detail/yolov5_detect__functions.h
[1.328s] -- Installing: /home/pawan/yahboomcar_ws_test/yahboomcar_ws/install/arm_interface/include/arm_interface/arm_interface/msg/detail/shape_info__functions.c
[1.329s] -- Installing: /home/pawan/yahboomcar_ws_test/yahboomcar_ws/install/arm_interface/include/arm_interface/arm_interface/msg/detail/april_tag_info__functions.h
[1.329s] -- Installing: /home/pawan/yahboomcar_ws_test/yahboomcar_ws/install/arm_interface/include/arm_interface/arm_interface/msg/detail/arm_joint__type_support.h
[1.329s] -- Installing: /home/pawan/yahboomcar_ws_test/yahboomcar_ws/install/arm_interface/include/arm_interface/arm_interface/msg/detail/april_tag_info__functions.c
[1.329s] -- Installing: /home/pawan/yahboomcar_ws_test/yahboomcar_ws/install/arm_interface/include/arm_interface/arm_interface/msg/detail/center_xy__struct.h
[1.329s] -- Installing: /home/pawan/yahboomcar_ws_test/yahboomcar_ws/install/arm_interface/include/arm_interface/arm_interface/msg/detail/arm_joint__functions.h
[1.329s] -- Installing: /home/pawan/yahboomcar_ws_test/yahboomcar_ws/install/arm_interface/include/arm_interface/arm_interface/msg/detail/shape_info__functions.h
[1.330s] -- Installing: /home/pawan/yahboomcar_ws_test/yahboomcar_ws/install/arm_interface/include/arm_interface/arm_interface/msg/detail/position__type_support.h
[1.330s] -- Installing: /home/pawan/yahboomcar_ws_test/yahboomcar_ws/install/arm_interface/include/arm_interface/arm_interface/msg/detail/position__functions.h
[1.330s] -- Installing: /home/pawan/yahboomcar_ws_test/yahboomcar_ws/install/arm_interface/include/arm_interface/arm_interface/msg/detail/cur_joints__functions.c
[1.330s] -- Installing: /home/pawan/yahboomcar_ws_test/yahboomcar_ws/install/arm_interface/include/arm_interface/arm_interface/msg/detail/shape_info__struct.h
[1.330s] -- Installing: /home/pawan/yahboomcar_ws_test/yahboomcar_ws/install/arm_interface/include/arm_interface/arm_interface/msg/detail/yolov5_detect__functions.c
[1.331s] -- Installing: /home/pawan/yahboomcar_ws_test/yahboomcar_ws/install/arm_interface/include/arm_interface/arm_interface/msg/detail/center_xy__type_support.h
[1.332s] -- Installing: /home/pawan/yahboomcar_ws_test/yahboomcar_ws/install/arm_interface/include/arm_interface/arm_interface/msg/detail/cur_joints__type_support.h
[1.334s] -- Installing: /home/pawan/yahboomcar_ws_test/yahboomcar_ws/install/arm_interface/include/arm_interface/arm_interface/msg/detail/cur_joints__struct.h
[1.334s] -- Installing: /home/pawan/yahboomcar_ws_test/yahboomcar_ws/install/arm_interface/include/arm_interface/arm_interface/msg/detail/target_xy_roll__functions.h
[1.334s] -- Installing: /home/pawan/yahboomcar_ws_test/yahboomcar_ws/install/arm_interface/include/arm_interface/arm_interface/msg/detail/position__struct.h
[1.334s] -- Installing: /home/pawan/yahboomcar_ws_test/yahboomcar_ws/install/arm_interface/include/arm_interface/arm_interface/msg/detail/center_xy__functions.h
[1.335s] -- Installing: /home/pawan/yahboomcar_ws_test/yahboomcar_ws/install/arm_interface/include/arm_interface/arm_interface/msg/detail/shape_info__type_support.h
[1.336s] -- Installing: /home/pawan/yahboomcar_ws_test/yahboomcar_ws/install/arm_interface/include/arm_interface/arm_interface/msg/detail/arm_joint__functions.c
[1.340s] -- Installing: /home/pawan/yahboomcar_ws_test/yahboomcar_ws/install/arm_interface/include/arm_interface/arm_interface/msg/detail/target_xy_roll__struct.h
[1.345s] -- Installing: /home/pawan/yahboomcar_ws_test/yahboomcar_ws/install/arm_interface/include/arm_interface/arm_interface/msg/detail/center_xy__functions.c
[1.345s] -- Installing: /home/pawan/yahboomcar_ws_test/yahboomcar_ws/install/arm_interface/include/arm_interface/arm_interface/msg/detail/position__functions.c
[1.346s] -- Installing: /home/pawan/yahboomcar_ws_test/yahboomcar_ws/install/arm_interface/include/arm_interface/arm_interface/msg/detail/yolov5_detect__struct.h
[1.354s] -- Installing: /home/pawan/yahboomcar_ws_test/yahboomcar_ws/install/arm_interface/include/arm_interface/arm_interface/msg/detail/yolov5_detect__type_support.h
[1.354s] -- Installing: /home/pawan/yahboomcar_ws_test/yahboomcar_ws/install/arm_interface/include/arm_interface/arm_interface/msg/detail/arm_joint__struct.h
[1.354s] -- Installing: /home/pawan/yahboomcar_ws_test/yahboomcar_ws/install/arm_interface/include/arm_interface/arm_interface/msg/detail/target_xy_roll__type_support.h
[1.355s] -- Installing: /home/pawan/yahboomcar_ws_test/yahboomcar_ws/install/arm_interface/include/arm_interface/arm_interface/msg/detail/target_xy_roll__functions.c
[1.355s] -- Installing: /home/pawan/yahboomcar_ws_test/yahboomcar_ws/install/arm_interface/include/arm_interface/arm_interface/msg/detail/april_tag_info__struct.h
[1.355s] -- Installing: /home/pawan/yahboomcar_ws_test/yahboomcar_ws/install/arm_interface/include/arm_interface/arm_interface/msg/detail/april_tag_info__type_support.h
[1.355s] -- Installing: /home/pawan/yahboomcar_ws_test/yahboomcar_ws/install/arm_interface/include/arm_interface/arm_interface/msg/cur_joints.h
[1.355s] -- Installing: /home/pawan/yahboomcar_ws_test/yahboomcar_ws/install/arm_interface/include/arm_interface/arm_interface/msg/shape_info.h
[1.355s] -- Installing: /home/pawan/yahboomcar_ws_test/yahboomcar_ws/install/arm_interface/include/arm_interface/arm_interface/msg/yolov5_detect.h
[1.355s] -- Installing: /home/pawan/yahboomcar_ws_test/yahboomcar_ws/install/arm_interface/include/arm_interface/arm_interface/msg/rosidl_generator_c__visibility_control.h
[1.358s] -- Installing: /home/pawan/yahboomcar_ws_test/yahboomcar_ws/install/arm_interface/include/arm_interface/arm_interface/msg/arm_joint.h
[1.358s] -- Installing: /home/pawan/yahboomcar_ws_test/yahboomcar_ws/install/arm_interface/include/arm_interface/arm_interface/msg/april_tag_info.h
[1.359s] -- Installing: /home/pawan/yahboomcar_ws_test/yahboomcar_ws/install/arm_interface/include/arm_interface/arm_interface/srv
[1.359s] -- Installing: /home/pawan/yahboomcar_ws_test/yahboomcar_ws/install/arm_interface/include/arm_interface/arm_interface/srv/detail
[1.359s] -- Installing: /home/pawan/yahboomcar_ws_test/yahboomcar_ws/install/arm_interface/include/arm_interface/arm_interface/srv/detail/arm_kinemarics__functions.h
[1.359s] -- Installing: /home/pawan/yahboomcar_ws_test/yahboomcar_ws/install/arm_interface/include/arm_interface/arm_interface/srv/detail/arm_kinemarics__struct.h
[1.359s] -- Installing: /home/pawan/yahboomcar_ws_test/yahboomcar_ws/install/arm_interface/include/arm_interface/arm_interface/srv/detail/arm_kinemarics__functions.c
[1.359s] -- Installing: /home/pawan/yahboomcar_ws_test/yahboomcar_ws/install/arm_interface/include/arm_interface/arm_interface/srv/detail/arm_kinemarics__type_support.h
[1.359s] -- Installing: /home/pawan/yahboomcar_ws_test/yahboomcar_ws/install/arm_interface/include/arm_interface/arm_interface/srv/arm_kinemarics.h
[1.360s] -- Installing: /home/pawan/yahboomcar_ws_test/yahboomcar_ws/install/arm_interface/share/arm_interface/environment/library_path.sh
[1.360s] -- Installing: /home/pawan/yahboomcar_ws_test/yahboomcar_ws/install/arm_interface/share/arm_interface/environment/library_path.dsv
[1.360s] -- Installing: /home/pawan/yahboomcar_ws_test/yahboomcar_ws/install/arm_interface/lib/libarm_interface__rosidl_generator_c.so
[1.361s] -- Set runtime path of "/home/pawan/yahboomcar_ws_test/yahboomcar_ws/install/arm_interface/lib/libarm_interface__rosidl_generator_c.so" to ""
[1.361s] -- Up-to-date: /home/pawan/yahboomcar_ws_test/yahboomcar_ws/install/arm_interface/include/arm_interface/arm_interface
[1.361s] -- Up-to-date: /home/pawan/yahboomcar_ws_test/yahboomcar_ws/install/arm_interface/include/arm_interface/arm_interface/msg
[1.362s] -- Installing: /home/pawan/yahboomcar_ws_test/yahboomcar_ws/install/arm_interface/include/arm_interface/arm_interface/msg/rosidl_typesupport_fastrtps_c__visibility_control.h
[1.362s] -- Up-to-date: /home/pawan/yahboomcar_ws_test/yahboomcar_ws/install/arm_interface/include/arm_interface/arm_interface/msg/detail
[1.362s] -- Installing: /home/pawan/yahboomcar_ws_test/yahboomcar_ws/install/arm_interface/include/arm_interface/arm_interface/msg/detail/position__rosidl_typesupport_fastrtps_c.h
[1.362s] -- Installing: /home/pawan/yahboomcar_ws_test/yahboomcar_ws/install/arm_interface/include/arm_interface/arm_interface/msg/detail/center_xy__rosidl_typesupport_fastrtps_c.h
[1.362s] -- Installing: /home/pawan/yahboomcar_ws_test/yahboomcar_ws/install/arm_interface/include/arm_interface/arm_interface/msg/detail/april_tag_info__rosidl_typesupport_fastrtps_c.h
[1.362s] -- Installing: /home/pawan/yahboomcar_ws_test/yahboomcar_ws/install/arm_interface/include/arm_interface/arm_interface/msg/detail/yolov5_detect__rosidl_typesupport_fastrtps_c.h
[1.362s] -- Installing: /home/pawan/yahboomcar_ws_test/yahboomcar_ws/install/arm_interface/include/arm_interface/arm_interface/msg/detail/arm_joint__rosidl_typesupport_fastrtps_c.h
[1.362s] -- Installing: /home/pawan/yahboomcar_ws_test/yahboomcar_ws/install/arm_interface/include/arm_interface/arm_interface/msg/detail/target_xy_roll__rosidl_typesupport_fastrtps_c.h
[1.362s] -- Installing: /home/pawan/yahboomcar_ws_test/yahboomcar_ws/install/arm_interface/include/arm_interface/arm_interface/msg/detail/shape_info__rosidl_typesupport_fastrtps_c.h
[1.362s] -- Installing: /home/pawan/yahboomcar_ws_test/yahboomcar_ws/install/arm_interface/include/arm_interface/arm_interface/msg/detail/cur_joints__rosidl_typesupport_fastrtps_c.h
[1.363s] -- Up-to-date: /home/pawan/yahboomcar_ws_test/yahboomcar_ws/install/arm_interface/include/arm_interface/arm_interface/srv
[1.363s] -- Up-to-date: /home/pawan/yahboomcar_ws_test/yahboomcar_ws/install/arm_interface/include/arm_interface/arm_interface/srv/detail
[1.363s] -- Installing: /home/pawan/yahboomcar_ws_test/yahboomcar_ws/install/arm_interface/include/arm_interface/arm_interface/srv/detail/arm_kinemarics__rosidl_typesupport_fastrtps_c.h
[1.363s] -- Installing: /home/pawan/yahboomcar_ws_test/yahboomcar_ws/install/arm_interface/lib/libarm_interface__rosidl_typesupport_fastrtps_c.so
[1.363s] -- Set runtime path of "/home/pawan/yahboomcar_ws_test/yahboomcar_ws/install/arm_interface/lib/libarm_interface__rosidl_typesupport_fastrtps_c.so" to ""
[1.363s] -- Up-to-date: /home/pawan/yahboomcar_ws_test/yahboomcar_ws/install/arm_interface/include/arm_interface/arm_interface
[1.363s] -- Up-to-date: /home/pawan/yahboomcar_ws_test/yahboomcar_ws/install/arm_interface/include/arm_interface/arm_interface/msg
[1.363s] -- Installing: /home/pawan/yahboomcar_ws_test/yahboomcar_ws/install/arm_interface/include/arm_interface/arm_interface/msg/rosidl_generator_cpp__visibility_control.hpp
[1.363s] -- Installing: /home/pawan/yahboomcar_ws_test/yahboomcar_ws/install/arm_interface/include/arm_interface/arm_interface/msg/april_tag_info.hpp
[1.364s] -- Installing: /home/pawan/yahboomcar_ws_test/yahboomcar_ws/install/arm_interface/include/arm_interface/arm_interface/msg/shape_info.hpp
[1.364s] -- Up-to-date: /home/pawan/yahboomcar_ws_test/yahboomcar_ws/install/arm_interface/include/arm_interface/arm_interface/msg/detail
[1.364s] -- Installing: /home/pawan/yahboomcar_ws_test/yahboomcar_ws/install/arm_interface/include/arm_interface/arm_interface/msg/detail/april_tag_info__struct.hpp
[1.364s] -- Installing: /home/pawan/yahboomcar_ws_test/yahboomcar_ws/install/arm_interface/include/arm_interface/arm_interface/msg/detail/yolov5_detect__builder.hpp
[1.364s] -- Installing: /home/pawan/yahboomcar_ws_test/yahboomcar_ws/install/arm_interface/include/arm_interface/arm_interface/msg/detail/yolov5_detect__type_support.hpp
[1.364s] -- Installing: /home/pawan/yahboomcar_ws_test/yahboomcar_ws/install/arm_interface/include/arm_interface/arm_interface/msg/detail/center_xy__type_support.hpp
[1.364s] -- Installing: /home/pawan/yahboomcar_ws_test/yahboomcar_ws/install/arm_interface/include/arm_interface/arm_interface/msg/detail/shape_info__type_support.hpp
[1.364s] -- Installing: /home/pawan/yahboomcar_ws_test/yahboomcar_ws/install/arm_interface/include/arm_interface/arm_interface/msg/detail/cur_joints__traits.hpp
[1.364s] -- Installing: /home/pawan/yahboomcar_ws_test/yahboomcar_ws/install/arm_interface/include/arm_interface/arm_interface/msg/detail/arm_joint__builder.hpp
[1.364s] -- Installing: /home/pawan/yahboomcar_ws_test/yahboomcar_ws/install/arm_interface/include/arm_interface/arm_interface/msg/detail/shape_info__builder.hpp
[1.364s] -- Installing: /home/pawan/yahboomcar_ws_test/yahboomcar_ws/install/arm_interface/include/arm_interface/arm_interface/msg/detail/yolov5_detect__struct.hpp
[1.365s] -- Installing: /home/pawan/yahboomcar_ws_test/yahboomcar_ws/install/arm_interface/include/arm_interface/arm_interface/msg/detail/position__type_support.hpp
[1.365s] -- Installing: /home/pawan/yahboomcar_ws_test/yahboomcar_ws/install/arm_interface/include/arm_interface/arm_interface/msg/detail/yolov5_detect__traits.hpp
[1.365s] -- Installing: /home/pawan/yahboomcar_ws_test/yahboomcar_ws/install/arm_interface/include/arm_interface/arm_interface/msg/detail/cur_joints__type_support.hpp
[1.365s] -- Installing: /home/pawan/yahboomcar_ws_test/yahboomcar_ws/install/arm_interface/include/arm_interface/arm_interface/msg/detail/position__struct.hpp
[1.365s] -- Installing: /home/pawan/yahboomcar_ws_test/yahboomcar_ws/install/arm_interface/include/arm_interface/arm_interface/msg/detail/arm_joint__traits.hpp
[1.365s] -- Installing: /home/pawan/yahboomcar_ws_test/yahboomcar_ws/install/arm_interface/include/arm_interface/arm_interface/msg/detail/target_xy_roll__traits.hpp
[1.365s] -- Installing: /home/pawan/yahboomcar_ws_test/yahboomcar_ws/install/arm_interface/include/arm_interface/arm_interface/msg/detail/april_tag_info__builder.hpp
[1.365s] -- Installing: /home/pawan/yahboomcar_ws_test/yahboomcar_ws/install/arm_interface/include/arm_interface/arm_interface/msg/detail/center_xy__struct.hpp
[1.365s] -- Installing: /home/pawan/yahboomcar_ws_test/yahboomcar_ws/install/arm_interface/include/arm_interface/arm_interface/msg/detail/target_xy_roll__builder.hpp
[1.365s] -- Installing: /home/pawan/yahboomcar_ws_test/yahboomcar_ws/install/arm_interface/include/arm_interface/arm_interface/msg/detail/cur_joints__struct.hpp
[1.365s] -- Installing: /home/pawan/yahboomcar_ws_test/yahboomcar_ws/install/arm_interface/include/arm_interface/arm_interface/msg/detail/shape_info__struct.hpp
[1.366s] -- Installing: /home/pawan/yahboomcar_ws_test/yahboomcar_ws/install/arm_interface/include/arm_interface/arm_interface/msg/detail/cur_joints__builder.hpp
[1.366s] -- Installing: /home/pawan/yahboomcar_ws_test/yahboomcar_ws/install/arm_interface/include/arm_interface/arm_interface/msg/detail/target_xy_roll__type_support.hpp
[1.366s] -- Installing: /home/pawan/yahboomcar_ws_test/yahboomcar_ws/install/arm_interface/include/arm_interface/arm_interface/msg/detail/center_xy__traits.hpp
[1.366s] -- Installing: /home/pawan/yahboomcar_ws_test/yahboomcar_ws/install/arm_interface/include/arm_interface/arm_interface/msg/detail/arm_joint__struct.hpp
[1.366s] -- Installing: /home/pawan/yahboomcar_ws_test/yahboomcar_ws/install/arm_interface/include/arm_interface/arm_interface/msg/detail/shape_info__traits.hpp
[1.366s] -- Installing: /home/pawan/yahboomcar_ws_test/yahboomcar_ws/install/arm_interface/include/arm_interface/arm_interface/msg/detail/center_xy__builder.hpp
[1.366s] -- Installing: /home/pawan/yahboomcar_ws_test/yahboomcar_ws/install/arm_interface/include/arm_interface/arm_interface/msg/detail/target_xy_roll__struct.hpp
[1.366s] -- Installing: /home/pawan/yahboomcar_ws_test/yahboomcar_ws/install/arm_interface/include/arm_interface/arm_interface/msg/detail/position__builder.hpp
[1.366s] -- Installing: /home/pawan/yahboomcar_ws_test/yahboomcar_ws/install/arm_interface/include/arm_interface/arm_interface/msg/detail/april_tag_info__type_support.hpp
[1.367s] -- Installing: /home/pawan/yahboomcar_ws_test/yahboomcar_ws/install/arm_interface/include/arm_interface/arm_interface/msg/detail/april_tag_info__traits.hpp
[1.367s] -- Installing: /home/pawan/yahboomcar_ws_test/yahboomcar_ws/install/arm_interface/include/arm_interface/arm_interface/msg/detail/position__traits.hpp
[1.367s] -- Installing: /home/pawan/yahboomcar_ws_test/yahboomcar_ws/install/arm_interface/include/arm_interface/arm_interface/msg/detail/arm_joint__type_support.hpp
[1.368s] -- Installing: /home/pawan/yahboomcar_ws_test/yahboomcar_ws/install/arm_interface/include/arm_interface/arm_interface/msg/cur_joints.hpp
[1.368s] -- Installing: /home/pawan/yahboomcar_ws_test/yahboomcar_ws/install/arm_interface/include/arm_interface/arm_interface/msg/arm_joint.hpp
[1.368s] -- Installing: /home/pawan/yahboomcar_ws_test/yahboomcar_ws/install/arm_interface/include/arm_interface/arm_interface/msg/center_xy.hpp
[1.368s] -- Installing: /home/pawan/yahboomcar_ws_test/yahboomcar_ws/install/arm_interface/include/arm_interface/arm_interface/msg/target_xy_roll.hpp
[1.368s] -- Installing: /home/pawan/yahboomcar_ws_test/yahboomcar_ws/install/arm_interface/include/arm_interface/arm_interface/msg/position.hpp
[1.368s] -- Installing: /home/pawan/yahboomcar_ws_test/yahboomcar_ws/install/arm_interface/include/arm_interface/arm_interface/msg/yolov5_detect.hpp
[1.368s] -- Up-to-date: /home/pawan/yahboomcar_ws_test/yahboomcar_ws/install/arm_interface/include/arm_interface/arm_interface/srv
[1.368s] -- Up-to-date: /home/pawan/yahboomcar_ws_test/yahboomcar_ws/install/arm_interface/include/arm_interface/arm_interface/srv/detail
[1.368s] -- Installing: /home/pawan/yahboomcar_ws_test/yahboomcar_ws/install/arm_interface/include/arm_interface/arm_interface/srv/detail/arm_kinemarics__type_support.hpp
[1.368s] -- Installing: /home/pawan/yahboomcar_ws_test/yahboomcar_ws/install/arm_interface/include/arm_interface/arm_interface/srv/detail/arm_kinemarics__traits.hpp
[1.368s] -- Installing: /home/pawan/yahboomcar_ws_test/yahboomcar_ws/install/arm_interface/include/arm_interface/arm_interface/srv/detail/arm_kinemarics__builder.hpp
[1.368s] -- Installing: /home/pawan/yahboomcar_ws_test/yahboomcar_ws/install/arm_interface/include/arm_interface/arm_interface/srv/detail/arm_kinemarics__struct.hpp
[1.369s] -- Installing: /home/pawan/yahboomcar_ws_test/yahboomcar_ws/install/arm_interface/include/arm_interface/arm_interface/srv/arm_kinemarics.hpp
[1.369s] -- Up-to-date: /home/pawan/yahboomcar_ws_test/yahboomcar_ws/install/arm_interface/include/arm_interface/arm_interface
[1.369s] -- Up-to-date: /home/pawan/yahboomcar_ws_test/yahboomcar_ws/install/arm_interface/include/arm_interface/arm_interface/msg
[1.369s] -- Up-to-date: /home/pawan/yahboomcar_ws_test/yahboomcar_ws/install/arm_interface/include/arm_interface/arm_interface/msg/detail
[1.369s] -- Installing: /home/pawan/yahboomcar_ws_test/yahboomcar_ws/install/arm_interface/include/arm_interface/arm_interface/msg/detail/april_tag_info__rosidl_typesupport_fastrtps_cpp.hpp
[1.369s] -- Installing: /home/pawan/yahboomcar_ws_test/yahboomcar_ws/install/arm_interface/include/arm_interface/arm_interface/msg/detail/arm_joint__rosidl_typesupport_fastrtps_cpp.hpp
[1.369s] -- Installing: /home/pawan/yahboomcar_ws_test/yahboomcar_ws/install/arm_interface/include/arm_interface/arm_interface/msg/detail/target_xy_roll__rosidl_typesupport_fastrtps_cpp.hpp
[1.369s] -- Installing: /home/pawan/yahboomcar_ws_test/yahboomcar_ws/install/arm_interface/include/arm_interface/arm_interface/msg/detail/position__rosidl_typesupport_fastrtps_cpp.hpp
[1.369s] -- Installing: /home/pawan/yahboomcar_ws_test/yahboomcar_ws/install/arm_interface/include/arm_interface/arm_interface/msg/detail/shape_info__rosidl_typesupport_fastrtps_cpp.hpp
[1.369s] -- Installing: /home/pawan/yahboomcar_ws_test/yahboomcar_ws/install/arm_interface/include/arm_interface/arm_interface/msg/detail/cur_joints__rosidl_typesupport_fastrtps_cpp.hpp
[1.369s] -- Installing: /home/pawan/yahboomcar_ws_test/yahboomcar_ws/install/arm_interface/include/arm_interface/arm_interface/msg/detail/dds_fastrtps
[1.369s] -- Installing: /home/pawan/yahboomcar_ws_test/yahboomcar_ws/install/arm_interface/include/arm_interface/arm_interface/msg/detail/center_xy__rosidl_typesupport_fastrtps_cpp.hpp
[1.369s] -- Installing: /home/pawan/yahboomcar_ws_test/yahboomcar_ws/install/arm_interface/include/arm_interface/arm_interface/msg/detail/yolov5_detect__rosidl_typesupport_fastrtps_cpp.hpp
[1.369s] -- Installing: /home/pawan/yahboomcar_ws_test/yahboomcar_ws/install/arm_interface/include/arm_interface/arm_interface/msg/rosidl_typesupport_fastrtps_cpp__visibility_control.h
[1.369s] -- Up-to-date: /home/pawan/yahboomcar_ws_test/yahboomcar_ws/install/arm_interface/include/arm_interface/arm_interface/srv
[1.369s] -- Up-to-date: /home/pawan/yahboomcar_ws_test/yahboomcar_ws/install/arm_interface/include/arm_interface/arm_interface/srv/detail
[1.369s] -- Installing: /home/pawan/yahboomcar_ws_test/yahboomcar_ws/install/arm_interface/include/arm_interface/arm_interface/srv/detail/dds_fastrtps
[1.369s] -- Installing: /home/pawan/yahboomcar_ws_test/yahboomcar_ws/install/arm_interface/include/arm_interface/arm_interface/srv/detail/arm_kinemarics__rosidl_typesupport_fastrtps_cpp.hpp
[1.369s] -- Installing: /home/pawan/yahboomcar_ws_test/yahboomcar_ws/install/arm_interface/lib/libarm_interface__rosidl_typesupport_fastrtps_cpp.so
[1.369s] -- Set runtime path of "/home/pawan/yahboomcar_ws_test/yahboomcar_ws/install/arm_interface/lib/libarm_interface__rosidl_typesupport_fastrtps_cpp.so" to ""
[1.369s] -- Up-to-date: /home/pawan/yahboomcar_ws_test/yahboomcar_ws/install/arm_interface/include/arm_interface/arm_interface
[1.369s] -- Up-to-date: /home/pawan/yahboomcar_ws_test/yahboomcar_ws/install/arm_interface/include/arm_interface/arm_interface/msg
[1.369s] -- Installing: /home/pawan/yahboomcar_ws_test/yahboomcar_ws/install/arm_interface/include/arm_interface/arm_interface/msg/rosidl_typesupport_introspection_c__visibility_control.h
[1.370s] -- Up-to-date: /home/pawan/yahboomcar_ws_test/yahboomcar_ws/install/arm_interface/include/arm_interface/arm_interface/msg/detail
[1.370s] -- Installing: /home/pawan/yahboomcar_ws_test/yahboomcar_ws/install/arm_interface/include/arm_interface/arm_interface/msg/detail/position__rosidl_typesupport_introspection_c.h
[1.370s] -- Installing: /home/pawan/yahboomcar_ws_test/yahboomcar_ws/install/arm_interface/include/arm_interface/arm_interface/msg/detail/target_xy_roll__type_support.c
[1.370s] -- Installing: /home/pawan/yahboomcar_ws_test/yahboomcar_ws/install/arm_interface/include/arm_interface/arm_interface/msg/detail/target_xy_roll__rosidl_typesupport_introspection_c.h
[1.370s] -- Installing: /home/pawan/yahboomcar_ws_test/yahboomcar_ws/install/arm_interface/include/arm_interface/arm_interface/msg/detail/cur_joints__type_support.c
[1.370s] -- Installing: /home/pawan/yahboomcar_ws_test/yahboomcar_ws/install/arm_interface/include/arm_interface/arm_interface/msg/detail/yolov5_detect__type_support.c
[1.370s] -- Installing: /home/pawan/yahboomcar_ws_test/yahboomcar_ws/install/arm_interface/include/arm_interface/arm_interface/msg/detail/shape_info__type_support.c
[1.370s] -- Installing: /home/pawan/yahboomcar_ws_test/yahboomcar_ws/install/arm_interface/include/arm_interface/arm_interface/msg/detail/arm_joint__rosidl_typesupport_introspection_c.h
[1.370s] -- Installing: /home/pawan/yahboomcar_ws_test/yahboomcar_ws/install/arm_interface/include/arm_interface/arm_interface/msg/detail/yolov5_detect__rosidl_typesupport_introspection_c.h
[1.370s] -- Installing: /home/pawan/yahboomcar_ws_test/yahboomcar_ws/install/arm_interface/include/arm_interface/arm_interface/msg/detail/cur_joints__rosidl_typesupport_introspection_c.h
[1.370s] -- Installing: /home/pawan/yahboomcar_ws_test/yahboomcar_ws/install/arm_interface/include/arm_interface/arm_interface/msg/detail/shape_info__rosidl_typesupport_introspection_c.h
[1.370s] -- Installing: /home/pawan/yahboomcar_ws_test/yahboomcar_ws/install/arm_interface/include/arm_interface/arm_interface/msg/detail/center_xy__rosidl_typesupport_introspection_c.h
[1.370s] -- Installing: /home/pawan/yahboomcar_ws_test/yahboomcar_ws/install/arm_interface/include/arm_interface/arm_interface/msg/detail/center_xy__type_support.c
[1.370s] -- Installing: /home/pawan/yahboomcar_ws_test/yahboomcar_ws/install/arm_interface/include/arm_interface/arm_interface/msg/detail/april_tag_info__rosidl_typesupport_introspection_c.h
[1.370s] -- Installing: /home/pawan/yahboomcar_ws_test/yahboomcar_ws/install/arm_interface/include/arm_interface/arm_interface/msg/detail/arm_joint__type_support.c
[1.370s] -- Installing: /home/pawan/yahboomcar_ws_test/yahboomcar_ws/install/arm_interface/include/arm_interface/arm_interface/msg/detail/april_tag_info__type_support.c
[1.371s] -- Installing: /home/pawan/yahboomcar_ws_test/yahboomcar_ws/install/arm_interface/include/arm_interface/arm_interface/msg/detail/position__type_support.c
[1.371s] -- Up-to-date: /home/pawan/yahboomcar_ws_test/yahboomcar_ws/install/arm_interface/include/arm_interface/arm_interface/srv
[1.371s] -- Up-to-date: /home/pawan/yahboomcar_ws_test/yahboomcar_ws/install/arm_interface/include/arm_interface/arm_interface/srv/detail
[1.371s] -- Installing: /home/pawan/yahboomcar_ws_test/yahboomcar_ws/install/arm_interface/include/arm_interface/arm_interface/srv/detail/arm_kinemarics__rosidl_typesupport_introspection_c.h
[1.371s] -- Installing: /home/pawan/yahboomcar_ws_test/yahboomcar_ws/install/arm_interface/include/arm_interface/arm_interface/srv/detail/arm_kinemarics__type_support.c
[1.371s] -- Installing: /home/pawan/yahboomcar_ws_test/yahboomcar_ws/install/arm_interface/lib/libarm_interface__rosidl_typesupport_introspection_c.so
[1.371s] -- Set runtime path of "/home/pawan/yahboomcar_ws_test/yahboomcar_ws/install/arm_interface/lib/libarm_interface__rosidl_typesupport_introspection_c.so" to ""
[1.371s] -- Installing: /home/pawan/yahboomcar_ws_test/yahboomcar_ws/install/arm_interface/lib/libarm_interface__rosidl_typesupport_c.so
[1.371s] -- Set runtime path of "/home/pawan/yahboomcar_ws_test/yahboomcar_ws/install/arm_interface/lib/libarm_interface__rosidl_typesupport_c.so" to ""
[1.371s] -- Up-to-date: /home/pawan/yahboomcar_ws_test/yahboomcar_ws/install/arm_interface/include/arm_interface/arm_interface
[1.371s] -- Up-to-date: /home/pawan/yahboomcar_ws_test/yahboomcar_ws/install/arm_interface/include/arm_interface/arm_interface/msg
[1.372s] -- Up-to-date: /home/pawan/yahboomcar_ws_test/yahboomcar_ws/install/arm_interface/include/arm_interface/arm_interface/msg/detail
[1.372s] -- Installing: /home/pawan/yahboomcar_ws_test/yahboomcar_ws/install/arm_interface/include/arm_interface/arm_interface/msg/detail/arm_joint__type_support.cpp
[1.372s] -- Installing: /home/pawan/yahboomcar_ws_test/yahboomcar_ws/install/arm_interface/include/arm_interface/arm_interface/msg/detail/shape_info__rosidl_typesupport_introspection_cpp.hpp
[1.372s] -- Installing: /home/pawan/yahboomcar_ws_test/yahboomcar_ws/install/arm_interface/include/arm_interface/arm_interface/msg/detail/april_tag_info__type_support.cpp
[1.372s] -- Installing: /home/pawan/yahboomcar_ws_test/yahboomcar_ws/install/arm_interface/include/arm_interface/arm_interface/msg/detail/yolov5_detect__type_support.cpp
[1.372s] -- Installing: /home/pawan/yahboomcar_ws_test/yahboomcar_ws/install/arm_interface/include/arm_interface/arm_interface/msg/detail/cur_joints__type_support.cpp
[1.372s] -- Installing: /home/pawan/yahboomcar_ws_test/yahboomcar_ws/install/arm_interface/include/arm_interface/arm_interface/msg/detail/position__rosidl_typesupport_introspection_cpp.hpp
[1.372s] -- Installing: /home/pawan/yahboomcar_ws_test/yahboomcar_ws/install/arm_interface/include/arm_interface/arm_interface/msg/detail/center_xy__rosidl_typesupport_introspection_cpp.hpp
[1.372s] -- Installing: /home/pawan/yahboomcar_ws_test/yahboomcar_ws/install/arm_interface/include/arm_interface/arm_interface/msg/detail/position__type_support.cpp
[1.372s] -- Installing: /home/pawan/yahboomcar_ws_test/yahboomcar_ws/install/arm_interface/include/arm_interface/arm_interface/msg/detail/cur_joints__rosidl_typesupport_introspection_cpp.hpp
[1.372s] -- Installing: /home/pawan/yahboomcar_ws_test/yahboomcar_ws/install/arm_interface/include/arm_interface/arm_interface/msg/detail/center_xy__type_support.cpp
[1.373s] -- Installing: /home/pawan/yahboomcar_ws_test/yahboomcar_ws/install/arm_interface/include/arm_interface/arm_interface/msg/detail/shape_info__type_support.cpp
[1.373s] -- Installing: /home/pawan/yahboomcar_ws_test/yahboomcar_ws/install/arm_interface/include/arm_interface/arm_interface/msg/detail/target_xy_roll__type_support.cpp
[1.373s] -- Installing: /home/pawan/yahboomcar_ws_test/yahboomcar_ws/install/arm_interface/include/arm_interface/arm_interface/msg/detail/yolov5_detect__rosidl_typesupport_introspection_cpp.hpp
[1.373s] -- Installing: /home/pawan/yahboomcar_ws_test/yahboomcar_ws/install/arm_interface/include/arm_interface/arm_interface/msg/detail/target_xy_roll__rosidl_typesupport_introspection_cpp.hpp
[1.373s] -- Installing: /home/pawan/yahboomcar_ws_test/yahboomcar_ws/install/arm_interface/include/arm_interface/arm_interface/msg/detail/arm_joint__rosidl_typesupport_introspection_cpp.hpp
[1.373s] -- Installing: /home/pawan/yahboomcar_ws_test/yahboomcar_ws/install/arm_interface/include/arm_interface/arm_interface/msg/detail/april_tag_info__rosidl_typesupport_introspection_cpp.hpp
[1.373s] -- Up-to-date: /home/pawan/yahboomcar_ws_test/yahboomcar_ws/install/arm_interface/include/arm_interface/arm_interface/srv
[1.373s] -- Up-to-date: /home/pawan/yahboomcar_ws_test/yahboomcar_ws/install/arm_interface/include/arm_interface/arm_interface/srv/detail
[1.373s] -- Installing: /home/pawan/yahboomcar_ws_test/yahboomcar_ws/install/arm_interface/include/arm_interface/arm_interface/srv/detail/arm_kinemarics__type_support.cpp
[1.373s] -- Installing: /home/pawan/yahboomcar_ws_test/yahboomcar_ws/install/arm_interface/include/arm_interface/arm_interface/srv/detail/arm_kinemarics__rosidl_typesupport_introspection_cpp.hpp
[1.373s] -- Installing: /home/pawan/yahboomcar_ws_test/yahboomcar_ws/install/arm_interface/lib/libarm_interface__rosidl_typesupport_introspection_cpp.so
[1.373s] -- Set runtime path of "/home/pawan/yahboomcar_ws_test/yahboomcar_ws/install/arm_interface/lib/libarm_interface__rosidl_typesupport_introspection_cpp.so" to ""
[1.373s] -- Installing: /home/pawan/yahboomcar_ws_test/yahboomcar_ws/install/arm_interface/lib/libarm_interface__rosidl_typesupport_cpp.so
[1.373s] -- Set runtime path of "/home/pawan/yahboomcar_ws_test/yahboomcar_ws/install/arm_interface/lib/libarm_interface__rosidl_typesupport_cpp.so" to ""
[1.373s] -- Installing: /home/pawan/yahboomcar_ws_test/yahboomcar_ws/install/arm_interface/share/arm_interface/environment/pythonpath.sh
[1.373s] -- Installing: /home/pawan/yahboomcar_ws_test/yahboomcar_ws/install/arm_interface/share/arm_interface/environment/pythonpath.dsv
[1.373s] -- Installing: /home/pawan/yahboomcar_ws_test/yahboomcar_ws/install/arm_interface/local/lib/python3.10/dist-packages/arm_interface-0.0.0-py3.10.egg-info
[1.373s] -- Installing: /home/pawan/yahboomcar_ws_test/yahboomcar_ws/install/arm_interface/local/lib/python3.10/dist-packages/arm_interface-0.0.0-py3.10.egg-info/dependency_links.txt
[1.373s] -- Installing: /home/pawan/yahboomcar_ws_test/yahboomcar_ws/install/arm_interface/local/lib/python3.10/dist-packages/arm_interface-0.0.0-py3.10.egg-info/SOURCES.txt
[1.373s] -- Installing: /home/pawan/yahboomcar_ws_test/yahboomcar_ws/install/arm_interface/local/lib/python3.10/dist-packages/arm_interface-0.0.0-py3.10.egg-info/PKG-INFO
[1.373s] -- Installing: /home/pawan/yahboomcar_ws_test/yahboomcar_ws/install/arm_interface/local/lib/python3.10/dist-packages/arm_interface-0.0.0-py3.10.egg-info/top_level.txt
[1.374s] -- Installing: /home/pawan/yahboomcar_ws_test/yahboomcar_ws/install/arm_interface/local/lib/python3.10/dist-packages/arm_interface
[1.374s] -- Installing: /home/pawan/yahboomcar_ws_test/yahboomcar_ws/install/arm_interface/local/lib/python3.10/dist-packages/arm_interface/__init__.py
[1.374s] -- Installing: /home/pawan/yahboomcar_ws_test/yahboomcar_ws/install/arm_interface/local/lib/python3.10/dist-packages/arm_interface/_arm_interface_s.ep.rosidl_typesupport_fastrtps_c.c
[1.374s] -- Installing: /home/pawan/yahboomcar_ws_test/yahboomcar_ws/install/arm_interface/local/lib/python3.10/dist-packages/arm_interface/arm_interface_s__rosidl_typesupport_introspection_c.cpython-310-x86_64-linux-gnu.so
[1.374s] -- Installing: /home/pawan/yahboomcar_ws_test/yahboomcar_ws/install/arm_interface/local/lib/python3.10/dist-packages/arm_interface/libarm_interface__rosidl_generator_py.so
[1.374s] -- Installing: /home/pawan/yahboomcar_ws_test/yahboomcar_ws/install/arm_interface/local/lib/python3.10/dist-packages/arm_interface/msg
[1.374s] -- Installing: /home/pawan/yahboomcar_ws_test/yahboomcar_ws/install/arm_interface/local/lib/python3.10/dist-packages/arm_interface/msg/__init__.py
[1.374s] -- Installing: /home/pawan/yahboomcar_ws_test/yahboomcar_ws/install/arm_interface/local/lib/python3.10/dist-packages/arm_interface/msg/_april_tag_info_s.c
[1.374s] -- Installing: /home/pawan/yahboomcar_ws_test/yahboomcar_ws/install/arm_interface/local/lib/python3.10/dist-packages/arm_interface/msg/_center_xy_s.c
[1.374s] -- Installing: /home/pawan/yahboomcar_ws_test/yahboomcar_ws/install/arm_interface/local/lib/python3.10/dist-packages/arm_interface/msg/_target_xy_roll.py
[1.374s] -- Installing: /home/pawan/yahboomcar_ws_test/yahboomcar_ws/install/arm_interface/local/lib/python3.10/dist-packages/arm_interface/msg/_cur_joints.py
[1.374s] -- Installing: /home/pawan/yahboomcar_ws_test/yahboomcar_ws/install/arm_interface/local/lib/python3.10/dist-packages/arm_interface/msg/_shape_info_s.c
[1.374s] -- Installing: /home/pawan/yahboomcar_ws_test/yahboomcar_ws/install/arm_interface/local/lib/python3.10/dist-packages/arm_interface/msg/_april_tag_info.py
[1.374s] -- Installing: /home/pawan/yahboomcar_ws_test/yahboomcar_ws/install/arm_interface/local/lib/python3.10/dist-packages/arm_interface/msg/_position_s.c
[1.374s] -- Installing: /home/pawan/yahboomcar_ws_test/yahboomcar_ws/install/arm_interface/local/lib/python3.10/dist-packages/arm_interface/msg/_shape_info.py
[1.374s] -- Installing: /home/pawan/yahboomcar_ws_test/yahboomcar_ws/install/arm_interface/local/lib/python3.10/dist-packages/arm_interface/msg/_yolov5_detect_s.c
[1.374s] -- Installing: /home/pawan/yahboomcar_ws_test/yahboomcar_ws/install/arm_interface/local/lib/python3.10/dist-packages/arm_interface/msg/_yolov5_detect.py
[1.374s] -- Installing: /home/pawan/yahboomcar_ws_test/yahboomcar_ws/install/arm_interface/local/lib/python3.10/dist-packages/arm_interface/msg/_cur_joints_s.c
[1.374s] -- Installing: /home/pawan/yahboomcar_ws_test/yahboomcar_ws/install/arm_interface/local/lib/python3.10/dist-packages/arm_interface/msg/_target_xy_roll_s.c
[1.374s] -- Installing: /home/pawan/yahboomcar_ws_test/yahboomcar_ws/install/arm_interface/local/lib/python3.10/dist-packages/arm_interface/msg/_position.py
[1.375s] -- Installing: /home/pawan/yahboomcar_ws_test/yahboomcar_ws/install/arm_interface/local/lib/python3.10/dist-packages/arm_interface/msg/_arm_joint.py
[1.375s] -- Installing: /home/pawan/yahboomcar_ws_test/yahboomcar_ws/install/arm_interface/local/lib/python3.10/dist-packages/arm_interface/msg/_center_xy.py
[1.375s] -- Installing: /home/pawan/yahboomcar_ws_test/yahboomcar_ws/install/arm_interface/local/lib/python3.10/dist-packages/arm_interface/msg/_arm_joint_s.c
[1.375s] -- Installing: /home/pawan/yahboomcar_ws_test/yahboomcar_ws/install/arm_interface/local/lib/python3.10/dist-packages/arm_interface/_arm_interface_s.ep.rosidl_typesupport_c.c
[1.375s] -- Installing: /home/pawan/yahboomcar_ws_test/yahboomcar_ws/install/arm_interface/local/lib/python3.10/dist-packages/arm_interface/arm_interface_s__rosidl_typesupport_c.cpython-310-x86_64-linux-gnu.so
[1.375s] -- Installing: /home/pawan/yahboomcar_ws_test/yahboomcar_ws/install/arm_interface/local/lib/python3.10/dist-packages/arm_interface/srv
[1.375s] -- Installing: /home/pawan/yahboomcar_ws_test/yahboomcar_ws/install/arm_interface/local/lib/python3.10/dist-packages/arm_interface/srv/__init__.py
[1.375s] -- Installing: /home/pawan/yahboomcar_ws_test/yahboomcar_ws/install/arm_interface/local/lib/python3.10/dist-packages/arm_interface/srv/_arm_kinemarics.py
[1.375s] -- Installing: /home/pawan/yahboomcar_ws_test/yahboomcar_ws/install/arm_interface/local/lib/python3.10/dist-packages/arm_interface/srv/_arm_kinemarics_s.c
[1.375s] -- Installing: /home/pawan/yahboomcar_ws_test/yahboomcar_ws/install/arm_interface/local/lib/python3.10/dist-packages/arm_interface/arm_interface_s__rosidl_typesupport_fastrtps_c.cpython-310-x86_64-linux-gnu.so
[1.375s] -- Installing: /home/pawan/yahboomcar_ws_test/yahboomcar_ws/install/arm_interface/local/lib/python3.10/dist-packages/arm_interface/_arm_interface_s.ep.rosidl_typesupport_introspection_c.c
[1.398s] Listing '/home/pawan/yahboomcar_ws_test/yahboomcar_ws/install/arm_interface/local/lib/python3.10/dist-packages/arm_interface'...
[1.398s] Compiling '/home/pawan/yahboomcar_ws_test/yahboomcar_ws/install/arm_interface/local/lib/python3.10/dist-packages/arm_interface/__init__.py'...
[1.398s] Listing '/home/pawan/yahboomcar_ws_test/yahboomcar_ws/install/arm_interface/local/lib/python3.10/dist-packages/arm_interface/msg'...
[1.398s] Compiling '/home/pawan/yahboomcar_ws_test/yahboomcar_ws/install/arm_interface/local/lib/python3.10/dist-packages/arm_interface/msg/__init__.py'...
[1.398s] Compiling '/home/pawan/yahboomcar_ws_test/yahboomcar_ws/install/arm_interface/local/lib/python3.10/dist-packages/arm_interface/msg/_april_tag_info.py'...
[1.398s] Compiling '/home/pawan/yahboomcar_ws_test/yahboomcar_ws/install/arm_interface/local/lib/python3.10/dist-packages/arm_interface/msg/_arm_joint.py'...
[1.398s] Compiling '/home/pawan/yahboomcar_ws_test/yahboomcar_ws/install/arm_interface/local/lib/python3.10/dist-packages/arm_interface/msg/_center_xy.py'...
[1.398s] Compiling '/home/pawan/yahboomcar_ws_test/yahboomcar_ws/install/arm_interface/local/lib/python3.10/dist-packages/arm_interface/msg/_cur_joints.py'...
[1.398s] Compiling '/home/pawan/yahboomcar_ws_test/yahboomcar_ws/install/arm_interface/local/lib/python3.10/dist-packages/arm_interface/msg/_position.py'...
[1.398s] Compiling '/home/pawan/yahboomcar_ws_test/yahboomcar_ws/install/arm_interface/local/lib/python3.10/dist-packages/arm_interface/msg/_shape_info.py'...
[1.398s] Compiling '/home/pawan/yahboomcar_ws_test/yahboomcar_ws/install/arm_interface/local/lib/python3.10/dist-packages/arm_interface/msg/_target_xy_roll.py'...
[1.398s] Compiling '/home/pawan/yahboomcar_ws_test/yahboomcar_ws/install/arm_interface/local/lib/python3.10/dist-packages/arm_interface/msg/_yolov5_detect.py'...
[1.398s] Listing '/home/pawan/yahboomcar_ws_test/yahboomcar_ws/install/arm_interface/local/lib/python3.10/dist-packages/arm_interface/srv'...
[1.398s] Compiling '/home/pawan/yahboomcar_ws_test/yahboomcar_ws/install/arm_interface/local/lib/python3.10/dist-packages/arm_interface/srv/__init__.py'...
[1.398s] Compiling '/home/pawan/yahboomcar_ws_test/yahboomcar_ws/install/arm_interface/local/lib/python3.10/dist-packages/arm_interface/srv/_arm_kinemarics.py'...
[1.403s] -- Installing: /home/pawan/yahboomcar_ws_test/yahboomcar_ws/install/arm_interface/local/lib/python3.10/dist-packages/arm_interface/arm_interface_s__rosidl_typesupport_fastrtps_c.cpython-310-x86_64-linux-gnu.so
[1.404s] -- Set runtime path of "/home/pawan/yahboomcar_ws_test/yahboomcar_ws/install/arm_interface/local/lib/python3.10/dist-packages/arm_interface/arm_interface_s__rosidl_typesupport_fastrtps_c.cpython-310-x86_64-linux-gnu.so" to ""
[1.404s] -- Installing: /home/pawan/yahboomcar_ws_test/yahboomcar_ws/install/arm_interface/local/lib/python3.10/dist-packages/arm_interface/arm_interface_s__rosidl_typesupport_introspection_c.cpython-310-x86_64-linux-gnu.so
[1.404s] -- Set runtime path of "/home/pawan/yahboomcar_ws_test/yahboomcar_ws/install/arm_interface/local/lib/python3.10/dist-packages/arm_interface/arm_interface_s__rosidl_typesupport_introspection_c.cpython-310-x86_64-linux-gnu.so" to ""
[1.405s] -- Installing: /home/pawan/yahboomcar_ws_test/yahboomcar_ws/install/arm_interface/local/lib/python3.10/dist-packages/arm_interface/arm_interface_s__rosidl_typesupport_c.cpython-310-x86_64-linux-gnu.so
[1.405s] -- Set runtime path of "/home/pawan/yahboomcar_ws_test/yahboomcar_ws/install/arm_interface/local/lib/python3.10/dist-packages/arm_interface/arm_interface_s__rosidl_typesupport_c.cpython-310-x86_64-linux-gnu.so" to ""
[1.405s] -- Installing: /home/pawan/yahboomcar_ws_test/yahboomcar_ws/install/arm_interface/lib/libarm_interface__rosidl_generator_py.so
[1.405s] -- Set runtime path of "/home/pawan/yahboomcar_ws_test/yahboomcar_ws/install/arm_interface/lib/libarm_interface__rosidl_generator_py.so" to ""
[1.405s] -- Installing: /home/pawan/yahboomcar_ws_test/yahboomcar_ws/install/arm_interface/share/ament_index/resource_index/rust_packages/arm_interface
[1.405s] -- Installing: /home/pawan/yahboomcar_ws_test/yahboomcar_ws/install/arm_interface/share/arm_interface/rust
[1.405s] -- Installing: /home/pawan/yahboomcar_ws_test/yahboomcar_ws/install/arm_interface/share/arm_interface/rust/Cargo.toml
[1.405s] -- Installing: /home/pawan/yahboomcar_ws_test/yahboomcar_ws/install/arm_interface/share/arm_interface/rust/src
[1.405s] -- Installing: /home/pawan/yahboomcar_ws_test/yahboomcar_ws/install/arm_interface/share/arm_interface/rust/src/srv.rs
[1.405s] -- Installing: /home/pawan/yahboomcar_ws_test/yahboomcar_ws/install/arm_interface/share/arm_interface/rust/src/msg
[1.405s] -- Installing: /home/pawan/yahboomcar_ws_test/yahboomcar_ws/install/arm_interface/share/arm_interface/rust/src/msg/rmw.rs
[1.405s] -- Installing: /home/pawan/yahboomcar_ws_test/yahboomcar_ws/install/arm_interface/share/arm_interface/rust/src/msg.rs
[1.405s] -- Installing: /home/pawan/yahboomcar_ws_test/yahboomcar_ws/install/arm_interface/share/arm_interface/rust/src/lib.rs
[1.405s] -- Installing: /home/pawan/yahboomcar_ws_test/yahboomcar_ws/install/arm_interface/share/arm_interface/rust/src/srv
[1.406s] -- Installing: /home/pawan/yahboomcar_ws_test/yahboomcar_ws/install/arm_interface/share/arm_interface/rust/src/srv/rmw.rs
[1.406s] -- Installing: /home/pawan/yahboomcar_ws_test/yahboomcar_ws/install/arm_interface/share/arm_interface/rust/build.rs
[1.406s] -- Installing: /home/pawan/yahboomcar_ws_test/yahboomcar_ws/install/arm_interface/share/arm_interface/srv/ArmKinemarics.idl
[1.406s] -- Installing: /home/pawan/yahboomcar_ws_test/yahboomcar_ws/install/arm_interface/share/arm_interface/msg/ArmJoint.idl
[1.406s] -- Installing: /home/pawan/yahboomcar_ws_test/yahboomcar_ws/install/arm_interface/share/arm_interface/msg/AprilTagInfo.idl
[1.406s] -- Installing: /home/pawan/yahboomcar_ws_test/yahboomcar_ws/install/arm_interface/share/arm_interface/msg/CenterXY.idl
[1.406s] -- Installing: /home/pawan/yahboomcar_ws_test/yahboomcar_ws/install/arm_interface/share/arm_interface/msg/ShapeInfo.idl
[1.406s] -- Installing: /home/pawan/yahboomcar_ws_test/yahboomcar_ws/install/arm_interface/share/arm_interface/msg/Yolov5Detect.idl
[1.406s] -- Installing: /home/pawan/yahboomcar_ws_test/yahboomcar_ws/install/arm_interface/share/arm_interface/msg/Position.idl
[1.406s] -- Installing: /home/pawan/yahboomcar_ws_test/yahboomcar_ws/install/arm_interface/share/arm_interface/msg/CurJoints.idl
[1.406s] -- Installing: /home/pawan/yahboomcar_ws_test/yahboomcar_ws/install/arm_interface/share/arm_interface/msg/TargetXYRoll.idl
[1.406s] -- Installing: /home/pawan/yahboomcar_ws_test/yahboomcar_ws/install/arm_interface/share/arm_interface/srv/ArmKinemarics.srv
[1.407s] -- Installing: /home/pawan/yahboomcar_ws_test/yahboomcar_ws/install/arm_interface/share/arm_interface/srv/ArmKinemarics_Request.msg
[1.407s] -- Installing: /home/pawan/yahboomcar_ws_test/yahboomcar_ws/install/arm_interface/share/arm_interface/srv/ArmKinemarics_Response.msg
[1.407s] -- Installing: /home/pawan/yahboomcar_ws_test/yahboomcar_ws/install/arm_interface/share/arm_interface/msg/ArmJoint.msg
[1.407s] -- Installing: /home/pawan/yahboomcar_ws_test/yahboomcar_ws/install/arm_interface/share/arm_interface/msg/AprilTagInfo.msg
[1.407s] -- Installing: /home/pawan/yahboomcar_ws_test/yahboomcar_ws/install/arm_interface/share/arm_interface/msg/CenterXY.msg
[1.407s] -- Installing: /home/pawan/yahboomcar_ws_test/yahboomcar_ws/install/arm_interface/share/arm_interface/msg/ShapeInfo.msg
[1.407s] -- Installing: /home/pawan/yahboomcar_ws_test/yahboomcar_ws/install/arm_interface/share/arm_interface/msg/Yolov5Detect.msg
[1.407s] -- Installing: /home/pawan/yahboomcar_ws_test/yahboomcar_ws/install/arm_interface/share/arm_interface/msg/Position.msg
[1.407s] -- Installing: /home/pawan/yahboomcar_ws_test/yahboomcar_ws/install/arm_interface/share/arm_interface/msg/CurJoints.msg
[1.407s] -- Installing: /home/pawan/yahboomcar_ws_test/yahboomcar_ws/install/arm_interface/share/arm_interface/msg/TargetXYRoll.msg
[1.408s] -- Installing: /home/pawan/yahboomcar_ws_test/yahboomcar_ws/install/arm_interface/share/ament_index/resource_index/package_run_dependencies/arm_interface
[1.408s] -- Installing: /home/pawan/yahboomcar_ws_test/yahboomcar_ws/install/arm_interface/share/ament_index/resource_index/parent_prefix_path/arm_interface
[1.408s] -- Installing: /home/pawan/yahboomcar_ws_test/yahboomcar_ws/install/arm_interface/share/arm_interface/environment/ament_prefix_path.sh
[1.408s] -- Installing: /home/pawan/yahboomcar_ws_test/yahboomcar_ws/install/arm_interface/share/arm_interface/environment/ament_prefix_path.dsv
[1.408s] -- Installing: /home/pawan/yahboomcar_ws_test/yahboomcar_ws/install/arm_interface/share/arm_interface/environment/path.sh
[1.408s] -- Installing: /home/pawan/yahboomcar_ws_test/yahboomcar_ws/install/arm_interface/share/arm_interface/environment/path.dsv
[1.408s] -- Installing: /home/pawan/yahboomcar_ws_test/yahboomcar_ws/install/arm_interface/share/arm_interface/local_setup.bash
[1.408s] -- Installing: /home/pawan/yahboomcar_ws_test/yahboomcar_ws/install/arm_interface/share/arm_interface/local_setup.sh
[1.409s] -- Installing: /home/pawan/yahboomcar_ws_test/yahboomcar_ws/install/arm_interface/share/arm_interface/local_setup.zsh
[1.409s] -- Installing: /home/pawan/yahboomcar_ws_test/yahboomcar_ws/install/arm_interface/share/arm_interface/local_setup.dsv
[1.409s] -- Installing: /home/pawan/yahboomcar_ws_test/yahboomcar_ws/install/arm_interface/share/arm_interface/package.dsv
[1.409s] -- Installing: /home/pawan/yahboomcar_ws_test/yahboomcar_ws/install/arm_interface/share/ament_index/resource_index/packages/arm_interface
[1.409s] -- Installing: /home/pawan/yahboomcar_ws_test/yahboomcar_ws/install/arm_interface/share/arm_interface/cmake/export_arm_interface__rosidl_generator_cExport.cmake
[1.409s] -- Installing: /home/pawan/yahboomcar_ws_test/yahboomcar_ws/install/arm_interface/share/arm_interface/cmake/export_arm_interface__rosidl_generator_cExport-noconfig.cmake
[1.409s] -- Installing: /home/pawan/yahboomcar_ws_test/yahboomcar_ws/install/arm_interface/share/arm_interface/cmake/export_arm_interface__rosidl_typesupport_fastrtps_cExport.cmake
[1.409s] -- Installing: /home/pawan/yahboomcar_ws_test/yahboomcar_ws/install/arm_interface/share/arm_interface/cmake/export_arm_interface__rosidl_typesupport_fastrtps_cExport-noconfig.cmake
[1.409s] -- Installing: /home/pawan/yahboomcar_ws_test/yahboomcar_ws/install/arm_interface/share/arm_interface/cmake/export_arm_interface__rosidl_generator_cppExport.cmake
[1.409s] -- Installing: /home/pawan/yahboomcar_ws_test/yahboomcar_ws/install/arm_interface/share/arm_interface/cmake/export_arm_interface__rosidl_typesupport_fastrtps_cppExport.cmake
[1.410s] -- Installing: /home/pawan/yahboomcar_ws_test/yahboomcar_ws/install/arm_interface/share/arm_interface/cmake/export_arm_interface__rosidl_typesupport_fastrtps_cppExport-noconfig.cmake
[1.410s] -- Installing: /home/pawan/yahboomcar_ws_test/yahboomcar_ws/install/arm_interface/share/arm_interface/cmake/arm_interface__rosidl_typesupport_introspection_cExport.cmake
[1.410s] -- Installing: /home/pawan/yahboomcar_ws_test/yahboomcar_ws/install/arm_interface/share/arm_interface/cmake/arm_interface__rosidl_typesupport_introspection_cExport-noconfig.cmake
[1.410s] -- Installing: /home/pawan/yahboomcar_ws_test/yahboomcar_ws/install/arm_interface/share/arm_interface/cmake/arm_interface__rosidl_typesupport_cExport.cmake
[1.410s] -- Installing: /home/pawan/yahboomcar_ws_test/yahboomcar_ws/install/arm_interface/share/arm_interface/cmake/arm_interface__rosidl_typesupport_cExport-noconfig.cmake
[1.410s] -- Installing: /home/pawan/yahboomcar_ws_test/yahboomcar_ws/install/arm_interface/share/arm_interface/cmake/arm_interface__rosidl_typesupport_introspection_cppExport.cmake
[1.410s] -- Installing: /home/pawan/yahboomcar_ws_test/yahboomcar_ws/install/arm_interface/share/arm_interface/cmake/arm_interface__rosidl_typesupport_introspection_cppExport-noconfig.cmake
[1.410s] -- Installing: /home/pawan/yahboomcar_ws_test/yahboomcar_ws/install/arm_interface/share/arm_interface/cmake/arm_interface__rosidl_typesupport_cppExport.cmake
[1.410s] -- Installing: /home/pawan/yahboomcar_ws_test/yahboomcar_ws/install/arm_interface/share/arm_interface/cmake/arm_interface__rosidl_typesupport_cppExport-noconfig.cmake
[1.410s] -- Installing: /home/pawan/yahboomcar_ws_test/yahboomcar_ws/install/arm_interface/share/arm_interface/cmake/export_arm_interface__rosidl_generator_pyExport.cmake
[1.411s] -- Installing: /home/pawan/yahboomcar_ws_test/yahboomcar_ws/install/arm_interface/share/arm_interface/cmake/export_arm_interface__rosidl_generator_pyExport-noconfig.cmake
[1.411s] -- Installing: /home/pawan/yahboomcar_ws_test/yahboomcar_ws/install/arm_interface/share/arm_interface/cmake/rosidl_cmake-extras.cmake
[1.411s] -- Installing: /home/pawan/yahboomcar_ws_test/yahboomcar_ws/install/arm_interface/share/arm_interface/cmake/ament_cmake_export_dependencies-extras.cmake
[1.411s] -- Installing: /home/pawan/yahboomcar_ws_test/yahboomcar_ws/install/arm_interface/share/arm_interface/cmake/ament_cmake_export_include_directories-extras.cmake
[1.411s] -- Installing: /home/pawan/yahboomcar_ws_test/yahboomcar_ws/install/arm_interface/share/arm_interface/cmake/ament_cmake_export_libraries-extras.cmake
[1.411s] -- Installing: /home/pawan/yahboomcar_ws_test/yahboomcar_ws/install/arm_interface/share/arm_interface/cmake/ament_cmake_export_targets-extras.cmake
[1.411s] -- Installing: /home/pawan/yahboomcar_ws_test/yahboomcar_ws/install/arm_interface/share/arm_interface/cmake/rosidl_cmake_export_typesupport_targets-extras.cmake
[1.412s] -- Installing: /home/pawan/yahboomcar_ws_test/yahboomcar_ws/install/arm_interface/share/arm_interface/cmake/rosidl_cmake_export_typesupport_libraries-extras.cmake
[1.412s] -- Installing: /home/pawan/yahboomcar_ws_test/yahboomcar_ws/install/arm_interface/share/arm_interface/cmake/arm_interfaceConfig.cmake
[1.412s] -- Installing: /home/pawan/yahboomcar_ws_test/yahboomcar_ws/install/arm_interface/share/arm_interface/cmake/arm_interfaceConfig-version.cmake
[1.412s] -- Installing: /home/pawan/yahboomcar_ws_test/yahboomcar_ws/install/arm_interface/share/arm_interface/package.xml
