[0.008s] Invoking command in '/home/pawan/yahboomcar_ws_test/M3Pro_ws/build/ira_laser_tools': CMAKE_PREFIX_PATH=${CMAKE_PREFIX_PATH}:/opt/ros/humble /usr/bin/cmake --build /home/pawan/yahboomcar_ws_test/M3Pro_ws/build/ira_laser_tools -- -j20 -l20
[0.045s] [35m[1mConsolidate compiler generated dependencies of target laserscan_virtualizer[0m
[0.046s] [35m[1mConsolidate compiler generated dependencies of target laserscan_multi_merger[0m
[0.065s] [ 50%] Built target laserscan_virtualizer
[0.074s] [100%] Built target laserscan_multi_merger
[0.083s] Invoked command in '/home/pawan/yahboomcar_ws_test/M3Pro_ws/build/ira_laser_tools' returned '0': CMAKE_PREFIX_PATH=${CMAKE_PREFIX_PATH}:/opt/ros/humble /usr/bin/cmake --build /home/pawan/yahboomcar_ws_test/M3Pro_ws/build/ira_laser_tools -- -j20 -l20
[0.091s] Invoking command in '/home/pawan/yahboomcar_ws_test/M3Pro_ws/build/ira_laser_tools': CMAKE_PREFIX_PATH=${CMAKE_PREFIX_PATH}:/opt/ros/humble /usr/bin/cmake --install /home/pawan/yahboomcar_ws_test/M3Pro_ws/build/ira_laser_tools
[0.096s] -- Install configuration: ""
[0.097s] -- Up-to-date: /home/pawan/yahboomcar_ws_test/M3Pro_ws/install/ira_laser_tools/lib/ira_laser_tools/laserscan_multi_merger
[0.097s] -- Up-to-date: /home/pawan/yahboomcar_ws_test/M3Pro_ws/install/ira_laser_tools/lib/ira_laser_tools/laserscan_virtualizer
[0.097s] -- Up-to-date: /home/pawan/yahboomcar_ws_test/M3Pro_ws/install/ira_laser_tools/share/ira_laser_tools/launch
[0.097s] -- Up-to-date: /home/pawan/yahboomcar_ws_test/M3Pro_ws/install/ira_laser_tools/share/ira_laser_tools/launch/laserscan_multi_merger.launch
[0.097s] -- Up-to-date: /home/pawan/yahboomcar_ws_test/M3Pro_ws/install/ira_laser_tools/share/ira_laser_tools/launch/merge_multi_MultiRobot.launch.py
[0.097s] -- Up-to-date: /home/pawan/yahboomcar_ws_test/M3Pro_ws/install/ira_laser_tools/share/ira_laser_tools/launch/laserscan_virtualizer.launch
[0.097s] -- Up-to-date: /home/pawan/yahboomcar_ws_test/M3Pro_ws/install/ira_laser_tools/share/ira_laser_tools/launch/merge_multi_robot.xml
[0.097s] -- Up-to-date: /home/pawan/yahboomcar_ws_test/M3Pro_ws/install/ira_laser_tools/share/ira_laser_tools/launch/merge_multi.launch.py
[0.097s] -- Up-to-date: /home/pawan/yahboomcar_ws_test/M3Pro_ws/install/ira_laser_tools/share/ira_laser_tools/launch
[0.097s] -- Up-to-date: /home/pawan/yahboomcar_ws_test/M3Pro_ws/install/ira_laser_tools/share/ira_laser_tools/launch/laserscan_merge_Multi_robot1.yaml
[0.098s] -- Up-to-date: /home/pawan/yahboomcar_ws_test/M3Pro_ws/install/ira_laser_tools/share/ira_laser_tools/launch/laserscan_merge_Multi_robot2.yaml
[0.098s] -- Up-to-date: /home/pawan/yahboomcar_ws_test/M3Pro_ws/install/ira_laser_tools/share/ira_laser_tools/launch/laserscan_merge.yaml
[0.098s] -- Up-to-date: /home/pawan/yahboomcar_ws_test/M3Pro_ws/install/ira_laser_tools/share/ira_laser_tools/launch
[0.098s] -- Up-to-date: /home/pawan/yahboomcar_ws_test/M3Pro_ws/install/ira_laser_tools/share/ira_laser_tools/launch/laserscan_multi_merger.launch
[0.098s] -- Up-to-date: /home/pawan/yahboomcar_ws_test/M3Pro_ws/install/ira_laser_tools/share/ira_laser_tools/launch/merge_multi_MultiRobot.launch.py
[0.098s] -- Up-to-date: /home/pawan/yahboomcar_ws_test/M3Pro_ws/install/ira_laser_tools/share/ira_laser_tools/launch/laserscan_virtualizer.launch
[0.098s] -- Up-to-date: /home/pawan/yahboomcar_ws_test/M3Pro_ws/install/ira_laser_tools/share/ira_laser_tools/launch/merge_multi_robot.xml
[0.098s] -- Up-to-date: /home/pawan/yahboomcar_ws_test/M3Pro_ws/install/ira_laser_tools/share/ira_laser_tools/launch/merge_multi.launch.py
[0.098s] -- Up-to-date: /home/pawan/yahboomcar_ws_test/M3Pro_ws/install/ira_laser_tools/share/ira_laser_tools/config
[0.099s] -- Up-to-date: /home/pawan/yahboomcar_ws_test/M3Pro_ws/install/ira_laser_tools/share/ira_laser_tools/config/laserscan_merge_Multi_robot1.yaml
[0.099s] -- Up-to-date: /home/pawan/yahboomcar_ws_test/M3Pro_ws/install/ira_laser_tools/share/ira_laser_tools/config/laserscan_merge_Multi_robot2.yaml
[0.099s] -- Up-to-date: /home/pawan/yahboomcar_ws_test/M3Pro_ws/install/ira_laser_tools/share/ira_laser_tools/config/laserscan_merge.yaml
[0.100s] -- Up-to-date: /home/pawan/yahboomcar_ws_test/M3Pro_ws/install/ira_laser_tools/share/ament_index/resource_index/package_run_dependencies/ira_laser_tools
[0.100s] -- Up-to-date: /home/pawan/yahboomcar_ws_test/M3Pro_ws/install/ira_laser_tools/share/ament_index/resource_index/parent_prefix_path/ira_laser_tools
[0.100s] -- Up-to-date: /home/pawan/yahboomcar_ws_test/M3Pro_ws/install/ira_laser_tools/share/ira_laser_tools/environment/ament_prefix_path.sh
[0.100s] -- Up-to-date: /home/pawan/yahboomcar_ws_test/M3Pro_ws/install/ira_laser_tools/share/ira_laser_tools/environment/ament_prefix_path.dsv
[0.100s] -- Up-to-date: /home/pawan/yahboomcar_ws_test/M3Pro_ws/install/ira_laser_tools/share/ira_laser_tools/environment/path.sh
[0.100s] -- Up-to-date: /home/pawan/yahboomcar_ws_test/M3Pro_ws/install/ira_laser_tools/share/ira_laser_tools/environment/path.dsv
[0.100s] -- Up-to-date: /home/pawan/yahboomcar_ws_test/M3Pro_ws/install/ira_laser_tools/share/ira_laser_tools/local_setup.bash
[0.100s] -- Up-to-date: /home/pawan/yahboomcar_ws_test/M3Pro_ws/install/ira_laser_tools/share/ira_laser_tools/local_setup.sh
[0.101s] -- Up-to-date: /home/pawan/yahboomcar_ws_test/M3Pro_ws/install/ira_laser_tools/share/ira_laser_tools/local_setup.zsh
[0.101s] -- Up-to-date: /home/pawan/yahboomcar_ws_test/M3Pro_ws/install/ira_laser_tools/share/ira_laser_tools/local_setup.dsv
[0.101s] -- Installing: /home/pawan/yahboomcar_ws_test/M3Pro_ws/install/ira_laser_tools/share/ira_laser_tools/package.dsv
[0.101s] -- Up-to-date: /home/pawan/yahboomcar_ws_test/M3Pro_ws/install/ira_laser_tools/share/ament_index/resource_index/packages/ira_laser_tools
[0.101s] -- Up-to-date: /home/pawan/yahboomcar_ws_test/M3Pro_ws/install/ira_laser_tools/share/ira_laser_tools/cmake/ament_cmake_export_dependencies-extras.cmake
[0.102s] -- Up-to-date: /home/pawan/yahboomcar_ws_test/M3Pro_ws/install/ira_laser_tools/share/ira_laser_tools/cmake/ira_laser_toolsConfig.cmake
[0.102s] -- Up-to-date: /home/pawan/yahboomcar_ws_test/M3Pro_ws/install/ira_laser_tools/share/ira_laser_tools/cmake/ira_laser_toolsConfig-version.cmake
[0.102s] -- Up-to-date: /home/pawan/yahboomcar_ws_test/M3Pro_ws/install/ira_laser_tools/share/ira_laser_tools/package.xml
[0.102s] Invoked command in '/home/pawan/yahboomcar_ws_test/M3Pro_ws/build/ira_laser_tools' returned '0': CMAKE_PREFIX_PATH=${CMAKE_PREFIX_PATH}:/opt/ros/humble /usr/bin/cmake --install /home/pawan/yahboomcar_ws_test/M3Pro_ws/build/ira_laser_tools
