[0.015s] Invoking command in '/home/pawan/yahboomcar_ws_test/digitaltwin_ws/build/slam_engine': CMAKE_PREFIX_PATH=/home/pawan/yahboomcar_ws_test/yahboomcar_ws/install/yahboom_M3Pro_description:/opt/ros/humble /usr/bin/cmake /home/pawan/yahboomcar_ws_test/digitaltwin_ws/src/slam/slam_engine -DCMAKE_INSTALL_PREFIX=/home/pawan/yahboomcar_ws_test/digitaltwin_ws/install/slam_engine
[0.181s] -- The C compiler identification is GNU 11.4.0
[0.181s] -- The CXX compiler identification is GNU 11.4.0
[0.181s] -- Detecting C compiler ABI info
[0.181s] -- Detecting C compiler ABI info - done
[0.185s] -- Check for working C compiler: /usr/bin/cc - skipped
[0.185s] -- Detecting C compile features
[0.186s] -- Detecting C compile features - done
[0.189s] -- Detecting CXX compiler ABI info
[0.251s] -- Detecting CXX compiler ABI info - done
[0.259s] -- Check for working CXX compiler: /usr/bin/c++ - skipped
[0.259s] -- Detecting CXX compile features
[0.259s] -- Detecting CXX compile features - done
[0.261s] -- Found ament_cmake: 1.3.14 (/opt/ros/humble/share/ament_cmake/cmake)
[0.375s] -- Found Python3: /usr/bin/python3 (found version "3.10.12") found components: Interpreter 
[0.461s] -- Found ament_lint_auto: 0.12.15 (/opt/ros/humble/share/ament_lint_auto/cmake)
[0.522s] -- Added test 'flake8' to check Python code syntax and style conventions
[0.523s] -- Added test 'lint_cmake' to check CMake code style
[0.523s] -- Added test 'pep257' to check Python code against some of the docstring style conventions in PEP 257
[0.525s] -- Added test 'xmllint' to check XML markup files
[0.526s] -- Configuring done
[0.529s] -- Generating done
[0.531s] -- Build files have been written to: /home/pawan/yahboomcar_ws_test/digitaltwin_ws/build/slam_engine
[0.537s] Invoked command in '/home/pawan/yahboomcar_ws_test/digitaltwin_ws/build/slam_engine' returned '0': CMAKE_PREFIX_PATH=/home/pawan/yahboomcar_ws_test/yahboomcar_ws/install/yahboom_M3Pro_description:/opt/ros/humble /usr/bin/cmake /home/pawan/yahboomcar_ws_test/digitaltwin_ws/src/slam/slam_engine -DCMAKE_INSTALL_PREFIX=/home/pawan/yahboomcar_ws_test/digitaltwin_ws/install/slam_engine
[0.538s] Invoking command in '/home/pawan/yahboomcar_ws_test/digitaltwin_ws/build/slam_engine': CMAKE_PREFIX_PATH=/home/pawan/yahboomcar_ws_test/yahboomcar_ws/install/yahboom_M3Pro_description:/opt/ros/humble /usr/bin/cmake --build /home/pawan/yahboomcar_ws_test/digitaltwin_ws/build/slam_engine -- -j20 -l20
[0.581s] Invoked command in '/home/pawan/yahboomcar_ws_test/digitaltwin_ws/build/slam_engine' returned '0': CMAKE_PREFIX_PATH=/home/pawan/yahboomcar_ws_test/yahboomcar_ws/install/yahboom_M3Pro_description:/opt/ros/humble /usr/bin/cmake --build /home/pawan/yahboomcar_ws_test/digitaltwin_ws/build/slam_engine -- -j20 -l20
[0.582s] Invoking command in '/home/pawan/yahboomcar_ws_test/digitaltwin_ws/build/slam_engine': CMAKE_PREFIX_PATH=/home/pawan/yahboomcar_ws_test/yahboomcar_ws/install/yahboom_M3Pro_description:/opt/ros/humble /usr/bin/cmake --install /home/pawan/yahboomcar_ws_test/digitaltwin_ws/build/slam_engine
[0.591s] -- Install configuration: ""
[0.591s] -- Installing: /home/pawan/yahboomcar_ws_test/digitaltwin_ws/install/slam_engine/share/slam_engine/launch
[0.591s] -- Installing: /home/pawan/yahboomcar_ws_test/digitaltwin_ws/install/slam_engine/share/slam_engine/launch/online_async_launch.py
[0.591s] -- Installing: /home/pawan/yahboomcar_ws_test/digitaltwin_ws/install/slam_engine/share/slam_engine/launch/.ipynb_checkpoints
[0.592s] -- Installing: /home/pawan/yahboomcar_ws_test/digitaltwin_ws/install/slam_engine/share/slam_engine/launch/.ipynb_checkpoints/save_map.launch-checkpoint.py
[0.592s] -- Installing: /home/pawan/yahboomcar_ws_test/digitaltwin_ws/install/slam_engine/share/slam_engine/launch/slam_view.launch.py
[0.592s] -- Installing: /home/pawan/yahboomcar_ws_test/digitaltwin_ws/install/slam_engine/share/slam_engine/launch/slam_toolbox.launch.py
[0.592s] -- Installing: /home/pawan/yahboomcar_ws_test/digitaltwin_ws/install/slam_engine/share/slam_engine/launch/save_map.launch.py
[0.592s] -- Installing: /home/pawan/yahboomcar_ws_test/digitaltwin_ws/install/slam_engine/share/slam_engine/config
[0.592s] -- Installing: /home/pawan/yahboomcar_ws_test/digitaltwin_ws/install/slam_engine/share/slam_engine/config/mapper_params_online_async.yaml
[0.592s] -- Installing: /home/pawan/yahboomcar_ws_test/digitaltwin_ws/install/slam_engine/share/slam_engine/rviz
[0.592s] -- Installing: /home/pawan/yahboomcar_ws_test/digitaltwin_ws/install/slam_engine/share/slam_engine/rviz/rvizconfig2.rviz
[0.592s] -- Installing: /home/pawan/yahboomcar_ws_test/digitaltwin_ws/install/slam_engine/share/slam_engine/rviz/slam_rviz.rviz
[0.592s] -- Installing: /home/pawan/yahboomcar_ws_test/digitaltwin_ws/install/slam_engine/share/slam_engine/rviz/rvizconfig1.rviz
[0.593s] -- Installing: /home/pawan/yahboomcar_ws_test/digitaltwin_ws/install/slam_engine/share/ament_index/resource_index/package_run_dependencies/slam_engine
[0.593s] -- Installing: /home/pawan/yahboomcar_ws_test/digitaltwin_ws/install/slam_engine/share/ament_index/resource_index/parent_prefix_path/slam_engine
[0.593s] -- Installing: /home/pawan/yahboomcar_ws_test/digitaltwin_ws/install/slam_engine/share/slam_engine/environment/ament_prefix_path.sh
[0.593s] -- Installing: /home/pawan/yahboomcar_ws_test/digitaltwin_ws/install/slam_engine/share/slam_engine/environment/ament_prefix_path.dsv
[0.593s] -- Installing: /home/pawan/yahboomcar_ws_test/digitaltwin_ws/install/slam_engine/share/slam_engine/environment/path.sh
[0.593s] -- Installing: /home/pawan/yahboomcar_ws_test/digitaltwin_ws/install/slam_engine/share/slam_engine/environment/path.dsv
[0.593s] -- Installing: /home/pawan/yahboomcar_ws_test/digitaltwin_ws/install/slam_engine/share/slam_engine/local_setup.bash
[0.593s] -- Installing: /home/pawan/yahboomcar_ws_test/digitaltwin_ws/install/slam_engine/share/slam_engine/local_setup.sh
[0.593s] -- Installing: /home/pawan/yahboomcar_ws_test/digitaltwin_ws/install/slam_engine/share/slam_engine/local_setup.zsh
[0.593s] -- Installing: /home/pawan/yahboomcar_ws_test/digitaltwin_ws/install/slam_engine/share/slam_engine/local_setup.dsv
[0.593s] -- Installing: /home/pawan/yahboomcar_ws_test/digitaltwin_ws/install/slam_engine/share/slam_engine/package.dsv
[0.593s] -- Installing: /home/pawan/yahboomcar_ws_test/digitaltwin_ws/install/slam_engine/share/ament_index/resource_index/packages/slam_engine
[0.593s] -- Installing: /home/pawan/yahboomcar_ws_test/digitaltwin_ws/install/slam_engine/share/slam_engine/cmake/slam_engineConfig.cmake
[0.593s] -- Installing: /home/pawan/yahboomcar_ws_test/digitaltwin_ws/install/slam_engine/share/slam_engine/cmake/slam_engineConfig-version.cmake
[0.593s] -- Installing: /home/pawan/yahboomcar_ws_test/digitaltwin_ws/install/slam_engine/share/slam_engine/package.xml
[0.621s] Invoked command in '/home/pawan/yahboomcar_ws_test/digitaltwin_ws/build/slam_engine' returned '0': CMAKE_PREFIX_PATH=/home/pawan/yahboomcar_ws_test/yahboomcar_ws/install/yahboom_M3Pro_description:/opt/ros/humble /usr/bin/cmake --install /home/pawan/yahboomcar_ws_test/digitaltwin_ws/build/slam_engine
