[1.473s] Invoking command in '/home/pawan/yahboomcar_ws_test/M3Pro_ws/build/updatecostmap': CMAKE_PREFIX_PATH=${CMAKE_PREFIX_PATH}:/home/pawan/yahboomcar_ws_test/yahboomcar_ws/install/yahboom_M3Pro_description:/opt/ros/humble /usr/bin/cmake /home/pawan/yahboomcar_ws_test/M3Pro_ws/src/updatecostmap -DCMAKE_INSTALL_PREFIX=/home/pawan/yahboomcar_ws_test/M3Pro_ws/install/updatecostmap
[1.654s] -- The C compiler identification is GNU 11.4.0
[1.654s] -- The CXX compiler identification is GNU 11.4.0
[1.654s] -- Detecting C compiler ABI info
[1.654s] -- Detecting C compiler ABI info - done
[1.654s] -- Check for working C compiler: /usr/bin/cc - skipped
[1.654s] -- Detecting C compile features
[1.654s] -- Detecting C compile features - done
[1.654s] -- Detecting CXX compiler ABI info
[1.713s] -- Detecting CXX compiler ABI info - done
[1.724s] -- Check for working CXX compiler: /usr/bin/c++ - skipped
[1.724s] -- Detecting CXX compile features
[1.725s] -- Detecting CXX compile features - done
[1.728s] -- Found ament_cmake: 1.3.14 (/opt/ros/humble/share/ament_cmake/cmake)
[1.932s] -- Found Python3: /usr/bin/python3 (found version "3.10.12") found components: Interpreter 
[2.075s] -- Found rclcpp: 16.0.19 (/opt/ros/humble/share/rclcpp/cmake)
[2.142s] -- Found rosidl_generator_c: 3.1.8 (/opt/ros/humble/share/rosidl_generator_c/cmake)
[2.148s] -- Found rosidl_adapter: 3.1.8 (/opt/ros/humble/share/rosidl_adapter/cmake)
[2.155s] -- Found rosidl_generator_cpp: 3.1.8 (/opt/ros/humble/share/rosidl_generator_cpp/cmake)
[2.164s] -- Using all available rosidl_typesupport_c: rosidl_typesupport_fastrtps_c;rosidl_typesupport_introspection_c
[2.176s] -- Using all available rosidl_typesupport_cpp: rosidl_typesupport_fastrtps_cpp;rosidl_typesupport_introspection_cpp
[2.207s] -- Found rmw_implementation_cmake: 6.1.2 (/opt/ros/humble/share/rmw_implementation_cmake/cmake)
[2.209s] -- Found rmw_fastrtps_cpp: 6.2.10 (/opt/ros/humble/share/rmw_fastrtps_cpp/cmake)
[2.274s] -- Found OpenSSL: /usr/lib/x86_64-linux-gnu/libcrypto.so (found version "3.0.2")  
[2.295s] -- Found FastRTPS: /opt/ros/humble/include  
[2.339s] -- Using RMW implementation 'rmw_fastrtps_cpp' as default
[2.349s] -- Looking for pthread.h
[2.418s] -- Looking for pthread.h - found
[2.418s] -- Performing Test CMAKE_HAVE_LIBC_PTHREAD
[2.487s] -- Performing Test CMAKE_HAVE_LIBC_PTHREAD - Success
[2.488s] -- Found Threads: TRUE  
[2.545s] -- Found nav2_msgs: 1.1.20 (/opt/ros/humble/share/nav2_msgs/cmake)
[2.642s] -- Found ament_lint_auto: 0.12.15 (/opt/ros/humble/share/ament_lint_auto/cmake)
[2.739s] -- Added test 'cppcheck' to perform static code analysis on C / C++ code
[2.739s] -- Configured cppcheck include dirs: 
[2.739s] -- Configured cppcheck exclude dirs and/or files: 
[2.740s] -- Added test 'lint_cmake' to check CMake code style
[2.740s] -- Added test 'uncrustify' to check C / C++ code style
[2.741s] -- Configured uncrustify additional arguments: 
[2.741s] -- Added test 'xmllint' to check XML markup files
[2.742s] -- Configuring done
[2.754s] -- Generating done
[2.759s] -- Build files have been written to: /home/pawan/yahboomcar_ws_test/M3Pro_ws/build/updatecostmap
