[0.025s] Invoking command in '/home/pawan/yahboomcar_ws_test/digitaltwin_ws/build/M3Pro_navigation': CMAKE_PREFIX_PATH=${CMAKE_PREFIX_PATH}:/home/pawan/yahboomcar_ws_test/digitaltwin_ws/install/yahboom_M3Pro_description:/home/pawan/yahboomcar_ws_test/digitaltwin_ws/install/sim_audio:/home/pawan/WISES_Robot/digitaltwin_ws/install/yahboom_M3Pro_description:/home/pawan/WISES_Robot/digitaltwin_ws/install/sim_audio:/opt/ros/jazzy DEBUGINFOD_URLS=https://debuginfod.ubuntu.com /usr/bin/cmake /home/pawan/yahboomcar_ws_test/digitaltwin_ws/src/M3Pro_navigation -DAMENT_CMAKE_SYMLINK_INSTALL=1 -DCMAKE_INSTALL_PREFIX=/home/pawan/yahboomcar_ws_test/digitaltwin_ws/install/M3Pro_navigation
[0.353s] -- The C compiler identification is GNU 13.3.0
[0.353s] -- The CXX compiler identification is GNU 13.3.0
[0.353s] -- Detecting C compiler ABI info
[0.353s] -- Detecting C compiler ABI info - done
[0.353s] -- Check for working C compiler: /usr/bin/cc - skipped
[0.353s] -- Detecting C compile features
[0.353s] -- Detecting C compile features - done
[0.353s] -- Detecting CXX compiler ABI info
[0.353s] -- Detecting CXX compiler ABI info - done
[0.353s] -- Check for working CXX compiler: /usr/bin/c++ - skipped
[0.353s] -- Detecting CXX compile features
[0.353s] -- Detecting CXX compile features - done
[0.353s] -- Found ament_cmake: 2.5.6 (/opt/ros/jazzy/share/ament_cmake/cmake)
[0.475s] -- Found Python3: /usr/bin/python3 (found version "3.12.3") found components: Interpreter 
[0.564s] -- Override CMake install command with custom implementation using symlinks instead of copying resources
[0.675s] WARNING: Package name "M3Pro_navigation" does not follow the naming conventions. It should start with a lower case letter and only contain lower case letters, digits, underscores, and dashes.
[0.695s] -- Configuring done (0.7s)
[0.698s] -- Generating done (0.0s)
[0.700s] -- Build files have been written to: /home/pawan/yahboomcar_ws_test/digitaltwin_ws/build/M3Pro_navigation
[0.705s] Invoked command in '/home/pawan/yahboomcar_ws_test/digitaltwin_ws/build/M3Pro_navigation' returned '0': CMAKE_PREFIX_PATH=${CMAKE_PREFIX_PATH}:/home/pawan/yahboomcar_ws_test/digitaltwin_ws/install/yahboom_M3Pro_description:/home/pawan/yahboomcar_ws_test/digitaltwin_ws/install/sim_audio:/home/pawan/WISES_Robot/digitaltwin_ws/install/yahboom_M3Pro_description:/home/pawan/WISES_Robot/digitaltwin_ws/install/sim_audio:/opt/ros/jazzy DEBUGINFOD_URLS=https://debuginfod.ubuntu.com /usr/bin/cmake /home/pawan/yahboomcar_ws_test/digitaltwin_ws/src/M3Pro_navigation -DAMENT_CMAKE_SYMLINK_INSTALL=1 -DCMAKE_INSTALL_PREFIX=/home/pawan/yahboomcar_ws_test/digitaltwin_ws/install/M3Pro_navigation
[0.706s] Invoking command in '/home/pawan/yahboomcar_ws_test/digitaltwin_ws/build/M3Pro_navigation': CMAKE_PREFIX_PATH=${CMAKE_PREFIX_PATH}:/home/pawan/yahboomcar_ws_test/digitaltwin_ws/install/yahboom_M3Pro_description:/home/pawan/yahboomcar_ws_test/digitaltwin_ws/install/sim_audio:/home/pawan/WISES_Robot/digitaltwin_ws/install/yahboom_M3Pro_description:/home/pawan/WISES_Robot/digitaltwin_ws/install/sim_audio:/opt/ros/jazzy DEBUGINFOD_URLS=https://debuginfod.ubuntu.com /usr/bin/cmake --build /home/pawan/yahboomcar_ws_test/digitaltwin_ws/build/M3Pro_navigation -- -j20 -l20
[0.743s] Invoked command in '/home/pawan/yahboomcar_ws_test/digitaltwin_ws/build/M3Pro_navigation' returned '0': CMAKE_PREFIX_PATH=${CMAKE_PREFIX_PATH}:/home/pawan/yahboomcar_ws_test/digitaltwin_ws/install/yahboom_M3Pro_description:/home/pawan/yahboomcar_ws_test/digitaltwin_ws/install/sim_audio:/home/pawan/WISES_Robot/digitaltwin_ws/install/yahboom_M3Pro_description:/home/pawan/WISES_Robot/digitaltwin_ws/install/sim_audio:/opt/ros/jazzy DEBUGINFOD_URLS=https://debuginfod.ubuntu.com /usr/bin/cmake --build /home/pawan/yahboomcar_ws_test/digitaltwin_ws/build/M3Pro_navigation -- -j20 -l20
[0.753s] Invoking command in '/home/pawan/yahboomcar_ws_test/digitaltwin_ws/build/M3Pro_navigation': CMAKE_PREFIX_PATH=${CMAKE_PREFIX_PATH}:/home/pawan/yahboomcar_ws_test/digitaltwin_ws/install/yahboom_M3Pro_description:/home/pawan/yahboomcar_ws_test/digitaltwin_ws/install/sim_audio:/home/pawan/WISES_Robot/digitaltwin_ws/install/yahboom_M3Pro_description:/home/pawan/WISES_Robot/digitaltwin_ws/install/sim_audio:/opt/ros/jazzy DEBUGINFOD_URLS=https://debuginfod.ubuntu.com /usr/bin/cmake --install /home/pawan/yahboomcar_ws_test/digitaltwin_ws/build/M3Pro_navigation
[0.762s] -- Install configuration: ""
[0.762s] -- Execute custom install script
[0.763s] -- Symlinking: /home/pawan/yahboomcar_ws_test/digitaltwin_ws/install/M3Pro_navigation/share/M3Pro_navigation/launch/.ipynb_checkpoints/base_bringup.launch-checkpoint.py
[0.771s] -- Symlinking: /home/pawan/yahboomcar_ws_test/digitaltwin_ws/install/M3Pro_navigation/share/M3Pro_navigation/launch/.ipynb_checkpoints/carto_nav.launch-checkpoint.py
[0.780s] -- Symlinking: /home/pawan/yahboomcar_ws_test/digitaltwin_ws/install/M3Pro_navigation/share/M3Pro_navigation/launch/.ipynb_checkpoints/cartographer_localization_launch-checkpoint.py
[0.785s] -- Symlinking: /home/pawan/yahboomcar_ws_test/digitaltwin_ws/install/M3Pro_navigation/share/M3Pro_navigation/launch/.ipynb_checkpoints/localization_imu_odom.launch-checkpoint.py
[0.794s] -- Symlinking: /home/pawan/yahboomcar_ws_test/digitaltwin_ws/install/M3Pro_navigation/share/M3Pro_navigation/launch/localization_bringup_launch.py
[0.802s] -- Symlinking: /home/pawan/yahboomcar_ws_test/digitaltwin_ws/install/M3Pro_navigation/share/M3Pro_navigation/launch/mapping_bringup_launch.py
[0.808s] -- Symlinking: /home/pawan/yahboomcar_ws_test/digitaltwin_ws/install/M3Pro_navigation/share/M3Pro_navigation/param/yahboom_M3Pro.yaml
[0.817s] -- Symlinking: /home/pawan/yahboomcar_ws_test/digitaltwin_ws/install/M3Pro_navigation/share/ament_index/resource_index/package_run_dependencies/M3Pro_navigation
[0.824s] -- Symlinking: /home/pawan/yahboomcar_ws_test/digitaltwin_ws/install/M3Pro_navigation/share/ament_index/resource_index/parent_prefix_path/M3Pro_navigation
[0.833s] -- Symlinking: /home/pawan/yahboomcar_ws_test/digitaltwin_ws/install/M3Pro_navigation/share/M3Pro_navigation/environment/ament_prefix_path.sh
[0.842s] -- Symlinking: /home/pawan/yahboomcar_ws_test/digitaltwin_ws/install/M3Pro_navigation/share/M3Pro_navigation/environment/ament_prefix_path.dsv
[0.850s] -- Symlinking: /home/pawan/yahboomcar_ws_test/digitaltwin_ws/install/M3Pro_navigation/share/M3Pro_navigation/environment/path.sh
[0.857s] -- Symlinking: /home/pawan/yahboomcar_ws_test/digitaltwin_ws/install/M3Pro_navigation/share/M3Pro_navigation/environment/path.dsv
[0.862s] -- Symlinking: /home/pawan/yahboomcar_ws_test/digitaltwin_ws/install/M3Pro_navigation/share/M3Pro_navigation/local_setup.bash
[0.870s] -- Symlinking: /home/pawan/yahboomcar_ws_test/digitaltwin_ws/install/M3Pro_navigation/share/M3Pro_navigation/local_setup.sh
[0.877s] -- Symlinking: /home/pawan/yahboomcar_ws_test/digitaltwin_ws/install/M3Pro_navigation/share/M3Pro_navigation/local_setup.zsh
[0.884s] -- Symlinking: /home/pawan/yahboomcar_ws_test/digitaltwin_ws/install/M3Pro_navigation/share/M3Pro_navigation/local_setup.dsv
[0.889s] -- Symlinking: /home/pawan/yahboomcar_ws_test/digitaltwin_ws/install/M3Pro_navigation/share/M3Pro_navigation/package.dsv
[0.896s] -- Symlinking: /home/pawan/yahboomcar_ws_test/digitaltwin_ws/install/M3Pro_navigation/share/ament_index/resource_index/packages/M3Pro_navigation
[0.905s] -- Symlinking: /home/pawan/yahboomcar_ws_test/digitaltwin_ws/install/M3Pro_navigation/share/M3Pro_navigation/cmake/M3Pro_navigationConfig.cmake
[0.915s] -- Symlinking: /home/pawan/yahboomcar_ws_test/digitaltwin_ws/install/M3Pro_navigation/share/M3Pro_navigation/cmake/M3Pro_navigationConfig-version.cmake
[0.921s] -- Symlinking: /home/pawan/yahboomcar_ws_test/digitaltwin_ws/install/M3Pro_navigation/share/M3Pro_navigation/package.xml
[0.935s] Invoked command in '/home/pawan/yahboomcar_ws_test/digitaltwin_ws/build/M3Pro_navigation' returned '0': CMAKE_PREFIX_PATH=${CMAKE_PREFIX_PATH}:/home/pawan/yahboomcar_ws_test/digitaltwin_ws/install/yahboom_M3Pro_description:/home/pawan/yahboomcar_ws_test/digitaltwin_ws/install/sim_audio:/home/pawan/WISES_Robot/digitaltwin_ws/install/yahboom_M3Pro_description:/home/pawan/WISES_Robot/digitaltwin_ws/install/sim_audio:/opt/ros/jazzy DEBUGINFOD_URLS=https://debuginfod.ubuntu.com /usr/bin/cmake --install /home/pawan/yahboomcar_ws_test/digitaltwin_ws/build/M3Pro_navigation
