[0.006s] Invoking command in '/home/pawan/yahboomcar_ws_test/M3Pro_ws/build/M3Pro': CMAKE_PREFIX_PATH=${CMAKE_PREFIX_PATH}:/opt/ros/humble /usr/bin/cmake /home/pawan/yahboomcar_ws_test/M3Pro_ws/src/M3Pro -DCMAKE_INSTALL_PREFIX=/home/pawan/yahboomcar_ws_test/M3Pro_ws/install/M3Pro
[0.121s] -- The C compiler identification is GNU 11.4.0
[0.196s] -- The CXX compiler identification is GNU 11.4.0
[0.203s] -- Detecting C compiler ABI info
[0.282s] -- Detecting C compiler ABI info - done
[0.292s] -- Check for working C compiler: /usr/bin/cc - skipped
[0.294s] -- Detecting C compile features
[0.294s] -- Detecting C compile features - done
[0.299s] -- Detecting CXX compiler ABI info
[0.388s] -- Detecting CXX compiler ABI info - done
[0.394s] -- Check for working CXX compiler: /usr/bin/c++ - skipped
[0.394s] -- Detecting CXX compile features
[0.394s] -- Detecting CXX compile features - done
[0.399s] -- Found ament_cmake: 1.3.14 (/opt/ros/humble/share/ament_cmake/cmake)
[0.523s] -- Found Python3: /usr/bin/python3 (found version "3.10.12") found components: Interpreter 
[0.641s] WARNING: Package name "M3Pro" does not follow the naming conventions. It should start with a lower case letter and only contain lower case letters, digits, underscores, and dashes.
[0.651s] -- Configuring done
[0.652s] -- Generating done
[0.653s] -- Build files have been written to: /home/pawan/yahboomcar_ws_test/M3Pro_ws/build/M3Pro
[0.657s] Invoked command in '/home/pawan/yahboomcar_ws_test/M3Pro_ws/build/M3Pro' returned '0': CMAKE_PREFIX_PATH=${CMAKE_PREFIX_PATH}:/opt/ros/humble /usr/bin/cmake /home/pawan/yahboomcar_ws_test/M3Pro_ws/src/M3Pro -DCMAKE_INSTALL_PREFIX=/home/pawan/yahboomcar_ws_test/M3Pro_ws/install/M3Pro
[0.657s] Invoking command in '/home/pawan/yahboomcar_ws_test/M3Pro_ws/build/M3Pro': CMAKE_PREFIX_PATH=${CMAKE_PREFIX_PATH}:/opt/ros/humble /usr/bin/cmake --build /home/pawan/yahboomcar_ws_test/M3Pro_ws/build/M3Pro -- -j20 -l20
[0.690s] Invoked command in '/home/pawan/yahboomcar_ws_test/M3Pro_ws/build/M3Pro' returned '0': CMAKE_PREFIX_PATH=${CMAKE_PREFIX_PATH}:/opt/ros/humble /usr/bin/cmake --build /home/pawan/yahboomcar_ws_test/M3Pro_ws/build/M3Pro -- -j20 -l20
[0.700s] Invoking command in '/home/pawan/yahboomcar_ws_test/M3Pro_ws/build/M3Pro': CMAKE_PREFIX_PATH=${CMAKE_PREFIX_PATH}:/opt/ros/humble /usr/bin/cmake --install /home/pawan/yahboomcar_ws_test/M3Pro_ws/build/M3Pro
[0.707s] -- Install configuration: ""
[0.707s] -- Installing: /home/pawan/yahboomcar_ws_test/M3Pro_ws/install/M3Pro/share/M3Pro/launch
[0.708s] -- Installing: /home/pawan/yahboomcar_ws_test/M3Pro_ws/install/M3Pro/share/M3Pro/launch/display_robot1.launch.py
[0.708s] -- Installing: /home/pawan/yahboomcar_ws_test/M3Pro_ws/install/M3Pro/share/M3Pro/launch/display.launch.py
[0.708s] -- Installing: /home/pawan/yahboomcar_ws_test/M3Pro_ws/install/M3Pro/share/M3Pro/launch/display_robot2.launch.py
[0.708s] -- Installing: /home/pawan/yahboomcar_ws_test/M3Pro_ws/install/M3Pro/share/M3Pro/launch/gazebo.launch.py
[0.708s] -- Installing: /home/pawan/yahboomcar_ws_test/M3Pro_ws/install/M3Pro/share/M3Pro/meshes
[0.708s] -- Installing: /home/pawan/yahboomcar_ws_test/M3Pro_ws/install/M3Pro/share/M3Pro/meshes/llink1.STL
[0.711s] -- Installing: /home/pawan/yahboomcar_ws_test/M3Pro_ws/install/M3Pro/share/M3Pro/meshes/Gripping.STL
[0.711s] -- Installing: /home/pawan/yahboomcar_ws_test/M3Pro_ws/install/M3Pro/share/M3Pro/meshes/rlink1.STL
[0.713s] -- Installing: /home/pawan/yahboomcar_ws_test/M3Pro_ws/install/M3Pro/share/M3Pro/meshes/llink3.STL
[0.715s] -- Installing: /home/pawan/yahboomcar_ws_test/M3Pro_ws/install/M3Pro/share/M3Pro/meshes/arm5.STL
[0.719s] -- Installing: /home/pawan/yahboomcar_ws_test/M3Pro_ws/install/M3Pro/share/M3Pro/meshes/arm3.STL
[0.723s] -- Installing: /home/pawan/yahboomcar_ws_test/M3Pro_ws/install/M3Pro/share/M3Pro/meshes/lwheel2.STL
[0.726s] -- Installing: /home/pawan/yahboomcar_ws_test/M3Pro_ws/install/M3Pro/share/M3Pro/meshes/rwheel2.STL
[0.729s] -- Installing: /home/pawan/yahboomcar_ws_test/M3Pro_ws/install/M3Pro/share/M3Pro/meshes/rlink3.STL
[0.730s] -- Installing: /home/pawan/yahboomcar_ws_test/M3Pro_ws/install/M3Pro/share/M3Pro/meshes/DCW2.STL
[0.731s] -- Installing: /home/pawan/yahboomcar_ws_test/M3Pro_ws/install/M3Pro/share/M3Pro/meshes/lwheel1.STL
[0.734s] -- Installing: /home/pawan/yahboomcar_ws_test/M3Pro_ws/install/M3Pro/share/M3Pro/meshes/arm4.STL
[0.736s] -- Installing: /home/pawan/yahboomcar_ws_test/M3Pro_ws/install/M3Pro/share/M3Pro/meshes/arm2.STL
[0.740s] -- Installing: /home/pawan/yahboomcar_ws_test/M3Pro_ws/install/M3Pro/share/M3Pro/meshes/rwheel1.STL
[0.742s] -- Installing: /home/pawan/yahboomcar_ws_test/M3Pro_ws/install/M3Pro/share/M3Pro/meshes/arm_base_Link.STL
[0.743s] -- Installing: /home/pawan/yahboomcar_ws_test/M3Pro_ws/install/M3Pro/share/M3Pro/meshes/Camera.STL
[0.743s] -- Installing: /home/pawan/yahboomcar_ws_test/M3Pro_ws/install/M3Pro/share/M3Pro/meshes/base_link.STL
[0.752s] -- Installing: /home/pawan/yahboomcar_ws_test/M3Pro_ws/install/M3Pro/share/M3Pro/meshes/llink2.STL
[0.753s] -- Installing: /home/pawan/yahboomcar_ws_test/M3Pro_ws/install/M3Pro/share/M3Pro/meshes/rlink2.STL
[0.753s] -- Installing: /home/pawan/yahboomcar_ws_test/M3Pro_ws/install/M3Pro/share/M3Pro/meshes/arm1.STL
[0.760s] -- Installing: /home/pawan/yahboomcar_ws_test/M3Pro_ws/install/M3Pro/share/M3Pro/config
[0.760s] -- Installing: /home/pawan/yahboomcar_ws_test/M3Pro_ws/install/M3Pro/share/M3Pro/config/.ipynb_checkpoints
[0.760s] -- Installing: /home/pawan/yahboomcar_ws_test/M3Pro_ws/install/M3Pro/share/M3Pro/config/.ipynb_checkpoints/joint_names_M3-checkpoint.yaml
[0.761s] -- Installing: /home/pawan/yahboomcar_ws_test/M3Pro_ws/install/M3Pro/share/M3Pro/config/joint_names_M3.yaml
[0.761s] -- Installing: /home/pawan/yahboomcar_ws_test/M3Pro_ws/install/M3Pro/share/M3Pro/urdf
[0.761s] -- Installing: /home/pawan/yahboomcar_ws_test/M3Pro_ws/install/M3Pro/share/M3Pro/urdf/M3Pro.urdf
[0.761s] -- Installing: /home/pawan/yahboomcar_ws_test/M3Pro_ws/install/M3Pro/share/M3Pro/urdf/M3Pro_robot1.urdf
[0.761s] -- Installing: /home/pawan/yahboomcar_ws_test/M3Pro_ws/install/M3Pro/share/M3Pro/urdf/M3Pro.gazebo.xacro
[0.761s] -- Installing: /home/pawan/yahboomcar_ws_test/M3Pro_ws/install/M3Pro/share/M3Pro/urdf/M3Pro_robot2.urdf
[0.761s] -- Installing: /home/pawan/yahboomcar_ws_test/M3Pro_ws/install/M3Pro/share/M3Pro/urdf/M3Pro.collision_fix.urdf
[0.761s] -- Installing: /home/pawan/yahboomcar_ws_test/M3Pro_ws/install/M3Pro/share/M3Pro/urdf/M3.csv
[0.762s] -- Installing: /home/pawan/yahboomcar_ws_test/M3Pro_ws/install/M3Pro/share/ament_index/resource_index/package_run_dependencies/M3Pro
[0.762s] -- Installing: /home/pawan/yahboomcar_ws_test/M3Pro_ws/install/M3Pro/share/ament_index/resource_index/parent_prefix_path/M3Pro
[0.762s] -- Installing: /home/pawan/yahboomcar_ws_test/M3Pro_ws/install/M3Pro/share/M3Pro/environment/ament_prefix_path.sh
[0.762s] -- Installing: /home/pawan/yahboomcar_ws_test/M3Pro_ws/install/M3Pro/share/M3Pro/environment/ament_prefix_path.dsv
[0.762s] -- Installing: /home/pawan/yahboomcar_ws_test/M3Pro_ws/install/M3Pro/share/M3Pro/environment/path.sh
[0.762s] -- Installing: /home/pawan/yahboomcar_ws_test/M3Pro_ws/install/M3Pro/share/M3Pro/environment/path.dsv
[0.762s] -- Installing: /home/pawan/yahboomcar_ws_test/M3Pro_ws/install/M3Pro/share/M3Pro/local_setup.bash
[0.762s] -- Installing: /home/pawan/yahboomcar_ws_test/M3Pro_ws/install/M3Pro/share/M3Pro/local_setup.sh
[0.762s] -- Installing: /home/pawan/yahboomcar_ws_test/M3Pro_ws/install/M3Pro/share/M3Pro/local_setup.zsh
[0.762s] -- Installing: /home/pawan/yahboomcar_ws_test/M3Pro_ws/install/M3Pro/share/M3Pro/local_setup.dsv
[0.762s] -- Installing: /home/pawan/yahboomcar_ws_test/M3Pro_ws/install/M3Pro/share/M3Pro/package.dsv
[0.762s] -- Installing: /home/pawan/yahboomcar_ws_test/M3Pro_ws/install/M3Pro/share/ament_index/resource_index/packages/M3Pro
[0.762s] -- Installing: /home/pawan/yahboomcar_ws_test/M3Pro_ws/install/M3Pro/share/M3Pro/cmake/M3ProConfig.cmake
[0.762s] -- Installing: /home/pawan/yahboomcar_ws_test/M3Pro_ws/install/M3Pro/share/M3Pro/cmake/M3ProConfig-version.cmake
[0.762s] -- Installing: /home/pawan/yahboomcar_ws_test/M3Pro_ws/install/M3Pro/share/M3Pro/package.xml
[0.764s] Invoked command in '/home/pawan/yahboomcar_ws_test/M3Pro_ws/build/M3Pro' returned '0': CMAKE_PREFIX_PATH=${CMAKE_PREFIX_PATH}:/opt/ros/humble /usr/bin/cmake --install /home/pawan/yahboomcar_ws_test/M3Pro_ws/build/M3Pro
