[0.071s] Invoking command in '/home/pawan/yahboomcar_ws_test/M3Pro_ws/build/rviz_imu_plugin': CMAKE_PREFIX_PATH=${CMAKE_PREFIX_PATH}:/home/pawan/yahboomcar_ws_test/yahboomcar_ws/install/yahboom_M3Pro_description:/opt/ros/humble /usr/bin/cmake /home/pawan/yahboomcar_ws_test/M3Pro_ws/src/M3Pro_core/imu_tools/rviz_imu_plugin -DCMAKE_INSTALL_PREFIX=/home/pawan/yahboomcar_ws_test/M3Pro_ws/install/rviz_imu_plugin
[1.702s] -- The C compiler identification is GNU 11.4.0
[1.702s] -- The CXX compiler identification is GNU 11.4.0
[1.702s] -- Detecting C compiler ABI info
[1.702s] -- Detecting C compiler ABI info - done
[1.702s] -- Check for working C compiler: /usr/bin/cc - skipped
[1.702s] -- Detecting C compile features
[1.702s] -- Detecting C compile features - done
[1.702s] -- Detecting CXX compiler ABI info
[1.702s] -- Detecting CXX compiler ABI info - done
[1.702s] -- Check for working CXX compiler: /usr/bin/c++ - skipped
[1.702s] -- Detecting CXX compile features
[1.702s] -- Detecting CXX compile features - done
[1.702s] -- Found ament_cmake: 1.3.14 (/opt/ros/humble/share/ament_cmake/cmake)
[1.702s] -- Found Python3: /usr/bin/python3 (found version "3.10.12") found components: Interpreter 
[1.702s] -- Found message_filters: 4.3.16 (/opt/ros/humble/share/message_filters/cmake)
[1.702s] -- Found rosidl_generator_c: 3.1.8 (/opt/ros/humble/share/rosidl_generator_c/cmake)
[1.702s] -- Found rosidl_adapter: 3.1.8 (/opt/ros/humble/share/rosidl_adapter/cmake)
[1.702s] -- Found rosidl_generator_cpp: 3.1.8 (/opt/ros/humble/share/rosidl_generator_cpp/cmake)
[1.702s] -- Using all available rosidl_typesupport_c: rosidl_typesupport_fastrtps_c;rosidl_typesupport_introspection_c
[1.702s] -- Using all available rosidl_typesupport_cpp: rosidl_typesupport_fastrtps_cpp;rosidl_typesupport_introspection_cpp
[1.702s] -- Found rmw_implementation_cmake: 6.1.2 (/opt/ros/humble/share/rmw_implementation_cmake/cmake)
[1.702s] -- Found rmw_fastrtps_cpp: 6.2.10 (/opt/ros/humble/share/rmw_fastrtps_cpp/cmake)
[1.702s] -- Found OpenSSL: /usr/lib/x86_64-linux-gnu/libcrypto.so (found version "3.0.2")  
[1.702s] -- Found FastRTPS: /opt/ros/humble/include  
[1.703s] -- Using RMW implementation 'rmw_fastrtps_cpp' as default
[1.703s] -- Looking for pthread.h
[1.703s] -- Looking for pthread.h - found
[1.703s] -- Performing Test CMAKE_HAVE_LIBC_PTHREAD
[1.703s] -- Performing Test CMAKE_HAVE_LIBC_PTHREAD - Success
[1.703s] -- Found Threads: TRUE  
[1.703s] -- Found rviz_common: 11.2.26 (/opt/ros/humble/share/rviz_common/cmake)
[1.703s] -- Setting assimp_DIR to: '/opt/ros/humble/share/rviz_assimp_vendor/cmake/../../../opt/rviz_assimp_vendor/lib/cmake/assimp-4.1'
[1.703s] -- Setting OGRE_DIR to: '/opt/ros/humble/share/rviz_ogre_vendor/cmake/../../../opt/rviz_ogre_vendor/lib/OGRE/cmake'
[1.703s] -- Found OGRE
[1.703s] --   static     : OFF
[1.703s] --   components : HLMS;MeshLodGenerator;Overlay;Paging;Property;RTShaderSystem;Terrain;Volume
[1.703s] --   plugins    : Plugin_BSPSceneManager;Plugin_OctreeSceneManager;Plugin_PCZSceneManager;Plugin_ParticleFX;RenderSystem_GL;RenderSystem_GL3Plus;Codec_STBI
[1.703s] --   media      : /opt/ros/humble/opt/rviz_ogre_vendor/share/OGRE/Media
[1.703s] -- OGRE_LIBRARIES: OgreHLMS;OgreMeshLodGenerator;OgreOverlay;OgrePaging;OgreProperty;OgreRTShaderSystem;OgreTerrain;OgreVolume;OgreMain
[1.703s] -- OGRE_LIBRARY_DIRS: /opt/ros/humble/opt/rviz_ogre_vendor/lib
[1.703s] -- OGRE_PLUGINS: Plugin_BSPSceneManager;Plugin_OctreeSceneManager;Plugin_PCZSceneManager;Plugin_ParticleFX;RenderSystem_GL;RenderSystem_GL3Plus;Codec_STBI
[1.703s] -- OGRE_PLUGIN_DIR: /opt/ros/humble/opt/rviz_ogre_vendor/lib/OGRE
[1.703s] -- rviz_ogre_vendor::OgreOverlay for IMPORTED_LOCATION_RELEASE: /opt/ros/humble/opt/rviz_ogre_vendor/lib/libOgreOverlay.so
[1.703s] -- rviz_ogre_vendor::OgreOverlay for IMPORTED_LOCATION_DEBUG: /opt/ros/humble/opt/rviz_ogre_vendor/lib/libOgreOverlay.so
[1.703s] -- rviz_ogre_vendor::OgreMain for IMPORTED_LOCATION_RELEASE: /opt/ros/humble/opt/rviz_ogre_vendor/lib/libOgreMain.so
[1.703s] -- rviz_ogre_vendor::OgreMain for IMPORTED_LOCATION_DEBUG: /opt/ros/humble/opt/rviz_ogre_vendor/lib/libOgreMain.so
[1.703s] -- Found ZLIB: /usr/lib/x86_64-linux-gnu/libz.so (found version "1.2.11") 
[1.703s] -- Found OpenGL: /usr/lib/x86_64-linux-gnu/libOpenGL.so   
[1.703s] -- Found X11: /usr/include   
[1.703s] -- Looking for XOpenDisplay in /usr/lib/x86_64-linux-gnu/libX11.so;/usr/lib/x86_64-linux-gnu/libXext.so
[1.703s] -- Looking for XOpenDisplay in /usr/lib/x86_64-linux-gnu/libX11.so;/usr/lib/x86_64-linux-gnu/libXext.so - found
[1.703s] -- Looking for gethostbyname
[1.703s] -- Looking for gethostbyname - found
[1.704s] -- Looking for connect
[1.704s] -- Looking for connect - found
[1.704s] -- Looking for remove
[1.704s] -- Looking for remove - found
[1.704s] -- Looking for shmat
[1.704s] -- Looking for shmat - found
[1.704s] -- Looking for IceConnectionNumber in ICE
[1.704s] -- Looking for IceConnectionNumber in ICE - found
[1.704s] -- library: /usr/lib/x86_64-linux-gnu/libcurl.so
[1.704s] -- Found Eigen3: TRUE (found version "3.4.0") 
[1.704s] -- Ensuring Eigen3 include directory is part of orocos-kdl CMake target
[1.704s] -- Configuring done
[1.708s] -- Generating done
[1.711s] -- Build files have been written to: /home/pawan/yahboomcar_ws_test/M3Pro_ws/build/rviz_imu_plugin
[1.746s] Invoked command in '/home/pawan/yahboomcar_ws_test/M3Pro_ws/build/rviz_imu_plugin' returned '0': CMAKE_PREFIX_PATH=${CMAKE_PREFIX_PATH}:/home/pawan/yahboomcar_ws_test/yahboomcar_ws/install/yahboom_M3Pro_description:/opt/ros/humble /usr/bin/cmake /home/pawan/yahboomcar_ws_test/M3Pro_ws/src/M3Pro_core/imu_tools/rviz_imu_plugin -DCMAKE_INSTALL_PREFIX=/home/pawan/yahboomcar_ws_test/M3Pro_ws/install/rviz_imu_plugin
[1.747s] Invoking command in '/home/pawan/yahboomcar_ws_test/M3Pro_ws/build/rviz_imu_plugin': CMAKE_PREFIX_PATH=${CMAKE_PREFIX_PATH}:/home/pawan/yahboomcar_ws_test/yahboomcar_ws/install/yahboom_M3Pro_description:/opt/ros/humble /usr/bin/cmake --build /home/pawan/yahboomcar_ws_test/M3Pro_ws/build/rviz_imu_plugin -- -j20 -l20
[1.794s] [ 11%] [34m[1mAutomatic MOC for target rviz_imu_plugin[0m
[2.344s] [ 11%] Built target rviz_imu_plugin_autogen
[2.360s] [ 44%] [32mBuilding CXX object CMakeFiles/rviz_imu_plugin.dir/rviz_imu_plugin_autogen/mocs_compilation.cpp.o[0m
[2.360s] [ 44%] [32mBuilding CXX object CMakeFiles/rviz_imu_plugin.dir/src/imu_axes_visual.cpp.o[0m
[2.360s] [ 44%] [32mBuilding CXX object CMakeFiles/rviz_imu_plugin.dir/src/imu_display.cpp.o[0m
[2.362s] [ 55%] [32mBuilding CXX object CMakeFiles/rviz_imu_plugin.dir/src/imu_orientation_visual.cpp.o[0m
[2.362s] [ 66%] [32mBuilding CXX object CMakeFiles/rviz_imu_plugin.dir/src/mag_visual.cpp.o[0m
[2.362s] [ 77%] [32mBuilding CXX object CMakeFiles/rviz_imu_plugin.dir/src/mag_display.cpp.o[0m
[2.367s] [ 88%] [32mBuilding CXX object CMakeFiles/rviz_imu_plugin.dir/src/imu_acc_visual.cpp.o[0m
[12.463s] [100%] [32m[1mLinking CXX shared library librviz_imu_plugin.so[0m
[13.901s] [100%] Built target rviz_imu_plugin
