[0.093s] DEBUG:colcon:Command line arguments: ['/usr/bin/colcon', 'build', '--packages-select', 'yahboom_M3Pro_description']
[0.094s] DEBUG:colcon:Parsed command line arguments: Namespace(log_base=None, log_level=None, verb_name='build', build_base='build', install_base='install', merge_install=False, symlink_install=False, test_result_base=None, continue_on_error=False, executor='parallel', parallel_workers=20, event_handlers=None, ignore_user_meta=False, metas=['./colcon.meta'], base_paths=['.'], packages_ignore=None, packages_ignore_regex=None, paths=None, packages_up_to=None, packages_up_to_regex=None, packages_above=None, packages_above_and_dependencies=None, packages_above_depth=None, packages_select_by_dep=None, packages_skip_by_dep=None, packages_skip_up_to=None, packages_select_build_failed=False, packages_skip_build_finished=False, packages_select_test_failures=False, packages_skip_test_passed=False, packages_select=['yahboom_M3Pro_description'], packages_skip=None, packages_select_regex=None, packages_skip_regex=None, packages_start=None, packages_end=None, allow_overriding=[], cmake_args=None, cmake_target=None, cmake_target_skip_unavailable=False, cmake_clean_cache=False, cmake_clean_first=False, cmake_force_configure=False, ament_cmake_args=None, catkin_cmake_args=None, catkin_skip_building_tests=False, verb_parser=<colcon_defaults.argument_parser.defaults.DefaultArgumentsDecorator object at 0x74c52a46c700>, verb_extension=<colcon_core.verb.build.BuildVerb object at 0x74c52a579a80>, main=<bound method BuildVerb.main of <colcon_core.verb.build.BuildVerb object at 0x74c52a579a80>>)
[0.258s] Level 1:colcon.colcon_core.package_discovery:discover_packages(colcon_meta) check parameters
[0.258s] Level 1:colcon.colcon_core.package_discovery:discover_packages(recursive) check parameters
[0.258s] Level 1:colcon.colcon_core.package_discovery:discover_packages(ignore) check parameters
[0.258s] Level 1:colcon.colcon_core.package_discovery:discover_packages(path) check parameters
[0.258s] Level 1:colcon.colcon_core.package_discovery:discover_packages(colcon_meta) discover
[0.259s] Level 1:colcon.colcon_core.package_discovery:discover_packages(recursive) discover
[0.259s] INFO:colcon.colcon_core.package_discovery:Crawling recursively for packages in '/home/pawan/yahboomcar_ws_test'
[0.259s] Level 1:colcon.colcon_core.package_identification:_identify(.) by extensions ['ignore', 'ignore_ament_install']
[0.259s] Level 1:colcon.colcon_core.package_identification:_identify(.) by extension 'ignore'
[0.259s] Level 1:colcon.colcon_core.package_identification:_identify(.) by extension 'ignore_ament_install'
[0.259s] Level 1:colcon.colcon_core.package_identification:_identify(.) by extensions ['colcon_pkg']
[0.259s] Level 1:colcon.colcon_core.package_identification:_identify(.) by extension 'colcon_pkg'
[0.259s] Level 1:colcon.colcon_core.package_identification:_identify(.) by extensions ['colcon_meta']
[0.259s] Level 1:colcon.colcon_core.package_identification:_identify(.) by extension 'colcon_meta'
[0.259s] Level 1:colcon.colcon_core.package_identification:_identify(.) by extensions ['ros']
[0.259s] Level 1:colcon.colcon_core.package_identification:_identify(.) by extension 'ros'
[0.267s] Level 1:colcon.colcon_core.package_identification:_identify(.) by extensions ['cmake', 'python']
[0.267s] Level 1:colcon.colcon_core.package_identification:_identify(.) by extension 'cmake'
[0.267s] Level 1:colcon.colcon_core.package_identification:_identify(.) by extension 'python'
[0.267s] Level 1:colcon.colcon_core.package_identification:_identify(.) by extensions ['python_setup_py']
[0.267s] Level 1:colcon.colcon_core.package_identification:_identify(.) by extension 'python_setup_py'
[0.267s] Level 1:colcon.colcon_core.package_identification:_identify(Doc) by extensions ['ignore', 'ignore_ament_install']
[0.267s] Level 1:colcon.colcon_core.package_identification:_identify(Doc) by extension 'ignore'
[0.267s] Level 1:colcon.colcon_core.package_identification:_identify(Doc) by extension 'ignore_ament_install'
[0.267s] Level 1:colcon.colcon_core.package_identification:_identify(Doc) by extensions ['colcon_pkg']
[0.267s] Level 1:colcon.colcon_core.package_identification:_identify(Doc) by extension 'colcon_pkg'
[0.267s] Level 1:colcon.colcon_core.package_identification:_identify(Doc) by extensions ['colcon_meta']
[0.267s] Level 1:colcon.colcon_core.package_identification:_identify(Doc) by extension 'colcon_meta'
[0.267s] Level 1:colcon.colcon_core.package_identification:_identify(Doc) by extensions ['ros']
[0.268s] Level 1:colcon.colcon_core.package_identification:_identify(Doc) by extension 'ros'
[0.268s] Level 1:colcon.colcon_core.package_identification:_identify(Doc) by extensions ['cmake', 'python']
[0.268s] Level 1:colcon.colcon_core.package_identification:_identify(Doc) by extension 'cmake'
[0.268s] Level 1:colcon.colcon_core.package_identification:_identify(Doc) by extension 'python'
[0.268s] Level 1:colcon.colcon_core.package_identification:_identify(Doc) by extensions ['python_setup_py']
[0.268s] Level 1:colcon.colcon_core.package_identification:_identify(Doc) by extension 'python_setup_py'
[0.268s] Level 1:colcon.colcon_core.package_identification:_identify(Doc/Img) by extensions ['ignore', 'ignore_ament_install']
[0.268s] Level 1:colcon.colcon_core.package_identification:_identify(Doc/Img) by extension 'ignore'
[0.268s] Level 1:colcon.colcon_core.package_identification:_identify(Doc/Img) by extension 'ignore_ament_install'
[0.268s] Level 1:colcon.colcon_core.package_identification:_identify(Doc/Img) by extensions ['colcon_pkg']
[0.268s] Level 1:colcon.colcon_core.package_identification:_identify(Doc/Img) by extension 'colcon_pkg'
[0.268s] Level 1:colcon.colcon_core.package_identification:_identify(Doc/Img) by extensions ['colcon_meta']
[0.268s] Level 1:colcon.colcon_core.package_identification:_identify(Doc/Img) by extension 'colcon_meta'
[0.268s] Level 1:colcon.colcon_core.package_identification:_identify(Doc/Img) by extensions ['ros']
[0.268s] Level 1:colcon.colcon_core.package_identification:_identify(Doc/Img) by extension 'ros'
[0.268s] Level 1:colcon.colcon_core.package_identification:_identify(Doc/Img) by extensions ['cmake', 'python']
[0.268s] Level 1:colcon.colcon_core.package_identification:_identify(Doc/Img) by extension 'cmake'
[0.268s] Level 1:colcon.colcon_core.package_identification:_identify(Doc/Img) by extension 'python'
[0.268s] Level 1:colcon.colcon_core.package_identification:_identify(Doc/Img) by extensions ['python_setup_py']
[0.268s] Level 1:colcon.colcon_core.package_identification:_identify(Doc/Img) by extension 'python_setup_py'
[0.268s] Level 1:colcon.colcon_core.package_identification:_identify(M3Pro_ws) by extensions ['ignore', 'ignore_ament_install']
[0.268s] Level 1:colcon.colcon_core.package_identification:_identify(M3Pro_ws) by extension 'ignore'
[0.268s] Level 1:colcon.colcon_core.package_identification:_identify(M3Pro_ws) by extension 'ignore_ament_install'
[0.268s] Level 1:colcon.colcon_core.package_identification:_identify(M3Pro_ws) by extensions ['colcon_pkg']
[0.268s] Level 1:colcon.colcon_core.package_identification:_identify(M3Pro_ws) by extension 'colcon_pkg'
[0.268s] Level 1:colcon.colcon_core.package_identification:_identify(M3Pro_ws) by extensions ['colcon_meta']
[0.268s] Level 1:colcon.colcon_core.package_identification:_identify(M3Pro_ws) by extension 'colcon_meta'
[0.268s] Level 1:colcon.colcon_core.package_identification:_identify(M3Pro_ws) by extensions ['ros']
[0.268s] Level 1:colcon.colcon_core.package_identification:_identify(M3Pro_ws) by extension 'ros'
[0.268s] Level 1:colcon.colcon_core.package_identification:_identify(M3Pro_ws) by extensions ['cmake', 'python']
[0.268s] Level 1:colcon.colcon_core.package_identification:_identify(M3Pro_ws) by extension 'cmake'
[0.268s] Level 1:colcon.colcon_core.package_identification:_identify(M3Pro_ws) by extension 'python'
[0.268s] Level 1:colcon.colcon_core.package_identification:_identify(M3Pro_ws) by extensions ['python_setup_py']
[0.268s] Level 1:colcon.colcon_core.package_identification:_identify(M3Pro_ws) by extension 'python_setup_py'
[0.268s] Level 1:colcon.colcon_core.package_identification:_identify(M3Pro_ws/build) by extensions ['ignore', 'ignore_ament_install']
[0.268s] Level 1:colcon.colcon_core.package_identification:_identify(M3Pro_ws/build) by extension 'ignore'
[0.268s] Level 1:colcon.colcon_core.package_identification:_identify(M3Pro_ws/build) ignored
[0.269s] Level 1:colcon.colcon_core.package_identification:_identify(M3Pro_ws/install) by extensions ['ignore', 'ignore_ament_install']
[0.269s] Level 1:colcon.colcon_core.package_identification:_identify(M3Pro_ws/install) by extension 'ignore'
[0.269s] Level 1:colcon.colcon_core.package_identification:_identify(M3Pro_ws/install) ignored
[0.269s] Level 1:colcon.colcon_core.package_identification:_identify(M3Pro_ws/log) by extensions ['ignore', 'ignore_ament_install']
[0.269s] Level 1:colcon.colcon_core.package_identification:_identify(M3Pro_ws/log) by extension 'ignore'
[0.269s] Level 1:colcon.colcon_core.package_identification:_identify(M3Pro_ws/log) ignored
[0.269s] Level 1:colcon.colcon_core.package_identification:_identify(M3Pro_ws/src) by extensions ['ignore', 'ignore_ament_install']
[0.269s] Level 1:colcon.colcon_core.package_identification:_identify(M3Pro_ws/src) by extension 'ignore'
[0.269s] Level 1:colcon.colcon_core.package_identification:_identify(M3Pro_ws/src) by extension 'ignore_ament_install'
[0.269s] Level 1:colcon.colcon_core.package_identification:_identify(M3Pro_ws/src) by extensions ['colcon_pkg']
[0.269s] Level 1:colcon.colcon_core.package_identification:_identify(M3Pro_ws/src) by extension 'colcon_pkg'
[0.269s] Level 1:colcon.colcon_core.package_identification:_identify(M3Pro_ws/src) by extensions ['colcon_meta']
[0.269s] Level 1:colcon.colcon_core.package_identification:_identify(M3Pro_ws/src) by extension 'colcon_meta'
[0.269s] Level 1:colcon.colcon_core.package_identification:_identify(M3Pro_ws/src) by extensions ['ros']
[0.269s] Level 1:colcon.colcon_core.package_identification:_identify(M3Pro_ws/src) by extension 'ros'
[0.269s] Level 1:colcon.colcon_core.package_identification:_identify(M3Pro_ws/src) by extensions ['cmake', 'python']
[0.269s] Level 1:colcon.colcon_core.package_identification:_identify(M3Pro_ws/src) by extension 'cmake'
[0.269s] Level 1:colcon.colcon_core.package_identification:_identify(M3Pro_ws/src) by extension 'python'
[0.269s] Level 1:colcon.colcon_core.package_identification:_identify(M3Pro_ws/src) by extensions ['python_setup_py']
[0.269s] Level 1:colcon.colcon_core.package_identification:_identify(M3Pro_ws/src) by extension 'python_setup_py'
[0.269s] Level 1:colcon.colcon_core.package_identification:_identify(M3Pro_ws/src/M3Pro) by extensions ['ignore', 'ignore_ament_install']
[0.269s] Level 1:colcon.colcon_core.package_identification:_identify(M3Pro_ws/src/M3Pro) by extension 'ignore'
[0.269s] Level 1:colcon.colcon_core.package_identification:_identify(M3Pro_ws/src/M3Pro) by extension 'ignore_ament_install'
[0.269s] Level 1:colcon.colcon_core.package_identification:_identify(M3Pro_ws/src/M3Pro) by extensions ['colcon_pkg']
[0.269s] Level 1:colcon.colcon_core.package_identification:_identify(M3Pro_ws/src/M3Pro) by extension 'colcon_pkg'
[0.269s] Level 1:colcon.colcon_core.package_identification:_identify(M3Pro_ws/src/M3Pro) by extensions ['colcon_meta']
[0.269s] Level 1:colcon.colcon_core.package_identification:_identify(M3Pro_ws/src/M3Pro) by extension 'colcon_meta'
[0.269s] Level 1:colcon.colcon_core.package_identification:_identify(M3Pro_ws/src/M3Pro) by extensions ['ros']
[0.269s] Level 1:colcon.colcon_core.package_identification:_identify(M3Pro_ws/src/M3Pro) by extension 'ros'
[0.272s] DEBUG:colcon.colcon_core.package_identification:Package 'M3Pro_ws/src/M3Pro' with type 'ros.ament_cmake' and name 'M3Pro'
[0.272s] Level 1:colcon.colcon_core.package_identification:_identify(M3Pro_ws/src/M3Pro_KCF) by extensions ['ignore', 'ignore_ament_install']
[0.272s] Level 1:colcon.colcon_core.package_identification:_identify(M3Pro_ws/src/M3Pro_KCF) by extension 'ignore'
[0.272s] Level 1:colcon.colcon_core.package_identification:_identify(M3Pro_ws/src/M3Pro_KCF) by extension 'ignore_ament_install'
[0.272s] Level 1:colcon.colcon_core.package_identification:_identify(M3Pro_ws/src/M3Pro_KCF) by extensions ['colcon_pkg']
[0.272s] Level 1:colcon.colcon_core.package_identification:_identify(M3Pro_ws/src/M3Pro_KCF) by extension 'colcon_pkg'
[0.272s] Level 1:colcon.colcon_core.package_identification:_identify(M3Pro_ws/src/M3Pro_KCF) by extensions ['colcon_meta']
[0.272s] Level 1:colcon.colcon_core.package_identification:_identify(M3Pro_ws/src/M3Pro_KCF) by extension 'colcon_meta'
[0.272s] Level 1:colcon.colcon_core.package_identification:_identify(M3Pro_ws/src/M3Pro_KCF) by extensions ['ros']
[0.272s] Level 1:colcon.colcon_core.package_identification:_identify(M3Pro_ws/src/M3Pro_KCF) by extension 'ros'
[0.272s] DEBUG:colcon.colcon_core.package_identification:Package 'M3Pro_ws/src/M3Pro_KCF' with type 'ros.ament_cmake' and name 'M3Pro_KCF'
[0.273s] Level 1:colcon.colcon_core.package_identification:_identify(M3Pro_ws/src/M3Pro_core) by extensions ['ignore', 'ignore_ament_install']
[0.273s] Level 1:colcon.colcon_core.package_identification:_identify(M3Pro_ws/src/M3Pro_core) by extension 'ignore'
[0.273s] Level 1:colcon.colcon_core.package_identification:_identify(M3Pro_ws/src/M3Pro_core) by extension 'ignore_ament_install'
[0.273s] Level 1:colcon.colcon_core.package_identification:_identify(M3Pro_ws/src/M3Pro_core) by extensions ['colcon_pkg']
[0.273s] Level 1:colcon.colcon_core.package_identification:_identify(M3Pro_ws/src/M3Pro_core) by extension 'colcon_pkg'
[0.273s] Level 1:colcon.colcon_core.package_identification:_identify(M3Pro_ws/src/M3Pro_core) by extensions ['colcon_meta']
[0.273s] Level 1:colcon.colcon_core.package_identification:_identify(M3Pro_ws/src/M3Pro_core) by extension 'colcon_meta'
[0.273s] Level 1:colcon.colcon_core.package_identification:_identify(M3Pro_ws/src/M3Pro_core) by extensions ['ros']
[0.273s] Level 1:colcon.colcon_core.package_identification:_identify(M3Pro_ws/src/M3Pro_core) by extension 'ros'
[0.273s] Level 1:colcon.colcon_core.package_identification:_identify(M3Pro_ws/src/M3Pro_core) by extensions ['cmake', 'python']
[0.273s] Level 1:colcon.colcon_core.package_identification:_identify(M3Pro_ws/src/M3Pro_core) by extension 'cmake'
[0.273s] Level 1:colcon.colcon_core.package_identification:_identify(M3Pro_ws/src/M3Pro_core) by extension 'python'
[0.273s] Level 1:colcon.colcon_core.package_identification:_identify(M3Pro_ws/src/M3Pro_core) by extensions ['python_setup_py']
[0.273s] Level 1:colcon.colcon_core.package_identification:_identify(M3Pro_ws/src/M3Pro_core) by extension 'python_setup_py'
[0.273s] Level 1:colcon.colcon_core.package_identification:_identify(M3Pro_ws/src/M3Pro_core/imu_tools) by extensions ['ignore', 'ignore_ament_install']
[0.273s] Level 1:colcon.colcon_core.package_identification:_identify(M3Pro_ws/src/M3Pro_core/imu_tools) by extension 'ignore'
[0.273s] Level 1:colcon.colcon_core.package_identification:_identify(M3Pro_ws/src/M3Pro_core/imu_tools) by extension 'ignore_ament_install'
[0.273s] Level 1:colcon.colcon_core.package_identification:_identify(M3Pro_ws/src/M3Pro_core/imu_tools) by extensions ['colcon_pkg']
[0.273s] Level 1:colcon.colcon_core.package_identification:_identify(M3Pro_ws/src/M3Pro_core/imu_tools) by extension 'colcon_pkg'
[0.273s] Level 1:colcon.colcon_core.package_identification:_identify(M3Pro_ws/src/M3Pro_core/imu_tools) by extensions ['colcon_meta']
[0.273s] Level 1:colcon.colcon_core.package_identification:_identify(M3Pro_ws/src/M3Pro_core/imu_tools) by extension 'colcon_meta'
[0.273s] Level 1:colcon.colcon_core.package_identification:_identify(M3Pro_ws/src/M3Pro_core/imu_tools) by extensions ['ros']
[0.273s] Level 1:colcon.colcon_core.package_identification:_identify(M3Pro_ws/src/M3Pro_core/imu_tools) by extension 'ros'
[0.273s] Level 1:colcon.colcon_core.package_identification:_identify(M3Pro_ws/src/M3Pro_core/imu_tools) by extensions ['cmake', 'python']
[0.273s] Level 1:colcon.colcon_core.package_identification:_identify(M3Pro_ws/src/M3Pro_core/imu_tools) by extension 'cmake'
[0.273s] Level 1:colcon.colcon_core.package_identification:_identify(M3Pro_ws/src/M3Pro_core/imu_tools) by extension 'python'
[0.273s] Level 1:colcon.colcon_core.package_identification:_identify(M3Pro_ws/src/M3Pro_core/imu_tools) by extensions ['python_setup_py']
[0.273s] Level 1:colcon.colcon_core.package_identification:_identify(M3Pro_ws/src/M3Pro_core/imu_tools) by extension 'python_setup_py'
[0.273s] Level 1:colcon.colcon_core.package_identification:_identify(M3Pro_ws/src/M3Pro_core/imu_tools/imu_complementary_filter) by extensions ['ignore', 'ignore_ament_install']
[0.273s] Level 1:colcon.colcon_core.package_identification:_identify(M3Pro_ws/src/M3Pro_core/imu_tools/imu_complementary_filter) by extension 'ignore'
[0.273s] Level 1:colcon.colcon_core.package_identification:_identify(M3Pro_ws/src/M3Pro_core/imu_tools/imu_complementary_filter) by extension 'ignore_ament_install'
[0.273s] Level 1:colcon.colcon_core.package_identification:_identify(M3Pro_ws/src/M3Pro_core/imu_tools/imu_complementary_filter) by extensions ['colcon_pkg']
[0.273s] Level 1:colcon.colcon_core.package_identification:_identify(M3Pro_ws/src/M3Pro_core/imu_tools/imu_complementary_filter) by extension 'colcon_pkg'
[0.273s] Level 1:colcon.colcon_core.package_identification:_identify(M3Pro_ws/src/M3Pro_core/imu_tools/imu_complementary_filter) by extensions ['colcon_meta']
[0.274s] Level 1:colcon.colcon_core.package_identification:_identify(M3Pro_ws/src/M3Pro_core/imu_tools/imu_complementary_filter) by extension 'colcon_meta'
[0.274s] Level 1:colcon.colcon_core.package_identification:_identify(M3Pro_ws/src/M3Pro_core/imu_tools/imu_complementary_filter) by extensions ['ros']
[0.274s] Level 1:colcon.colcon_core.package_identification:_identify(M3Pro_ws/src/M3Pro_core/imu_tools/imu_complementary_filter) by extension 'ros'
[0.274s] DEBUG:colcon.colcon_core.package_identification:Package 'M3Pro_ws/src/M3Pro_core/imu_tools/imu_complementary_filter' with type 'ros.ament_cmake' and name 'imu_complementary_filter'
[0.274s] Level 1:colcon.colcon_core.package_identification:_identify(M3Pro_ws/src/M3Pro_core/imu_tools/imu_filter_madgwick) by extensions ['ignore', 'ignore_ament_install']
[0.274s] Level 1:colcon.colcon_core.package_identification:_identify(M3Pro_ws/src/M3Pro_core/imu_tools/imu_filter_madgwick) by extension 'ignore'
[0.275s] Level 1:colcon.colcon_core.package_identification:_identify(M3Pro_ws/src/M3Pro_core/imu_tools/imu_filter_madgwick) by extension 'ignore_ament_install'
[0.275s] Level 1:colcon.colcon_core.package_identification:_identify(M3Pro_ws/src/M3Pro_core/imu_tools/imu_filter_madgwick) by extensions ['colcon_pkg']
[0.275s] Level 1:colcon.colcon_core.package_identification:_identify(M3Pro_ws/src/M3Pro_core/imu_tools/imu_filter_madgwick) by extension 'colcon_pkg'
[0.275s] Level 1:colcon.colcon_core.package_identification:_identify(M3Pro_ws/src/M3Pro_core/imu_tools/imu_filter_madgwick) by extensions ['colcon_meta']
[0.275s] Level 1:colcon.colcon_core.package_identification:_identify(M3Pro_ws/src/M3Pro_core/imu_tools/imu_filter_madgwick) by extension 'colcon_meta'
[0.275s] Level 1:colcon.colcon_core.package_identification:_identify(M3Pro_ws/src/M3Pro_core/imu_tools/imu_filter_madgwick) by extensions ['ros']
[0.275s] Level 1:colcon.colcon_core.package_identification:_identify(M3Pro_ws/src/M3Pro_core/imu_tools/imu_filter_madgwick) by extension 'ros'
[0.276s] DEBUG:colcon.colcon_core.package_identification:Package 'M3Pro_ws/src/M3Pro_core/imu_tools/imu_filter_madgwick' with type 'ros.ament_cmake' and name 'imu_filter_madgwick'
[0.276s] Level 1:colcon.colcon_core.package_identification:_identify(M3Pro_ws/src/M3Pro_core/imu_tools/imu_tools) by extensions ['ignore', 'ignore_ament_install']
[0.276s] Level 1:colcon.colcon_core.package_identification:_identify(M3Pro_ws/src/M3Pro_core/imu_tools/imu_tools) by extension 'ignore'
[0.276s] Level 1:colcon.colcon_core.package_identification:_identify(M3Pro_ws/src/M3Pro_core/imu_tools/imu_tools) by extension 'ignore_ament_install'
[0.276s] Level 1:colcon.colcon_core.package_identification:_identify(M3Pro_ws/src/M3Pro_core/imu_tools/imu_tools) by extensions ['colcon_pkg']
[0.276s] Level 1:colcon.colcon_core.package_identification:_identify(M3Pro_ws/src/M3Pro_core/imu_tools/imu_tools) by extension 'colcon_pkg'
[0.276s] Level 1:colcon.colcon_core.package_identification:_identify(M3Pro_ws/src/M3Pro_core/imu_tools/imu_tools) by extensions ['colcon_meta']
[0.276s] Level 1:colcon.colcon_core.package_identification:_identify(M3Pro_ws/src/M3Pro_core/imu_tools/imu_tools) by extension 'colcon_meta'
[0.276s] Level 1:colcon.colcon_core.package_identification:_identify(M3Pro_ws/src/M3Pro_core/imu_tools/imu_tools) by extensions ['ros']
[0.276s] Level 1:colcon.colcon_core.package_identification:_identify(M3Pro_ws/src/M3Pro_core/imu_tools/imu_tools) by extension 'ros'
[0.276s] DEBUG:colcon.colcon_core.package_identification:Package 'M3Pro_ws/src/M3Pro_core/imu_tools/imu_tools' with type 'ros.ament_cmake' and name 'imu_tools'
[0.277s] Level 1:colcon.colcon_core.package_identification:_identify(M3Pro_ws/src/M3Pro_core/imu_tools/rviz_imu_plugin) by extensions ['ignore', 'ignore_ament_install']
[0.277s] Level 1:colcon.colcon_core.package_identification:_identify(M3Pro_ws/src/M3Pro_core/imu_tools/rviz_imu_plugin) by extension 'ignore'
[0.277s] Level 1:colcon.colcon_core.package_identification:_identify(M3Pro_ws/src/M3Pro_core/imu_tools/rviz_imu_plugin) by extension 'ignore_ament_install'
[0.277s] Level 1:colcon.colcon_core.package_identification:_identify(M3Pro_ws/src/M3Pro_core/imu_tools/rviz_imu_plugin) by extensions ['colcon_pkg']
[0.277s] Level 1:colcon.colcon_core.package_identification:_identify(M3Pro_ws/src/M3Pro_core/imu_tools/rviz_imu_plugin) by extension 'colcon_pkg'
[0.277s] Level 1:colcon.colcon_core.package_identification:_identify(M3Pro_ws/src/M3Pro_core/imu_tools/rviz_imu_plugin) by extensions ['colcon_meta']
[0.277s] Level 1:colcon.colcon_core.package_identification:_identify(M3Pro_ws/src/M3Pro_core/imu_tools/rviz_imu_plugin) by extension 'colcon_meta'
[0.277s] Level 1:colcon.colcon_core.package_identification:_identify(M3Pro_ws/src/M3Pro_core/imu_tools/rviz_imu_plugin) by extensions ['ros']
[0.277s] Level 1:colcon.colcon_core.package_identification:_identify(M3Pro_ws/src/M3Pro_core/imu_tools/rviz_imu_plugin) by extension 'ros'
[0.278s] DEBUG:colcon.colcon_core.package_identification:Package 'M3Pro_ws/src/M3Pro_core/imu_tools/rviz_imu_plugin' with type 'ros.ament_cmake' and name 'rviz_imu_plugin'
[0.278s] Level 1:colcon.colcon_core.package_identification:_identify(M3Pro_ws/src/M3Pro_core/ira_laser_tools) by extensions ['ignore', 'ignore_ament_install']
[0.278s] Level 1:colcon.colcon_core.package_identification:_identify(M3Pro_ws/src/M3Pro_core/ira_laser_tools) by extension 'ignore'
[0.278s] Level 1:colcon.colcon_core.package_identification:_identify(M3Pro_ws/src/M3Pro_core/ira_laser_tools) by extension 'ignore_ament_install'
[0.278s] Level 1:colcon.colcon_core.package_identification:_identify(M3Pro_ws/src/M3Pro_core/ira_laser_tools) by extensions ['colcon_pkg']
[0.278s] Level 1:colcon.colcon_core.package_identification:_identify(M3Pro_ws/src/M3Pro_core/ira_laser_tools) by extension 'colcon_pkg'
[0.278s] Level 1:colcon.colcon_core.package_identification:_identify(M3Pro_ws/src/M3Pro_core/ira_laser_tools) by extensions ['colcon_meta']
[0.278s] Level 1:colcon.colcon_core.package_identification:_identify(M3Pro_ws/src/M3Pro_core/ira_laser_tools) by extension 'colcon_meta'
[0.278s] Level 1:colcon.colcon_core.package_identification:_identify(M3Pro_ws/src/M3Pro_core/ira_laser_tools) by extensions ['ros']
[0.278s] Level 1:colcon.colcon_core.package_identification:_identify(M3Pro_ws/src/M3Pro_core/ira_laser_tools) by extension 'ros'
[0.279s] DEBUG:colcon.colcon_core.package_identification:Package 'M3Pro_ws/src/M3Pro_core/ira_laser_tools' with type 'ros.ament_cmake' and name 'ira_laser_tools'
[0.279s] Level 1:colcon.colcon_core.package_identification:_identify(M3Pro_ws/src/M3Pro_core/openslam_gmapping) by extensions ['ignore', 'ignore_ament_install']
[0.279s] Level 1:colcon.colcon_core.package_identification:_identify(M3Pro_ws/src/M3Pro_core/openslam_gmapping) by extension 'ignore'
[0.279s] Level 1:colcon.colcon_core.package_identification:_identify(M3Pro_ws/src/M3Pro_core/openslam_gmapping) by extension 'ignore_ament_install'
[0.279s] Level 1:colcon.colcon_core.package_identification:_identify(M3Pro_ws/src/M3Pro_core/openslam_gmapping) by extensions ['colcon_pkg']
[0.279s] Level 1:colcon.colcon_core.package_identification:_identify(M3Pro_ws/src/M3Pro_core/openslam_gmapping) by extension 'colcon_pkg'
[0.279s] Level 1:colcon.colcon_core.package_identification:_identify(M3Pro_ws/src/M3Pro_core/openslam_gmapping) by extensions ['colcon_meta']
[0.279s] Level 1:colcon.colcon_core.package_identification:_identify(M3Pro_ws/src/M3Pro_core/openslam_gmapping) by extension 'colcon_meta'
[0.279s] Level 1:colcon.colcon_core.package_identification:_identify(M3Pro_ws/src/M3Pro_core/openslam_gmapping) by extensions ['ros']
[0.279s] Level 1:colcon.colcon_core.package_identification:_identify(M3Pro_ws/src/M3Pro_core/openslam_gmapping) by extension 'ros'
[0.280s] DEBUG:colcon.colcon_core.package_identification:Package 'M3Pro_ws/src/M3Pro_core/openslam_gmapping' with type 'ros.ament_cmake' and name 'openslam_gmapping'
[0.280s] Level 1:colcon.colcon_core.package_identification:_identify(M3Pro_ws/src/M3Pro_core/slam_gmapping) by extensions ['ignore', 'ignore_ament_install']
[0.280s] Level 1:colcon.colcon_core.package_identification:_identify(M3Pro_ws/src/M3Pro_core/slam_gmapping) by extension 'ignore'
[0.280s] Level 1:colcon.colcon_core.package_identification:_identify(M3Pro_ws/src/M3Pro_core/slam_gmapping) by extension 'ignore_ament_install'
[0.280s] Level 1:colcon.colcon_core.package_identification:_identify(M3Pro_ws/src/M3Pro_core/slam_gmapping) by extensions ['colcon_pkg']
[0.280s] Level 1:colcon.colcon_core.package_identification:_identify(M3Pro_ws/src/M3Pro_core/slam_gmapping) by extension 'colcon_pkg'
[0.280s] Level 1:colcon.colcon_core.package_identification:_identify(M3Pro_ws/src/M3Pro_core/slam_gmapping) by extensions ['colcon_meta']
[0.280s] Level 1:colcon.colcon_core.package_identification:_identify(M3Pro_ws/src/M3Pro_core/slam_gmapping) by extension 'colcon_meta'
[0.280s] Level 1:colcon.colcon_core.package_identification:_identify(M3Pro_ws/src/M3Pro_core/slam_gmapping) by extensions ['ros']
[0.280s] Level 1:colcon.colcon_core.package_identification:_identify(M3Pro_ws/src/M3Pro_core/slam_gmapping) by extension 'ros'
[0.281s] DEBUG:colcon.colcon_core.package_identification:Package 'M3Pro_ws/src/M3Pro_core/slam_gmapping' with type 'ros.ament_cmake' and name 'slam_gmapping'
[0.281s] Level 1:colcon.colcon_core.package_identification:_identify(M3Pro_ws/src/M3Pro_core/yahboom_laser_filter) by extensions ['ignore', 'ignore_ament_install']
[0.281s] Level 1:colcon.colcon_core.package_identification:_identify(M3Pro_ws/src/M3Pro_core/yahboom_laser_filter) by extension 'ignore'
[0.281s] Level 1:colcon.colcon_core.package_identification:_identify(M3Pro_ws/src/M3Pro_core/yahboom_laser_filter) by extension 'ignore_ament_install'
[0.281s] Level 1:colcon.colcon_core.package_identification:_identify(M3Pro_ws/src/M3Pro_core/yahboom_laser_filter) by extensions ['colcon_pkg']
[0.281s] Level 1:colcon.colcon_core.package_identification:_identify(M3Pro_ws/src/M3Pro_core/yahboom_laser_filter) by extension 'colcon_pkg'
[0.281s] Level 1:colcon.colcon_core.package_identification:_identify(M3Pro_ws/src/M3Pro_core/yahboom_laser_filter) by extensions ['colcon_meta']
[0.281s] Level 1:colcon.colcon_core.package_identification:_identify(M3Pro_ws/src/M3Pro_core/yahboom_laser_filter) by extension 'colcon_meta'
[0.281s] Level 1:colcon.colcon_core.package_identification:_identify(M3Pro_ws/src/M3Pro_core/yahboom_laser_filter) by extensions ['ros']
[0.281s] Level 1:colcon.colcon_core.package_identification:_identify(M3Pro_ws/src/M3Pro_core/yahboom_laser_filter) by extension 'ros'
[0.281s] DEBUG:colcon.colcon_core.package_identification:Package 'M3Pro_ws/src/M3Pro_core/yahboom_laser_filter' with type 'ros.ament_cmake' and name 'yahboom_laser_filter'
[0.282s] Level 1:colcon.colcon_core.package_identification:_identify(M3Pro_ws/src/M3Pro_navigation) by extensions ['ignore', 'ignore_ament_install']
[0.282s] Level 1:colcon.colcon_core.package_identification:_identify(M3Pro_ws/src/M3Pro_navigation) by extension 'ignore'
[0.282s] Level 1:colcon.colcon_core.package_identification:_identify(M3Pro_ws/src/M3Pro_navigation) by extension 'ignore_ament_install'
[0.282s] Level 1:colcon.colcon_core.package_identification:_identify(M3Pro_ws/src/M3Pro_navigation) by extensions ['colcon_pkg']
[0.282s] Level 1:colcon.colcon_core.package_identification:_identify(M3Pro_ws/src/M3Pro_navigation) by extension 'colcon_pkg'
[0.282s] Level 1:colcon.colcon_core.package_identification:_identify(M3Pro_ws/src/M3Pro_navigation) by extensions ['colcon_meta']
[0.282s] Level 1:colcon.colcon_core.package_identification:_identify(M3Pro_ws/src/M3Pro_navigation) by extension 'colcon_meta'
[0.282s] Level 1:colcon.colcon_core.package_identification:_identify(M3Pro_ws/src/M3Pro_navigation) by extensions ['ros']
[0.282s] Level 1:colcon.colcon_core.package_identification:_identify(M3Pro_ws/src/M3Pro_navigation) by extension 'ros'
[0.282s] DEBUG:colcon.colcon_core.package_identification:Package 'M3Pro_ws/src/M3Pro_navigation' with type 'ros.ament_cmake' and name 'M3Pro_navigation'
[0.282s] Level 1:colcon.colcon_core.package_identification:_identify(M3Pro_ws/src/calibration) by extensions ['ignore', 'ignore_ament_install']
[0.282s] Level 1:colcon.colcon_core.package_identification:_identify(M3Pro_ws/src/calibration) by extension 'ignore'
[0.282s] Level 1:colcon.colcon_core.package_identification:_identify(M3Pro_ws/src/calibration) by extension 'ignore_ament_install'
[0.282s] Level 1:colcon.colcon_core.package_identification:_identify(M3Pro_ws/src/calibration) by extensions ['colcon_pkg']
[0.282s] Level 1:colcon.colcon_core.package_identification:_identify(M3Pro_ws/src/calibration) by extension 'colcon_pkg'
[0.282s] Level 1:colcon.colcon_core.package_identification:_identify(M3Pro_ws/src/calibration) by extensions ['colcon_meta']
[0.282s] Level 1:colcon.colcon_core.package_identification:_identify(M3Pro_ws/src/calibration) by extension 'colcon_meta'
[0.282s] Level 1:colcon.colcon_core.package_identification:_identify(M3Pro_ws/src/calibration) by extensions ['ros']
[0.282s] Level 1:colcon.colcon_core.package_identification:_identify(M3Pro_ws/src/calibration) by extension 'ros'
[0.283s] DEBUG:colcon.colcon_core.package_identification:Package 'M3Pro_ws/src/calibration' with type 'ros.ament_python' and name 'calibration'
[0.283s] Level 1:colcon.colcon_core.package_identification:_identify(M3Pro_ws/src/ekf_bringup) by extensions ['ignore', 'ignore_ament_install']
[0.283s] Level 1:colcon.colcon_core.package_identification:_identify(M3Pro_ws/src/ekf_bringup) by extension 'ignore'
[0.283s] Level 1:colcon.colcon_core.package_identification:_identify(M3Pro_ws/src/ekf_bringup) by extension 'ignore_ament_install'
[0.283s] Level 1:colcon.colcon_core.package_identification:_identify(M3Pro_ws/src/ekf_bringup) by extensions ['colcon_pkg']
[0.283s] Level 1:colcon.colcon_core.package_identification:_identify(M3Pro_ws/src/ekf_bringup) by extension 'colcon_pkg'
[0.283s] Level 1:colcon.colcon_core.package_identification:_identify(M3Pro_ws/src/ekf_bringup) by extensions ['colcon_meta']
[0.283s] Level 1:colcon.colcon_core.package_identification:_identify(M3Pro_ws/src/ekf_bringup) by extension 'colcon_meta'
[0.283s] Level 1:colcon.colcon_core.package_identification:_identify(M3Pro_ws/src/ekf_bringup) by extensions ['ros']
[0.283s] Level 1:colcon.colcon_core.package_identification:_identify(M3Pro_ws/src/ekf_bringup) by extension 'ros'
[0.284s] DEBUG:colcon.colcon_core.package_identification:Package 'M3Pro_ws/src/ekf_bringup' with type 'ros.ament_python' and name 'ekf_bringup'
[0.284s] Level 1:colcon.colcon_core.package_identification:_identify(M3Pro_ws/src/interfaces) by extensions ['ignore', 'ignore_ament_install']
[0.284s] Level 1:colcon.colcon_core.package_identification:_identify(M3Pro_ws/src/interfaces) by extension 'ignore'
[0.284s] Level 1:colcon.colcon_core.package_identification:_identify(M3Pro_ws/src/interfaces) by extension 'ignore_ament_install'
[0.284s] Level 1:colcon.colcon_core.package_identification:_identify(M3Pro_ws/src/interfaces) by extensions ['colcon_pkg']
[0.284s] Level 1:colcon.colcon_core.package_identification:_identify(M3Pro_ws/src/interfaces) by extension 'colcon_pkg'
[0.284s] Level 1:colcon.colcon_core.package_identification:_identify(M3Pro_ws/src/interfaces) by extensions ['colcon_meta']
[0.284s] Level 1:colcon.colcon_core.package_identification:_identify(M3Pro_ws/src/interfaces) by extension 'colcon_meta'
[0.284s] Level 1:colcon.colcon_core.package_identification:_identify(M3Pro_ws/src/interfaces) by extensions ['ros']
[0.284s] Level 1:colcon.colcon_core.package_identification:_identify(M3Pro_ws/src/interfaces) by extension 'ros'
[0.284s] DEBUG:colcon.colcon_core.package_identification:Package 'M3Pro_ws/src/interfaces' with type 'ros.ament_cmake' and name 'interfaces'
[0.284s] Level 1:colcon.colcon_core.package_identification:_identify(M3Pro_ws/src/largemodel) by extensions ['ignore', 'ignore_ament_install']
[0.284s] Level 1:colcon.colcon_core.package_identification:_identify(M3Pro_ws/src/largemodel) by extension 'ignore'
[0.284s] Level 1:colcon.colcon_core.package_identification:_identify(M3Pro_ws/src/largemodel) by extension 'ignore_ament_install'
[0.284s] Level 1:colcon.colcon_core.package_identification:_identify(M3Pro_ws/src/largemodel) by extensions ['colcon_pkg']
[0.284s] Level 1:colcon.colcon_core.package_identification:_identify(M3Pro_ws/src/largemodel) by extension 'colcon_pkg'
[0.284s] Level 1:colcon.colcon_core.package_identification:_identify(M3Pro_ws/src/largemodel) by extensions ['colcon_meta']
[0.284s] Level 1:colcon.colcon_core.package_identification:_identify(M3Pro_ws/src/largemodel) by extension 'colcon_meta'
[0.285s] Level 1:colcon.colcon_core.package_identification:_identify(M3Pro_ws/src/largemodel) by extensions ['ros']
[0.285s] Level 1:colcon.colcon_core.package_identification:_identify(M3Pro_ws/src/largemodel) by extension 'ros'
[0.285s] DEBUG:colcon.colcon_core.package_identification:Package 'M3Pro_ws/src/largemodel' with type 'ros.ament_python' and name 'largemodel'
[0.285s] Level 1:colcon.colcon_core.package_identification:_identify(M3Pro_ws/src/largemodel_arm) by extensions ['ignore', 'ignore_ament_install']
[0.285s] Level 1:colcon.colcon_core.package_identification:_identify(M3Pro_ws/src/largemodel_arm) by extension 'ignore'
[0.285s] Level 1:colcon.colcon_core.package_identification:_identify(M3Pro_ws/src/largemodel_arm) by extension 'ignore_ament_install'
[0.285s] Level 1:colcon.colcon_core.package_identification:_identify(M3Pro_ws/src/largemodel_arm) by extensions ['colcon_pkg']
[0.285s] Level 1:colcon.colcon_core.package_identification:_identify(M3Pro_ws/src/largemodel_arm) by extension 'colcon_pkg'
[0.285s] Level 1:colcon.colcon_core.package_identification:_identify(M3Pro_ws/src/largemodel_arm) by extensions ['colcon_meta']
[0.285s] Level 1:colcon.colcon_core.package_identification:_identify(M3Pro_ws/src/largemodel_arm) by extension 'colcon_meta'
[0.285s] Level 1:colcon.colcon_core.package_identification:_identify(M3Pro_ws/src/largemodel_arm) by extensions ['ros']
[0.285s] Level 1:colcon.colcon_core.package_identification:_identify(M3Pro_ws/src/largemodel_arm) by extension 'ros'
[0.286s] DEBUG:colcon.colcon_core.package_identification:Package 'M3Pro_ws/src/largemodel_arm' with type 'ros.ament_python' and name 'largemodel_arm'
[0.286s] Level 1:colcon.colcon_core.package_identification:_identify(M3Pro_ws/src/patrol) by extensions ['ignore', 'ignore_ament_install']
[0.286s] Level 1:colcon.colcon_core.package_identification:_identify(M3Pro_ws/src/patrol) by extension 'ignore'
[0.286s] Level 1:colcon.colcon_core.package_identification:_identify(M3Pro_ws/src/patrol) by extension 'ignore_ament_install'
[0.286s] Level 1:colcon.colcon_core.package_identification:_identify(M3Pro_ws/src/patrol) by extensions ['colcon_pkg']
[0.286s] Level 1:colcon.colcon_core.package_identification:_identify(M3Pro_ws/src/patrol) by extension 'colcon_pkg'
[0.286s] Level 1:colcon.colcon_core.package_identification:_identify(M3Pro_ws/src/patrol) by extensions ['colcon_meta']
[0.286s] Level 1:colcon.colcon_core.package_identification:_identify(M3Pro_ws/src/patrol) by extension 'colcon_meta'
[0.286s] Level 1:colcon.colcon_core.package_identification:_identify(M3Pro_ws/src/patrol) by extensions ['ros']
[0.286s] Level 1:colcon.colcon_core.package_identification:_identify(M3Pro_ws/src/patrol) by extension 'ros'
[0.286s] DEBUG:colcon.colcon_core.package_identification:Package 'M3Pro_ws/src/patrol' with type 'ros.ament_python' and name 'patrol'
[0.286s] Level 1:colcon.colcon_core.package_identification:_identify(M3Pro_ws/src/ros_robot_app) by extensions ['ignore', 'ignore_ament_install']
[0.286s] Level 1:colcon.colcon_core.package_identification:_identify(M3Pro_ws/src/ros_robot_app) by extension 'ignore'
[0.287s] Level 1:colcon.colcon_core.package_identification:_identify(M3Pro_ws/src/ros_robot_app) by extension 'ignore_ament_install'
[0.287s] Level 1:colcon.colcon_core.package_identification:_identify(M3Pro_ws/src/ros_robot_app) by extensions ['colcon_pkg']
[0.287s] Level 1:colcon.colcon_core.package_identification:_identify(M3Pro_ws/src/ros_robot_app) by extension 'colcon_pkg'
[0.287s] Level 1:colcon.colcon_core.package_identification:_identify(M3Pro_ws/src/ros_robot_app) by extensions ['colcon_meta']
[0.287s] Level 1:colcon.colcon_core.package_identification:_identify(M3Pro_ws/src/ros_robot_app) by extension 'colcon_meta'
[0.287s] Level 1:colcon.colcon_core.package_identification:_identify(M3Pro_ws/src/ros_robot_app) by extensions ['ros']
[0.287s] Level 1:colcon.colcon_core.package_identification:_identify(M3Pro_ws/src/ros_robot_app) by extension 'ros'
[0.287s] Level 1:colcon.colcon_core.package_identification:_identify(M3Pro_ws/src/ros_robot_app) by extensions ['cmake', 'python']
[0.287s] Level 1:colcon.colcon_core.package_identification:_identify(M3Pro_ws/src/ros_robot_app) by extension 'cmake'
[0.287s] Level 1:colcon.colcon_core.package_identification:_identify(M3Pro_ws/src/ros_robot_app) by extension 'python'
[0.287s] Level 1:colcon.colcon_core.package_identification:_identify(M3Pro_ws/src/ros_robot_app) by extensions ['python_setup_py']
[0.287s] Level 1:colcon.colcon_core.package_identification:_identify(M3Pro_ws/src/ros_robot_app) by extension 'python_setup_py'
[0.287s] Level 1:colcon.colcon_core.package_identification:_identify(M3Pro_ws/src/ros_robot_app/laserscan_to_point_publisher) by extensions ['ignore', 'ignore_ament_install']
[0.287s] Level 1:colcon.colcon_core.package_identification:_identify(M3Pro_ws/src/ros_robot_app/laserscan_to_point_publisher) by extension 'ignore'
[0.287s] Level 1:colcon.colcon_core.package_identification:_identify(M3Pro_ws/src/ros_robot_app/laserscan_to_point_publisher) by extension 'ignore_ament_install'
[0.287s] Level 1:colcon.colcon_core.package_identification:_identify(M3Pro_ws/src/ros_robot_app/laserscan_to_point_publisher) by extensions ['colcon_pkg']
[0.287s] Level 1:colcon.colcon_core.package_identification:_identify(M3Pro_ws/src/ros_robot_app/laserscan_to_point_publisher) by extension 'colcon_pkg'
[0.287s] Level 1:colcon.colcon_core.package_identification:_identify(M3Pro_ws/src/ros_robot_app/laserscan_to_point_publisher) by extensions ['colcon_meta']
[0.287s] Level 1:colcon.colcon_core.package_identification:_identify(M3Pro_ws/src/ros_robot_app/laserscan_to_point_publisher) by extension 'colcon_meta'
[0.287s] Level 1:colcon.colcon_core.package_identification:_identify(M3Pro_ws/src/ros_robot_app/laserscan_to_point_publisher) by extensions ['ros']
[0.287s] Level 1:colcon.colcon_core.package_identification:_identify(M3Pro_ws/src/ros_robot_app/laserscan_to_point_publisher) by extension 'ros'
[0.287s] DEBUG:colcon.colcon_core.package_identification:Package 'M3Pro_ws/src/ros_robot_app/laserscan_to_point_publisher' with type 'ros.ament_python' and name 'laserscan_to_point_publisher'
[0.288s] Level 1:colcon.colcon_core.package_identification:_identify(M3Pro_ws/src/ros_robot_app/robot_pose_publisher_ros2) by extensions ['ignore', 'ignore_ament_install']
[0.288s] Level 1:colcon.colcon_core.package_identification:_identify(M3Pro_ws/src/ros_robot_app/robot_pose_publisher_ros2) by extension 'ignore'
[0.288s] Level 1:colcon.colcon_core.package_identification:_identify(M3Pro_ws/src/ros_robot_app/robot_pose_publisher_ros2) by extension 'ignore_ament_install'
[0.288s] Level 1:colcon.colcon_core.package_identification:_identify(M3Pro_ws/src/ros_robot_app/robot_pose_publisher_ros2) by extensions ['colcon_pkg']
[0.288s] Level 1:colcon.colcon_core.package_identification:_identify(M3Pro_ws/src/ros_robot_app/robot_pose_publisher_ros2) by extension 'colcon_pkg'
[0.288s] Level 1:colcon.colcon_core.package_identification:_identify(M3Pro_ws/src/ros_robot_app/robot_pose_publisher_ros2) by extensions ['colcon_meta']
[0.288s] Level 1:colcon.colcon_core.package_identification:_identify(M3Pro_ws/src/ros_robot_app/robot_pose_publisher_ros2) by extension 'colcon_meta'
[0.288s] Level 1:colcon.colcon_core.package_identification:_identify(M3Pro_ws/src/ros_robot_app/robot_pose_publisher_ros2) by extensions ['ros']
[0.288s] Level 1:colcon.colcon_core.package_identification:_identify(M3Pro_ws/src/ros_robot_app/robot_pose_publisher_ros2) by extension 'ros'
[0.288s] DEBUG:colcon.colcon_core.package_identification:Package 'M3Pro_ws/src/ros_robot_app/robot_pose_publisher_ros2' with type 'ros.ament_cmake' and name 'robot_pose_publisher_ros2'
[0.288s] Level 1:colcon.colcon_core.package_identification:_identify(M3Pro_ws/src/ros_robot_app/yahboom_app_save_map) by extensions ['ignore', 'ignore_ament_install']
[0.288s] Level 1:colcon.colcon_core.package_identification:_identify(M3Pro_ws/src/ros_robot_app/yahboom_app_save_map) by extension 'ignore'
[0.288s] Level 1:colcon.colcon_core.package_identification:_identify(M3Pro_ws/src/ros_robot_app/yahboom_app_save_map) by extension 'ignore_ament_install'
[0.288s] Level 1:colcon.colcon_core.package_identification:_identify(M3Pro_ws/src/ros_robot_app/yahboom_app_save_map) by extensions ['colcon_pkg']
[0.288s] Level 1:colcon.colcon_core.package_identification:_identify(M3Pro_ws/src/ros_robot_app/yahboom_app_save_map) by extension 'colcon_pkg'
[0.288s] Level 1:colcon.colcon_core.package_identification:_identify(M3Pro_ws/src/ros_robot_app/yahboom_app_save_map) by extensions ['colcon_meta']
[0.288s] Level 1:colcon.colcon_core.package_identification:_identify(M3Pro_ws/src/ros_robot_app/yahboom_app_save_map) by extension 'colcon_meta'
[0.289s] Level 1:colcon.colcon_core.package_identification:_identify(M3Pro_ws/src/ros_robot_app/yahboom_app_save_map) by extensions ['ros']
[0.289s] Level 1:colcon.colcon_core.package_identification:_identify(M3Pro_ws/src/ros_robot_app/yahboom_app_save_map) by extension 'ros'
[0.289s] DEBUG:colcon.colcon_core.package_identification:Package 'M3Pro_ws/src/ros_robot_app/yahboom_app_save_map' with type 'ros.ament_python' and name 'yahboom_app_save_map'
[0.289s] Level 1:colcon.colcon_core.package_identification:_identify(M3Pro_ws/src/ros_robot_app/yahboom_web_savmap_interfaces) by extensions ['ignore', 'ignore_ament_install']
[0.289s] Level 1:colcon.colcon_core.package_identification:_identify(M3Pro_ws/src/ros_robot_app/yahboom_web_savmap_interfaces) by extension 'ignore'
[0.289s] Level 1:colcon.colcon_core.package_identification:_identify(M3Pro_ws/src/ros_robot_app/yahboom_web_savmap_interfaces) by extension 'ignore_ament_install'
[0.289s] Level 1:colcon.colcon_core.package_identification:_identify(M3Pro_ws/src/ros_robot_app/yahboom_web_savmap_interfaces) by extensions ['colcon_pkg']
[0.289s] Level 1:colcon.colcon_core.package_identification:_identify(M3Pro_ws/src/ros_robot_app/yahboom_web_savmap_interfaces) by extension 'colcon_pkg'
[0.289s] Level 1:colcon.colcon_core.package_identification:_identify(M3Pro_ws/src/ros_robot_app/yahboom_web_savmap_interfaces) by extensions ['colcon_meta']
[0.289s] Level 1:colcon.colcon_core.package_identification:_identify(M3Pro_ws/src/ros_robot_app/yahboom_web_savmap_interfaces) by extension 'colcon_meta'
[0.289s] Level 1:colcon.colcon_core.package_identification:_identify(M3Pro_ws/src/ros_robot_app/yahboom_web_savmap_interfaces) by extensions ['ros']
[0.289s] Level 1:colcon.colcon_core.package_identification:_identify(M3Pro_ws/src/ros_robot_app/yahboom_web_savmap_interfaces) by extension 'ros'
[0.290s] DEBUG:colcon.colcon_core.package_identification:Package 'M3Pro_ws/src/ros_robot_app/yahboom_web_savmap_interfaces' with type 'ros.ament_cmake' and name 'yahboom_web_savmap_interfaces'
[0.290s] Level 1:colcon.colcon_core.package_identification:_identify(M3Pro_ws/src/slam_mapping) by extensions ['ignore', 'ignore_ament_install']
[0.290s] Level 1:colcon.colcon_core.package_identification:_identify(M3Pro_ws/src/slam_mapping) by extension 'ignore'
[0.290s] Level 1:colcon.colcon_core.package_identification:_identify(M3Pro_ws/src/slam_mapping) by extension 'ignore_ament_install'
[0.290s] Level 1:colcon.colcon_core.package_identification:_identify(M3Pro_ws/src/slam_mapping) by extensions ['colcon_pkg']
[0.290s] Level 1:colcon.colcon_core.package_identification:_identify(M3Pro_ws/src/slam_mapping) by extension 'colcon_pkg'
[0.290s] Level 1:colcon.colcon_core.package_identification:_identify(M3Pro_ws/src/slam_mapping) by extensions ['colcon_meta']
[0.290s] Level 1:colcon.colcon_core.package_identification:_identify(M3Pro_ws/src/slam_mapping) by extension 'colcon_meta'
[0.290s] Level 1:colcon.colcon_core.package_identification:_identify(M3Pro_ws/src/slam_mapping) by extensions ['ros']
[0.290s] Level 1:colcon.colcon_core.package_identification:_identify(M3Pro_ws/src/slam_mapping) by extension 'ros'
[0.290s] DEBUG:colcon.colcon_core.package_identification:Package 'M3Pro_ws/src/slam_mapping' with type 'ros.ament_cmake' and name 'slam_mapping'
[0.291s] Level 1:colcon.colcon_core.package_identification:_identify(M3Pro_ws/src/text_chat) by extensions ['ignore', 'ignore_ament_install']
[0.291s] Level 1:colcon.colcon_core.package_identification:_identify(M3Pro_ws/src/text_chat) by extension 'ignore'
[0.291s] Level 1:colcon.colcon_core.package_identification:_identify(M3Pro_ws/src/text_chat) by extension 'ignore_ament_install'
[0.291s] Level 1:colcon.colcon_core.package_identification:_identify(M3Pro_ws/src/text_chat) by extensions ['colcon_pkg']
[0.291s] Level 1:colcon.colcon_core.package_identification:_identify(M3Pro_ws/src/text_chat) by extension 'colcon_pkg'
[0.291s] Level 1:colcon.colcon_core.package_identification:_identify(M3Pro_ws/src/text_chat) by extensions ['colcon_meta']
[0.291s] Level 1:colcon.colcon_core.package_identification:_identify(M3Pro_ws/src/text_chat) by extension 'colcon_meta'
[0.291s] Level 1:colcon.colcon_core.package_identification:_identify(M3Pro_ws/src/text_chat) by extensions ['ros']
[0.291s] Level 1:colcon.colcon_core.package_identification:_identify(M3Pro_ws/src/text_chat) by extension 'ros'
[0.291s] DEBUG:colcon.colcon_core.package_identification:Package 'M3Pro_ws/src/text_chat' with type 'ros.ament_python' and name 'text_chat'
[0.291s] Level 1:colcon.colcon_core.package_identification:_identify(M3Pro_ws/src/updatecostmap) by extensions ['ignore', 'ignore_ament_install']
[0.291s] Level 1:colcon.colcon_core.package_identification:_identify(M3Pro_ws/src/updatecostmap) by extension 'ignore'
[0.291s] Level 1:colcon.colcon_core.package_identification:_identify(M3Pro_ws/src/updatecostmap) by extension 'ignore_ament_install'
[0.291s] Level 1:colcon.colcon_core.package_identification:_identify(M3Pro_ws/src/updatecostmap) by extensions ['colcon_pkg']
[0.291s] Level 1:colcon.colcon_core.package_identification:_identify(M3Pro_ws/src/updatecostmap) by extension 'colcon_pkg'
[0.292s] Level 1:colcon.colcon_core.package_identification:_identify(M3Pro_ws/src/updatecostmap) by extensions ['colcon_meta']
[0.292s] Level 1:colcon.colcon_core.package_identification:_identify(M3Pro_ws/src/updatecostmap) by extension 'colcon_meta'
[0.292s] Level 1:colcon.colcon_core.package_identification:_identify(M3Pro_ws/src/updatecostmap) by extensions ['ros']
[0.292s] Level 1:colcon.colcon_core.package_identification:_identify(M3Pro_ws/src/updatecostmap) by extension 'ros'
[0.293s] DEBUG:colcon.colcon_core.package_identification:Package 'M3Pro_ws/src/updatecostmap' with type 'ros.ament_cmake' and name 'updatecostmap'
[0.293s] Level 1:colcon.colcon_core.package_identification:_identify(M3Pro_ws/src/yahboom_mapping) by extensions ['ignore', 'ignore_ament_install']
[0.293s] Level 1:colcon.colcon_core.package_identification:_identify(M3Pro_ws/src/yahboom_mapping) by extension 'ignore'
[0.293s] Level 1:colcon.colcon_core.package_identification:_identify(M3Pro_ws/src/yahboom_mapping) by extension 'ignore_ament_install'
[0.293s] Level 1:colcon.colcon_core.package_identification:_identify(M3Pro_ws/src/yahboom_mapping) by extensions ['colcon_pkg']
[0.293s] Level 1:colcon.colcon_core.package_identification:_identify(M3Pro_ws/src/yahboom_mapping) by extension 'colcon_pkg'
[0.293s] Level 1:colcon.colcon_core.package_identification:_identify(M3Pro_ws/src/yahboom_mapping) by extensions ['colcon_meta']
[0.293s] Level 1:colcon.colcon_core.package_identification:_identify(M3Pro_ws/src/yahboom_mapping) by extension 'colcon_meta'
[0.293s] Level 1:colcon.colcon_core.package_identification:_identify(M3Pro_ws/src/yahboom_mapping) by extensions ['ros']
[0.293s] Level 1:colcon.colcon_core.package_identification:_identify(M3Pro_ws/src/yahboom_mapping) by extension 'ros'
[0.293s] DEBUG:colcon.colcon_core.package_identification:Package 'M3Pro_ws/src/yahboom_mapping' with type 'ros.ament_cmake' and name 'yahboom_mapping'
[0.294s] Level 1:colcon.colcon_core.package_identification:_identify(M3Pro_ws/src/yahboom_multi) by extensions ['ignore', 'ignore_ament_install']
[0.294s] Level 1:colcon.colcon_core.package_identification:_identify(M3Pro_ws/src/yahboom_multi) by extension 'ignore'
[0.294s] Level 1:colcon.colcon_core.package_identification:_identify(M3Pro_ws/src/yahboom_multi) by extension 'ignore_ament_install'
[0.294s] Level 1:colcon.colcon_core.package_identification:_identify(M3Pro_ws/src/yahboom_multi) by extensions ['colcon_pkg']
[0.294s] Level 1:colcon.colcon_core.package_identification:_identify(M3Pro_ws/src/yahboom_multi) by extension 'colcon_pkg'
[0.294s] Level 1:colcon.colcon_core.package_identification:_identify(M3Pro_ws/src/yahboom_multi) by extensions ['colcon_meta']
[0.294s] Level 1:colcon.colcon_core.package_identification:_identify(M3Pro_ws/src/yahboom_multi) by extension 'colcon_meta'
[0.294s] Level 1:colcon.colcon_core.package_identification:_identify(M3Pro_ws/src/yahboom_multi) by extensions ['ros']
[0.294s] Level 1:colcon.colcon_core.package_identification:_identify(M3Pro_ws/src/yahboom_multi) by extension 'ros'
[0.294s] DEBUG:colcon.colcon_core.package_identification:Package 'M3Pro_ws/src/yahboom_multi' with type 'ros.ament_python' and name 'yahboom_multi'
[0.294s] Level 1:colcon.colcon_core.package_identification:_identify(build) by extensions ['ignore', 'ignore_ament_install']
[0.294s] Level 1:colcon.colcon_core.package_identification:_identify(build) by extension 'ignore'
[0.294s] Level 1:colcon.colcon_core.package_identification:_identify(build) ignored
[0.294s] Level 1:colcon.colcon_core.package_identification:_identify(install) by extensions ['ignore', 'ignore_ament_install']
[0.294s] Level 1:colcon.colcon_core.package_identification:_identify(install) by extension 'ignore'
[0.294s] Level 1:colcon.colcon_core.package_identification:_identify(install) ignored
[0.294s] Level 1:colcon.colcon_core.package_identification:_identify(log) by extensions ['ignore', 'ignore_ament_install']
[0.295s] Level 1:colcon.colcon_core.package_identification:_identify(log) by extension 'ignore'
[0.295s] Level 1:colcon.colcon_core.package_identification:_identify(log) ignored
[0.295s] Level 1:colcon.colcon_core.package_identification:_identify(yahboomcar_ws) by extensions ['ignore', 'ignore_ament_install']
[0.295s] Level 1:colcon.colcon_core.package_identification:_identify(yahboomcar_ws) by extension 'ignore'
[0.295s] Level 1:colcon.colcon_core.package_identification:_identify(yahboomcar_ws) by extension 'ignore_ament_install'
[0.295s] Level 1:colcon.colcon_core.package_identification:_identify(yahboomcar_ws) by extensions ['colcon_pkg']
[0.295s] Level 1:colcon.colcon_core.package_identification:_identify(yahboomcar_ws) by extension 'colcon_pkg'
[0.295s] Level 1:colcon.colcon_core.package_identification:_identify(yahboomcar_ws) by extensions ['colcon_meta']
[0.295s] Level 1:colcon.colcon_core.package_identification:_identify(yahboomcar_ws) by extension 'colcon_meta'
[0.295s] Level 1:colcon.colcon_core.package_identification:_identify(yahboomcar_ws) by extensions ['ros']
[0.295s] Level 1:colcon.colcon_core.package_identification:_identify(yahboomcar_ws) by extension 'ros'
[0.295s] Level 1:colcon.colcon_core.package_identification:_identify(yahboomcar_ws) by extensions ['cmake', 'python']
[0.295s] Level 1:colcon.colcon_core.package_identification:_identify(yahboomcar_ws) by extension 'cmake'
[0.295s] Level 1:colcon.colcon_core.package_identification:_identify(yahboomcar_ws) by extension 'python'
[0.295s] Level 1:colcon.colcon_core.package_identification:_identify(yahboomcar_ws) by extensions ['python_setup_py']
[0.295s] Level 1:colcon.colcon_core.package_identification:_identify(yahboomcar_ws) by extension 'python_setup_py'
[0.295s] Level 1:colcon.colcon_core.package_identification:_identify(yahboomcar_ws/build) by extensions ['ignore', 'ignore_ament_install']
[0.295s] Level 1:colcon.colcon_core.package_identification:_identify(yahboomcar_ws/build) by extension 'ignore'
[0.295s] Level 1:colcon.colcon_core.package_identification:_identify(yahboomcar_ws/build) ignored
[0.295s] Level 1:colcon.colcon_core.package_identification:_identify(yahboomcar_ws/install) by extensions ['ignore', 'ignore_ament_install']
[0.295s] Level 1:colcon.colcon_core.package_identification:_identify(yahboomcar_ws/install) by extension 'ignore'
[0.295s] Level 1:colcon.colcon_core.package_identification:_identify(yahboomcar_ws/install) ignored
[0.295s] Level 1:colcon.colcon_core.package_identification:_identify(yahboomcar_ws/log) by extensions ['ignore', 'ignore_ament_install']
[0.295s] Level 1:colcon.colcon_core.package_identification:_identify(yahboomcar_ws/log) by extension 'ignore'
[0.295s] Level 1:colcon.colcon_core.package_identification:_identify(yahboomcar_ws/log) ignored
[0.295s] Level 1:colcon.colcon_core.package_identification:_identify(yahboomcar_ws/src) by extensions ['ignore', 'ignore_ament_install']
[0.295s] Level 1:colcon.colcon_core.package_identification:_identify(yahboomcar_ws/src) by extension 'ignore'
[0.295s] Level 1:colcon.colcon_core.package_identification:_identify(yahboomcar_ws/src) by extension 'ignore_ament_install'
[0.295s] Level 1:colcon.colcon_core.package_identification:_identify(yahboomcar_ws/src) by extensions ['colcon_pkg']
[0.295s] Level 1:colcon.colcon_core.package_identification:_identify(yahboomcar_ws/src) by extension 'colcon_pkg'
[0.295s] Level 1:colcon.colcon_core.package_identification:_identify(yahboomcar_ws/src) by extensions ['colcon_meta']
[0.295s] Level 1:colcon.colcon_core.package_identification:_identify(yahboomcar_ws/src) by extension 'colcon_meta'
[0.295s] Level 1:colcon.colcon_core.package_identification:_identify(yahboomcar_ws/src) by extensions ['ros']
[0.295s] Level 1:colcon.colcon_core.package_identification:_identify(yahboomcar_ws/src) by extension 'ros'
[0.296s] Level 1:colcon.colcon_core.package_identification:_identify(yahboomcar_ws/src) by extensions ['cmake', 'python']
[0.296s] Level 1:colcon.colcon_core.package_identification:_identify(yahboomcar_ws/src) by extension 'cmake'
[0.296s] Level 1:colcon.colcon_core.package_identification:_identify(yahboomcar_ws/src) by extension 'python'
[0.296s] Level 1:colcon.colcon_core.package_identification:_identify(yahboomcar_ws/src) by extensions ['python_setup_py']
[0.296s] Level 1:colcon.colcon_core.package_identification:_identify(yahboomcar_ws/src) by extension 'python_setup_py'
[0.296s] Level 1:colcon.colcon_core.package_identification:_identify(yahboomcar_ws/src/M3Pro_KCF) by extensions ['ignore', 'ignore_ament_install']
[0.296s] Level 1:colcon.colcon_core.package_identification:_identify(yahboomcar_ws/src/M3Pro_KCF) by extension 'ignore'
[0.296s] Level 1:colcon.colcon_core.package_identification:_identify(yahboomcar_ws/src/M3Pro_KCF) by extension 'ignore_ament_install'
[0.296s] Level 1:colcon.colcon_core.package_identification:_identify(yahboomcar_ws/src/M3Pro_KCF) by extensions ['colcon_pkg']
[0.296s] Level 1:colcon.colcon_core.package_identification:_identify(yahboomcar_ws/src/M3Pro_KCF) by extension 'colcon_pkg'
[0.296s] Level 1:colcon.colcon_core.package_identification:_identify(yahboomcar_ws/src/M3Pro_KCF) by extensions ['colcon_meta']
[0.296s] Level 1:colcon.colcon_core.package_identification:_identify(yahboomcar_ws/src/M3Pro_KCF) by extension 'colcon_meta'
[0.296s] Level 1:colcon.colcon_core.package_identification:_identify(yahboomcar_ws/src/M3Pro_KCF) by extensions ['ros']
[0.296s] Level 1:colcon.colcon_core.package_identification:_identify(yahboomcar_ws/src/M3Pro_KCF) by extension 'ros'
[0.297s] DEBUG:colcon.colcon_core.package_identification:Package 'yahboomcar_ws/src/M3Pro_KCF' with type 'ros.ament_cmake' and name 'M3Pro_KCF'
[0.297s] Level 1:colcon.colcon_core.package_identification:_identify(yahboomcar_ws/src/M3Pro_MoveIt_demo) by extensions ['ignore', 'ignore_ament_install']
[0.297s] Level 1:colcon.colcon_core.package_identification:_identify(yahboomcar_ws/src/M3Pro_MoveIt_demo) by extension 'ignore'
[0.297s] Level 1:colcon.colcon_core.package_identification:_identify(yahboomcar_ws/src/M3Pro_MoveIt_demo) by extension 'ignore_ament_install'
[0.297s] Level 1:colcon.colcon_core.package_identification:_identify(yahboomcar_ws/src/M3Pro_MoveIt_demo) by extensions ['colcon_pkg']
[0.297s] Level 1:colcon.colcon_core.package_identification:_identify(yahboomcar_ws/src/M3Pro_MoveIt_demo) by extension 'colcon_pkg'
[0.297s] Level 1:colcon.colcon_core.package_identification:_identify(yahboomcar_ws/src/M3Pro_MoveIt_demo) by extensions ['colcon_meta']
[0.297s] Level 1:colcon.colcon_core.package_identification:_identify(yahboomcar_ws/src/M3Pro_MoveIt_demo) by extension 'colcon_meta'
[0.297s] Level 1:colcon.colcon_core.package_identification:_identify(yahboomcar_ws/src/M3Pro_MoveIt_demo) by extensions ['ros']
[0.297s] Level 1:colcon.colcon_core.package_identification:_identify(yahboomcar_ws/src/M3Pro_MoveIt_demo) by extension 'ros'
[0.298s] DEBUG:colcon.colcon_core.package_identification:Package 'yahboomcar_ws/src/M3Pro_MoveIt_demo' with type 'ros.ament_python' and name 'M3Pro_MoveIt_demo'
[0.298s] Level 1:colcon.colcon_core.package_identification:_identify(yahboomcar_ws/src/M3Pro_config) by extensions ['ignore', 'ignore_ament_install']
[0.298s] Level 1:colcon.colcon_core.package_identification:_identify(yahboomcar_ws/src/M3Pro_config) by extension 'ignore'
[0.298s] Level 1:colcon.colcon_core.package_identification:_identify(yahboomcar_ws/src/M3Pro_config) by extension 'ignore_ament_install'
[0.298s] Level 1:colcon.colcon_core.package_identification:_identify(yahboomcar_ws/src/M3Pro_config) by extensions ['colcon_pkg']
[0.298s] Level 1:colcon.colcon_core.package_identification:_identify(yahboomcar_ws/src/M3Pro_config) by extension 'colcon_pkg'
[0.298s] Level 1:colcon.colcon_core.package_identification:_identify(yahboomcar_ws/src/M3Pro_config) by extensions ['colcon_meta']
[0.298s] Level 1:colcon.colcon_core.package_identification:_identify(yahboomcar_ws/src/M3Pro_config) by extension 'colcon_meta'
[0.298s] Level 1:colcon.colcon_core.package_identification:_identify(yahboomcar_ws/src/M3Pro_config) by extensions ['ros']
[0.298s] Level 1:colcon.colcon_core.package_identification:_identify(yahboomcar_ws/src/M3Pro_config) by extension 'ros'
[0.304s] DEBUG:colcon.colcon_core.package_identification:Package 'yahboomcar_ws/src/M3Pro_config' with type 'ros.ament_cmake' and name 'M3Pro_config'
[0.304s] Level 1:colcon.colcon_core.package_identification:_identify(yahboomcar_ws/src/M3Pro_demo) by extensions ['ignore', 'ignore_ament_install']
[0.304s] Level 1:colcon.colcon_core.package_identification:_identify(yahboomcar_ws/src/M3Pro_demo) by extension 'ignore'
[0.304s] Level 1:colcon.colcon_core.package_identification:_identify(yahboomcar_ws/src/M3Pro_demo) by extension 'ignore_ament_install'
[0.304s] Level 1:colcon.colcon_core.package_identification:_identify(yahboomcar_ws/src/M3Pro_demo) by extensions ['colcon_pkg']
[0.304s] Level 1:colcon.colcon_core.package_identification:_identify(yahboomcar_ws/src/M3Pro_demo) by extension 'colcon_pkg'
[0.304s] Level 1:colcon.colcon_core.package_identification:_identify(yahboomcar_ws/src/M3Pro_demo) by extensions ['colcon_meta']
[0.304s] Level 1:colcon.colcon_core.package_identification:_identify(yahboomcar_ws/src/M3Pro_demo) by extension 'colcon_meta'
[0.304s] Level 1:colcon.colcon_core.package_identification:_identify(yahboomcar_ws/src/M3Pro_demo) by extensions ['ros']
[0.304s] Level 1:colcon.colcon_core.package_identification:_identify(yahboomcar_ws/src/M3Pro_demo) by extension 'ros'
[0.305s] DEBUG:colcon.colcon_core.package_identification:Package 'yahboomcar_ws/src/M3Pro_demo' with type 'ros.ament_python' and name 'M3Pro_demo'
[0.305s] Level 1:colcon.colcon_core.package_identification:_identify(yahboomcar_ws/src/arm_driver) by extensions ['ignore', 'ignore_ament_install']
[0.305s] Level 1:colcon.colcon_core.package_identification:_identify(yahboomcar_ws/src/arm_driver) by extension 'ignore'
[0.305s] Level 1:colcon.colcon_core.package_identification:_identify(yahboomcar_ws/src/arm_driver) by extension 'ignore_ament_install'
[0.305s] Level 1:colcon.colcon_core.package_identification:_identify(yahboomcar_ws/src/arm_driver) by extensions ['colcon_pkg']
[0.305s] Level 1:colcon.colcon_core.package_identification:_identify(yahboomcar_ws/src/arm_driver) by extension 'colcon_pkg'
[0.305s] Level 1:colcon.colcon_core.package_identification:_identify(yahboomcar_ws/src/arm_driver) by extensions ['colcon_meta']
[0.305s] Level 1:colcon.colcon_core.package_identification:_identify(yahboomcar_ws/src/arm_driver) by extension 'colcon_meta'
[0.305s] Level 1:colcon.colcon_core.package_identification:_identify(yahboomcar_ws/src/arm_driver) by extensions ['ros']
[0.305s] Level 1:colcon.colcon_core.package_identification:_identify(yahboomcar_ws/src/arm_driver) by extension 'ros'
[0.306s] DEBUG:colcon.colcon_core.package_identification:Package 'yahboomcar_ws/src/arm_driver' with type 'ros.ament_python' and name 'arm_driver'
[0.306s] Level 1:colcon.colcon_core.package_identification:_identify(yahboomcar_ws/src/arm_interface) by extensions ['ignore', 'ignore_ament_install']
[0.306s] Level 1:colcon.colcon_core.package_identification:_identify(yahboomcar_ws/src/arm_interface) by extension 'ignore'
[0.306s] Level 1:colcon.colcon_core.package_identification:_identify(yahboomcar_ws/src/arm_interface) by extension 'ignore_ament_install'
[0.306s] Level 1:colcon.colcon_core.package_identification:_identify(yahboomcar_ws/src/arm_interface) by extensions ['colcon_pkg']
[0.306s] Level 1:colcon.colcon_core.package_identification:_identify(yahboomcar_ws/src/arm_interface) by extension 'colcon_pkg'
[0.306s] Level 1:colcon.colcon_core.package_identification:_identify(yahboomcar_ws/src/arm_interface) by extensions ['colcon_meta']
[0.306s] Level 1:colcon.colcon_core.package_identification:_identify(yahboomcar_ws/src/arm_interface) by extension 'colcon_meta'
[0.306s] Level 1:colcon.colcon_core.package_identification:_identify(yahboomcar_ws/src/arm_interface) by extensions ['ros']
[0.306s] Level 1:colcon.colcon_core.package_identification:_identify(yahboomcar_ws/src/arm_interface) by extension 'ros'
[0.306s] DEBUG:colcon.colcon_core.package_identification:Package 'yahboomcar_ws/src/arm_interface' with type 'ros.ament_cmake' and name 'arm_interface'
[0.307s] Level 1:colcon.colcon_core.package_identification:_identify(yahboomcar_ws/src/arm_kin) by extensions ['ignore', 'ignore_ament_install']
[0.307s] Level 1:colcon.colcon_core.package_identification:_identify(yahboomcar_ws/src/arm_kin) by extension 'ignore'
[0.307s] Level 1:colcon.colcon_core.package_identification:_identify(yahboomcar_ws/src/arm_kin) by extension 'ignore_ament_install'
[0.307s] Level 1:colcon.colcon_core.package_identification:_identify(yahboomcar_ws/src/arm_kin) by extensions ['colcon_pkg']
[0.307s] Level 1:colcon.colcon_core.package_identification:_identify(yahboomcar_ws/src/arm_kin) by extension 'colcon_pkg'
[0.307s] Level 1:colcon.colcon_core.package_identification:_identify(yahboomcar_ws/src/arm_kin) by extensions ['colcon_meta']
[0.307s] Level 1:colcon.colcon_core.package_identification:_identify(yahboomcar_ws/src/arm_kin) by extension 'colcon_meta'
[0.307s] Level 1:colcon.colcon_core.package_identification:_identify(yahboomcar_ws/src/arm_kin) by extensions ['ros']
[0.307s] Level 1:colcon.colcon_core.package_identification:_identify(yahboomcar_ws/src/arm_kin) by extension 'ros'
[0.307s] DEBUG:colcon.colcon_core.package_identification:Package 'yahboomcar_ws/src/arm_kin' with type 'ros.ament_cmake' and name 'arm_kin'
[0.307s] Level 1:colcon.colcon_core.package_identification:_identify(yahboomcar_ws/src/arm_msgs) by extensions ['ignore', 'ignore_ament_install']
[0.307s] Level 1:colcon.colcon_core.package_identification:_identify(yahboomcar_ws/src/arm_msgs) by extension 'ignore'
[0.307s] Level 1:colcon.colcon_core.package_identification:_identify(yahboomcar_ws/src/arm_msgs) by extension 'ignore_ament_install'
[0.307s] Level 1:colcon.colcon_core.package_identification:_identify(yahboomcar_ws/src/arm_msgs) by extensions ['colcon_pkg']
[0.307s] Level 1:colcon.colcon_core.package_identification:_identify(yahboomcar_ws/src/arm_msgs) by extension 'colcon_pkg'
[0.307s] Level 1:colcon.colcon_core.package_identification:_identify(yahboomcar_ws/src/arm_msgs) by extensions ['colcon_meta']
[0.307s] Level 1:colcon.colcon_core.package_identification:_identify(yahboomcar_ws/src/arm_msgs) by extension 'colcon_meta'
[0.307s] Level 1:colcon.colcon_core.package_identification:_identify(yahboomcar_ws/src/arm_msgs) by extensions ['ros']
[0.307s] Level 1:colcon.colcon_core.package_identification:_identify(yahboomcar_ws/src/arm_msgs) by extension 'ros'
[0.308s] DEBUG:colcon.colcon_core.package_identification:Package 'yahboomcar_ws/src/arm_msgs' with type 'ros.ament_cmake' and name 'arm_msgs'
[0.308s] Level 1:colcon.colcon_core.package_identification:_identify(yahboomcar_ws/src/test_config) by extensions ['ignore', 'ignore_ament_install']
[0.308s] Level 1:colcon.colcon_core.package_identification:_identify(yahboomcar_ws/src/test_config) by extension 'ignore'
[0.308s] Level 1:colcon.colcon_core.package_identification:_identify(yahboomcar_ws/src/test_config) by extension 'ignore_ament_install'
[0.308s] Level 1:colcon.colcon_core.package_identification:_identify(yahboomcar_ws/src/test_config) by extensions ['colcon_pkg']
[0.308s] Level 1:colcon.colcon_core.package_identification:_identify(yahboomcar_ws/src/test_config) by extension 'colcon_pkg'
[0.308s] Level 1:colcon.colcon_core.package_identification:_identify(yahboomcar_ws/src/test_config) by extensions ['colcon_meta']
[0.308s] Level 1:colcon.colcon_core.package_identification:_identify(yahboomcar_ws/src/test_config) by extension 'colcon_meta'
[0.308s] Level 1:colcon.colcon_core.package_identification:_identify(yahboomcar_ws/src/test_config) by extensions ['ros']
[0.308s] Level 1:colcon.colcon_core.package_identification:_identify(yahboomcar_ws/src/test_config) by extension 'ros'
[0.309s] DEBUG:colcon.colcon_core.package_identification:Package 'yahboomcar_ws/src/test_config' with type 'ros.ament_cmake' and name 'test_config'
[0.309s] Level 1:colcon.colcon_core.package_identification:_identify(yahboomcar_ws/src/yahboom_M3Pro_DepthCam) by extensions ['ignore', 'ignore_ament_install']
[0.309s] Level 1:colcon.colcon_core.package_identification:_identify(yahboomcar_ws/src/yahboom_M3Pro_DepthCam) by extension 'ignore'
[0.309s] Level 1:colcon.colcon_core.package_identification:_identify(yahboomcar_ws/src/yahboom_M3Pro_DepthCam) by extension 'ignore_ament_install'
[0.309s] Level 1:colcon.colcon_core.package_identification:_identify(yahboomcar_ws/src/yahboom_M3Pro_DepthCam) by extensions ['colcon_pkg']
[0.309s] Level 1:colcon.colcon_core.package_identification:_identify(yahboomcar_ws/src/yahboom_M3Pro_DepthCam) by extension 'colcon_pkg'
[0.309s] Level 1:colcon.colcon_core.package_identification:_identify(yahboomcar_ws/src/yahboom_M3Pro_DepthCam) by extensions ['colcon_meta']
[0.309s] Level 1:colcon.colcon_core.package_identification:_identify(yahboomcar_ws/src/yahboom_M3Pro_DepthCam) by extension 'colcon_meta'
[0.309s] Level 1:colcon.colcon_core.package_identification:_identify(yahboomcar_ws/src/yahboom_M3Pro_DepthCam) by extensions ['ros']
[0.309s] Level 1:colcon.colcon_core.package_identification:_identify(yahboomcar_ws/src/yahboom_M3Pro_DepthCam) by extension 'ros'
[0.309s] DEBUG:colcon.colcon_core.package_identification:Package 'yahboomcar_ws/src/yahboom_M3Pro_DepthCam' with type 'ros.ament_python' and name 'yahboom_M3Pro_DepthCam'
[0.310s] Level 1:colcon.colcon_core.package_identification:_identify(yahboomcar_ws/src/yahboom_M3Pro_description) by extensions ['ignore', 'ignore_ament_install']
[0.310s] Level 1:colcon.colcon_core.package_identification:_identify(yahboomcar_ws/src/yahboom_M3Pro_description) by extension 'ignore'
[0.310s] Level 1:colcon.colcon_core.package_identification:_identify(yahboomcar_ws/src/yahboom_M3Pro_description) by extension 'ignore_ament_install'
[0.310s] Level 1:colcon.colcon_core.package_identification:_identify(yahboomcar_ws/src/yahboom_M3Pro_description) by extensions ['colcon_pkg']
[0.310s] Level 1:colcon.colcon_core.package_identification:_identify(yahboomcar_ws/src/yahboom_M3Pro_description) by extension 'colcon_pkg'
[0.310s] Level 1:colcon.colcon_core.package_identification:_identify(yahboomcar_ws/src/yahboom_M3Pro_description) by extensions ['colcon_meta']
[0.310s] Level 1:colcon.colcon_core.package_identification:_identify(yahboomcar_ws/src/yahboom_M3Pro_description) by extension 'colcon_meta'
[0.310s] Level 1:colcon.colcon_core.package_identification:_identify(yahboomcar_ws/src/yahboom_M3Pro_description) by extensions ['ros']
[0.310s] Level 1:colcon.colcon_core.package_identification:_identify(yahboomcar_ws/src/yahboom_M3Pro_description) by extension 'ros'
[0.310s] DEBUG:colcon.colcon_core.package_identification:Package 'yahboomcar_ws/src/yahboom_M3Pro_description' with type 'ros.ament_python' and name 'yahboom_M3Pro_description'
[0.310s] Level 1:colcon.colcon_core.package_identification:_identify(yahboomcar_ws/src/yahboom_M3Pro_laser) by extensions ['ignore', 'ignore_ament_install']
[0.310s] Level 1:colcon.colcon_core.package_identification:_identify(yahboomcar_ws/src/yahboom_M3Pro_laser) by extension 'ignore'
[0.310s] Level 1:colcon.colcon_core.package_identification:_identify(yahboomcar_ws/src/yahboom_M3Pro_laser) by extension 'ignore_ament_install'
[0.310s] Level 1:colcon.colcon_core.package_identification:_identify(yahboomcar_ws/src/yahboom_M3Pro_laser) by extensions ['colcon_pkg']
[0.310s] Level 1:colcon.colcon_core.package_identification:_identify(yahboomcar_ws/src/yahboom_M3Pro_laser) by extension 'colcon_pkg'
[0.310s] Level 1:colcon.colcon_core.package_identification:_identify(yahboomcar_ws/src/yahboom_M3Pro_laser) by extensions ['colcon_meta']
[0.310s] Level 1:colcon.colcon_core.package_identification:_identify(yahboomcar_ws/src/yahboom_M3Pro_laser) by extension 'colcon_meta'
[0.310s] Level 1:colcon.colcon_core.package_identification:_identify(yahboomcar_ws/src/yahboom_M3Pro_laser) by extensions ['ros']
[0.310s] Level 1:colcon.colcon_core.package_identification:_identify(yahboomcar_ws/src/yahboom_M3Pro_laser) by extension 'ros'
[0.311s] DEBUG:colcon.colcon_core.package_identification:Package 'yahboomcar_ws/src/yahboom_M3Pro_laser' with type 'ros.ament_python' and name 'yahboom_M3Pro_laser'
[0.311s] Level 1:colcon.colcon_core.package_identification:_identify(yahboomcar_ws/src/yahboomcar_ctrl) by extensions ['ignore', 'ignore_ament_install']
[0.311s] Level 1:colcon.colcon_core.package_identification:_identify(yahboomcar_ws/src/yahboomcar_ctrl) by extension 'ignore'
[0.311s] Level 1:colcon.colcon_core.package_identification:_identify(yahboomcar_ws/src/yahboomcar_ctrl) by extension 'ignore_ament_install'
[0.311s] Level 1:colcon.colcon_core.package_identification:_identify(yahboomcar_ws/src/yahboomcar_ctrl) by extensions ['colcon_pkg']
[0.311s] Level 1:colcon.colcon_core.package_identification:_identify(yahboomcar_ws/src/yahboomcar_ctrl) by extension 'colcon_pkg'
[0.311s] Level 1:colcon.colcon_core.package_identification:_identify(yahboomcar_ws/src/yahboomcar_ctrl) by extensions ['colcon_meta']
[0.311s] Level 1:colcon.colcon_core.package_identification:_identify(yahboomcar_ws/src/yahboomcar_ctrl) by extension 'colcon_meta'
[0.311s] Level 1:colcon.colcon_core.package_identification:_identify(yahboomcar_ws/src/yahboomcar_ctrl) by extensions ['ros']
[0.311s] Level 1:colcon.colcon_core.package_identification:_identify(yahboomcar_ws/src/yahboomcar_ctrl) by extension 'ros'
[0.311s] DEBUG:colcon.colcon_core.package_identification:Package 'yahboomcar_ws/src/yahboomcar_ctrl' with type 'ros.ament_python' and name 'yahboomcar_ctrl'
[0.311s] Level 1:colcon.colcon_core.package_identification:_identify(yahboomcar_ws/src/yahboomcar_msgs) by extensions ['ignore', 'ignore_ament_install']
[0.311s] Level 1:colcon.colcon_core.package_identification:_identify(yahboomcar_ws/src/yahboomcar_msgs) by extension 'ignore'
[0.312s] Level 1:colcon.colcon_core.package_identification:_identify(yahboomcar_ws/src/yahboomcar_msgs) by extension 'ignore_ament_install'
[0.312s] Level 1:colcon.colcon_core.package_identification:_identify(yahboomcar_ws/src/yahboomcar_msgs) by extensions ['colcon_pkg']
[0.312s] Level 1:colcon.colcon_core.package_identification:_identify(yahboomcar_ws/src/yahboomcar_msgs) by extension 'colcon_pkg'
[0.312s] Level 1:colcon.colcon_core.package_identification:_identify(yahboomcar_ws/src/yahboomcar_msgs) by extensions ['colcon_meta']
[0.312s] Level 1:colcon.colcon_core.package_identification:_identify(yahboomcar_ws/src/yahboomcar_msgs) by extension 'colcon_meta'
[0.312s] Level 1:colcon.colcon_core.package_identification:_identify(yahboomcar_ws/src/yahboomcar_msgs) by extensions ['ros']
[0.312s] Level 1:colcon.colcon_core.package_identification:_identify(yahboomcar_ws/src/yahboomcar_msgs) by extension 'ros'
[0.312s] DEBUG:colcon.colcon_core.package_identification:Package 'yahboomcar_ws/src/yahboomcar_msgs' with type 'ros.ament_cmake' and name 'yahboomcar_msgs'
[0.312s] Level 1:colcon.colcon_core.package_discovery:discover_packages(recursive) using defaults
[0.312s] Level 1:colcon.colcon_core.package_discovery:discover_packages(ignore) discover
[0.312s] Level 1:colcon.colcon_core.package_discovery:discover_packages(ignore) using defaults
[0.312s] Level 1:colcon.colcon_core.package_discovery:discover_packages(path) discover
[0.312s] Level 1:colcon.colcon_core.package_discovery:discover_packages(path) using defaults
[0.332s] INFO:colcon.colcon_core.package_selection:Skipping not selected package 'M3Pro' in 'M3Pro_ws/src/M3Pro'
[0.332s] INFO:colcon.colcon_core.package_selection:Skipping not selected package 'M3Pro_MoveIt_demo' in 'yahboomcar_ws/src/M3Pro_MoveIt_demo'
[0.332s] INFO:colcon.colcon_core.package_selection:Skipping not selected package 'M3Pro_demo' in 'yahboomcar_ws/src/M3Pro_demo'
[0.332s] INFO:colcon.colcon_core.package_selection:Skipping not selected package 'M3Pro_navigation' in 'M3Pro_ws/src/M3Pro_navigation'
[0.332s] INFO:colcon.colcon_core.package_selection:Skipping not selected package 'arm_driver' in 'yahboomcar_ws/src/arm_driver'
[0.332s] INFO:colcon.colcon_core.package_selection:Skipping not selected package 'arm_interface' in 'yahboomcar_ws/src/arm_interface'
[0.332s] INFO:colcon.colcon_core.package_selection:Skipping not selected package 'arm_kin' in 'yahboomcar_ws/src/arm_kin'
[0.332s] INFO:colcon.colcon_core.package_selection:Skipping not selected package 'arm_msgs' in 'yahboomcar_ws/src/arm_msgs'
[0.332s] INFO:colcon.colcon_core.package_selection:Skipping not selected package 'calibration' in 'M3Pro_ws/src/calibration'
[0.332s] INFO:colcon.colcon_core.package_selection:Skipping not selected package 'ekf_bringup' in 'M3Pro_ws/src/ekf_bringup'
[0.332s] INFO:colcon.colcon_core.package_selection:Skipping not selected package 'imu_complementary_filter' in 'M3Pro_ws/src/M3Pro_core/imu_tools/imu_complementary_filter'
[0.332s] INFO:colcon.colcon_core.package_selection:Skipping not selected package 'imu_filter_madgwick' in 'M3Pro_ws/src/M3Pro_core/imu_tools/imu_filter_madgwick'
[0.332s] INFO:colcon.colcon_core.package_selection:Skipping not selected package 'interfaces' in 'M3Pro_ws/src/interfaces'
[0.332s] INFO:colcon.colcon_core.package_selection:Skipping not selected package 'ira_laser_tools' in 'M3Pro_ws/src/M3Pro_core/ira_laser_tools'
[0.332s] INFO:colcon.colcon_core.package_selection:Skipping not selected package 'largemodel' in 'M3Pro_ws/src/largemodel'
[0.332s] INFO:colcon.colcon_core.package_selection:Skipping not selected package 'laserscan_to_point_publisher' in 'M3Pro_ws/src/ros_robot_app/laserscan_to_point_publisher'
[0.332s] INFO:colcon.colcon_core.package_selection:Skipping not selected package 'openslam_gmapping' in 'M3Pro_ws/src/M3Pro_core/openslam_gmapping'
[0.332s] INFO:colcon.colcon_core.package_selection:Skipping not selected package 'patrol' in 'M3Pro_ws/src/patrol'
[0.332s] INFO:colcon.colcon_core.package_selection:Skipping not selected package 'robot_pose_publisher_ros2' in 'M3Pro_ws/src/ros_robot_app/robot_pose_publisher_ros2'
[0.332s] INFO:colcon.colcon_core.package_selection:Skipping not selected package 'rviz_imu_plugin' in 'M3Pro_ws/src/M3Pro_core/imu_tools/rviz_imu_plugin'
[0.332s] INFO:colcon.colcon_core.package_selection:Skipping not selected package 'slam_mapping' in 'M3Pro_ws/src/slam_mapping'
[0.332s] INFO:colcon.colcon_core.package_selection:Skipping not selected package 'test_config' in 'yahboomcar_ws/src/test_config'
[0.332s] INFO:colcon.colcon_core.package_selection:Skipping not selected package 'text_chat' in 'M3Pro_ws/src/text_chat'
[0.332s] INFO:colcon.colcon_core.package_selection:Skipping not selected package 'updatecostmap' in 'M3Pro_ws/src/updatecostmap'
[0.332s] INFO:colcon.colcon_core.package_selection:Skipping not selected package 'yahboom_M3Pro_DepthCam' in 'yahboomcar_ws/src/yahboom_M3Pro_DepthCam'
[0.332s] INFO:colcon.colcon_core.package_selection:Skipping not selected package 'yahboom_M3Pro_laser' in 'yahboomcar_ws/src/yahboom_M3Pro_laser'
[0.332s] INFO:colcon.colcon_core.package_selection:Skipping not selected package 'yahboom_app_save_map' in 'M3Pro_ws/src/ros_robot_app/yahboom_app_save_map'
[0.332s] INFO:colcon.colcon_core.package_selection:Skipping not selected package 'yahboom_laser_filter' in 'M3Pro_ws/src/M3Pro_core/yahboom_laser_filter'
[0.332s] INFO:colcon.colcon_core.package_selection:Skipping not selected package 'yahboom_mapping' in 'M3Pro_ws/src/yahboom_mapping'
[0.332s] INFO:colcon.colcon_core.package_selection:Skipping not selected package 'yahboom_multi' in 'M3Pro_ws/src/yahboom_multi'
[0.332s] INFO:colcon.colcon_core.package_selection:Skipping not selected package 'yahboom_web_savmap_interfaces' in 'M3Pro_ws/src/ros_robot_app/yahboom_web_savmap_interfaces'
[0.332s] INFO:colcon.colcon_core.package_selection:Skipping not selected package 'yahboomcar_ctrl' in 'yahboomcar_ws/src/yahboomcar_ctrl'
[0.332s] INFO:colcon.colcon_core.package_selection:Skipping not selected package 'yahboomcar_msgs' in 'yahboomcar_ws/src/yahboomcar_msgs'
[0.332s] INFO:colcon.colcon_core.package_selection:Skipping not selected package 'M3Pro_KCF' in 'M3Pro_ws/src/M3Pro_KCF'
[0.332s] INFO:colcon.colcon_core.package_selection:Skipping not selected package 'M3Pro_KCF' in 'yahboomcar_ws/src/M3Pro_KCF'
[0.332s] INFO:colcon.colcon_core.package_selection:Skipping not selected package 'M3Pro_config' in 'yahboomcar_ws/src/M3Pro_config'
[0.332s] INFO:colcon.colcon_core.package_selection:Skipping not selected package 'imu_tools' in 'M3Pro_ws/src/M3Pro_core/imu_tools/imu_tools'
[0.332s] INFO:colcon.colcon_core.package_selection:Skipping not selected package 'largemodel_arm' in 'M3Pro_ws/src/largemodel_arm'
[0.332s] INFO:colcon.colcon_core.package_selection:Skipping not selected package 'slam_gmapping' in 'M3Pro_ws/src/M3Pro_core/slam_gmapping'
[0.333s] Level 1:colcon.colcon_core.package_discovery:discover_packages(prefix_path) check parameters
[0.333s] Level 1:colcon.colcon_core.package_discovery:discover_packages(prefix_path) discover
[0.335s] DEBUG:colcon.colcon_installed_package_information.package_discovery:Found 419 installed packages in /opt/ros/humble
[0.337s] Level 1:colcon.colcon_core.package_discovery:discover_packages(prefix_path) using defaults
[0.365s] Level 5:colcon.colcon_core.verb:set package 'yahboom_M3Pro_description' build argument 'cmake_args' from command line to 'None'
[0.365s] Level 5:colcon.colcon_core.verb:set package 'yahboom_M3Pro_description' build argument 'cmake_target' from command line to 'None'
[0.365s] Level 5:colcon.colcon_core.verb:set package 'yahboom_M3Pro_description' build argument 'cmake_target_skip_unavailable' from command line to 'False'
[0.365s] Level 5:colcon.colcon_core.verb:set package 'yahboom_M3Pro_description' build argument 'cmake_clean_cache' from command line to 'False'
[0.365s] Level 5:colcon.colcon_core.verb:set package 'yahboom_M3Pro_description' build argument 'cmake_clean_first' from command line to 'False'
[0.365s] Level 5:colcon.colcon_core.verb:set package 'yahboom_M3Pro_description' build argument 'cmake_force_configure' from command line to 'False'
[0.365s] Level 5:colcon.colcon_core.verb:set package 'yahboom_M3Pro_description' build argument 'ament_cmake_args' from command line to 'None'
[0.365s] Level 5:colcon.colcon_core.verb:set package 'yahboom_M3Pro_description' build argument 'catkin_cmake_args' from command line to 'None'
[0.365s] Level 5:colcon.colcon_core.verb:set package 'yahboom_M3Pro_description' build argument 'catkin_skip_building_tests' from command line to 'False'
[0.366s] DEBUG:colcon.colcon_core.verb:Building package 'yahboom_M3Pro_description' with the following arguments: {'ament_cmake_args': None, 'build_base': '/home/pawan/yahboomcar_ws_test/build/yahboom_M3Pro_description', 'catkin_cmake_args': None, 'catkin_skip_building_tests': False, 'cmake_args': None, 'cmake_clean_cache': False, 'cmake_clean_first': False, 'cmake_force_configure': False, 'cmake_target': None, 'cmake_target_skip_unavailable': False, 'install_base': '/home/pawan/yahboomcar_ws_test/install/yahboom_M3Pro_description', 'merge_install': False, 'path': '/home/pawan/yahboomcar_ws_test/yahboomcar_ws/src/yahboom_M3Pro_description', 'symlink_install': False, 'test_result_base': None}
[0.366s] INFO:colcon.colcon_core.executor:Executing jobs using 'parallel' executor
[0.367s] DEBUG:colcon.colcon_parallel_executor.executor.parallel:run_until_complete
[0.367s] INFO:colcon.colcon_ros.task.ament_python.build:Building ROS package in '/home/pawan/yahboomcar_ws_test/yahboomcar_ws/src/yahboom_M3Pro_description' with build type 'ament_python'
[0.367s] Level 1:colcon.colcon_core.shell:create_environment_hook('yahboom_M3Pro_description', 'ament_prefix_path')
[0.369s] INFO:colcon.colcon_core.plugin_system:Skipping extension 'colcon_core.shell.bat': Not used on non-Windows systems
[0.370s] INFO:colcon.colcon_core.shell:Creating environment hook '/home/pawan/yahboomcar_ws_test/install/yahboom_M3Pro_description/share/yahboom_M3Pro_description/hook/ament_prefix_path.ps1'
[0.370s] INFO:colcon.colcon_core.shell:Creating environment descriptor '/home/pawan/yahboomcar_ws_test/install/yahboom_M3Pro_description/share/yahboom_M3Pro_description/hook/ament_prefix_path.dsv'
[0.371s] INFO:colcon.colcon_core.shell:Creating environment hook '/home/pawan/yahboomcar_ws_test/install/yahboom_M3Pro_description/share/yahboom_M3Pro_description/hook/ament_prefix_path.sh'
[0.371s] INFO:colcon.colcon_core.shell:Skip shell extension 'powershell' for command environment: Not usable outside of PowerShell
[0.371s] DEBUG:colcon.colcon_core.shell:Skip shell extension 'dsv' for command environment
[0.538s] INFO:colcon.colcon_core.task.python.build:Building Python package in '/home/pawan/yahboomcar_ws_test/yahboomcar_ws/src/yahboom_M3Pro_description'
[0.538s] INFO:colcon.colcon_core.shell:Skip shell extension 'powershell' for command environment: Not usable outside of PowerShell
[0.538s] DEBUG:colcon.colcon_core.shell:Skip shell extension 'dsv' for command environment
[0.838s] DEBUG:colcon.colcon_core.event_handler.log_command:Invoking command in '/home/pawan/yahboomcar_ws_test/yahboomcar_ws/src/yahboom_M3Pro_description': PYTHONPATH=/home/pawan/yahboomcar_ws_test/build/yahboom_M3Pro_description/prefix_override:/usr/lib/python3/dist-packages/colcon_core/task/python/colcon_distutils_commands:/home/pawan/yahboomcar_ws_test/install/yahboom_M3Pro_description/lib/python3.10/site-packages:${PYTHONPATH} /usr/bin/python3 -W ignore:setup.py install is deprecated -W ignore:easy_install command is deprecated setup.py egg_info --egg-base ../../../build/yahboom_M3Pro_description build --build-base /home/pawan/yahboomcar_ws_test/build/yahboom_M3Pro_description/build install --record /home/pawan/yahboomcar_ws_test/build/yahboom_M3Pro_description/install.log --single-version-externally-managed install_data
[1.057s] DEBUG:colcon.colcon_core.event_handler.log_command:Invoked command in '/home/pawan/yahboomcar_ws_test/yahboomcar_ws/src/yahboom_M3Pro_description' returned '0': PYTHONPATH=/home/pawan/yahboomcar_ws_test/build/yahboom_M3Pro_description/prefix_override:/usr/lib/python3/dist-packages/colcon_core/task/python/colcon_distutils_commands:/home/pawan/yahboomcar_ws_test/install/yahboom_M3Pro_description/lib/python3.10/site-packages:${PYTHONPATH} /usr/bin/python3 -W ignore:setup.py install is deprecated -W ignore:easy_install command is deprecated setup.py egg_info --egg-base ../../../build/yahboom_M3Pro_description build --build-base /home/pawan/yahboomcar_ws_test/build/yahboom_M3Pro_description/build install --record /home/pawan/yahboomcar_ws_test/build/yahboom_M3Pro_description/install.log --single-version-externally-managed install_data
[1.060s] Level 1:colcon.colcon_core.environment:checking '/home/pawan/yahboomcar_ws_test/install/yahboom_M3Pro_description' for CMake module files
[1.060s] Level 1:colcon.colcon_core.environment:checking '/home/pawan/yahboomcar_ws_test/install/yahboom_M3Pro_description' for CMake config files
[1.060s] Level 1:colcon.colcon_core.environment:checking '/home/pawan/yahboomcar_ws_test/install/yahboom_M3Pro_description/lib'
[1.060s] Level 1:colcon.colcon_core.environment:checking '/home/pawan/yahboomcar_ws_test/install/yahboom_M3Pro_description/bin'
[1.060s] Level 1:colcon.colcon_core.environment:checking '/home/pawan/yahboomcar_ws_test/install/yahboom_M3Pro_description/lib/pkgconfig/yahboom_M3Pro_description.pc'
[1.061s] Level 1:colcon.colcon_core.environment:checking '/home/pawan/yahboomcar_ws_test/install/yahboom_M3Pro_description/lib/python3.10/site-packages'
[1.061s] Level 1:colcon.colcon_core.shell:create_environment_hook('yahboom_M3Pro_description', 'pythonpath')
[1.061s] INFO:colcon.colcon_core.shell:Creating environment hook '/home/pawan/yahboomcar_ws_test/install/yahboom_M3Pro_description/share/yahboom_M3Pro_description/hook/pythonpath.ps1'
[1.061s] INFO:colcon.colcon_core.shell:Creating environment descriptor '/home/pawan/yahboomcar_ws_test/install/yahboom_M3Pro_description/share/yahboom_M3Pro_description/hook/pythonpath.dsv'
[1.061s] INFO:colcon.colcon_core.shell:Creating environment hook '/home/pawan/yahboomcar_ws_test/install/yahboom_M3Pro_description/share/yahboom_M3Pro_description/hook/pythonpath.sh'
[1.062s] Level 1:colcon.colcon_core.environment:checking '/home/pawan/yahboomcar_ws_test/install/yahboom_M3Pro_description/bin'
[1.062s] Level 1:colcon.colcon_core.environment:create_environment_scripts_only(yahboom_M3Pro_description)
[1.062s] INFO:colcon.colcon_core.shell:Creating package script '/home/pawan/yahboomcar_ws_test/install/yahboom_M3Pro_description/share/yahboom_M3Pro_description/package.ps1'
[1.063s] INFO:colcon.colcon_core.shell:Creating package descriptor '/home/pawan/yahboomcar_ws_test/install/yahboom_M3Pro_description/share/yahboom_M3Pro_description/package.dsv'
[1.063s] INFO:colcon.colcon_core.shell:Creating package script '/home/pawan/yahboomcar_ws_test/install/yahboom_M3Pro_description/share/yahboom_M3Pro_description/package.sh'
[1.064s] INFO:colcon.colcon_core.shell:Creating package script '/home/pawan/yahboomcar_ws_test/install/yahboom_M3Pro_description/share/yahboom_M3Pro_description/package.bash'
[1.064s] INFO:colcon.colcon_core.shell:Creating package script '/home/pawan/yahboomcar_ws_test/install/yahboom_M3Pro_description/share/yahboom_M3Pro_description/package.zsh'
[1.065s] Level 1:colcon.colcon_core.environment:create_file_with_runtime_dependencies(/home/pawan/yahboomcar_ws_test/install/yahboom_M3Pro_description/share/colcon-core/packages/yahboom_M3Pro_description)
[1.065s] DEBUG:colcon.colcon_parallel_executor.executor.parallel:closing loop
[1.065s] DEBUG:colcon.colcon_parallel_executor.executor.parallel:loop closed
[1.065s] DEBUG:colcon.colcon_parallel_executor.executor.parallel:run_until_complete finished with '0'
[1.065s] DEBUG:colcon.colcon_core.event_reactor:joining thread
[1.071s] INFO:colcon.colcon_core.plugin_system:Skipping extension 'colcon_notification.desktop_notification.terminal_notifier': Not used on non-Darwin systems
[1.071s] INFO:colcon.colcon_core.plugin_system:Skipping extension 'colcon_notification.desktop_notification.win32': Not used on non-Windows systems
[1.071s] INFO:colcon.colcon_notification.desktop_notification:Sending desktop notification using 'notify2'
[1.106s] DEBUG:colcon.colcon_core.event_reactor:joined thread
[1.106s] INFO:colcon.colcon_core.shell:Creating prefix script '/home/pawan/yahboomcar_ws_test/install/local_setup.ps1'
[1.107s] INFO:colcon.colcon_core.shell:Creating prefix util module '/home/pawan/yahboomcar_ws_test/install/_local_setup_util_ps1.py'
[1.108s] INFO:colcon.colcon_core.shell:Creating prefix chain script '/home/pawan/yahboomcar_ws_test/install/setup.ps1'
[1.109s] INFO:colcon.colcon_core.shell:Creating prefix script '/home/pawan/yahboomcar_ws_test/install/local_setup.sh'
[1.110s] INFO:colcon.colcon_core.shell:Creating prefix util module '/home/pawan/yahboomcar_ws_test/install/_local_setup_util_sh.py'
[1.110s] INFO:colcon.colcon_core.shell:Creating prefix chain script '/home/pawan/yahboomcar_ws_test/install/setup.sh'
[1.111s] INFO:colcon.colcon_core.shell:Creating prefix script '/home/pawan/yahboomcar_ws_test/install/local_setup.bash'
[1.111s] INFO:colcon.colcon_core.shell:Creating prefix chain script '/home/pawan/yahboomcar_ws_test/install/setup.bash'
[1.112s] INFO:colcon.colcon_core.shell:Creating prefix script '/home/pawan/yahboomcar_ws_test/install/local_setup.zsh'
[1.112s] INFO:colcon.colcon_core.shell:Creating prefix chain script '/home/pawan/yahboomcar_ws_test/install/setup.zsh'
