[100%] Built target laser_filter_node
-- Install configuration: ""
-- Up-to-date: /home/pawan/yahboomcar_ws_test/digitaltwin_ws/install/yahboom_laser_filter/lib/yahboom_laser_filter/laser_filter_node
-- Up-to-date: /home/pawan/yahboomcar_ws_test/digitaltwin_ws/install/yahboom_laser_filter/share/yahboom_laser_filter/config/
-- Up-to-date: /home/pawan/yahboomcar_ws_test/digitaltwin_ws/install/yahboom_laser_filter/share/yahboom_laser_filter/config//param.yaml
-- Up-to-date: /home/pawan/yahboomcar_ws_test/digitaltwin_ws/install/yahboom_laser_filter/share/yahboom_laser_filter/launch
-- Up-to-date: /home/pawan/yahboomcar_ws_test/digitaltwin_ws/install/yahboom_laser_filter/share/yahboom_laser_filter/launch/laser_filter_node_multi.xml
-- Up-to-date: /home/pawan/yahboomcar_ws_test/digitaltwin_ws/install/yahboom_laser_filter/share/yahboom_laser_filter/launch/.ipynb_checkpoints
-- Up-to-date: /home/pawan/yahboomcar_ws_test/digitaltwin_ws/install/yahboom_laser_filter/share/yahboom_laser_filter/launch/.ipynb_checkpoints/laser_filter_node_multi-checkpoint.xml
-- Up-to-date: /home/pawan/yahboomcar_ws_test/digitaltwin_ws/install/yahboom_laser_filter/share/yahboom_laser_filter/launch/.ipynb_checkpoints/laser_filter_node.launch-checkpoint.py
-- Up-to-date: /home/pawan/yahboomcar_ws_test/digitaltwin_ws/install/yahboom_laser_filter/share/yahboom_laser_filter/launch/laser_filter_node.launch.py
-- Up-to-date: /home/pawan/yahboomcar_ws_test/digitaltwin_ws/install/yahboom_laser_filter/share/ament_index/resource_index/package_run_dependencies/yahboom_laser_filter
-- Up-to-date: /home/pawan/yahboomcar_ws_test/digitaltwin_ws/install/yahboom_laser_filter/share/ament_index/resource_index/parent_prefix_path/yahboom_laser_filter
-- Up-to-date: /home/pawan/yahboomcar_ws_test/digitaltwin_ws/install/yahboom_laser_filter/share/yahboom_laser_filter/environment/ament_prefix_path.sh
-- Up-to-date: /home/pawan/yahboomcar_ws_test/digitaltwin_ws/install/yahboom_laser_filter/share/yahboom_laser_filter/environment/ament_prefix_path.dsv
-- Up-to-date: /home/pawan/yahboomcar_ws_test/digitaltwin_ws/install/yahboom_laser_filter/share/yahboom_laser_filter/environment/path.sh
-- Up-to-date: /home/pawan/yahboomcar_ws_test/digitaltwin_ws/install/yahboom_laser_filter/share/yahboom_laser_filter/environment/path.dsv
-- Up-to-date: /home/pawan/yahboomcar_ws_test/digitaltwin_ws/install/yahboom_laser_filter/share/yahboom_laser_filter/local_setup.bash
-- Up-to-date: /home/pawan/yahboomcar_ws_test/digitaltwin_ws/install/yahboom_laser_filter/share/yahboom_laser_filter/local_setup.sh
-- Up-to-date: /home/pawan/yahboomcar_ws_test/digitaltwin_ws/install/yahboom_laser_filter/share/yahboom_laser_filter/local_setup.zsh
-- Up-to-date: /home/pawan/yahboomcar_ws_test/digitaltwin_ws/install/yahboom_laser_filter/share/yahboom_laser_filter/local_setup.dsv
-- Installing: /home/pawan/yahboomcar_ws_test/digitaltwin_ws/install/yahboom_laser_filter/share/yahboom_laser_filter/package.dsv
-- Up-to-date: /home/pawan/yahboomcar_ws_test/digitaltwin_ws/install/yahboom_laser_filter/share/ament_index/resource_index/packages/yahboom_laser_filter
-- Up-to-date: /home/pawan/yahboomcar_ws_test/digitaltwin_ws/install/yahboom_laser_filter/share/yahboom_laser_filter/cmake/yahboom_laser_filterConfig.cmake
-- Up-to-date: /home/pawan/yahboomcar_ws_test/digitaltwin_ws/install/yahboom_laser_filter/share/yahboom_laser_filter/cmake/yahboom_laser_filterConfig-version.cmake
-- Up-to-date: /home/pawan/yahboomcar_ws_test/digitaltwin_ws/install/yahboom_laser_filter/share/yahboom_laser_filter/package.xml
