[0.212s] Invoking command in '/home/pawan/yahboomcar_ws_test/digitaltwin_ws/build/yahboom_laser_filter': CMAKE_PREFIX_PATH=${CMAKE_PREFIX_PATH}:/home/pawan/yahboomcar_ws_test/digitaltwin_ws/install/yahboom_M3Pro_description:/opt/ros/humble /usr/bin/cmake --build /home/pawan/yahboomcar_ws_test/digitaltwin_ws/build/yahboom_laser_filter -- -j20 -l20
[0.278s] [100%] Built target laser_filter_node
[0.285s] Invoked command in '/home/pawan/yahboomcar_ws_test/digitaltwin_ws/build/yahboom_laser_filter' returned '0': CMAKE_PREFIX_PATH=${CMAKE_PREFIX_PATH}:/home/pawan/yahboomcar_ws_test/digitaltwin_ws/install/yahboom_M3Pro_description:/opt/ros/humble /usr/bin/cmake --build /home/pawan/yahboomcar_ws_test/digitaltwin_ws/build/yahboom_laser_filter -- -j20 -l20
[0.286s] Invoking command in '/home/pawan/yahboomcar_ws_test/digitaltwin_ws/build/yahboom_laser_filter': CMAKE_PREFIX_PATH=${CMAKE_PREFIX_PATH}:/home/pawan/yahboomcar_ws_test/digitaltwin_ws/install/yahboom_M3Pro_description:/opt/ros/humble /usr/bin/cmake --install /home/pawan/yahboomcar_ws_test/digitaltwin_ws/build/yahboom_laser_filter
[0.294s] -- Install configuration: ""
[0.294s] -- Up-to-date: /home/pawan/yahboomcar_ws_test/digitaltwin_ws/install/yahboom_laser_filter/lib/yahboom_laser_filter/laser_filter_node
[0.294s] -- Up-to-date: /home/pawan/yahboomcar_ws_test/digitaltwin_ws/install/yahboom_laser_filter/share/yahboom_laser_filter/config/
[0.294s] -- Up-to-date: /home/pawan/yahboomcar_ws_test/digitaltwin_ws/install/yahboom_laser_filter/share/yahboom_laser_filter/config//param.yaml
[0.294s] -- Up-to-date: /home/pawan/yahboomcar_ws_test/digitaltwin_ws/install/yahboom_laser_filter/share/yahboom_laser_filter/launch
[0.294s] -- Up-to-date: /home/pawan/yahboomcar_ws_test/digitaltwin_ws/install/yahboom_laser_filter/share/yahboom_laser_filter/launch/laser_filter_node_multi.xml
[0.294s] -- Up-to-date: /home/pawan/yahboomcar_ws_test/digitaltwin_ws/install/yahboom_laser_filter/share/yahboom_laser_filter/launch/.ipynb_checkpoints
[0.294s] -- Up-to-date: /home/pawan/yahboomcar_ws_test/digitaltwin_ws/install/yahboom_laser_filter/share/yahboom_laser_filter/launch/.ipynb_checkpoints/laser_filter_node_multi-checkpoint.xml
[0.294s] -- Up-to-date: /home/pawan/yahboomcar_ws_test/digitaltwin_ws/install/yahboom_laser_filter/share/yahboom_laser_filter/launch/.ipynb_checkpoints/laser_filter_node.launch-checkpoint.py
[0.294s] -- Up-to-date: /home/pawan/yahboomcar_ws_test/digitaltwin_ws/install/yahboom_laser_filter/share/yahboom_laser_filter/launch/laser_filter_node.launch.py
[0.294s] -- Up-to-date: /home/pawan/yahboomcar_ws_test/digitaltwin_ws/install/yahboom_laser_filter/share/ament_index/resource_index/package_run_dependencies/yahboom_laser_filter
[0.294s] -- Up-to-date: /home/pawan/yahboomcar_ws_test/digitaltwin_ws/install/yahboom_laser_filter/share/ament_index/resource_index/parent_prefix_path/yahboom_laser_filter
[0.294s] -- Up-to-date: /home/pawan/yahboomcar_ws_test/digitaltwin_ws/install/yahboom_laser_filter/share/yahboom_laser_filter/environment/ament_prefix_path.sh
[0.295s] -- Up-to-date: /home/pawan/yahboomcar_ws_test/digitaltwin_ws/install/yahboom_laser_filter/share/yahboom_laser_filter/environment/ament_prefix_path.dsv
[0.295s] -- Up-to-date: /home/pawan/yahboomcar_ws_test/digitaltwin_ws/install/yahboom_laser_filter/share/yahboom_laser_filter/environment/path.sh
[0.295s] -- Up-to-date: /home/pawan/yahboomcar_ws_test/digitaltwin_ws/install/yahboom_laser_filter/share/yahboom_laser_filter/environment/path.dsv
[0.295s] -- Up-to-date: /home/pawan/yahboomcar_ws_test/digitaltwin_ws/install/yahboom_laser_filter/share/yahboom_laser_filter/local_setup.bash
[0.295s] -- Up-to-date: /home/pawan/yahboomcar_ws_test/digitaltwin_ws/install/yahboom_laser_filter/share/yahboom_laser_filter/local_setup.sh
[0.295s] -- Up-to-date: /home/pawan/yahboomcar_ws_test/digitaltwin_ws/install/yahboom_laser_filter/share/yahboom_laser_filter/local_setup.zsh
[0.295s] -- Up-to-date: /home/pawan/yahboomcar_ws_test/digitaltwin_ws/install/yahboom_laser_filter/share/yahboom_laser_filter/local_setup.dsv
[0.295s] -- Installing: /home/pawan/yahboomcar_ws_test/digitaltwin_ws/install/yahboom_laser_filter/share/yahboom_laser_filter/package.dsv
[0.295s] -- Up-to-date: /home/pawan/yahboomcar_ws_test/digitaltwin_ws/install/yahboom_laser_filter/share/ament_index/resource_index/packages/yahboom_laser_filter
[0.295s] -- Up-to-date: /home/pawan/yahboomcar_ws_test/digitaltwin_ws/install/yahboom_laser_filter/share/yahboom_laser_filter/cmake/yahboom_laser_filterConfig.cmake
[0.295s] -- Up-to-date: /home/pawan/yahboomcar_ws_test/digitaltwin_ws/install/yahboom_laser_filter/share/yahboom_laser_filter/cmake/yahboom_laser_filterConfig-version.cmake
[0.295s] -- Up-to-date: /home/pawan/yahboomcar_ws_test/digitaltwin_ws/install/yahboom_laser_filter/share/yahboom_laser_filter/package.xml
[0.297s] Invoked command in '/home/pawan/yahboomcar_ws_test/digitaltwin_ws/build/yahboom_laser_filter' returned '0': CMAKE_PREFIX_PATH=${CMAKE_PREFIX_PATH}:/home/pawan/yahboomcar_ws_test/digitaltwin_ws/install/yahboom_M3Pro_description:/opt/ros/humble /usr/bin/cmake --install /home/pawan/yahboomcar_ws_test/digitaltwin_ws/build/yahboom_laser_filter
