[1.315s] Invoking command in '/home/pawan/yahboomcar_ws_test/M3Pro_ws/build/robot_pose_publisher_ros2': CMAKE_PREFIX_PATH=${CMAKE_PREFIX_PATH}:/home/pawan/yahboomcar_ws_test/yahboomcar_ws/install/yahboom_M3Pro_description:/opt/ros/humble /usr/bin/cmake /home/pawan/yahboomcar_ws_test/M3Pro_ws/src/ros_robot_app/robot_pose_publisher_ros2 -DCMAKE_INSTALL_PREFIX=/home/pawan/yahboomcar_ws_test/M3Pro_ws/install/robot_pose_publisher_ros2
[1.660s] -- The C compiler identification is GNU 11.4.0
[1.661s] -- The CXX compiler identification is GNU 11.4.0
[1.661s] -- Detecting C compiler ABI info
[1.661s] -- Detecting C compiler ABI info - done
[1.661s] -- Check for working C compiler: /usr/bin/cc - skipped
[1.661s] -- Detecting C compile features
[1.661s] -- Detecting C compile features - done
[1.661s] -- Detecting CXX compiler ABI info
[1.661s] -- Detecting CXX compiler ABI info - done
[1.661s] -- Check for working CXX compiler: /usr/bin/c++ - skipped
[1.661s] -- Detecting CXX compile features
[1.661s] -- Detecting CXX compile features - done
[1.661s] -- Found ament_cmake: 1.3.14 (/opt/ros/humble/share/ament_cmake/cmake)
[1.686s] -- Found Python3: /usr/bin/python3 (found version "3.10.12") found components: Interpreter 
[1.807s] -- Found rclcpp: 16.0.19 (/opt/ros/humble/share/rclcpp/cmake)
[1.866s] -- Found rosidl_generator_c: 3.1.8 (/opt/ros/humble/share/rosidl_generator_c/cmake)
[1.874s] -- Found rosidl_adapter: 3.1.8 (/opt/ros/humble/share/rosidl_adapter/cmake)
[1.886s] -- Found rosidl_generator_cpp: 3.1.8 (/opt/ros/humble/share/rosidl_generator_cpp/cmake)
[1.920s] -- Using all available rosidl_typesupport_c: rosidl_typesupport_fastrtps_c;rosidl_typesupport_introspection_c
[1.955s] -- Using all available rosidl_typesupport_cpp: rosidl_typesupport_fastrtps_cpp;rosidl_typesupport_introspection_cpp
[2.023s] -- Found rmw_implementation_cmake: 6.1.2 (/opt/ros/humble/share/rmw_implementation_cmake/cmake)
[2.027s] -- Found rmw_fastrtps_cpp: 6.2.10 (/opt/ros/humble/share/rmw_fastrtps_cpp/cmake)
[2.155s] -- Found OpenSSL: /usr/lib/x86_64-linux-gnu/libcrypto.so (found version "3.0.2")  
[2.191s] -- Found FastRTPS: /opt/ros/humble/include  
[2.248s] -- Using RMW implementation 'rmw_fastrtps_cpp' as default
[2.260s] -- Looking for pthread.h
[2.332s] -- Looking for pthread.h - found
[2.333s] -- Performing Test CMAKE_HAVE_LIBC_PTHREAD
[2.402s] -- Performing Test CMAKE_HAVE_LIBC_PTHREAD - Success
[2.403s] -- Found Threads: TRUE  
[2.472s] -- Found geometry_msgs: 4.9.1 (/opt/ros/humble/share/geometry_msgs/cmake)
[2.487s] -- Found tf2_ros: 0.25.20 (/opt/ros/humble/share/tf2_ros/cmake)
[2.690s] -- Configuring done
[2.700s] -- Generating done
[2.706s] -- Build files have been written to: /home/pawan/yahboomcar_ws_test/M3Pro_ws/build/robot_pose_publisher_ros2
