-- Install configuration: ""
-- Up-to-date: /home/pawan/yahboomcar_ws_test/digitaltwin_ws/install/slam_engine/share/slam_engine/launch
-- Up-to-date: /home/pawan/yahboomcar_ws_test/digitaltwin_ws/install/slam_engine/share/slam_engine/launch/online_async_launch.py
-- Up-to-date: /home/pawan/yahboomcar_ws_test/digitaltwin_ws/install/slam_engine/share/slam_engine/launch/.ipynb_checkpoints
-- Up-to-date: /home/pawan/yahboomcar_ws_test/digitaltwin_ws/install/slam_engine/share/slam_engine/launch/.ipynb_checkpoints/save_map.launch-checkpoint.py
-- Up-to-date: /home/pawan/yahboomcar_ws_test/digitaltwin_ws/install/slam_engine/share/slam_engine/launch/slam_view.launch.py
-- Up-to-date: /home/pawan/yahboomcar_ws_test/digitaltwin_ws/install/slam_engine/share/slam_engine/launch/slam_toolbox.launch.py
-- Up-to-date: /home/pawan/yahboomcar_ws_test/digitaltwin_ws/install/slam_engine/share/slam_engine/launch/save_map.launch.py
-- Up-to-date: /home/pawan/yahboomcar_ws_test/digitaltwin_ws/install/slam_engine/share/slam_engine/config
-- Up-to-date: /home/pawan/yahboomcar_ws_test/digitaltwin_ws/install/slam_engine/share/slam_engine/config/mapper_params_online_async.yaml
-- Up-to-date: /home/pawan/yahboomcar_ws_test/digitaltwin_ws/install/slam_engine/share/slam_engine/rviz
-- Up-to-date: /home/pawan/yahboomcar_ws_test/digitaltwin_ws/install/slam_engine/share/slam_engine/rviz/rvizconfig2.rviz
-- Up-to-date: /home/pawan/yahboomcar_ws_test/digitaltwin_ws/install/slam_engine/share/slam_engine/rviz/slam_rviz.rviz
-- Up-to-date: /home/pawan/yahboomcar_ws_test/digitaltwin_ws/install/slam_engine/share/slam_engine/rviz/rvizconfig1.rviz
-- Up-to-date: /home/pawan/yahboomcar_ws_test/digitaltwin_ws/install/slam_engine/share/ament_index/resource_index/package_run_dependencies/slam_engine
-- Up-to-date: /home/pawan/yahboomcar_ws_test/digitaltwin_ws/install/slam_engine/share/ament_index/resource_index/parent_prefix_path/slam_engine
-- Up-to-date: /home/pawan/yahboomcar_ws_test/digitaltwin_ws/install/slam_engine/share/slam_engine/environment/ament_prefix_path.sh
-- Up-to-date: /home/pawan/yahboomcar_ws_test/digitaltwin_ws/install/slam_engine/share/slam_engine/environment/ament_prefix_path.dsv
-- Up-to-date: /home/pawan/yahboomcar_ws_test/digitaltwin_ws/install/slam_engine/share/slam_engine/environment/path.sh
-- Up-to-date: /home/pawan/yahboomcar_ws_test/digitaltwin_ws/install/slam_engine/share/slam_engine/environment/path.dsv
-- Up-to-date: /home/pawan/yahboomcar_ws_test/digitaltwin_ws/install/slam_engine/share/slam_engine/local_setup.bash
-- Up-to-date: /home/pawan/yahboomcar_ws_test/digitaltwin_ws/install/slam_engine/share/slam_engine/local_setup.sh
-- Up-to-date: /home/pawan/yahboomcar_ws_test/digitaltwin_ws/install/slam_engine/share/slam_engine/local_setup.zsh
-- Up-to-date: /home/pawan/yahboomcar_ws_test/digitaltwin_ws/install/slam_engine/share/slam_engine/local_setup.dsv
-- Installing: /home/pawan/yahboomcar_ws_test/digitaltwin_ws/install/slam_engine/share/slam_engine/package.dsv
-- Up-to-date: /home/pawan/yahboomcar_ws_test/digitaltwin_ws/install/slam_engine/share/ament_index/resource_index/packages/slam_engine
-- Up-to-date: /home/pawan/yahboomcar_ws_test/digitaltwin_ws/install/slam_engine/share/slam_engine/cmake/slam_engineConfig.cmake
-- Up-to-date: /home/pawan/yahboomcar_ws_test/digitaltwin_ws/install/slam_engine/share/slam_engine/cmake/slam_engineConfig-version.cmake
-- Up-to-date: /home/pawan/yahboomcar_ws_test/digitaltwin_ws/install/slam_engine/share/slam_engine/package.xml
