[0.042s] Invoking command in '/home/pawan/yahboomcar_ws_test/yahboomcar_ws/build/arm_interface': CMAKE_PREFIX_PATH=${CMAKE_PREFIX_PATH}:/opt/ros/humble /usr/bin/cmake /home/pawan/yahboomcar_ws_test/yahboomcar_ws/src/arm_interface -DCMAKE_INSTALL_PREFIX=/home/pawan/yahboomcar_ws_test/yahboomcar_ws/install/arm_interface
[1.204s] -- The C compiler identification is GNU 11.4.0
[1.204s] -- The CXX compiler identification is GNU 11.4.0
[1.204s] -- Detecting C compiler ABI info
[1.204s] -- Detecting C compiler ABI info - done
[1.204s] -- Check for working C compiler: /usr/bin/cc - skipped
[1.204s] -- Detecting C compile features
[1.204s] -- Detecting C compile features - done
[1.204s] -- Detecting CXX compiler ABI info
[1.204s] -- Detecting CXX compiler ABI info - done
[1.204s] -- Check for working CXX compiler: /usr/bin/c++ - skipped
[1.204s] -- Detecting CXX compile features
[1.204s] -- Detecting CXX compile features - done
[1.204s] -- Found ament_cmake: 1.3.14 (/opt/ros/humble/share/ament_cmake/cmake)
[1.204s] -- Found Python3: /usr/bin/python3 (found version "3.10.12") found components: Interpreter 
[1.204s] -- Found rclcpp: 16.0.19 (/opt/ros/humble/share/rclcpp/cmake)
[1.204s] -- Found rosidl_generator_c: 3.1.8 (/opt/ros/humble/share/rosidl_generator_c/cmake)
[1.204s] -- Found rosidl_adapter: 3.1.8 (/opt/ros/humble/share/rosidl_adapter/cmake)
[1.204s] -- Found rosidl_generator_cpp: 3.1.8 (/opt/ros/humble/share/rosidl_generator_cpp/cmake)
[1.204s] -- Using all available rosidl_typesupport_c: rosidl_typesupport_fastrtps_c;rosidl_typesupport_introspection_c
[1.204s] -- Using all available rosidl_typesupport_cpp: rosidl_typesupport_fastrtps_cpp;rosidl_typesupport_introspection_cpp
[1.204s] -- Found rmw_implementation_cmake: 6.1.2 (/opt/ros/humble/share/rmw_implementation_cmake/cmake)
[1.204s] -- Found rmw_fastrtps_cpp: 6.2.10 (/opt/ros/humble/share/rmw_fastrtps_cpp/cmake)
[1.204s] -- Found OpenSSL: /usr/lib/x86_64-linux-gnu/libcrypto.so (found version "3.0.2")  
[1.204s] -- Found FastRTPS: /opt/ros/humble/include  
[1.205s] -- Using RMW implementation 'rmw_fastrtps_cpp' as default
[1.205s] -- Looking for pthread.h
[1.205s] -- Looking for pthread.h - found
[1.205s] -- Performing Test CMAKE_HAVE_LIBC_PTHREAD
[1.205s] -- Performing Test CMAKE_HAVE_LIBC_PTHREAD - Success
[1.205s] -- Found Threads: TRUE  
[1.205s] -- Found rosidl_default_generators: 1.2.1 (/opt/ros/humble/share/rosidl_default_generators/cmake)
[1.205s] -- Found geometry_msgs: 4.9.1 (/opt/ros/humble/share/geometry_msgs/cmake)
[1.205s] -- Found ament_cmake_ros: 0.10.0 (/opt/ros/humble/share/ament_cmake_ros/cmake)
[1.431s] -- Using all available rosidl_typesupport_c: rosidl_typesupport_fastrtps_c;rosidl_typesupport_introspection_c
[1.563s] -- Using all available rosidl_typesupport_cpp: rosidl_typesupport_fastrtps_cpp;rosidl_typesupport_introspection_cpp
[1.588s] -- Found PythonInterp: /usr/bin/python3 (found suitable version "3.10.12", minimum required is "3.6") 
[1.590s] -- Found python_cmake_module: 0.10.0 (/opt/ros/humble/share/python_cmake_module/cmake)
[1.618s] -- Found PythonLibs: /usr/lib/x86_64-linux-gnu/libpython3.10.so (found suitable version "3.10.12", minimum required is "3.5") 
[1.618s] -- Using PYTHON_EXECUTABLE: /usr/bin/python3
[1.618s] -- Using PYTHON_INCLUDE_DIRS: /usr/include/python3.10
[1.618s] -- Using PYTHON_LIBRARIES: /usr/lib/x86_64-linux-gnu/libpython3.10.so
[1.640s] -- Found PythonExtra: .so  
[1.768s] -- Found ament_lint_auto: 0.12.15 (/opt/ros/humble/share/ament_lint_auto/cmake)
[1.781s] -- Added test 'lint_cmake' to check CMake code style
[1.782s] -- Added test 'xmllint' to check XML markup files
[1.783s] -- Configuring done
[1.814s] -- Generating done
[1.824s] -- Build files have been written to: /home/pawan/yahboomcar_ws_test/yahboomcar_ws/build/arm_interface
