[0.077s] Invoking command in '/home/pawan/yahboomcar_ws_test/M3Pro_ws/build/imu_complementary_filter': CMAKE_PREFIX_PATH=${CMAKE_PREFIX_PATH}:/home/pawan/yahboomcar_ws_test/yahboomcar_ws/install/yahboom_M3Pro_description:/opt/ros/humble /usr/bin/cmake /home/pawan/yahboomcar_ws_test/M3Pro_ws/src/M3Pro_core/imu_tools/imu_complementary_filter -DCMAKE_INSTALL_PREFIX=/home/pawan/yahboomcar_ws_test/M3Pro_ws/install/imu_complementary_filter
[1.702s] -- The C compiler identification is GNU 11.4.0
[1.702s] -- The CXX compiler identification is GNU 11.4.0
[1.702s] -- Detecting C compiler ABI info
[1.702s] -- Detecting C compiler ABI info - done
[1.702s] -- Check for working C compiler: /usr/bin/cc - skipped
[1.703s] -- Detecting C compile features
[1.703s] -- Detecting C compile features - done
[1.703s] -- Detecting CXX compiler ABI info
[1.703s] -- Detecting CXX compiler ABI info - done
[1.703s] -- Check for working CXX compiler: /usr/bin/c++ - skipped
[1.703s] -- Detecting CXX compile features
[1.703s] -- Detecting CXX compile features - done
[1.703s] -- Found ament_cmake: 1.3.14 (/opt/ros/humble/share/ament_cmake/cmake)
[1.703s] -- Found Python3: /usr/bin/python3 (found version "3.10.12") found components: Interpreter 
[1.703s] -- Found geometry_msgs: 4.9.1 (/opt/ros/humble/share/geometry_msgs/cmake)
[1.704s] -- Found rosidl_generator_c: 3.1.8 (/opt/ros/humble/share/rosidl_generator_c/cmake)
[1.704s] -- Found rosidl_adapter: 3.1.8 (/opt/ros/humble/share/rosidl_adapter/cmake)
[1.704s] -- Found rosidl_generator_cpp: 3.1.8 (/opt/ros/humble/share/rosidl_generator_cpp/cmake)
[1.704s] -- Using all available rosidl_typesupport_c: rosidl_typesupport_fastrtps_c;rosidl_typesupport_introspection_c
[1.704s] -- Using all available rosidl_typesupport_cpp: rosidl_typesupport_fastrtps_cpp;rosidl_typesupport_introspection_cpp
[1.704s] -- Found message_filters: 4.3.16 (/opt/ros/humble/share/message_filters/cmake)
[1.704s] -- Found rmw_implementation_cmake: 6.1.2 (/opt/ros/humble/share/rmw_implementation_cmake/cmake)
[1.704s] -- Found rmw_fastrtps_cpp: 6.2.10 (/opt/ros/humble/share/rmw_fastrtps_cpp/cmake)
[1.704s] -- Found OpenSSL: /usr/lib/x86_64-linux-gnu/libcrypto.so (found version "3.0.2")  
[1.704s] -- Found FastRTPS: /opt/ros/humble/include  
[1.704s] -- Using RMW implementation 'rmw_fastrtps_cpp' as default
[1.705s] -- Looking for pthread.h
[1.705s] -- Looking for pthread.h - found
[1.705s] -- Performing Test CMAKE_HAVE_LIBC_PTHREAD
[1.706s] -- Performing Test CMAKE_HAVE_LIBC_PTHREAD - Success
[1.706s] -- Found Threads: TRUE  
[1.706s] -- Found sensor_msgs: 4.9.1 (/opt/ros/humble/share/sensor_msgs/cmake)
[1.706s] -- Found tf2: 0.25.20 (/opt/ros/humble/share/tf2/cmake)
[1.706s] -- Found tf2_ros: 0.25.20 (/opt/ros/humble/share/tf2_ros/cmake)
[1.706s] -- Configuring done
[1.706s] -- Generating done
[1.706s] -- Build files have been written to: /home/pawan/yahboomcar_ws_test/M3Pro_ws/build/imu_complementary_filter
[1.728s] Invoked command in '/home/pawan/yahboomcar_ws_test/M3Pro_ws/build/imu_complementary_filter' returned '0': CMAKE_PREFIX_PATH=${CMAKE_PREFIX_PATH}:/home/pawan/yahboomcar_ws_test/yahboomcar_ws/install/yahboom_M3Pro_description:/opt/ros/humble /usr/bin/cmake /home/pawan/yahboomcar_ws_test/M3Pro_ws/src/M3Pro_core/imu_tools/imu_complementary_filter -DCMAKE_INSTALL_PREFIX=/home/pawan/yahboomcar_ws_test/M3Pro_ws/install/imu_complementary_filter
[1.729s] Invoking command in '/home/pawan/yahboomcar_ws_test/M3Pro_ws/build/imu_complementary_filter': CMAKE_PREFIX_PATH=${CMAKE_PREFIX_PATH}:/home/pawan/yahboomcar_ws_test/yahboomcar_ws/install/yahboom_M3Pro_description:/opt/ros/humble /usr/bin/cmake --build /home/pawan/yahboomcar_ws_test/M3Pro_ws/build/imu_complementary_filter -- -j20 -l20
[1.774s] [ 20%] [32mBuilding CXX object CMakeFiles/complementary_filter.dir/src/complementary_filter.cpp.o[0m
[1.781s] [ 40%] [32mBuilding CXX object CMakeFiles/complementary_filter.dir/src/complementary_filter_ros.cpp.o[0m
[12.992s] [ 60%] [32m[1mLinking CXX shared library libcomplementary_filter.so[0m
[13.545s] [ 60%] Built target complementary_filter
[13.563s] [ 80%] [32mBuilding CXX object CMakeFiles/complementary_filter_node.dir/src/complementary_filter_node.cpp.o[0m
[15.412s] [100%] [32m[1mLinking CXX executable complementary_filter_node[0m
[15.617s] [100%] Built target complementary_filter_node
