[1.314s] Invoking command in '/home/pawan/yahboomcar_ws_test/M3Pro_ws/build/slam_mapping': CMAKE_PREFIX_PATH=${CMAKE_PREFIX_PATH}:/home/pawan/yahboomcar_ws_test/yahboomcar_ws/install/yahboom_M3Pro_description:/opt/ros/humble /usr/bin/cmake /home/pawan/yahboomcar_ws_test/M3Pro_ws/src/slam_mapping -DCMAKE_INSTALL_PREFIX=/home/pawan/yahboomcar_ws_test/M3Pro_ws/install/slam_mapping
[1.658s] -- The C compiler identification is GNU 11.4.0
[1.658s] -- The CXX compiler identification is GNU 11.4.0
[1.659s] -- Detecting C compiler ABI info
[1.659s] -- Detecting C compiler ABI info - done
[1.659s] -- Check for working C compiler: /usr/bin/cc - skipped
[1.659s] -- Detecting C compile features
[1.659s] -- Detecting C compile features - done
[1.659s] -- Detecting CXX compiler ABI info
[1.659s] -- Detecting CXX compiler ABI info - done
[1.659s] -- Check for working CXX compiler: /usr/bin/c++ - skipped
[1.659s] -- Detecting CXX compile features
[1.659s] -- Detecting CXX compile features - done
[1.659s] -- Found ament_cmake: 1.3.14 (/opt/ros/humble/share/ament_cmake/cmake)
[1.680s] -- Found Python3: /usr/bin/python3 (found version "3.10.12") found components: Interpreter 
[1.786s] -- Found ament_lint_auto: 0.12.15 (/opt/ros/humble/share/ament_lint_auto/cmake)
[1.942s] -- Added test 'flake8' to check Python code syntax and style conventions
[1.943s] -- Added test 'lint_cmake' to check CMake code style
[1.944s] -- Added test 'pep257' to check Python code against some of the docstring style conventions in PEP 257
[1.946s] -- Added test 'xmllint' to check XML markup files
[1.948s] -- Configuring done
[1.953s] -- Generating done
[1.956s] -- Build files have been written to: /home/pawan/yahboomcar_ws_test/M3Pro_ws/build/slam_mapping
