[0.693s] Invoking command in '/home/pawan/yahboomcar_ws_test/yahboomcar_ws/build/arm_kin': CMAKE_PREFIX_PATH=${CMAKE_PREFIX_PATH}:/opt/ros/humble /usr/bin/cmake /home/pawan/yahboomcar_ws_test/yahboomcar_ws/src/arm_kin -DCMAKE_INSTALL_PREFIX=/home/pawan/yahboomcar_ws_test/yahboomcar_ws/install/arm_kin
[1.187s] -- The C compiler identification is GNU 11.4.0
[1.187s] -- The CXX compiler identification is GNU 11.4.0
[1.187s] -- Detecting C compiler ABI info
[1.187s] -- Detecting C compiler ABI info - done
[1.187s] -- Check for working C compiler: /usr/bin/cc - skipped
[1.187s] -- Detecting C compile features
[1.187s] -- Detecting C compile features - done
[1.187s] -- Detecting CXX compiler ABI info
[1.187s] -- Detecting CXX compiler ABI info - done
[1.187s] -- Check for working CXX compiler: /usr/bin/c++ - skipped
[1.187s] -- Detecting CXX compile features
[1.187s] -- Detecting CXX compile features - done
[1.187s] -- Found ament_cmake: 1.3.14 (/opt/ros/humble/share/ament_cmake/cmake)
[1.187s] -- Found Python3: /usr/bin/python3 (found version "3.10.12") found components: Interpreter 
[1.188s] -- Found rclcpp: 16.0.19 (/opt/ros/humble/share/rclcpp/cmake)
[1.188s] -- Found rosidl_generator_c: 3.1.8 (/opt/ros/humble/share/rosidl_generator_c/cmake)
[1.188s] -- Found rosidl_adapter: 3.1.8 (/opt/ros/humble/share/rosidl_adapter/cmake)
[1.188s] -- Found rosidl_generator_cpp: 3.1.8 (/opt/ros/humble/share/rosidl_generator_cpp/cmake)
[1.188s] -- Using all available rosidl_typesupport_c: rosidl_typesupport_fastrtps_c;rosidl_typesupport_introspection_c
[1.192s] -- Using all available rosidl_typesupport_cpp: rosidl_typesupport_fastrtps_cpp;rosidl_typesupport_introspection_cpp
[1.223s] -- Found rmw_implementation_cmake: 6.1.2 (/opt/ros/humble/share/rmw_implementation_cmake/cmake)
[1.225s] -- Found rmw_fastrtps_cpp: 6.2.10 (/opt/ros/humble/share/rmw_fastrtps_cpp/cmake)
[1.287s] -- Found OpenSSL: /usr/lib/x86_64-linux-gnu/libcrypto.so (found version "3.0.2")  
[1.317s] -- Found FastRTPS: /opt/ros/humble/include  
[1.356s] -- Using RMW implementation 'rmw_fastrtps_cpp' as default
[1.365s] -- Looking for pthread.h
[1.427s] -- Looking for pthread.h - found
[1.428s] -- Performing Test CMAKE_HAVE_LIBC_PTHREAD
[1.492s] -- Performing Test CMAKE_HAVE_LIBC_PTHREAD - Success
[1.493s] -- Found Threads: TRUE  
[1.539s] [31mCMake Error at CMakeLists.txt:13 (find_package):
[1.540s]   By not providing "Findarm_interface.cmake" in CMAKE_MODULE_PATH this
[1.540s]   project has asked CMake to find a package configuration file provided by
[1.540s]   "arm_interface", but CMake did not find one.
[1.540s] 
[1.540s]   Could not find a package configuration file provided by "arm_interface"
[1.540s]   with any of the following names:
[1.540s] 
[1.540s]     arm_interfaceConfig.cmake
[1.540s]     arm_interface-config.cmake
[1.540s] 
[1.540s]   Add the installation prefix of "arm_interface" to CMAKE_PREFIX_PATH or set
[1.540s]   "arm_interface_DIR" to a directory containing one of the above files.  If
[1.540s]   "arm_interface" provides a separate development package or SDK, be sure it
[1.540s]   has been installed.
[1.540s] 
[1.540s] [0m
[1.540s] -- Configuring incomplete, errors occurred!
[1.541s] See also "/home/pawan/yahboomcar_ws_test/yahboomcar_ws/build/arm_kin/CMakeFiles/CMakeOutput.log".
[1.546s] Invoked command in '/home/pawan/yahboomcar_ws_test/yahboomcar_ws/build/arm_kin' returned '1': CMAKE_PREFIX_PATH=${CMAKE_PREFIX_PATH}:/opt/ros/humble /usr/bin/cmake /home/pawan/yahboomcar_ws_test/yahboomcar_ws/src/arm_kin -DCMAKE_INSTALL_PREFIX=/home/pawan/yahboomcar_ws_test/yahboomcar_ws/install/arm_kin
