[0.017s] Invoking command in '/home/pawan/yahboomcar_ws_test/digitaltwin_ws/build/ira_laser_tools': CMAKE_PREFIX_PATH=/home/pawan/yahboomcar_ws_test/yahboomcar_ws/install/yahboom_M3Pro_description:/opt/ros/humble /usr/bin/cmake /home/pawan/yahboomcar_ws_test/digitaltwin_ws/src/lidar/ira_laser_tools -DCMAKE_INSTALL_PREFIX=/home/pawan/yahboomcar_ws_test/digitaltwin_ws/install/ira_laser_tools
[0.184s] -- The C compiler identification is GNU 11.4.0
[0.184s] -- The CXX compiler identification is GNU 11.4.0
[0.184s] -- Detecting C compiler ABI info
[0.184s] -- Detecting C compiler ABI info - done
[0.189s] -- Check for working C compiler: /usr/bin/cc - skipped
[0.189s] -- Detecting C compile features
[0.190s] -- Detecting C compile features - done
[0.192s] -- Detecting CXX compiler ABI info
[0.254s] -- Detecting CXX compiler ABI info - done
[0.259s] -- Check for working CXX compiler: /usr/bin/c++ - skipped
[0.259s] -- Detecting CXX compile features
[0.260s] -- Detecting CXX compile features - done
[0.261s] -- Found ament_cmake: 1.3.14 (/opt/ros/humble/share/ament_cmake/cmake)
[0.379s] -- Found Python3: /usr/bin/python3 (found version "3.10.12") found components: Interpreter 
[0.466s] -- Found rclcpp: 16.0.19 (/opt/ros/humble/share/rclcpp/cmake)
[0.522s] -- Found rosidl_generator_c: 3.1.8 (/opt/ros/humble/share/rosidl_generator_c/cmake)
[0.527s] -- Found rosidl_adapter: 3.1.8 (/opt/ros/humble/share/rosidl_adapter/cmake)
[0.535s] -- Found rosidl_generator_cpp: 3.1.8 (/opt/ros/humble/share/rosidl_generator_cpp/cmake)
[0.547s] -- Using all available rosidl_typesupport_c: rosidl_typesupport_fastrtps_c;rosidl_typesupport_introspection_c
[0.561s] -- Using all available rosidl_typesupport_cpp: rosidl_typesupport_fastrtps_cpp;rosidl_typesupport_introspection_cpp
[0.607s] -- Found rmw_implementation_cmake: 6.1.2 (/opt/ros/humble/share/rmw_implementation_cmake/cmake)
[0.611s] -- Found rmw_fastrtps_cpp: 6.2.10 (/opt/ros/humble/share/rmw_fastrtps_cpp/cmake)
[0.693s] -- Found OpenSSL: /usr/lib/x86_64-linux-gnu/libcrypto.so (found version "3.0.2")  
[0.719s] -- Found FastRTPS: /opt/ros/humble/include  
[0.759s] -- Using RMW implementation 'rmw_fastrtps_cpp' as default
[0.769s] -- Looking for pthread.h
[0.831s] -- Looking for pthread.h - found
[0.832s] -- Performing Test CMAKE_HAVE_LIBC_PTHREAD
[0.890s] -- Performing Test CMAKE_HAVE_LIBC_PTHREAD - Success
[0.891s] -- Found Threads: TRUE  
[0.956s] -- Found rclcpp_action: 16.0.19 (/opt/ros/humble/share/rclcpp_action/cmake)
[0.995s] -- Found rclcpp_lifecycle: 16.0.19 (/opt/ros/humble/share/rclcpp_lifecycle/cmake)
[1.014s] -- Found geometry_msgs: 4.9.1 (/opt/ros/humble/share/geometry_msgs/cmake)
[1.027s] -- Found sensor_msgs: 4.9.1 (/opt/ros/humble/share/sensor_msgs/cmake)
[1.046s] -- Found laser_geometry: 2.4.1 (/opt/ros/humble/share/laser_geometry/cmake)
[1.074s] -- Found tf2_ros: 0.25.20 (/opt/ros/humble/share/tf2_ros/cmake)
[1.125s] -- Found pcl_ros: 2.4.5 (/opt/ros/humble/share/pcl_ros/cmake)
[1.159s] -- Checking for module 'eigen3'
[1.170s] --   Found eigen3, version 3.4.0
[1.197s] -- Found Eigen: /usr/include/eigen3 (Required is at least version "3.1") 
[1.197s] -- Eigen found (include: /usr/include/eigen3, version: 3.4.0)
[1.231s] -- Checking for module 'flann'
[1.243s] --   Found flann, version 1.9.1
[1.275s] -- Found FLANN: /usr/lib/x86_64-linux-gnu/libflann_cpp.so  
[1.275s] -- FLANN found (include: /usr/include, lib: /usr/lib/x86_64-linux-gnu/libflann_cpp.so)
[2.131s] -- Checking for module 'libusb-1.0'
[2.144s] --   Found libusb-1.0, version 1.0.25
[2.175s] -- Found libusb: /usr/lib/x86_64-linux-gnu/libusb-1.0.so  
[2.178s] -- OpenNI found (version: 1.5.4.0, include: /usr/include/ni, lib: /usr/lib/libOpenNI.so;libusb::libusb)
[2.228s] -- OpenNI2 found (version: 2.2.0.33, include: /usr/include/openni2, lib: /usr/lib/x86_64-linux-gnu/libOpenNI2.so;libusb::libusb)
[2.353s] -- Eigen found (include: /usr/include/eigen3, version: 3.4.0)
[2.359s] -- OpenNI found (version: 1.5.4.0, include: /usr/include/ni, lib: /usr/lib/libOpenNI.so;libusb::libusb)
[2.365s] -- OpenNI2 found (version: 2.2.0.33, include: /usr/include/openni2, lib: /usr/lib/x86_64-linux-gnu/libOpenNI2.so;libusb::libusb)
[2.493s] -- Found Qhull version 8.0.2
[2.622s] -- OpenNI found (version: 1.5.4.0, include: /usr/include/ni, lib: /usr/lib/libOpenNI.so;libusb::libusb)
[2.751s] -- Found PCL_COMMON: /usr/lib/x86_64-linux-gnu/libpcl_common.so  
[2.752s] -- Found PCL_KDTREE: /usr/lib/x86_64-linux-gnu/libpcl_kdtree.so  
[2.752s] -- Found PCL_OCTREE: /usr/lib/x86_64-linux-gnu/libpcl_octree.so  
[2.753s] -- Found PCL_SEARCH: /usr/lib/x86_64-linux-gnu/libpcl_search.so  
[2.754s] -- Found PCL_SAMPLE_CONSENSUS: /usr/lib/x86_64-linux-gnu/libpcl_sample_consensus.so  
[2.754s] -- Found PCL_FILTERS: /usr/lib/x86_64-linux-gnu/libpcl_filters.so  
[2.754s] -- Found PCL_2D: /usr/include/pcl-1.12  
[2.755s] -- Found PCL_GEOMETRY: /usr/include/pcl-1.12  
[2.755s] -- Found PCL_IO: /usr/lib/x86_64-linux-gnu/libpcl_io.so  
[2.756s] -- Found PCL_FEATURES: /usr/lib/x86_64-linux-gnu/libpcl_features.so  
[2.757s] -- Found PCL_ML: /usr/lib/x86_64-linux-gnu/libpcl_ml.so  
[2.757s] -- Found PCL_SEGMENTATION: /usr/lib/x86_64-linux-gnu/libpcl_segmentation.so  
[2.758s] -- Found PCL_VISUALIZATION: /usr/lib/x86_64-linux-gnu/libpcl_visualization.so  
[2.759s] -- Found PCL_SURFACE: /usr/lib/x86_64-linux-gnu/libpcl_surface.so  
[2.760s] -- Found PCL_REGISTRATION: /usr/lib/x86_64-linux-gnu/libpcl_registration.so  
[2.760s] -- Found PCL_KEYPOINTS: /usr/lib/x86_64-linux-gnu/libpcl_keypoints.so  
[2.761s] -- Found PCL_TRACKING: /usr/lib/x86_64-linux-gnu/libpcl_tracking.so  
[2.762s] -- Found PCL_RECOGNITION: /usr/lib/x86_64-linux-gnu/libpcl_recognition.so  
[2.762s] -- Found PCL_STEREO: /usr/lib/x86_64-linux-gnu/libpcl_stereo.so  
[2.763s] -- Found PCL_APPS: /usr/lib/x86_64-linux-gnu/libpcl_apps.so  
[2.764s] -- Found PCL_IN_HAND_SCANNER: /usr/include/pcl-1.12  
[2.764s] -- Found PCL_MODELER: /usr/include/pcl-1.12  
[2.764s] -- Found PCL_POINT_CLOUD_EDITOR: /usr/include/pcl-1.12  
[2.765s] -- Found PCL_OUTOFCORE: /usr/lib/x86_64-linux-gnu/libpcl_outofcore.so  
[2.766s] -- Found PCL_PEOPLE: /usr/lib/x86_64-linux-gnu/libpcl_people.so  
[2.782s] -- Found Eigen3: TRUE (found version "3.4.0") 
[2.782s] -- Ensuring Eigen3 include directory is part of orocos-kdl CMake target
[2.843s] -- Configuring done
[2.901s] -- Generating done
[2.912s] -- Build files have been written to: /home/pawan/yahboomcar_ws_test/digitaltwin_ws/build/ira_laser_tools
[2.926s] Invoked command in '/home/pawan/yahboomcar_ws_test/digitaltwin_ws/build/ira_laser_tools' returned '0': CMAKE_PREFIX_PATH=/home/pawan/yahboomcar_ws_test/yahboomcar_ws/install/yahboom_M3Pro_description:/opt/ros/humble /usr/bin/cmake /home/pawan/yahboomcar_ws_test/digitaltwin_ws/src/lidar/ira_laser_tools -DCMAKE_INSTALL_PREFIX=/home/pawan/yahboomcar_ws_test/digitaltwin_ws/install/ira_laser_tools
[2.928s] Invoking command in '/home/pawan/yahboomcar_ws_test/digitaltwin_ws/build/ira_laser_tools': CMAKE_PREFIX_PATH=/home/pawan/yahboomcar_ws_test/yahboomcar_ws/install/yahboom_M3Pro_description:/opt/ros/humble /usr/bin/cmake --build /home/pawan/yahboomcar_ws_test/digitaltwin_ws/build/ira_laser_tools -- -j20 -l20
[2.977s] [ 25%] [32mBuilding CXX object CMakeFiles/laserscan_multi_merger.dir/src/laserscan_multi_merger.cpp.o[0m
[2.977s] [ 50%] [32mBuilding CXX object CMakeFiles/laserscan_virtualizer.dir/src/laserscan_virtualizer.cpp.o[0m
[12.100s] [ 75%] [32m[1mLinking CXX executable laserscan_virtualizer[0m
[12.138s] [100%] [32m[1mLinking CXX executable laserscan_multi_merger[0m
[12.801s] [100%] Built target laserscan_virtualizer
[12.804s] [100%] Built target laserscan_multi_merger
[12.815s] Invoked command in '/home/pawan/yahboomcar_ws_test/digitaltwin_ws/build/ira_laser_tools' returned '0': CMAKE_PREFIX_PATH=/home/pawan/yahboomcar_ws_test/yahboomcar_ws/install/yahboom_M3Pro_description:/opt/ros/humble /usr/bin/cmake --build /home/pawan/yahboomcar_ws_test/digitaltwin_ws/build/ira_laser_tools -- -j20 -l20
[12.817s] Invoking command in '/home/pawan/yahboomcar_ws_test/digitaltwin_ws/build/ira_laser_tools': CMAKE_PREFIX_PATH=/home/pawan/yahboomcar_ws_test/yahboomcar_ws/install/yahboom_M3Pro_description:/opt/ros/humble /usr/bin/cmake --install /home/pawan/yahboomcar_ws_test/digitaltwin_ws/build/ira_laser_tools
[12.825s] -- Install configuration: ""
[12.825s] -- Installing: /home/pawan/yahboomcar_ws_test/digitaltwin_ws/install/ira_laser_tools/lib/ira_laser_tools/laserscan_multi_merger
[12.831s] -- Set runtime path of "/home/pawan/yahboomcar_ws_test/digitaltwin_ws/install/ira_laser_tools/lib/ira_laser_tools/laserscan_multi_merger" to ""
[12.831s] -- Installing: /home/pawan/yahboomcar_ws_test/digitaltwin_ws/install/ira_laser_tools/lib/ira_laser_tools/laserscan_virtualizer
[12.835s] -- Set runtime path of "/home/pawan/yahboomcar_ws_test/digitaltwin_ws/install/ira_laser_tools/lib/ira_laser_tools/laserscan_virtualizer" to ""
[12.835s] -- Installing: /home/pawan/yahboomcar_ws_test/digitaltwin_ws/install/ira_laser_tools/share/ira_laser_tools/launch
[12.835s] -- Installing: /home/pawan/yahboomcar_ws_test/digitaltwin_ws/install/ira_laser_tools/share/ira_laser_tools/launch/laserscan_multi_merger.launch
[12.835s] -- Installing: /home/pawan/yahboomcar_ws_test/digitaltwin_ws/install/ira_laser_tools/share/ira_laser_tools/launch/merge_multi_MultiRobot.launch.py
[12.835s] -- Installing: /home/pawan/yahboomcar_ws_test/digitaltwin_ws/install/ira_laser_tools/share/ira_laser_tools/launch/laserscan_virtualizer.launch
[12.835s] -- Installing: /home/pawan/yahboomcar_ws_test/digitaltwin_ws/install/ira_laser_tools/share/ira_laser_tools/launch/merge_multi_robot.xml
[12.836s] -- Installing: /home/pawan/yahboomcar_ws_test/digitaltwin_ws/install/ira_laser_tools/share/ira_laser_tools/launch/merge_multi.launch.py
[12.836s] -- Up-to-date: /home/pawan/yahboomcar_ws_test/digitaltwin_ws/install/ira_laser_tools/share/ira_laser_tools/launch
[12.836s] -- Installing: /home/pawan/yahboomcar_ws_test/digitaltwin_ws/install/ira_laser_tools/share/ira_laser_tools/launch/laserscan_merge_Multi_robot1.yaml
[12.836s] -- Installing: /home/pawan/yahboomcar_ws_test/digitaltwin_ws/install/ira_laser_tools/share/ira_laser_tools/launch/laserscan_merge_Multi_robot2.yaml
[12.836s] -- Installing: /home/pawan/yahboomcar_ws_test/digitaltwin_ws/install/ira_laser_tools/share/ira_laser_tools/launch/laserscan_merge.yaml
[12.836s] -- Up-to-date: /home/pawan/yahboomcar_ws_test/digitaltwin_ws/install/ira_laser_tools/share/ira_laser_tools/launch
[12.836s] -- Up-to-date: /home/pawan/yahboomcar_ws_test/digitaltwin_ws/install/ira_laser_tools/share/ira_laser_tools/launch/laserscan_multi_merger.launch
[12.836s] -- Up-to-date: /home/pawan/yahboomcar_ws_test/digitaltwin_ws/install/ira_laser_tools/share/ira_laser_tools/launch/merge_multi_MultiRobot.launch.py
[12.836s] -- Up-to-date: /home/pawan/yahboomcar_ws_test/digitaltwin_ws/install/ira_laser_tools/share/ira_laser_tools/launch/laserscan_virtualizer.launch
[12.836s] -- Up-to-date: /home/pawan/yahboomcar_ws_test/digitaltwin_ws/install/ira_laser_tools/share/ira_laser_tools/launch/merge_multi_robot.xml
[12.836s] -- Up-to-date: /home/pawan/yahboomcar_ws_test/digitaltwin_ws/install/ira_laser_tools/share/ira_laser_tools/launch/merge_multi.launch.py
[12.836s] -- Installing: /home/pawan/yahboomcar_ws_test/digitaltwin_ws/install/ira_laser_tools/share/ira_laser_tools/config
[12.836s] -- Installing: /home/pawan/yahboomcar_ws_test/digitaltwin_ws/install/ira_laser_tools/share/ira_laser_tools/config/laserscan_merge_Multi_robot1.yaml
[12.836s] -- Installing: /home/pawan/yahboomcar_ws_test/digitaltwin_ws/install/ira_laser_tools/share/ira_laser_tools/config/laserscan_merge_Multi_robot2.yaml
[12.836s] -- Installing: /home/pawan/yahboomcar_ws_test/digitaltwin_ws/install/ira_laser_tools/share/ira_laser_tools/config/laserscan_merge.yaml
[12.836s] -- Installing: /home/pawan/yahboomcar_ws_test/digitaltwin_ws/install/ira_laser_tools/share/ament_index/resource_index/package_run_dependencies/ira_laser_tools
[12.837s] -- Installing: /home/pawan/yahboomcar_ws_test/digitaltwin_ws/install/ira_laser_tools/share/ament_index/resource_index/parent_prefix_path/ira_laser_tools
[12.837s] -- Installing: /home/pawan/yahboomcar_ws_test/digitaltwin_ws/install/ira_laser_tools/share/ira_laser_tools/environment/ament_prefix_path.sh
[12.837s] -- Installing: /home/pawan/yahboomcar_ws_test/digitaltwin_ws/install/ira_laser_tools/share/ira_laser_tools/environment/ament_prefix_path.dsv
[12.837s] -- Installing: /home/pawan/yahboomcar_ws_test/digitaltwin_ws/install/ira_laser_tools/share/ira_laser_tools/environment/path.sh
[12.837s] -- Installing: /home/pawan/yahboomcar_ws_test/digitaltwin_ws/install/ira_laser_tools/share/ira_laser_tools/environment/path.dsv
[12.837s] -- Installing: /home/pawan/yahboomcar_ws_test/digitaltwin_ws/install/ira_laser_tools/share/ira_laser_tools/local_setup.bash
[12.837s] -- Installing: /home/pawan/yahboomcar_ws_test/digitaltwin_ws/install/ira_laser_tools/share/ira_laser_tools/local_setup.sh
[12.837s] -- Installing: /home/pawan/yahboomcar_ws_test/digitaltwin_ws/install/ira_laser_tools/share/ira_laser_tools/local_setup.zsh
[12.837s] -- Installing: /home/pawan/yahboomcar_ws_test/digitaltwin_ws/install/ira_laser_tools/share/ira_laser_tools/local_setup.dsv
[12.837s] -- Installing: /home/pawan/yahboomcar_ws_test/digitaltwin_ws/install/ira_laser_tools/share/ira_laser_tools/package.dsv
[12.838s] -- Installing: /home/pawan/yahboomcar_ws_test/digitaltwin_ws/install/ira_laser_tools/share/ament_index/resource_index/packages/ira_laser_tools
[12.838s] -- Installing: /home/pawan/yahboomcar_ws_test/digitaltwin_ws/install/ira_laser_tools/share/ira_laser_tools/cmake/ament_cmake_export_dependencies-extras.cmake
[12.838s] -- Installing: /home/pawan/yahboomcar_ws_test/digitaltwin_ws/install/ira_laser_tools/share/ira_laser_tools/cmake/ira_laser_toolsConfig.cmake
[12.838s] -- Installing: /home/pawan/yahboomcar_ws_test/digitaltwin_ws/install/ira_laser_tools/share/ira_laser_tools/cmake/ira_laser_toolsConfig-version.cmake
[12.838s] -- Installing: /home/pawan/yahboomcar_ws_test/digitaltwin_ws/install/ira_laser_tools/share/ira_laser_tools/package.xml
[12.839s] Invoked command in '/home/pawan/yahboomcar_ws_test/digitaltwin_ws/build/ira_laser_tools' returned '0': CMAKE_PREFIX_PATH=/home/pawan/yahboomcar_ws_test/yahboomcar_ws/install/yahboom_M3Pro_description:/opt/ros/humble /usr/bin/cmake --install /home/pawan/yahboomcar_ws_test/digitaltwin_ws/build/ira_laser_tools
