[  2%] [34m[1mGenerating C code for ROS interfaces[0m
[  5%] [34m[1mGenerating C++ code for ROS interfaces[0m
[  7%] [34m[1mGenerating Rust code for ROS interfaces[0m
[  7%] Built target ament_cmake_python_copy_arm_msgs
running egg_info
creating arm_msgs.egg-info
writing arm_msgs.egg-info/PKG-INFO
writing dependency_links to arm_msgs.egg-info/dependency_links.txt
writing top-level names to arm_msgs.egg-info/top_level.txt
writing manifest file 'arm_msgs.egg-info/SOURCES.txt'
reading manifest file 'arm_msgs.egg-info/SOURCES.txt'
writing manifest file 'arm_msgs.egg-info/SOURCES.txt'
[  7%] Built target ament_cmake_python_build_arm_msgs_egg
[  7%] Built target arm_msgs__rs
[ 10%] [32mBuilding C object CMakeFiles/arm_msgs__rosidl_generator_c.dir/rosidl_generator_c/arm_msgs/msg/detail/arm_joint__functions.c.o[0m
[ 12%] [32mBuilding C object CMakeFiles/arm_msgs__rosidl_generator_c.dir/rosidl_generator_c/arm_msgs/msg/detail/arm_joints__functions.c.o[0m
[ 12%] Built target arm_msgs__cpp
[ 15%] [34m[1mGenerating C++ type support dispatch for ROS interfaces[0m
[ 17%] [34m[1mGenerating C++ introspection for ROS interfaces[0m
[ 20%] [34m[1mGenerating C++ type support for eProsima Fast-RTPS[0m
[ 22%] [32m[1mLinking C shared library libarm_msgs__rosidl_generator_c.so[0m
[ 22%] Built target arm_msgs__rosidl_generator_c
[ 25%] [34m[1mGenerating C introspection for ROS interfaces[0m
[ 27%] [34m[1mGenerating C type support dispatch for ROS interfaces[0m
[ 30%] [34m[1mGenerating C type support for eProsima Fast-RTPS[0m
[ 32%] [32mBuilding CXX object CMakeFiles/arm_msgs__rosidl_typesupport_cpp.dir/rosidl_typesupport_cpp/arm_msgs/msg/arm_joint__type_support.cpp.o[0m
[ 35%] [32mBuilding CXX object CMakeFiles/arm_msgs__rosidl_typesupport_cpp.dir/rosidl_typesupport_cpp/arm_msgs/msg/arm_joints__type_support.cpp.o[0m
[ 37%] [32mBuilding CXX object CMakeFiles/arm_msgs__rosidl_typesupport_introspection_cpp.dir/rosidl_typesupport_introspection_cpp/arm_msgs/msg/detail/arm_joint__type_support.cpp.o[0m
[ 40%] [32mBuilding CXX object CMakeFiles/arm_msgs__rosidl_typesupport_introspection_cpp.dir/rosidl_typesupport_introspection_cpp/arm_msgs/msg/detail/arm_joints__type_support.cpp.o[0m
[ 42%] [32mBuilding CXX object CMakeFiles/arm_msgs__rosidl_typesupport_fastrtps_cpp.dir/rosidl_typesupport_fastrtps_cpp/arm_msgs/msg/detail/dds_fastrtps/arm_joint__type_support.cpp.o[0m
[ 45%] [32mBuilding CXX object CMakeFiles/arm_msgs__rosidl_typesupport_fastrtps_cpp.dir/rosidl_typesupport_fastrtps_cpp/arm_msgs/msg/detail/dds_fastrtps/arm_joints__type_support.cpp.o[0m
[ 47%] [32mBuilding CXX object CMakeFiles/arm_msgs__rosidl_typesupport_c.dir/rosidl_typesupport_c/arm_msgs/msg/arm_joint__type_support.cpp.o[0m
[ 50%] [32mBuilding CXX object CMakeFiles/arm_msgs__rosidl_typesupport_c.dir/rosidl_typesupport_c/arm_msgs/msg/arm_joints__type_support.cpp.o[0m
[ 52%] [32m[1mLinking CXX shared library libarm_msgs__rosidl_typesupport_cpp.so[0m
[ 55%] [32m[1mLinking CXX shared library libarm_msgs__rosidl_typesupport_c.so[0m
[ 62%] [32mBuilding C object CMakeFiles/arm_msgs__rosidl_typesupport_introspection_c.dir/rosidl_typesupport_introspection_c/arm_msgs/msg/detail/arm_joint__type_support.c.o[0m
[ 62%] [32mBuilding CXX object CMakeFiles/arm_msgs__rosidl_typesupport_fastrtps_c.dir/rosidl_typesupport_fastrtps_c/arm_msgs/msg/detail/arm_joints__type_support_c.cpp.o[0m
[ 62%] [32mBuilding CXX object CMakeFiles/arm_msgs__rosidl_typesupport_fastrtps_c.dir/rosidl_typesupport_fastrtps_c/arm_msgs/msg/detail/arm_joint__type_support_c.cpp.o[0m
[ 65%] [32mBuilding C object CMakeFiles/arm_msgs__rosidl_typesupport_introspection_c.dir/rosidl_typesupport_introspection_c/arm_msgs/msg/detail/arm_joints__type_support.c.o[0m
[ 65%] Built target arm_msgs__rosidl_typesupport_cpp
[ 65%] Built target arm_msgs__rosidl_typesupport_c
[ 67%] [32m[1mLinking C shared library libarm_msgs__rosidl_typesupport_introspection_c.so[0m
[ 67%] Built target arm_msgs__rosidl_typesupport_introspection_c
[ 70%] [32m[1mLinking CXX shared library libarm_msgs__rosidl_typesupport_introspection_cpp.so[0m
[ 70%] Built target arm_msgs__rosidl_typesupport_introspection_cpp
[ 72%] [32m[1mLinking CXX shared library libarm_msgs__rosidl_typesupport_fastrtps_cpp.so[0m
[ 72%] Built target arm_msgs__rosidl_typesupport_fastrtps_cpp
[ 75%] [32m[1mLinking CXX shared library libarm_msgs__rosidl_typesupport_fastrtps_c.so[0m
[ 75%] Built target arm_msgs__rosidl_typesupport_fastrtps_c
[ 75%] Built target arm_msgs
[ 77%] [34m[1mGenerating Python code for ROS interfaces[0m
[ 77%] Built target arm_msgs__py
[ 82%] [32mBuilding C object CMakeFiles/arm_msgs__rosidl_generator_py.dir/rosidl_generator_py/arm_msgs/msg/_arm_joint_s.c.o[0m
[ 82%] [32mBuilding C object CMakeFiles/arm_msgs__rosidl_generator_py.dir/rosidl_generator_py/arm_msgs/msg/_arm_joints_s.c.o[0m
[ 85%] [32m[1mLinking C shared library rosidl_generator_py/arm_msgs/libarm_msgs__rosidl_generator_py.so[0m
[ 85%] Built target arm_msgs__rosidl_generator_py
[ 87%] [32mBuilding C object CMakeFiles/arm_msgs__rosidl_typesupport_fastrtps_c__pyext.dir/rosidl_generator_py/arm_msgs/_arm_msgs_s.ep.rosidl_typesupport_fastrtps_c.c.o[0m
[ 90%] [32mBuilding C object CMakeFiles/arm_msgs__rosidl_typesupport_introspection_c__pyext.dir/rosidl_generator_py/arm_msgs/_arm_msgs_s.ep.rosidl_typesupport_introspection_c.c.o[0m
[ 92%] [32mBuilding C object CMakeFiles/arm_msgs__rosidl_typesupport_c__pyext.dir/rosidl_generator_py/arm_msgs/_arm_msgs_s.ep.rosidl_typesupport_c.c.o[0m
[ 95%] [32m[1mLinking C shared library rosidl_generator_py/arm_msgs/arm_msgs_s__rosidl_typesupport_introspection_c.cpython-310-x86_64-linux-gnu.so[0m
[ 95%] Built target arm_msgs__rosidl_typesupport_introspection_c__pyext
[ 97%] [32m[1mLinking C shared library rosidl_generator_py/arm_msgs/arm_msgs_s__rosidl_typesupport_fastrtps_c.cpython-310-x86_64-linux-gnu.so[0m
[100%] [32m[1mLinking C shared library rosidl_generator_py/arm_msgs/arm_msgs_s__rosidl_typesupport_c.cpython-310-x86_64-linux-gnu.so[0m
[100%] Built target arm_msgs__rosidl_typesupport_fastrtps_c__pyext
[100%] Built target arm_msgs__rosidl_typesupport_c__pyext
