[1.977s] Invoking command in '/home/pawan/yahboomcar_ws_test/yahboomcar_ws/build/yahboomcar_msgs': CMAKE_PREFIX_PATH=${CMAKE_PREFIX_PATH}:/home/pawan/yahboomcar_ws_test/yahboomcar_ws/install/yahboom_M3Pro_description:/opt/ros/humble /usr/bin/cmake --build /home/pawan/yahboomcar_ws_test/yahboomcar_ws/build/yahboomcar_msgs -- -j20 -l20
[2.006s] [  1%] [34m[1mGenerating C code for ROS interfaces[0m
[2.019s] [  4%] [34m[1mGenerating Rust code for ROS interfaces[0m
[2.019s] [  4%] [34m[1mGenerating C++ code for ROS interfaces[0m
[2.030s] [  4%] Built target ament_cmake_python_copy_yahboomcar_msgs
[2.233s] [  4%] Built target yahboomcar_msgs__rs
[2.304s] running egg_info
[2.305s] creating yahboomcar_msgs.egg-info
[2.305s] writing yahboomcar_msgs.egg-info/PKG-INFO
[2.305s] writing dependency_links to yahboomcar_msgs.egg-info/dependency_links.txt
[2.305s] writing top-level names to yahboomcar_msgs.egg-info/top_level.txt
[2.306s] writing manifest file 'yahboomcar_msgs.egg-info/SOURCES.txt'
[2.312s] reading manifest file 'yahboomcar_msgs.egg-info/SOURCES.txt'
[2.312s] writing manifest file 'yahboomcar_msgs.egg-info/SOURCES.txt'
[2.340s] [  6%] [32mBuilding C object CMakeFiles/yahboomcar_msgs__rosidl_generator_c.dir/rosidl_generator_c/yahboomcar_msgs/msg/detail/point_array__functions.c.o[0m
[2.341s] [  7%] [32mBuilding C object CMakeFiles/yahboomcar_msgs__rosidl_generator_c.dir/rosidl_generator_c/yahboomcar_msgs/msg/detail/position__functions.c.o[0m
[2.342s] [ 12%] [32mBuilding C object CMakeFiles/yahboomcar_msgs__rosidl_generator_c.dir/rosidl_generator_c/yahboomcar_msgs/msg/detail/target_array__functions.c.o[0m
[2.342s] [ 12%] [32mBuilding C object CMakeFiles/yahboomcar_msgs__rosidl_generator_c.dir/rosidl_generator_c/yahboomcar_msgs/msg/detail/image_msg__functions.c.o[0m
[2.342s] [ 12%] [32mBuilding C object CMakeFiles/yahboomcar_msgs__rosidl_generator_c.dir/rosidl_generator_c/yahboomcar_msgs/msg/detail/target__functions.c.o[0m
[2.347s] [ 12%] Built target ament_cmake_python_build_yahboomcar_msgs_egg
[2.391s] [ 14%] [32m[1mLinking C shared library libyahboomcar_msgs__rosidl_generator_c.so[0m
[2.425s] [ 14%] Built target yahboomcar_msgs__rosidl_generator_c
[2.433s] [ 15%] [34m[1mGenerating C type support dispatch for ROS interfaces[0m
[2.435s] [ 17%] [34m[1mGenerating C type support for eProsima Fast-RTPS[0m
[2.435s] [ 18%] [34m[1mGenerating C introspection for ROS interfaces[0m
[2.471s] [ 18%] Built target yahboomcar_msgs__cpp
[2.478s] [ 20%] [34m[1mGenerating C++ type support dispatch for ROS interfaces[0m
[2.481s] [ 23%] [34m[1mGenerating C++ type support for eProsima Fast-RTPS[0m
[2.481s] [ 23%] [34m[1mGenerating C++ introspection for ROS interfaces[0m
[2.684s] [ 25%] [32mBuilding CXX object CMakeFiles/yahboomcar_msgs__rosidl_typesupport_c.dir/rosidl_typesupport_c/yahboomcar_msgs/msg/point_array__type_support.cpp.o[0m
[2.685s] [ 26%] [32mBuilding CXX object CMakeFiles/yahboomcar_msgs__rosidl_typesupport_c.dir/rosidl_typesupport_c/yahboomcar_msgs/msg/target__type_support.cpp.o[0m
[2.685s] [ 28%] [32mBuilding CXX object CMakeFiles/yahboomcar_msgs__rosidl_typesupport_cpp.dir/rosidl_typesupport_cpp/yahboomcar_msgs/msg/image_msg__type_support.cpp.o[0m
[2.685s] [ 29%] [32mBuilding CXX object CMakeFiles/yahboomcar_msgs__rosidl_typesupport_cpp.dir/rosidl_typesupport_cpp/yahboomcar_msgs/msg/position__type_support.cpp.o[0m
[2.685s] [ 31%] [32mBuilding CXX object CMakeFiles/yahboomcar_msgs__rosidl_typesupport_cpp.dir/rosidl_typesupport_cpp/yahboomcar_msgs/msg/target__type_support.cpp.o[0m
[2.685s] [ 32%] [32mBuilding CXX object CMakeFiles/yahboomcar_msgs__rosidl_typesupport_cpp.dir/rosidl_typesupport_cpp/yahboomcar_msgs/msg/point_array__type_support.cpp.o[0m
[2.685s] [ 34%] [32mBuilding CXX object CMakeFiles/yahboomcar_msgs__rosidl_typesupport_c.dir/rosidl_typesupport_c/yahboomcar_msgs/msg/image_msg__type_support.cpp.o[0m
[2.686s] [ 37%] [32mBuilding CXX object CMakeFiles/yahboomcar_msgs__rosidl_typesupport_c.dir/rosidl_typesupport_c/yahboomcar_msgs/msg/target_array__type_support.cpp.o[0m
[2.686s] [ 37%] [32mBuilding CXX object CMakeFiles/yahboomcar_msgs__rosidl_typesupport_cpp.dir/rosidl_typesupport_cpp/yahboomcar_msgs/msg/target_array__type_support.cpp.o[0m
[2.686s] [ 39%] [32mBuilding CXX object CMakeFiles/yahboomcar_msgs__rosidl_typesupport_c.dir/rosidl_typesupport_c/yahboomcar_msgs/msg/position__type_support.cpp.o[0m
[2.695s] [ 42%] [32mBuilding C object CMakeFiles/yahboomcar_msgs__rosidl_typesupport_introspection_c.dir/rosidl_typesupport_introspection_c/yahboomcar_msgs/msg/detail/image_msg__type_support.c.o[0m
[2.695s] [ 42%] [32mBuilding C object CMakeFiles/yahboomcar_msgs__rosidl_typesupport_introspection_c.dir/rosidl_typesupport_introspection_c/yahboomcar_msgs/msg/detail/point_array__type_support.c.o[0m
[2.696s] [ 43%] [32mBuilding C object CMakeFiles/yahboomcar_msgs__rosidl_typesupport_introspection_c.dir/rosidl_typesupport_introspection_c/yahboomcar_msgs/msg/detail/position__type_support.c.o[0m
[2.696s] [ 45%] [32mBuilding C object CMakeFiles/yahboomcar_msgs__rosidl_typesupport_introspection_c.dir/rosidl_typesupport_introspection_c/yahboomcar_msgs/msg/detail/target__type_support.c.o[0m
[2.697s] [ 46%] [32mBuilding C object CMakeFiles/yahboomcar_msgs__rosidl_typesupport_introspection_c.dir/rosidl_typesupport_introspection_c/yahboomcar_msgs/msg/detail/target_array__type_support.c.o[0m
[2.714s] [ 48%] [32m[1mLinking CXX shared library libyahboomcar_msgs__rosidl_typesupport_c.so[0m
[2.728s] [ 50%] [32m[1mLinking C shared library libyahboomcar_msgs__rosidl_typesupport_introspection_c.so[0m
[2.743s] [ 50%] Built target yahboomcar_msgs__rosidl_typesupport_c
[2.751s] [ 50%] Built target yahboomcar_msgs__rosidl_typesupport_introspection_c
[2.778s] [ 51%] [32mBuilding CXX object CMakeFiles/yahboomcar_msgs__rosidl_typesupport_introspection_cpp.dir/rosidl_typesupport_introspection_cpp/yahboomcar_msgs/msg/detail/image_msg__type_support.cpp.o[0m
[2.778s] [ 54%] [32mBuilding CXX object CMakeFiles/yahboomcar_msgs__rosidl_typesupport_introspection_cpp.dir/rosidl_typesupport_introspection_cpp/yahboomcar_msgs/msg/detail/position__type_support.cpp.o[0m
[2.779s] [ 54%] [32mBuilding CXX object CMakeFiles/yahboomcar_msgs__rosidl_typesupport_introspection_cpp.dir/rosidl_typesupport_introspection_cpp/yahboomcar_msgs/msg/detail/point_array__type_support.cpp.o[0m
[2.779s] [ 56%] [32mBuilding CXX object CMakeFiles/yahboomcar_msgs__rosidl_typesupport_introspection_cpp.dir/rosidl_typesupport_introspection_cpp/yahboomcar_msgs/msg/detail/target__type_support.cpp.o[0m
[2.779s] [ 57%] [32mBuilding CXX object CMakeFiles/yahboomcar_msgs__rosidl_typesupport_introspection_cpp.dir/rosidl_typesupport_introspection_cpp/yahboomcar_msgs/msg/detail/target_array__type_support.cpp.o[0m
[2.779s] [ 59%] [32mBuilding CXX object CMakeFiles/yahboomcar_msgs__rosidl_typesupport_fastrtps_c.dir/rosidl_typesupport_fastrtps_c/yahboomcar_msgs/msg/detail/position__type_support_c.cpp.o[0m
[2.779s] [ 60%] [32mBuilding CXX object CMakeFiles/yahboomcar_msgs__rosidl_typesupport_fastrtps_c.dir/rosidl_typesupport_fastrtps_c/yahboomcar_msgs/msg/detail/target_array__type_support_c.cpp.o[0m
[2.779s] [ 62%] [32mBuilding CXX object CMakeFiles/yahboomcar_msgs__rosidl_typesupport_fastrtps_c.dir/rosidl_typesupport_fastrtps_c/yahboomcar_msgs/msg/detail/target__type_support_c.cpp.o[0m
[2.781s] [ 64%] [32mBuilding CXX object CMakeFiles/yahboomcar_msgs__rosidl_typesupport_fastrtps_c.dir/rosidl_typesupport_fastrtps_c/yahboomcar_msgs/msg/detail/image_msg__type_support_c.cpp.o[0m
[2.781s] [ 65%] [32mBuilding CXX object CMakeFiles/yahboomcar_msgs__rosidl_typesupport_fastrtps_c.dir/rosidl_typesupport_fastrtps_c/yahboomcar_msgs/msg/detail/point_array__type_support_c.cpp.o[0m
[2.867s] [ 67%] [32mBuilding CXX object CMakeFiles/yahboomcar_msgs__rosidl_typesupport_fastrtps_cpp.dir/rosidl_typesupport_fastrtps_cpp/yahboomcar_msgs/msg/detail/dds_fastrtps/point_array__type_support.cpp.o[0m
[2.867s] [ 68%] [32mBuilding CXX object CMakeFiles/yahboomcar_msgs__rosidl_typesupport_fastrtps_cpp.dir/rosidl_typesupport_fastrtps_cpp/yahboomcar_msgs/msg/detail/dds_fastrtps/image_msg__type_support.cpp.o[0m
[2.874s] [ 71%] [32mBuilding CXX object CMakeFiles/yahboomcar_msgs__rosidl_typesupport_fastrtps_cpp.dir/rosidl_typesupport_fastrtps_cpp/yahboomcar_msgs/msg/detail/dds_fastrtps/position__type_support.cpp.o[0m
[2.874s] [ 71%] [32mBuilding CXX object CMakeFiles/yahboomcar_msgs__rosidl_typesupport_fastrtps_cpp.dir/rosidl_typesupport_fastrtps_cpp/yahboomcar_msgs/msg/detail/dds_fastrtps/target_array__type_support.cpp.o[0m
[2.881s] [ 73%] [32mBuilding CXX object CMakeFiles/yahboomcar_msgs__rosidl_typesupport_fastrtps_cpp.dir/rosidl_typesupport_fastrtps_cpp/yahboomcar_msgs/msg/detail/dds_fastrtps/target__type_support.cpp.o[0m
[3.030s] [ 75%] [32m[1mLinking CXX shared library libyahboomcar_msgs__rosidl_typesupport_cpp.so[0m
[3.098s] [ 75%] Built target yahboomcar_msgs__rosidl_typesupport_cpp
[3.258s] [ 76%] [32m[1mLinking CXX shared library libyahboomcar_msgs__rosidl_typesupport_fastrtps_c.so[0m
[3.266s] [ 78%] [32m[1mLinking CXX shared library libyahboomcar_msgs__rosidl_typesupport_introspection_cpp.so[0m
[3.310s] [ 78%] Built target yahboomcar_msgs__rosidl_typesupport_fastrtps_c
[3.341s] [ 78%] Built target yahboomcar_msgs__rosidl_typesupport_introspection_cpp
[3.362s] [ 79%] [32m[1mLinking CXX shared library libyahboomcar_msgs__rosidl_typesupport_fastrtps_cpp.so[0m
[3.418s] [ 79%] Built target yahboomcar_msgs__rosidl_typesupport_fastrtps_cpp
[3.436s] [ 79%] Built target yahboomcar_msgs
[3.459s] [ 81%] [34m[1mGenerating Python code for ROS interfaces[0m
[3.900s] [ 81%] Built target yahboomcar_msgs__py
[3.922s] [ 82%] [32mBuilding C object CMakeFiles/yahboomcar_msgs__rosidl_generator_py.dir/rosidl_generator_py/yahboomcar_msgs/msg/_target_array_s.c.o[0m
[3.924s] [ 85%] [32mBuilding C object CMakeFiles/yahboomcar_msgs__rosidl_generator_py.dir/rosidl_generator_py/yahboomcar_msgs/msg/_point_array_s.c.o[0m
[3.924s] [ 85%] [32mBuilding C object CMakeFiles/yahboomcar_msgs__rosidl_generator_py.dir/rosidl_generator_py/yahboomcar_msgs/msg/_image_msg_s.c.o[0m
[3.924s] [ 89%] [32mBuilding C object CMakeFiles/yahboomcar_msgs__rosidl_generator_py.dir/rosidl_generator_py/yahboomcar_msgs/msg/_position_s.c.o[0m
[3.924s] [ 89%] [32mBuilding C object CMakeFiles/yahboomcar_msgs__rosidl_generator_py.dir/rosidl_generator_py/yahboomcar_msgs/msg/_target_s.c.o[0m
[4.009s] [ 90%] [32m[1mLinking C shared library rosidl_generator_py/yahboomcar_msgs/libyahboomcar_msgs__rosidl_generator_py.so[0m
[4.062s] [ 90%] Built target yahboomcar_msgs__rosidl_generator_py
[4.089s] [ 92%] [32mBuilding C object CMakeFiles/yahboomcar_msgs__rosidl_typesupport_introspection_c__pyext.dir/rosidl_generator_py/yahboomcar_msgs/_yahboomcar_msgs_s.ep.rosidl_typesupport_introspection_c.c.o[0m
[4.090s] [ 95%] [32mBuilding C object CMakeFiles/yahboomcar_msgs__rosidl_typesupport_c__pyext.dir/rosidl_generator_py/yahboomcar_msgs/_yahboomcar_msgs_s.ep.rosidl_typesupport_c.c.o[0m
[4.090s] [ 95%] [32mBuilding C object CMakeFiles/yahboomcar_msgs__rosidl_typesupport_fastrtps_c__pyext.dir/rosidl_generator_py/yahboomcar_msgs/_yahboomcar_msgs_s.ep.rosidl_typesupport_fastrtps_c.c.o[0m
[4.163s] [ 96%] [32m[1mLinking C shared library rosidl_generator_py/yahboomcar_msgs/yahboomcar_msgs_s__rosidl_typesupport_fastrtps_c.cpython-310-x86_64-linux-gnu.so[0m
[4.163s] [ 98%] [32m[1mLinking C shared library rosidl_generator_py/yahboomcar_msgs/yahboomcar_msgs_s__rosidl_typesupport_c.cpython-310-x86_64-linux-gnu.so[0m
[4.167s] [100%] [32m[1mLinking C shared library rosidl_generator_py/yahboomcar_msgs/yahboomcar_msgs_s__rosidl_typesupport_introspection_c.cpython-310-x86_64-linux-gnu.so[0m
[4.196s] [100%] Built target yahboomcar_msgs__rosidl_typesupport_fastrtps_c__pyext
[4.204s] [100%] Built target yahboomcar_msgs__rosidl_typesupport_c__pyext
[4.204s] [100%] Built target yahboomcar_msgs__rosidl_typesupport_introspection_c__pyext
