[0.535s] Invoking command in '/home/pawan/yahboomcar_ws_test/M3Pro_ws/build/ira_laser_tools': CMAKE_PREFIX_PATH=${CMAKE_PREFIX_PATH}:/home/pawan/yahboomcar_ws_test/yahboomcar_ws/install/yahboom_M3Pro_description:/opt/ros/humble /usr/bin/cmake /home/pawan/yahboomcar_ws_test/M3Pro_ws/src/M3Pro_core/ira_laser_tools -DCMAKE_INSTALL_PREFIX=/home/pawan/yahboomcar_ws_test/M3Pro_ws/install/ira_laser_tools
[1.681s] -- The C compiler identification is GNU 11.4.0
[1.681s] -- The CXX compiler identification is GNU 11.4.0
[1.681s] -- Detecting C compiler ABI info
[1.681s] -- Detecting C compiler ABI info - done
[1.681s] -- Check for working C compiler: /usr/bin/cc - skipped
[1.681s] -- Detecting C compile features
[1.681s] -- Detecting C compile features - done
[1.681s] -- Detecting CXX compiler ABI info
[1.681s] -- Detecting CXX compiler ABI info - done
[1.681s] -- Check for working CXX compiler: /usr/bin/c++ - skipped
[1.681s] -- Detecting CXX compile features
[1.681s] -- Detecting CXX compile features - done
[1.681s] -- Found ament_cmake: 1.3.14 (/opt/ros/humble/share/ament_cmake/cmake)
[1.681s] -- Found Python3: /usr/bin/python3 (found version "3.10.12") found components: Interpreter 
[1.681s] -- Found rclcpp: 16.0.19 (/opt/ros/humble/share/rclcpp/cmake)
[1.681s] -- Found rosidl_generator_c: 3.1.8 (/opt/ros/humble/share/rosidl_generator_c/cmake)
[1.681s] -- Found rosidl_adapter: 3.1.8 (/opt/ros/humble/share/rosidl_adapter/cmake)
[1.681s] -- Found rosidl_generator_cpp: 3.1.8 (/opt/ros/humble/share/rosidl_generator_cpp/cmake)
[1.681s] -- Using all available rosidl_typesupport_c: rosidl_typesupport_fastrtps_c;rosidl_typesupport_introspection_c
[1.681s] -- Using all available rosidl_typesupport_cpp: rosidl_typesupport_fastrtps_cpp;rosidl_typesupport_introspection_cpp
[1.681s] -- Found rmw_implementation_cmake: 6.1.2 (/opt/ros/humble/share/rmw_implementation_cmake/cmake)
[1.681s] -- Found rmw_fastrtps_cpp: 6.2.10 (/opt/ros/humble/share/rmw_fastrtps_cpp/cmake)
[1.681s] -- Found OpenSSL: /usr/lib/x86_64-linux-gnu/libcrypto.so (found version "3.0.2")  
[1.681s] -- Found FastRTPS: /opt/ros/humble/include  
[1.681s] -- Using RMW implementation 'rmw_fastrtps_cpp' as default
[1.681s] -- Looking for pthread.h
[1.681s] -- Looking for pthread.h - found
[1.681s] -- Performing Test CMAKE_HAVE_LIBC_PTHREAD
[1.681s] -- Performing Test CMAKE_HAVE_LIBC_PTHREAD - Success
[1.681s] -- Found Threads: TRUE  
[1.681s] -- Found rclcpp_action: 16.0.19 (/opt/ros/humble/share/rclcpp_action/cmake)
[1.681s] -- Found rclcpp_lifecycle: 16.0.19 (/opt/ros/humble/share/rclcpp_lifecycle/cmake)
[1.681s] -- Found geometry_msgs: 4.9.1 (/opt/ros/humble/share/geometry_msgs/cmake)
[1.682s] -- Found sensor_msgs: 4.9.1 (/opt/ros/humble/share/sensor_msgs/cmake)
[1.682s] -- Found laser_geometry: 2.4.1 (/opt/ros/humble/share/laser_geometry/cmake)
[1.682s] -- Found tf2_ros: 0.25.20 (/opt/ros/humble/share/tf2_ros/cmake)
[1.682s] -- Configuring incomplete, errors occurred!
[1.682s] See also "/home/pawan/yahboomcar_ws_test/M3Pro_ws/build/ira_laser_tools/CMakeFiles/CMakeOutput.log".
[1.682s] [31mCMake Error at CMakeLists.txt:27 (find_package):
[1.682s]   By not providing "Findpcl_ros.cmake" in CMAKE_MODULE_PATH this project has
[1.682s]   asked CMake to find a package configuration file provided by "pcl_ros", but
[1.682s]   CMake did not find one.
[1.682s] 
[1.682s]   Could not find a package configuration file provided by "pcl_ros" with any
[1.682s]   of the following names:
[1.682s] 
[1.682s]     pcl_rosConfig.cmake
[1.682s]     pcl_ros-config.cmake
[1.682s] 
[1.682s]   Add the installation prefix of "pcl_ros" to CMAKE_PREFIX_PATH or set
[1.682s]   "pcl_ros_DIR" to a directory containing one of the above files.  If
[1.682s]   "pcl_ros" provides a separate development package or SDK, be sure it has
[1.682s]   been installed.
[1.682s] 
[1.682s] [0m
[1.695s] Invoked command in '/home/pawan/yahboomcar_ws_test/M3Pro_ws/build/ira_laser_tools' returned '1': CMAKE_PREFIX_PATH=${CMAKE_PREFIX_PATH}:/home/pawan/yahboomcar_ws_test/yahboomcar_ws/install/yahboom_M3Pro_description:/opt/ros/humble /usr/bin/cmake /home/pawan/yahboomcar_ws_test/M3Pro_ws/src/M3Pro_core/ira_laser_tools -DCMAKE_INSTALL_PREFIX=/home/pawan/yahboomcar_ws_test/M3Pro_ws/install/ira_laser_tools
