[35m[1mConsolidate compiler generated dependencies of target yahboomcar_msgs__rosidl_generator_c[0m
[  1%] Built target yahboomcar_msgs__rs
[ 12%] Built target yahboomcar_msgs__rosidl_generator_c
[ 14%] Built target yahboomcar_msgs__cpp
[ 14%] Built target ament_cmake_python_copy_yahboomcar_msgs
[35m[1mConsolidate compiler generated dependencies of target yahboomcar_msgs__rosidl_typesupport_introspection_c[0m
[35m[1mConsolidate compiler generated dependencies of target yahboomcar_msgs__rosidl_typesupport_introspection_cpp[0m
[35m[1mConsolidate compiler generated dependencies of target yahboomcar_msgs__rosidl_typesupport_cpp[0m
[35m[1mConsolidate compiler generated dependencies of target yahboomcar_msgs__rosidl_typesupport_fastrtps_cpp[0m
[35m[1mConsolidate compiler generated dependencies of target yahboomcar_msgs__rosidl_typesupport_fastrtps_c[0m
[35m[1mConsolidate compiler generated dependencies of target yahboomcar_msgs__rosidl_typesupport_c[0m
[ 25%] Built target yahboomcar_msgs__rosidl_typesupport_introspection_c
[ 35%] Built target yahboomcar_msgs__rosidl_typesupport_introspection_cpp
[ 46%] Built target yahboomcar_msgs__rosidl_typesupport_cpp
[ 57%] Built target yahboomcar_msgs__rosidl_typesupport_fastrtps_cpp
[ 68%] Built target yahboomcar_msgs__rosidl_typesupport_c
[ 79%] Built target yahboomcar_msgs__rosidl_typesupport_fastrtps_c
[ 79%] Built target yahboomcar_msgs
[ 81%] Built target yahboomcar_msgs__py
[35m[1mConsolidate compiler generated dependencies of target yahboomcar_msgs__rosidl_generator_py[0m
[ 90%] Built target yahboomcar_msgs__rosidl_generator_py
[35m[1mConsolidate compiler generated dependencies of target yahboomcar_msgs__rosidl_typesupport_fastrtps_c__pyext[0m
[35m[1mConsolidate compiler generated dependencies of target yahboomcar_msgs__rosidl_typesupport_c__pyext[0m
[35m[1mConsolidate compiler generated dependencies of target yahboomcar_msgs__rosidl_typesupport_introspection_c__pyext[0m
[ 93%] Built target yahboomcar_msgs__rosidl_typesupport_fastrtps_c__pyext
[ 96%] Built target yahboomcar_msgs__rosidl_typesupport_c__pyext
[100%] Built target yahboomcar_msgs__rosidl_typesupport_introspection_c__pyext
running egg_info
writing yahboomcar_msgs.egg-info/PKG-INFO
writing dependency_links to yahboomcar_msgs.egg-info/dependency_links.txt
writing top-level names to yahboomcar_msgs.egg-info/top_level.txt
reading manifest file 'yahboomcar_msgs.egg-info/SOURCES.txt'
writing manifest file 'yahboomcar_msgs.egg-info/SOURCES.txt'
[100%] Built target ament_cmake_python_build_yahboomcar_msgs_egg
