[1.273s] Invoking command in '/home/pawan/yahboomcar_ws_test/yahboomcar_ws/build/yahboomcar_msgs': CMAKE_PREFIX_PATH=${CMAKE_PREFIX_PATH}:/home/pawan/yahboomcar_ws_test/yahboomcar_ws/install/yahboom_M3Pro_description:/opt/ros/humble /usr/bin/cmake --build /home/pawan/yahboomcar_ws_test/yahboomcar_ws/build/yahboomcar_msgs -- -j20 -l20
[1.336s] [35m[1mConsolidate compiler generated dependencies of target yahboomcar_msgs__rosidl_generator_c[0m
[1.341s] [  1%] Built target yahboomcar_msgs__rs
[1.341s] [ 12%] Built target yahboomcar_msgs__rosidl_generator_c
[1.342s] [ 14%] Built target yahboomcar_msgs__cpp
[1.343s] [ 14%] Built target ament_cmake_python_copy_yahboomcar_msgs
[1.343s] [35m[1mConsolidate compiler generated dependencies of target yahboomcar_msgs__rosidl_typesupport_introspection_c[0m
[1.343s] [35m[1mConsolidate compiler generated dependencies of target yahboomcar_msgs__rosidl_typesupport_introspection_cpp[0m
[1.343s] [35m[1mConsolidate compiler generated dependencies of target yahboomcar_msgs__rosidl_typesupport_cpp[0m
[1.343s] [35m[1mConsolidate compiler generated dependencies of target yahboomcar_msgs__rosidl_typesupport_fastrtps_cpp[0m
[1.343s] [35m[1mConsolidate compiler generated dependencies of target yahboomcar_msgs__rosidl_typesupport_fastrtps_c[0m
[1.343s] [35m[1mConsolidate compiler generated dependencies of target yahboomcar_msgs__rosidl_typesupport_c[0m
[1.343s] [ 25%] Built target yahboomcar_msgs__rosidl_typesupport_introspection_c
[1.343s] [ 35%] Built target yahboomcar_msgs__rosidl_typesupport_introspection_cpp
[1.343s] [ 46%] Built target yahboomcar_msgs__rosidl_typesupport_cpp
[1.344s] [ 57%] Built target yahboomcar_msgs__rosidl_typesupport_fastrtps_cpp
[1.344s] [ 68%] Built target yahboomcar_msgs__rosidl_typesupport_c
[1.346s] [ 79%] Built target yahboomcar_msgs__rosidl_typesupport_fastrtps_c
[1.361s] [ 79%] Built target yahboomcar_msgs
[1.375s] [ 81%] Built target yahboomcar_msgs__py
[1.382s] [35m[1mConsolidate compiler generated dependencies of target yahboomcar_msgs__rosidl_generator_py[0m
[1.392s] [ 90%] Built target yahboomcar_msgs__rosidl_generator_py
[1.398s] [35m[1mConsolidate compiler generated dependencies of target yahboomcar_msgs__rosidl_typesupport_fastrtps_c__pyext[0m
[1.402s] [35m[1mConsolidate compiler generated dependencies of target yahboomcar_msgs__rosidl_typesupport_c__pyext[0m
[1.402s] [35m[1mConsolidate compiler generated dependencies of target yahboomcar_msgs__rosidl_typesupport_introspection_c__pyext[0m
[1.406s] [ 93%] Built target yahboomcar_msgs__rosidl_typesupport_fastrtps_c__pyext
[1.411s] [ 96%] Built target yahboomcar_msgs__rosidl_typesupport_c__pyext
[1.413s] [100%] Built target yahboomcar_msgs__rosidl_typesupport_introspection_c__pyext
[1.585s] running egg_info
[1.585s] writing yahboomcar_msgs.egg-info/PKG-INFO
[1.585s] writing dependency_links to yahboomcar_msgs.egg-info/dependency_links.txt
[1.585s] writing top-level names to yahboomcar_msgs.egg-info/top_level.txt
[1.587s] reading manifest file 'yahboomcar_msgs.egg-info/SOURCES.txt'
[1.587s] writing manifest file 'yahboomcar_msgs.egg-info/SOURCES.txt'
[1.608s] [100%] Built target ament_cmake_python_build_yahboomcar_msgs_egg
