[0.406s] Invoking command in '/home/pawan/yahboomcar_ws_test/yahboomcar_ws/src/yahboomcar_ctrl': PYTHONPATH=/home/pawan/yahboomcar_ws_test/yahboomcar_ws/build/yahboomcar_ctrl/prefix_override:/usr/lib/python3/dist-packages/colcon_core/task/python/colcon_distutils_commands:/home/pawan/yahboomcar_ws_test/yahboomcar_ws/install/yahboomcar_ctrl/lib/python3.10/site-packages:${PYTHONPATH} /usr/bin/python3 -W ignore:setup.py install is deprecated -W ignore:easy_install command is deprecated setup.py egg_info --egg-base ../../build/yahboomcar_ctrl build --build-base /home/pawan/yahboomcar_ws_test/yahboomcar_ws/build/yahboomcar_ctrl/build install --record /home/pawan/yahboomcar_ws_test/yahboomcar_ws/build/yahboomcar_ctrl/install.log --single-version-externally-managed install_data
[0.564s] running egg_info
[0.564s] writing ../../build/yahboomcar_ctrl/yahboomcar_ctrl.egg-info/PKG-INFO
[0.564s] writing dependency_links to ../../build/yahboomcar_ctrl/yahboomcar_ctrl.egg-info/dependency_links.txt
[0.564s] writing entry points to ../../build/yahboomcar_ctrl/yahboomcar_ctrl.egg-info/entry_points.txt
[0.564s] writing requirements to ../../build/yahboomcar_ctrl/yahboomcar_ctrl.egg-info/requires.txt
[0.564s] writing top-level names to ../../build/yahboomcar_ctrl/yahboomcar_ctrl.egg-info/top_level.txt
[0.565s] reading manifest file '../../build/yahboomcar_ctrl/yahboomcar_ctrl.egg-info/SOURCES.txt'
[0.566s] writing manifest file '../../build/yahboomcar_ctrl/yahboomcar_ctrl.egg-info/SOURCES.txt'
[0.566s] running build
[0.566s] running build_py
[0.567s] running install
[0.567s] running install_lib
[0.568s] running install_data
[0.568s] running install_egg_info
[0.569s] removing '/home/pawan/yahboomcar_ws_test/yahboomcar_ws/install/yahboomcar_ctrl/lib/python3.10/site-packages/yahboomcar_ctrl-0.0.0-py3.10.egg-info' (and everything under it)
[0.569s] Copying ../../build/yahboomcar_ctrl/yahboomcar_ctrl.egg-info to /home/pawan/yahboomcar_ws_test/yahboomcar_ws/install/yahboomcar_ctrl/lib/python3.10/site-packages/yahboomcar_ctrl-0.0.0-py3.10.egg-info
[0.569s] running install_scripts
[0.583s] Installing yahboom_joy_M3Pro script to /home/pawan/yahboomcar_ws_test/yahboomcar_ws/install/yahboomcar_ctrl/lib/yahboomcar_ctrl
[0.583s] Installing yahboom_joy_R2 script to /home/pawan/yahboomcar_ws_test/yahboomcar_ws/install/yahboomcar_ctrl/lib/yahboomcar_ctrl
[0.583s] Installing yahboom_keyboard script to /home/pawan/yahboomcar_ws_test/yahboomcar_ws/install/yahboomcar_ctrl/lib/yahboomcar_ctrl
[0.583s] writing list of installed files to '/home/pawan/yahboomcar_ws_test/yahboomcar_ws/build/yahboomcar_ctrl/install.log'
[0.602s] Invoked command in '/home/pawan/yahboomcar_ws_test/yahboomcar_ws/src/yahboomcar_ctrl' returned '0': PYTHONPATH=/home/pawan/yahboomcar_ws_test/yahboomcar_ws/build/yahboomcar_ctrl/prefix_override:/usr/lib/python3/dist-packages/colcon_core/task/python/colcon_distutils_commands:/home/pawan/yahboomcar_ws_test/yahboomcar_ws/install/yahboomcar_ctrl/lib/python3.10/site-packages:${PYTHONPATH} /usr/bin/python3 -W ignore:setup.py install is deprecated -W ignore:easy_install command is deprecated setup.py egg_info --egg-base ../../build/yahboomcar_ctrl build --build-base /home/pawan/yahboomcar_ws_test/yahboomcar_ws/build/yahboomcar_ctrl/build install --record /home/pawan/yahboomcar_ws_test/yahboomcar_ws/build/yahboomcar_ctrl/install.log --single-version-externally-managed install_data
