[  1%] [34m[1mGenerating C code for ROS interfaces[0m
[  2%] [34m[1mGenerating C++ code for ROS interfaces[0m
[  3%] [34m[1mGenerating Rust code for ROS interfaces[0m
[  3%] Built target ament_cmake_python_copy_arm_interface
running egg_info
creating arm_interface.egg-info
writing arm_interface.egg-info/PKG-INFO
writing dependency_links to arm_interface.egg-info/dependency_links.txt
writing top-level names to arm_interface.egg-info/top_level.txt
writing manifest file 'arm_interface.egg-info/SOURCES.txt'
reading manifest file 'arm_interface.egg-info/SOURCES.txt'
writing manifest file 'arm_interface.egg-info/SOURCES.txt'
[  3%] Built target ament_cmake_python_build_arm_interface_egg
[  3%] Built target arm_interface__rs
[  4%] [32mBuilding C object CMakeFiles/arm_interface__rosidl_generator_c.dir/rosidl_generator_c/arm_interface/msg/detail/center_xy__functions.c.o[0m
[  4%] Built target arm_interface__cpp
[  5%] [32mBuilding C object CMakeFiles/arm_interface__rosidl_generator_c.dir/rosidl_generator_c/arm_interface/msg/detail/arm_joint__functions.c.o[0m
[  6%] [32mBuilding C object CMakeFiles/arm_interface__rosidl_generator_c.dir/rosidl_generator_c/arm_interface/msg/detail/position__functions.c.o[0m
[  7%] [32mBuilding C object CMakeFiles/arm_interface__rosidl_generator_c.dir/rosidl_generator_c/arm_interface/msg/detail/cur_joints__functions.c.o[0m
[  8%] [32mBuilding C object CMakeFiles/arm_interface__rosidl_generator_c.dir/rosidl_generator_c/arm_interface/srv/detail/arm_kinemarics__functions.c.o[0m
[  9%] [32mBuilding C object CMakeFiles/arm_interface__rosidl_generator_c.dir/rosidl_generator_c/arm_interface/msg/detail/april_tag_info__functions.c.o[0m
[ 10%] [32mBuilding C object CMakeFiles/arm_interface__rosidl_generator_c.dir/rosidl_generator_c/arm_interface/msg/detail/shape_info__functions.c.o[0m
[ 11%] [32mBuilding C object CMakeFiles/arm_interface__rosidl_generator_c.dir/rosidl_generator_c/arm_interface/msg/detail/yolov5_detect__functions.c.o[0m
[ 12%] [32mBuilding C object CMakeFiles/arm_interface__rosidl_generator_c.dir/rosidl_generator_c/arm_interface/msg/detail/target_xy_roll__functions.c.o[0m
[ 13%] [34m[1mGenerating C++ introspection for ROS interfaces[0m
[ 14%] [34m[1mGenerating C++ type support for eProsima Fast-RTPS[0m
[ 15%] [34m[1mGenerating C++ type support dispatch for ROS interfaces[0m
[ 16%] [32m[1mLinking C shared library libarm_interface__rosidl_generator_c.so[0m
[ 16%] Built target arm_interface__rosidl_generator_c
[ 18%] [34m[1mGenerating C type support dispatch for ROS interfaces[0m
[ 18%] [34m[1mGenerating C introspection for ROS interfaces[0m
[ 19%] [34m[1mGenerating C type support for eProsima Fast-RTPS[0m
[ 20%] [32mBuilding CXX object CMakeFiles/arm_interface__rosidl_typesupport_c.dir/rosidl_typesupport_c/arm_interface/msg/arm_joint__type_support.cpp.o[0m
[ 21%] [32mBuilding CXX object CMakeFiles/arm_interface__rosidl_typesupport_c.dir/rosidl_typesupport_c/arm_interface/msg/april_tag_info__type_support.cpp.o[0m
[ 22%] [32mBuilding CXX object CMakeFiles/arm_interface__rosidl_typesupport_c.dir/rosidl_typesupport_c/arm_interface/srv/arm_kinemarics__type_support.cpp.o[0m
[ 23%] [32mBuilding CXX object CMakeFiles/arm_interface__rosidl_typesupport_c.dir/rosidl_typesupport_c/arm_interface/msg/shape_info__type_support.cpp.o[0m
[ 25%] [32mBuilding CXX object CMakeFiles/arm_interface__rosidl_typesupport_c.dir/rosidl_typesupport_c/arm_interface/msg/center_xy__type_support.cpp.o[0m
[ 26%] [32mBuilding CXX object CMakeFiles/arm_interface__rosidl_typesupport_c.dir/rosidl_typesupport_c/arm_interface/msg/yolov5_detect__type_support.cpp.o[0m
[ 27%] [32mBuilding CXX object CMakeFiles/arm_interface__rosidl_typesupport_c.dir/rosidl_typesupport_c/arm_interface/msg/position__type_support.cpp.o[0m
[ 28%] [32mBuilding CXX object CMakeFiles/arm_interface__rosidl_typesupport_c.dir/rosidl_typesupport_c/arm_interface/msg/cur_joints__type_support.cpp.o[0m
[ 29%] [32mBuilding CXX object CMakeFiles/arm_interface__rosidl_typesupport_c.dir/rosidl_typesupport_c/arm_interface/msg/target_xy_roll__type_support.cpp.o[0m
[ 30%] [32mBuilding CXX object CMakeFiles/arm_interface__rosidl_typesupport_introspection_cpp.dir/rosidl_typesupport_introspection_cpp/arm_interface/msg/detail/arm_joint__type_support.cpp.o[0m
[ 31%] [32mBuilding CXX object CMakeFiles/arm_interface__rosidl_typesupport_introspection_cpp.dir/rosidl_typesupport_introspection_cpp/arm_interface/msg/detail/april_tag_info__type_support.cpp.o[0m
[ 34%] [32mBuilding CXX object CMakeFiles/arm_interface__rosidl_typesupport_introspection_cpp.dir/rosidl_typesupport_introspection_cpp/arm_interface/msg/detail/center_xy__type_support.cpp.o[0m
[ 34%] [32mBuilding CXX object CMakeFiles/arm_interface__rosidl_typesupport_introspection_cpp.dir/rosidl_typesupport_introspection_cpp/arm_interface/msg/detail/shape_info__type_support.cpp.o[0m
[ 34%] [32mBuilding CXX object CMakeFiles/arm_interface__rosidl_typesupport_introspection_cpp.dir/rosidl_typesupport_introspection_cpp/arm_interface/srv/detail/arm_kinemarics__type_support.cpp.o[0m
[ 35%] [32mBuilding CXX object CMakeFiles/arm_interface__rosidl_typesupport_introspection_cpp.dir/rosidl_typesupport_introspection_cpp/arm_interface/msg/detail/position__type_support.cpp.o[0m
[ 36%] [32mBuilding CXX object CMakeFiles/arm_interface__rosidl_typesupport_introspection_cpp.dir/rosidl_typesupport_introspection_cpp/arm_interface/msg/detail/cur_joints__type_support.cpp.o[0m
[ 37%] [32mBuilding CXX object CMakeFiles/arm_interface__rosidl_typesupport_introspection_cpp.dir/rosidl_typesupport_introspection_cpp/arm_interface/msg/detail/target_xy_roll__type_support.cpp.o[0m
[ 38%] [32mBuilding CXX object CMakeFiles/arm_interface__rosidl_typesupport_introspection_cpp.dir/rosidl_typesupport_introspection_cpp/arm_interface/msg/detail/yolov5_detect__type_support.cpp.o[0m
[ 39%] [32m[1mLinking CXX shared library libarm_interface__rosidl_typesupport_c.so[0m
[ 40%] [32mBuilding CXX object CMakeFiles/arm_interface__rosidl_typesupport_cpp.dir/rosidl_typesupport_cpp/arm_interface/msg/arm_joint__type_support.cpp.o[0m
[ 41%] [32mBuilding CXX object CMakeFiles/arm_interface__rosidl_typesupport_cpp.dir/rosidl_typesupport_cpp/arm_interface/srv/arm_kinemarics__type_support.cpp.o[0m
[ 42%] [32mBuilding CXX object CMakeFiles/arm_interface__rosidl_typesupport_cpp.dir/rosidl_typesupport_cpp/arm_interface/msg/april_tag_info__type_support.cpp.o[0m
[ 43%] [32mBuilding CXX object CMakeFiles/arm_interface__rosidl_typesupport_cpp.dir/rosidl_typesupport_cpp/arm_interface/msg/center_xy__type_support.cpp.o[0m
[ 44%] [32mBuilding CXX object CMakeFiles/arm_interface__rosidl_typesupport_cpp.dir/rosidl_typesupport_cpp/arm_interface/msg/shape_info__type_support.cpp.o[0m
[ 45%] [32mBuilding CXX object CMakeFiles/arm_interface__rosidl_typesupport_fastrtps_cpp.dir/rosidl_typesupport_fastrtps_cpp/arm_interface/srv/detail/dds_fastrtps/arm_kinemarics__type_support.cpp.o[0m
[ 45%] Built target arm_interface__rosidl_typesupport_c
[ 46%] [32mBuilding CXX object CMakeFiles/arm_interface__rosidl_typesupport_cpp.dir/rosidl_typesupport_cpp/arm_interface/msg/yolov5_detect__type_support.cpp.o[0m
[ 47%] [32mBuilding CXX object CMakeFiles/arm_interface__rosidl_typesupport_cpp.dir/rosidl_typesupport_cpp/arm_interface/msg/position__type_support.cpp.o[0m
[ 48%] [32mBuilding CXX object CMakeFiles/arm_interface__rosidl_typesupport_cpp.dir/rosidl_typesupport_cpp/arm_interface/msg/cur_joints__type_support.cpp.o[0m
[ 50%] [32mBuilding C object CMakeFiles/arm_interface__rosidl_typesupport_introspection_c.dir/rosidl_typesupport_introspection_c/arm_interface/srv/detail/arm_kinemarics__type_support.c.o[0m
[ 51%] [32mBuilding C object CMakeFiles/arm_interface__rosidl_typesupport_introspection_c.dir/rosidl_typesupport_introspection_c/arm_interface/msg/detail/arm_joint__type_support.c.o[0m
[ 52%] [32mBuilding C object CMakeFiles/arm_interface__rosidl_typesupport_introspection_c.dir/rosidl_typesupport_introspection_c/arm_interface/msg/detail/april_tag_info__type_support.c.o[0m
[ 53%] [32mBuilding CXX object CMakeFiles/arm_interface__rosidl_typesupport_fastrtps_cpp.dir/rosidl_typesupport_fastrtps_cpp/arm_interface/msg/detail/dds_fastrtps/arm_joint__type_support.cpp.o[0m
[ 54%] [32mBuilding C object CMakeFiles/arm_interface__rosidl_typesupport_introspection_c.dir/rosidl_typesupport_introspection_c/arm_interface/msg/detail/center_xy__type_support.c.o[0m
[ 55%] [32mBuilding CXX object CMakeFiles/arm_interface__rosidl_typesupport_fastrtps_cpp.dir/rosidl_typesupport_fastrtps_cpp/arm_interface/msg/detail/dds_fastrtps/april_tag_info__type_support.cpp.o[0m
[ 56%] [32mBuilding CXX object CMakeFiles/arm_interface__rosidl_typesupport_fastrtps_cpp.dir/rosidl_typesupport_fastrtps_cpp/arm_interface/msg/detail/dds_fastrtps/center_xy__type_support.cpp.o[0m
[ 57%] [32mBuilding CXX object CMakeFiles/arm_interface__rosidl_typesupport_cpp.dir/rosidl_typesupport_cpp/arm_interface/msg/target_xy_roll__type_support.cpp.o[0m
[ 58%] [32mBuilding CXX object CMakeFiles/arm_interface__rosidl_typesupport_fastrtps_cpp.dir/rosidl_typesupport_fastrtps_cpp/arm_interface/msg/detail/dds_fastrtps/shape_info__type_support.cpp.o[0m
[ 59%] [32mBuilding C object CMakeFiles/arm_interface__rosidl_typesupport_introspection_c.dir/rosidl_typesupport_introspection_c/arm_interface/msg/detail/shape_info__type_support.c.o[0m
[ 60%] [32mBuilding CXX object CMakeFiles/arm_interface__rosidl_typesupport_fastrtps_cpp.dir/rosidl_typesupport_fastrtps_cpp/arm_interface/msg/detail/dds_fastrtps/yolov5_detect__type_support.cpp.o[0m
[ 61%] [32mBuilding CXX object CMakeFiles/arm_interface__rosidl_typesupport_fastrtps_c.dir/rosidl_typesupport_fastrtps_c/arm_interface/srv/detail/arm_kinemarics__type_support_c.cpp.o[0m
[ 62%] [32mBuilding CXX object CMakeFiles/arm_interface__rosidl_typesupport_fastrtps_c.dir/rosidl_typesupport_fastrtps_c/arm_interface/msg/detail/arm_joint__type_support_c.cpp.o[0m
[ 63%] [32mBuilding C object CMakeFiles/arm_interface__rosidl_typesupport_introspection_c.dir/rosidl_typesupport_introspection_c/arm_interface/msg/detail/position__type_support.c.o[0m
[ 64%] [32mBuilding C object CMakeFiles/arm_interface__rosidl_typesupport_introspection_c.dir/rosidl_typesupport_introspection_c/arm_interface/msg/detail/yolov5_detect__type_support.c.o[0m
[ 65%] [32mBuilding CXX object CMakeFiles/arm_interface__rosidl_typesupport_fastrtps_c.dir/rosidl_typesupport_fastrtps_c/arm_interface/msg/detail/april_tag_info__type_support_c.cpp.o[0m
[ 66%] [32mBuilding CXX object CMakeFiles/arm_interface__rosidl_typesupport_fastrtps_cpp.dir/rosidl_typesupport_fastrtps_cpp/arm_interface/msg/detail/dds_fastrtps/position__type_support.cpp.o[0m
[ 67%] [32mBuilding C object CMakeFiles/arm_interface__rosidl_typesupport_introspection_c.dir/rosidl_typesupport_introspection_c/arm_interface/msg/detail/cur_joints__type_support.c.o[0m
[ 68%] [32mBuilding CXX object CMakeFiles/arm_interface__rosidl_typesupport_fastrtps_cpp.dir/rosidl_typesupport_fastrtps_cpp/arm_interface/msg/detail/dds_fastrtps/cur_joints__type_support.cpp.o[0m
[ 69%] [32mBuilding C object CMakeFiles/arm_interface__rosidl_typesupport_introspection_c.dir/rosidl_typesupport_introspection_c/arm_interface/msg/detail/target_xy_roll__type_support.c.o[0m
[ 70%] [32mBuilding CXX object CMakeFiles/arm_interface__rosidl_typesupport_fastrtps_c.dir/rosidl_typesupport_fastrtps_c/arm_interface/msg/detail/center_xy__type_support_c.cpp.o[0m
[ 71%] [32mBuilding CXX object CMakeFiles/arm_interface__rosidl_typesupport_fastrtps_c.dir/rosidl_typesupport_fastrtps_c/arm_interface/msg/detail/shape_info__type_support_c.cpp.o[0m
[ 72%] [32mBuilding CXX object CMakeFiles/arm_interface__rosidl_typesupport_fastrtps_c.dir/rosidl_typesupport_fastrtps_c/arm_interface/msg/detail/yolov5_detect__type_support_c.cpp.o[0m
[ 73%] [32mBuilding CXX object CMakeFiles/arm_interface__rosidl_typesupport_fastrtps_cpp.dir/rosidl_typesupport_fastrtps_cpp/arm_interface/msg/detail/dds_fastrtps/target_xy_roll__type_support.cpp.o[0m
[ 75%] [32mBuilding CXX object CMakeFiles/arm_interface__rosidl_typesupport_fastrtps_c.dir/rosidl_typesupport_fastrtps_c/arm_interface/msg/detail/position__type_support_c.cpp.o[0m
[ 76%] [32m[1mLinking C shared library libarm_interface__rosidl_typesupport_introspection_c.so[0m
[ 77%] [32mBuilding CXX object CMakeFiles/arm_interface__rosidl_typesupport_fastrtps_c.dir/rosidl_typesupport_fastrtps_c/arm_interface/msg/detail/cur_joints__type_support_c.cpp.o[0m
[ 78%] [32m[1mLinking CXX shared library libarm_interface__rosidl_typesupport_introspection_cpp.so[0m
[ 78%] Built target arm_interface__rosidl_typesupport_introspection_c
[ 79%] [32mBuilding CXX object CMakeFiles/arm_interface__rosidl_typesupport_fastrtps_c.dir/rosidl_typesupport_fastrtps_c/arm_interface/msg/detail/target_xy_roll__type_support_c.cpp.o[0m
[ 80%] [32m[1mLinking CXX shared library libarm_interface__rosidl_typesupport_cpp.so[0m
[ 80%] Built target arm_interface__rosidl_typesupport_introspection_cpp
[ 80%] Built target arm_interface__rosidl_typesupport_cpp
[ 81%] [32m[1mLinking CXX shared library libarm_interface__rosidl_typesupport_fastrtps_cpp.so[0m
[ 82%] [32m[1mLinking CXX shared library libarm_interface__rosidl_typesupport_fastrtps_c.so[0m
[ 82%] Built target arm_interface__rosidl_typesupport_fastrtps_cpp
[ 82%] Built target arm_interface__rosidl_typesupport_fastrtps_c
[ 82%] Built target arm_interface
[ 83%] [34m[1mGenerating Python code for ROS interfaces[0m
[ 83%] Built target arm_interface__py
[ 84%] [32mBuilding C object CMakeFiles/arm_interface__rosidl_generator_py.dir/rosidl_generator_py/arm_interface/msg/_arm_joint_s.c.o[0m
[ 85%] [32mBuilding C object CMakeFiles/arm_interface__rosidl_generator_py.dir/rosidl_generator_py/arm_interface/msg/_april_tag_info_s.c.o[0m
[ 86%] [32mBuilding C object CMakeFiles/arm_interface__rosidl_generator_py.dir/rosidl_generator_py/arm_interface/srv/_arm_kinemarics_s.c.o[0m
[ 87%] [32mBuilding C object CMakeFiles/arm_interface__rosidl_generator_py.dir/rosidl_generator_py/arm_interface/msg/_yolov5_detect_s.c.o[0m
[ 88%] [32mBuilding C object CMakeFiles/arm_interface__rosidl_generator_py.dir/rosidl_generator_py/arm_interface/msg/_center_xy_s.c.o[0m
[ 89%] [32mBuilding C object CMakeFiles/arm_interface__rosidl_generator_py.dir/rosidl_generator_py/arm_interface/msg/_position_s.c.o[0m
[ 90%] [32mBuilding C object CMakeFiles/arm_interface__rosidl_generator_py.dir/rosidl_generator_py/arm_interface/msg/_shape_info_s.c.o[0m
[ 91%] [32mBuilding C object CMakeFiles/arm_interface__rosidl_generator_py.dir/rosidl_generator_py/arm_interface/msg/_cur_joints_s.c.o[0m
[ 92%] [32mBuilding C object CMakeFiles/arm_interface__rosidl_generator_py.dir/rosidl_generator_py/arm_interface/msg/_target_xy_roll_s.c.o[0m
[ 93%] [32m[1mLinking C shared library rosidl_generator_py/arm_interface/libarm_interface__rosidl_generator_py.so[0m
[ 93%] Built target arm_interface__rosidl_generator_py
[ 94%] [32mBuilding C object CMakeFiles/arm_interface__rosidl_typesupport_fastrtps_c__pyext.dir/rosidl_generator_py/arm_interface/_arm_interface_s.ep.rosidl_typesupport_fastrtps_c.c.o[0m
[ 95%] [32mBuilding C object CMakeFiles/arm_interface__rosidl_typesupport_c__pyext.dir/rosidl_generator_py/arm_interface/_arm_interface_s.ep.rosidl_typesupport_c.c.o[0m
[ 96%] [32mBuilding C object CMakeFiles/arm_interface__rosidl_typesupport_introspection_c__pyext.dir/rosidl_generator_py/arm_interface/_arm_interface_s.ep.rosidl_typesupport_introspection_c.c.o[0m
[ 97%] [32m[1mLinking C shared library rosidl_generator_py/arm_interface/arm_interface_s__rosidl_typesupport_c.cpython-310-x86_64-linux-gnu.so[0m
[ 98%] [32m[1mLinking C shared library rosidl_generator_py/arm_interface/arm_interface_s__rosidl_typesupport_fastrtps_c.cpython-310-x86_64-linux-gnu.so[0m
[100%] [32m[1mLinking C shared library rosidl_generator_py/arm_interface/arm_interface_s__rosidl_typesupport_introspection_c.cpython-310-x86_64-linux-gnu.so[0m
[100%] Built target arm_interface__rosidl_typesupport_c__pyext
[100%] Built target arm_interface__rosidl_typesupport_introspection_c__pyext
[100%] Built target arm_interface__rosidl_typesupport_fastrtps_c__pyext
