[0.049s] Invoking command in '/home/pawan/yahboomcar_ws_test/yahboomcar_ws/build/arm_interface': CMAKE_PREFIX_PATH=${CMAKE_PREFIX_PATH}:/home/pawan/yahboomcar_ws_test/yahboomcar_ws/install/yahboom_M3Pro_description:/opt/ros/humble /usr/bin/cmake --build /home/pawan/yahboomcar_ws_test/yahboomcar_ws/build/arm_interface -- -j20 -l20
[2.018s] [  1%] [34m[1mGenerating C code for ROS interfaces[0m
[2.018s] [  2%] [34m[1mGenerating C++ code for ROS interfaces[0m
[2.018s] [  3%] [34m[1mGenerating Rust code for ROS interfaces[0m
[2.018s] [  3%] Built target ament_cmake_python_copy_arm_interface
[2.018s] running egg_info
[2.018s] creating arm_interface.egg-info
[2.018s] writing arm_interface.egg-info/PKG-INFO
[2.018s] writing dependency_links to arm_interface.egg-info/dependency_links.txt
[2.018s] writing top-level names to arm_interface.egg-info/top_level.txt
[2.018s] writing manifest file 'arm_interface.egg-info/SOURCES.txt'
[2.018s] reading manifest file 'arm_interface.egg-info/SOURCES.txt'
[2.018s] writing manifest file 'arm_interface.egg-info/SOURCES.txt'
[2.019s] [  3%] Built target ament_cmake_python_build_arm_interface_egg
[2.019s] [  3%] Built target arm_interface__rs
[2.019s] [  4%] [32mBuilding C object CMakeFiles/arm_interface__rosidl_generator_c.dir/rosidl_generator_c/arm_interface/msg/detail/center_xy__functions.c.o[0m
[2.019s] [  4%] Built target arm_interface__cpp
[2.019s] [  5%] [32mBuilding C object CMakeFiles/arm_interface__rosidl_generator_c.dir/rosidl_generator_c/arm_interface/msg/detail/arm_joint__functions.c.o[0m
[2.019s] [  6%] [32mBuilding C object CMakeFiles/arm_interface__rosidl_generator_c.dir/rosidl_generator_c/arm_interface/msg/detail/position__functions.c.o[0m
[2.019s] [  7%] [32mBuilding C object CMakeFiles/arm_interface__rosidl_generator_c.dir/rosidl_generator_c/arm_interface/msg/detail/cur_joints__functions.c.o[0m
[2.019s] [  8%] [32mBuilding C object CMakeFiles/arm_interface__rosidl_generator_c.dir/rosidl_generator_c/arm_interface/srv/detail/arm_kinemarics__functions.c.o[0m
[2.019s] [  9%] [32mBuilding C object CMakeFiles/arm_interface__rosidl_generator_c.dir/rosidl_generator_c/arm_interface/msg/detail/april_tag_info__functions.c.o[0m
[2.019s] [ 10%] [32mBuilding C object CMakeFiles/arm_interface__rosidl_generator_c.dir/rosidl_generator_c/arm_interface/msg/detail/shape_info__functions.c.o[0m
[2.019s] [ 11%] [32mBuilding C object CMakeFiles/arm_interface__rosidl_generator_c.dir/rosidl_generator_c/arm_interface/msg/detail/yolov5_detect__functions.c.o[0m
[2.019s] [ 12%] [32mBuilding C object CMakeFiles/arm_interface__rosidl_generator_c.dir/rosidl_generator_c/arm_interface/msg/detail/target_xy_roll__functions.c.o[0m
[2.020s] [ 13%] [34m[1mGenerating C++ introspection for ROS interfaces[0m
[2.020s] [ 14%] [34m[1mGenerating C++ type support for eProsima Fast-RTPS[0m
[2.020s] [ 15%] [34m[1mGenerating C++ type support dispatch for ROS interfaces[0m
[2.020s] [ 16%] [32m[1mLinking C shared library libarm_interface__rosidl_generator_c.so[0m
[2.020s] [ 16%] Built target arm_interface__rosidl_generator_c
[2.020s] [ 18%] [34m[1mGenerating C type support dispatch for ROS interfaces[0m
[2.020s] [ 18%] [34m[1mGenerating C introspection for ROS interfaces[0m
[2.021s] [ 19%] [34m[1mGenerating C type support for eProsima Fast-RTPS[0m
[2.021s] [ 20%] [32mBuilding CXX object CMakeFiles/arm_interface__rosidl_typesupport_c.dir/rosidl_typesupport_c/arm_interface/msg/arm_joint__type_support.cpp.o[0m
[2.021s] [ 21%] [32mBuilding CXX object CMakeFiles/arm_interface__rosidl_typesupport_c.dir/rosidl_typesupport_c/arm_interface/msg/april_tag_info__type_support.cpp.o[0m
[2.021s] [ 22%] [32mBuilding CXX object CMakeFiles/arm_interface__rosidl_typesupport_c.dir/rosidl_typesupport_c/arm_interface/srv/arm_kinemarics__type_support.cpp.o[0m
[2.021s] [ 23%] [32mBuilding CXX object CMakeFiles/arm_interface__rosidl_typesupport_c.dir/rosidl_typesupport_c/arm_interface/msg/shape_info__type_support.cpp.o[0m
[2.021s] [ 25%] [32mBuilding CXX object CMakeFiles/arm_interface__rosidl_typesupport_c.dir/rosidl_typesupport_c/arm_interface/msg/center_xy__type_support.cpp.o[0m
[2.021s] [ 26%] [32mBuilding CXX object CMakeFiles/arm_interface__rosidl_typesupport_c.dir/rosidl_typesupport_c/arm_interface/msg/yolov5_detect__type_support.cpp.o[0m
[2.021s] [ 27%] [32mBuilding CXX object CMakeFiles/arm_interface__rosidl_typesupport_c.dir/rosidl_typesupport_c/arm_interface/msg/position__type_support.cpp.o[0m
[2.022s] [ 28%] [32mBuilding CXX object CMakeFiles/arm_interface__rosidl_typesupport_c.dir/rosidl_typesupport_c/arm_interface/msg/cur_joints__type_support.cpp.o[0m
[2.022s] [ 29%] [32mBuilding CXX object CMakeFiles/arm_interface__rosidl_typesupport_c.dir/rosidl_typesupport_c/arm_interface/msg/target_xy_roll__type_support.cpp.o[0m
[2.022s] [ 30%] [32mBuilding CXX object CMakeFiles/arm_interface__rosidl_typesupport_introspection_cpp.dir/rosidl_typesupport_introspection_cpp/arm_interface/msg/detail/arm_joint__type_support.cpp.o[0m
[2.022s] [ 31%] [32mBuilding CXX object CMakeFiles/arm_interface__rosidl_typesupport_introspection_cpp.dir/rosidl_typesupport_introspection_cpp/arm_interface/msg/detail/april_tag_info__type_support.cpp.o[0m
[2.022s] [ 34%] [32mBuilding CXX object CMakeFiles/arm_interface__rosidl_typesupport_introspection_cpp.dir/rosidl_typesupport_introspection_cpp/arm_interface/msg/detail/center_xy__type_support.cpp.o[0m
[2.022s] [ 34%] [32mBuilding CXX object CMakeFiles/arm_interface__rosidl_typesupport_introspection_cpp.dir/rosidl_typesupport_introspection_cpp/arm_interface/msg/detail/shape_info__type_support.cpp.o[0m
[2.022s] [ 34%] [32mBuilding CXX object CMakeFiles/arm_interface__rosidl_typesupport_introspection_cpp.dir/rosidl_typesupport_introspection_cpp/arm_interface/srv/detail/arm_kinemarics__type_support.cpp.o[0m
[2.023s] [ 35%] [32mBuilding CXX object CMakeFiles/arm_interface__rosidl_typesupport_introspection_cpp.dir/rosidl_typesupport_introspection_cpp/arm_interface/msg/detail/position__type_support.cpp.o[0m
[2.023s] [ 36%] [32mBuilding CXX object CMakeFiles/arm_interface__rosidl_typesupport_introspection_cpp.dir/rosidl_typesupport_introspection_cpp/arm_interface/msg/detail/cur_joints__type_support.cpp.o[0m
[2.023s] [ 37%] [32mBuilding CXX object CMakeFiles/arm_interface__rosidl_typesupport_introspection_cpp.dir/rosidl_typesupport_introspection_cpp/arm_interface/msg/detail/target_xy_roll__type_support.cpp.o[0m
[2.023s] [ 38%] [32mBuilding CXX object CMakeFiles/arm_interface__rosidl_typesupport_introspection_cpp.dir/rosidl_typesupport_introspection_cpp/arm_interface/msg/detail/yolov5_detect__type_support.cpp.o[0m
[2.023s] [ 39%] [32m[1mLinking CXX shared library libarm_interface__rosidl_typesupport_c.so[0m
[2.023s] [ 40%] [32mBuilding CXX object CMakeFiles/arm_interface__rosidl_typesupport_cpp.dir/rosidl_typesupport_cpp/arm_interface/msg/arm_joint__type_support.cpp.o[0m
[2.024s] [ 41%] [32mBuilding CXX object CMakeFiles/arm_interface__rosidl_typesupport_cpp.dir/rosidl_typesupport_cpp/arm_interface/srv/arm_kinemarics__type_support.cpp.o[0m
[2.024s] [ 42%] [32mBuilding CXX object CMakeFiles/arm_interface__rosidl_typesupport_cpp.dir/rosidl_typesupport_cpp/arm_interface/msg/april_tag_info__type_support.cpp.o[0m
[2.024s] [ 43%] [32mBuilding CXX object CMakeFiles/arm_interface__rosidl_typesupport_cpp.dir/rosidl_typesupport_cpp/arm_interface/msg/center_xy__type_support.cpp.o[0m
[2.024s] [ 44%] [32mBuilding CXX object CMakeFiles/arm_interface__rosidl_typesupport_cpp.dir/rosidl_typesupport_cpp/arm_interface/msg/shape_info__type_support.cpp.o[0m
[2.024s] [ 45%] [32mBuilding CXX object CMakeFiles/arm_interface__rosidl_typesupport_fastrtps_cpp.dir/rosidl_typesupport_fastrtps_cpp/arm_interface/srv/detail/dds_fastrtps/arm_kinemarics__type_support.cpp.o[0m
[2.024s] [ 45%] Built target arm_interface__rosidl_typesupport_c
[2.024s] [ 46%] [32mBuilding CXX object CMakeFiles/arm_interface__rosidl_typesupport_cpp.dir/rosidl_typesupport_cpp/arm_interface/msg/yolov5_detect__type_support.cpp.o[0m
[2.024s] [ 47%] [32mBuilding CXX object CMakeFiles/arm_interface__rosidl_typesupport_cpp.dir/rosidl_typesupport_cpp/arm_interface/msg/position__type_support.cpp.o[0m
[2.024s] [ 48%] [32mBuilding CXX object CMakeFiles/arm_interface__rosidl_typesupport_cpp.dir/rosidl_typesupport_cpp/arm_interface/msg/cur_joints__type_support.cpp.o[0m
[2.024s] [ 50%] [32mBuilding C object CMakeFiles/arm_interface__rosidl_typesupport_introspection_c.dir/rosidl_typesupport_introspection_c/arm_interface/srv/detail/arm_kinemarics__type_support.c.o[0m
[2.024s] [ 51%] [32mBuilding C object CMakeFiles/arm_interface__rosidl_typesupport_introspection_c.dir/rosidl_typesupport_introspection_c/arm_interface/msg/detail/arm_joint__type_support.c.o[0m
[2.024s] [ 52%] [32mBuilding C object CMakeFiles/arm_interface__rosidl_typesupport_introspection_c.dir/rosidl_typesupport_introspection_c/arm_interface/msg/detail/april_tag_info__type_support.c.o[0m
[2.024s] [ 53%] [32mBuilding CXX object CMakeFiles/arm_interface__rosidl_typesupport_fastrtps_cpp.dir/rosidl_typesupport_fastrtps_cpp/arm_interface/msg/detail/dds_fastrtps/arm_joint__type_support.cpp.o[0m
[2.025s] [ 54%] [32mBuilding C object CMakeFiles/arm_interface__rosidl_typesupport_introspection_c.dir/rosidl_typesupport_introspection_c/arm_interface/msg/detail/center_xy__type_support.c.o[0m
[2.025s] [ 55%] [32mBuilding CXX object CMakeFiles/arm_interface__rosidl_typesupport_fastrtps_cpp.dir/rosidl_typesupport_fastrtps_cpp/arm_interface/msg/detail/dds_fastrtps/april_tag_info__type_support.cpp.o[0m
[2.025s] [ 56%] [32mBuilding CXX object CMakeFiles/arm_interface__rosidl_typesupport_fastrtps_cpp.dir/rosidl_typesupport_fastrtps_cpp/arm_interface/msg/detail/dds_fastrtps/center_xy__type_support.cpp.o[0m
[2.025s] [ 57%] [32mBuilding CXX object CMakeFiles/arm_interface__rosidl_typesupport_cpp.dir/rosidl_typesupport_cpp/arm_interface/msg/target_xy_roll__type_support.cpp.o[0m
[2.025s] [ 58%] [32mBuilding CXX object CMakeFiles/arm_interface__rosidl_typesupport_fastrtps_cpp.dir/rosidl_typesupport_fastrtps_cpp/arm_interface/msg/detail/dds_fastrtps/shape_info__type_support.cpp.o[0m
[2.025s] [ 59%] [32mBuilding C object CMakeFiles/arm_interface__rosidl_typesupport_introspection_c.dir/rosidl_typesupport_introspection_c/arm_interface/msg/detail/shape_info__type_support.c.o[0m
[2.025s] [ 60%] [32mBuilding CXX object CMakeFiles/arm_interface__rosidl_typesupport_fastrtps_cpp.dir/rosidl_typesupport_fastrtps_cpp/arm_interface/msg/detail/dds_fastrtps/yolov5_detect__type_support.cpp.o[0m
[2.025s] [ 61%] [32mBuilding CXX object CMakeFiles/arm_interface__rosidl_typesupport_fastrtps_c.dir/rosidl_typesupport_fastrtps_c/arm_interface/srv/detail/arm_kinemarics__type_support_c.cpp.o[0m
[2.025s] [ 62%] [32mBuilding CXX object CMakeFiles/arm_interface__rosidl_typesupport_fastrtps_c.dir/rosidl_typesupport_fastrtps_c/arm_interface/msg/detail/arm_joint__type_support_c.cpp.o[0m
[2.025s] [ 63%] [32mBuilding C object CMakeFiles/arm_interface__rosidl_typesupport_introspection_c.dir/rosidl_typesupport_introspection_c/arm_interface/msg/detail/position__type_support.c.o[0m
[2.025s] [ 64%] [32mBuilding C object CMakeFiles/arm_interface__rosidl_typesupport_introspection_c.dir/rosidl_typesupport_introspection_c/arm_interface/msg/detail/yolov5_detect__type_support.c.o[0m
[2.025s] [ 65%] [32mBuilding CXX object CMakeFiles/arm_interface__rosidl_typesupport_fastrtps_c.dir/rosidl_typesupport_fastrtps_c/arm_interface/msg/detail/april_tag_info__type_support_c.cpp.o[0m
[2.025s] [ 66%] [32mBuilding CXX object CMakeFiles/arm_interface__rosidl_typesupport_fastrtps_cpp.dir/rosidl_typesupport_fastrtps_cpp/arm_interface/msg/detail/dds_fastrtps/position__type_support.cpp.o[0m
[2.025s] [ 67%] [32mBuilding C object CMakeFiles/arm_interface__rosidl_typesupport_introspection_c.dir/rosidl_typesupport_introspection_c/arm_interface/msg/detail/cur_joints__type_support.c.o[0m
[2.026s] [ 68%] [32mBuilding CXX object CMakeFiles/arm_interface__rosidl_typesupport_fastrtps_cpp.dir/rosidl_typesupport_fastrtps_cpp/arm_interface/msg/detail/dds_fastrtps/cur_joints__type_support.cpp.o[0m
[2.026s] [ 69%] [32mBuilding C object CMakeFiles/arm_interface__rosidl_typesupport_introspection_c.dir/rosidl_typesupport_introspection_c/arm_interface/msg/detail/target_xy_roll__type_support.c.o[0m
[2.026s] [ 70%] [32mBuilding CXX object CMakeFiles/arm_interface__rosidl_typesupport_fastrtps_c.dir/rosidl_typesupport_fastrtps_c/arm_interface/msg/detail/center_xy__type_support_c.cpp.o[0m
[2.026s] [ 71%] [32mBuilding CXX object CMakeFiles/arm_interface__rosidl_typesupport_fastrtps_c.dir/rosidl_typesupport_fastrtps_c/arm_interface/msg/detail/shape_info__type_support_c.cpp.o[0m
[2.026s] [ 72%] [32mBuilding CXX object CMakeFiles/arm_interface__rosidl_typesupport_fastrtps_c.dir/rosidl_typesupport_fastrtps_c/arm_interface/msg/detail/yolov5_detect__type_support_c.cpp.o[0m
[2.026s] [ 73%] [32mBuilding CXX object CMakeFiles/arm_interface__rosidl_typesupport_fastrtps_cpp.dir/rosidl_typesupport_fastrtps_cpp/arm_interface/msg/detail/dds_fastrtps/target_xy_roll__type_support.cpp.o[0m
[2.026s] [ 75%] [32mBuilding CXX object CMakeFiles/arm_interface__rosidl_typesupport_fastrtps_c.dir/rosidl_typesupport_fastrtps_c/arm_interface/msg/detail/position__type_support_c.cpp.o[0m
[2.026s] [ 76%] [32m[1mLinking C shared library libarm_interface__rosidl_typesupport_introspection_c.so[0m
[2.026s] [ 77%] [32mBuilding CXX object CMakeFiles/arm_interface__rosidl_typesupport_fastrtps_c.dir/rosidl_typesupport_fastrtps_c/arm_interface/msg/detail/cur_joints__type_support_c.cpp.o[0m
[2.026s] [ 78%] [32m[1mLinking CXX shared library libarm_interface__rosidl_typesupport_introspection_cpp.so[0m
[2.027s] [ 78%] Built target arm_interface__rosidl_typesupport_introspection_c
[2.027s] [ 79%] [32mBuilding CXX object CMakeFiles/arm_interface__rosidl_typesupport_fastrtps_c.dir/rosidl_typesupport_fastrtps_c/arm_interface/msg/detail/target_xy_roll__type_support_c.cpp.o[0m
[2.027s] [ 80%] [32m[1mLinking CXX shared library libarm_interface__rosidl_typesupport_cpp.so[0m
[2.027s] [ 80%] Built target arm_interface__rosidl_typesupport_introspection_cpp
[2.027s] [ 80%] Built target arm_interface__rosidl_typesupport_cpp
[2.060s] [ 81%] [32m[1mLinking CXX shared library libarm_interface__rosidl_typesupport_fastrtps_cpp.so[0m
[2.080s] [ 82%] [32m[1mLinking CXX shared library libarm_interface__rosidl_typesupport_fastrtps_c.so[0m
[2.125s] [ 82%] Built target arm_interface__rosidl_typesupport_fastrtps_cpp
[2.163s] [ 82%] Built target arm_interface__rosidl_typesupport_fastrtps_c
[2.178s] [ 82%] Built target arm_interface
[2.191s] [ 83%] [34m[1mGenerating Python code for ROS interfaces[0m
[3.070s] [ 83%] Built target arm_interface__py
[3.094s] [ 84%] [32mBuilding C object CMakeFiles/arm_interface__rosidl_generator_py.dir/rosidl_generator_py/arm_interface/msg/_arm_joint_s.c.o[0m
[3.095s] [ 85%] [32mBuilding C object CMakeFiles/arm_interface__rosidl_generator_py.dir/rosidl_generator_py/arm_interface/msg/_april_tag_info_s.c.o[0m
[3.096s] [ 86%] [32mBuilding C object CMakeFiles/arm_interface__rosidl_generator_py.dir/rosidl_generator_py/arm_interface/srv/_arm_kinemarics_s.c.o[0m
[3.101s] [ 87%] [32mBuilding C object CMakeFiles/arm_interface__rosidl_generator_py.dir/rosidl_generator_py/arm_interface/msg/_yolov5_detect_s.c.o[0m
[3.103s] [ 88%] [32mBuilding C object CMakeFiles/arm_interface__rosidl_generator_py.dir/rosidl_generator_py/arm_interface/msg/_center_xy_s.c.o[0m
[3.104s] [ 89%] [32mBuilding C object CMakeFiles/arm_interface__rosidl_generator_py.dir/rosidl_generator_py/arm_interface/msg/_position_s.c.o[0m
[3.105s] [ 90%] [32mBuilding C object CMakeFiles/arm_interface__rosidl_generator_py.dir/rosidl_generator_py/arm_interface/msg/_shape_info_s.c.o[0m
[3.107s] [ 91%] [32mBuilding C object CMakeFiles/arm_interface__rosidl_generator_py.dir/rosidl_generator_py/arm_interface/msg/_cur_joints_s.c.o[0m
[3.108s] [ 92%] [32mBuilding C object CMakeFiles/arm_interface__rosidl_generator_py.dir/rosidl_generator_py/arm_interface/msg/_target_xy_roll_s.c.o[0m
[3.288s] [ 93%] [32m[1mLinking C shared library rosidl_generator_py/arm_interface/libarm_interface__rosidl_generator_py.so[0m
[3.328s] [ 93%] Built target arm_interface__rosidl_generator_py
[3.343s] [ 94%] [32mBuilding C object CMakeFiles/arm_interface__rosidl_typesupport_fastrtps_c__pyext.dir/rosidl_generator_py/arm_interface/_arm_interface_s.ep.rosidl_typesupport_fastrtps_c.c.o[0m
[3.343s] [ 95%] [32mBuilding C object CMakeFiles/arm_interface__rosidl_typesupport_c__pyext.dir/rosidl_generator_py/arm_interface/_arm_interface_s.ep.rosidl_typesupport_c.c.o[0m
[3.345s] [ 96%] [32mBuilding C object CMakeFiles/arm_interface__rosidl_typesupport_introspection_c__pyext.dir/rosidl_generator_py/arm_interface/_arm_interface_s.ep.rosidl_typesupport_introspection_c.c.o[0m
[3.423s] [ 97%] [32m[1mLinking C shared library rosidl_generator_py/arm_interface/arm_interface_s__rosidl_typesupport_c.cpython-310-x86_64-linux-gnu.so[0m
[3.424s] [ 98%] [32m[1mLinking C shared library rosidl_generator_py/arm_interface/arm_interface_s__rosidl_typesupport_fastrtps_c.cpython-310-x86_64-linux-gnu.so[0m
[3.431s] [100%] [32m[1mLinking C shared library rosidl_generator_py/arm_interface/arm_interface_s__rosidl_typesupport_introspection_c.cpython-310-x86_64-linux-gnu.so[0m
[3.459s] [100%] Built target arm_interface__rosidl_typesupport_c__pyext
[3.459s] [100%] Built target arm_interface__rosidl_typesupport_introspection_c__pyext
[3.460s] [100%] Built target arm_interface__rosidl_typesupport_fastrtps_c__pyext
