[1.416s] Invoking command in '/home/pawan/yahboomcar_ws_test/yahboomcar_ws/src/yahboomcar_ctrl': PYTHONPATH=/home/pawan/yahboomcar_ws_test/yahboomcar_ws/build/yahboomcar_ctrl/prefix_override:/usr/lib/python3/dist-packages/colcon_core/task/python/colcon_distutils_commands:/home/pawan/yahboomcar_ws_test/yahboomcar_ws/install/yahboomcar_ctrl/lib/python3.10/site-packages:${PYTHONPATH} /usr/bin/python3 -W ignore:setup.py install is deprecated -W ignore:easy_install command is deprecated setup.py egg_info --egg-base ../../build/yahboomcar_ctrl build --build-base /home/pawan/yahboomcar_ws_test/yahboomcar_ws/build/yahboomcar_ctrl/build install --record /home/pawan/yahboomcar_ws_test/yahboomcar_ws/build/yahboomcar_ctrl/install.log --single-version-externally-managed install_data
[1.567s] running egg_info
[1.567s] creating ../../build/yahboomcar_ctrl/yahboomcar_ctrl.egg-info
[1.568s] writing ../../build/yahboomcar_ctrl/yahboomcar_ctrl.egg-info/PKG-INFO
[1.568s] writing dependency_links to ../../build/yahboomcar_ctrl/yahboomcar_ctrl.egg-info/dependency_links.txt
[1.568s] writing entry points to ../../build/yahboomcar_ctrl/yahboomcar_ctrl.egg-info/entry_points.txt
[1.568s] writing requirements to ../../build/yahboomcar_ctrl/yahboomcar_ctrl.egg-info/requires.txt
[1.568s] writing top-level names to ../../build/yahboomcar_ctrl/yahboomcar_ctrl.egg-info/top_level.txt
[1.568s] writing manifest file '../../build/yahboomcar_ctrl/yahboomcar_ctrl.egg-info/SOURCES.txt'
[1.570s] reading manifest file '../../build/yahboomcar_ctrl/yahboomcar_ctrl.egg-info/SOURCES.txt'
[1.570s] writing manifest file '../../build/yahboomcar_ctrl/yahboomcar_ctrl.egg-info/SOURCES.txt'
[1.570s] running build
[1.570s] running build_py
[1.572s] creating /home/pawan/yahboomcar_ws_test/yahboomcar_ws/build/yahboomcar_ctrl/build
[1.572s] creating /home/pawan/yahboomcar_ws_test/yahboomcar_ws/build/yahboomcar_ctrl/build/lib
[1.572s] creating /home/pawan/yahboomcar_ws_test/yahboomcar_ws/build/yahboomcar_ctrl/build/lib/yahboomcar_ctrl
[1.572s] copying yahboomcar_ctrl/__init__.py -> /home/pawan/yahboomcar_ws_test/yahboomcar_ws/build/yahboomcar_ctrl/build/lib/yahboomcar_ctrl
[1.572s] copying yahboomcar_ctrl/yahboom_joy_M3Pro.py -> /home/pawan/yahboomcar_ws_test/yahboomcar_ws/build/yahboomcar_ctrl/build/lib/yahboomcar_ctrl
[1.573s] copying yahboomcar_ctrl/yahboom_keyboard.py -> /home/pawan/yahboomcar_ws_test/yahboomcar_ws/build/yahboomcar_ctrl/build/lib/yahboomcar_ctrl
[1.573s] copying yahboomcar_ctrl/yahboom_joy_R2.py -> /home/pawan/yahboomcar_ws_test/yahboomcar_ws/build/yahboomcar_ctrl/build/lib/yahboomcar_ctrl
[1.573s] running install
[1.574s] running install_lib
[1.574s] creating /home/pawan/yahboomcar_ws_test/yahboomcar_ws/install/yahboomcar_ctrl/lib/python3.10/site-packages/yahboomcar_ctrl
[1.574s] copying /home/pawan/yahboomcar_ws_test/yahboomcar_ws/build/yahboomcar_ctrl/build/lib/yahboomcar_ctrl/__init__.py -> /home/pawan/yahboomcar_ws_test/yahboomcar_ws/install/yahboomcar_ctrl/lib/python3.10/site-packages/yahboomcar_ctrl
[1.574s] copying /home/pawan/yahboomcar_ws_test/yahboomcar_ws/build/yahboomcar_ctrl/build/lib/yahboomcar_ctrl/yahboom_joy_M3Pro.py -> /home/pawan/yahboomcar_ws_test/yahboomcar_ws/install/yahboomcar_ctrl/lib/python3.10/site-packages/yahboomcar_ctrl
[1.574s] copying /home/pawan/yahboomcar_ws_test/yahboomcar_ws/build/yahboomcar_ctrl/build/lib/yahboomcar_ctrl/yahboom_keyboard.py -> /home/pawan/yahboomcar_ws_test/yahboomcar_ws/install/yahboomcar_ctrl/lib/python3.10/site-packages/yahboomcar_ctrl
[1.574s] copying /home/pawan/yahboomcar_ws_test/yahboomcar_ws/build/yahboomcar_ctrl/build/lib/yahboomcar_ctrl/yahboom_joy_R2.py -> /home/pawan/yahboomcar_ws_test/yahboomcar_ws/install/yahboomcar_ctrl/lib/python3.10/site-packages/yahboomcar_ctrl
[1.575s] byte-compiling /home/pawan/yahboomcar_ws_test/yahboomcar_ws/install/yahboomcar_ctrl/lib/python3.10/site-packages/yahboomcar_ctrl/__init__.py to __init__.cpython-310.pyc
[1.575s] byte-compiling /home/pawan/yahboomcar_ws_test/yahboomcar_ws/install/yahboomcar_ctrl/lib/python3.10/site-packages/yahboomcar_ctrl/yahboom_joy_M3Pro.py to yahboom_joy_M3Pro.cpython-310.pyc
[1.578s] byte-compiling /home/pawan/yahboomcar_ws_test/yahboomcar_ws/install/yahboomcar_ctrl/lib/python3.10/site-packages/yahboomcar_ctrl/yahboom_keyboard.py to yahboom_keyboard.cpython-310.pyc
[1.579s] byte-compiling /home/pawan/yahboomcar_ws_test/yahboomcar_ws/install/yahboomcar_ctrl/lib/python3.10/site-packages/yahboomcar_ctrl/yahboom_joy_R2.py to yahboom_joy_R2.cpython-310.pyc
[1.579s] running install_data
[1.579s] creating /home/pawan/yahboomcar_ws_test/yahboomcar_ws/install/yahboomcar_ctrl/share/ament_index
[1.579s] creating /home/pawan/yahboomcar_ws_test/yahboomcar_ws/install/yahboomcar_ctrl/share/ament_index/resource_index
[1.580s] creating /home/pawan/yahboomcar_ws_test/yahboomcar_ws/install/yahboomcar_ctrl/share/ament_index/resource_index/packages
[1.580s] copying resource/yahboomcar_ctrl -> /home/pawan/yahboomcar_ws_test/yahboomcar_ws/install/yahboomcar_ctrl/share/ament_index/resource_index/packages
[1.580s] copying package.xml -> /home/pawan/yahboomcar_ws_test/yahboomcar_ws/install/yahboomcar_ctrl/share/yahboomcar_ctrl
[1.580s] creating /home/pawan/yahboomcar_ws_test/yahboomcar_ws/install/yahboomcar_ctrl/share/yahboomcar_ctrl/launch
[1.580s] copying launch/yahboomcar_joy_launch.py -> /home/pawan/yahboomcar_ws_test/yahboomcar_ws/install/yahboomcar_ctrl/share/yahboomcar_ctrl/launch
[1.580s] running install_egg_info
[1.580s] Copying ../../build/yahboomcar_ctrl/yahboomcar_ctrl.egg-info to /home/pawan/yahboomcar_ws_test/yahboomcar_ws/install/yahboomcar_ctrl/lib/python3.10/site-packages/yahboomcar_ctrl-0.0.0-py3.10.egg-info
[1.580s] running install_scripts
[1.597s] Installing yahboom_joy_M3Pro script to /home/pawan/yahboomcar_ws_test/yahboomcar_ws/install/yahboomcar_ctrl/lib/yahboomcar_ctrl
[1.597s] Installing yahboom_joy_R2 script to /home/pawan/yahboomcar_ws_test/yahboomcar_ws/install/yahboomcar_ctrl/lib/yahboomcar_ctrl
[1.597s] Installing yahboom_keyboard script to /home/pawan/yahboomcar_ws_test/yahboomcar_ws/install/yahboomcar_ctrl/lib/yahboomcar_ctrl
[1.598s] writing list of installed files to '/home/pawan/yahboomcar_ws_test/yahboomcar_ws/build/yahboomcar_ctrl/install.log'
