running egg_info
creating ../../build/arm_driver/arm_driver.egg-info
writing ../../build/arm_driver/arm_driver.egg-info/PKG-INFO
writing dependency_links to ../../build/arm_driver/arm_driver.egg-info/dependency_links.txt
writing entry points to ../../build/arm_driver/arm_driver.egg-info/entry_points.txt
writing requirements to ../../build/arm_driver/arm_driver.egg-info/requires.txt
writing top-level names to ../../build/arm_driver/arm_driver.egg-info/top_level.txt
writing manifest file '../../build/arm_driver/arm_driver.egg-info/SOURCES.txt'
reading manifest file '../../build/arm_driver/arm_driver.egg-info/SOURCES.txt'
writing manifest file '../../build/arm_driver/arm_driver.egg-info/SOURCES.txt'
running build
running build_py
creating /home/pawan/yahboomcar_ws_test/yahboomcar_ws/build/arm_driver/build
creating /home/pawan/yahboomcar_ws_test/yahboomcar_ws/build/arm_driver/build/lib
creating /home/pawan/yahboomcar_ws_test/yahboomcar_ws/build/arm_driver/build/lib/arm_driver
copying arm_driver/__init__.py -> /home/pawan/yahboomcar_ws_test/yahboomcar_ws/build/arm_driver/build/lib/arm_driver
copying arm_driver/arm_driver.py -> /home/pawan/yahboomcar_ws_test/yahboomcar_ws/build/arm_driver/build/lib/arm_driver
running install
running install_lib
creating /home/pawan/yahboomcar_ws_test/yahboomcar_ws/install/arm_driver/lib/python3.10/site-packages/arm_driver
copying /home/pawan/yahboomcar_ws_test/yahboomcar_ws/build/arm_driver/build/lib/arm_driver/__init__.py -> /home/pawan/yahboomcar_ws_test/yahboomcar_ws/install/arm_driver/lib/python3.10/site-packages/arm_driver
copying /home/pawan/yahboomcar_ws_test/yahboomcar_ws/build/arm_driver/build/lib/arm_driver/arm_driver.py -> /home/pawan/yahboomcar_ws_test/yahboomcar_ws/install/arm_driver/lib/python3.10/site-packages/arm_driver
byte-compiling /home/pawan/yahboomcar_ws_test/yahboomcar_ws/install/arm_driver/lib/python3.10/site-packages/arm_driver/__init__.py to __init__.cpython-310.pyc
byte-compiling /home/pawan/yahboomcar_ws_test/yahboomcar_ws/install/arm_driver/lib/python3.10/site-packages/arm_driver/arm_driver.py to arm_driver.cpython-310.pyc
running install_data
creating /home/pawan/yahboomcar_ws_test/yahboomcar_ws/install/arm_driver/share/ament_index
creating /home/pawan/yahboomcar_ws_test/yahboomcar_ws/install/arm_driver/share/ament_index/resource_index
creating /home/pawan/yahboomcar_ws_test/yahboomcar_ws/install/arm_driver/share/ament_index/resource_index/packages
copying resource/arm_driver -> /home/pawan/yahboomcar_ws_test/yahboomcar_ws/install/arm_driver/share/ament_index/resource_index/packages
copying package.xml -> /home/pawan/yahboomcar_ws_test/yahboomcar_ws/install/arm_driver/share/arm_driver
running install_egg_info
Copying ../../build/arm_driver/arm_driver.egg-info to /home/pawan/yahboomcar_ws_test/yahboomcar_ws/install/arm_driver/lib/python3.10/site-packages/arm_driver-0.0.0-py3.10.egg-info
running install_scripts
Installing arm_driver script to /home/pawan/yahboomcar_ws_test/yahboomcar_ws/install/arm_driver/lib/arm_driver
writing list of installed files to '/home/pawan/yahboomcar_ws_test/yahboomcar_ws/build/arm_driver/install.log'
