[1.443s] Invoking command in '/home/pawan/yahboomcar_ws_test/yahboomcar_ws/src/arm_driver': PYTHONPATH=/home/pawan/yahboomcar_ws_test/yahboomcar_ws/build/arm_driver/prefix_override:/usr/lib/python3/dist-packages/colcon_core/task/python/colcon_distutils_commands:/home/pawan/yahboomcar_ws_test/yahboomcar_ws/install/arm_driver/lib/python3.10/site-packages:${PYTHONPATH} /usr/bin/python3 -W ignore:setup.py install is deprecated -W ignore:easy_install command is deprecated setup.py egg_info --egg-base ../../build/arm_driver build --build-base /home/pawan/yahboomcar_ws_test/yahboomcar_ws/build/arm_driver/build install --record /home/pawan/yahboomcar_ws_test/yahboomcar_ws/build/arm_driver/install.log --single-version-externally-managed install_data
[1.598s] running egg_info
[1.598s] creating ../../build/arm_driver/arm_driver.egg-info
[1.598s] writing ../../build/arm_driver/arm_driver.egg-info/PKG-INFO
[1.598s] writing dependency_links to ../../build/arm_driver/arm_driver.egg-info/dependency_links.txt
[1.598s] writing entry points to ../../build/arm_driver/arm_driver.egg-info/entry_points.txt
[1.598s] writing requirements to ../../build/arm_driver/arm_driver.egg-info/requires.txt
[1.598s] writing top-level names to ../../build/arm_driver/arm_driver.egg-info/top_level.txt
[1.598s] writing manifest file '../../build/arm_driver/arm_driver.egg-info/SOURCES.txt'
[1.598s] reading manifest file '../../build/arm_driver/arm_driver.egg-info/SOURCES.txt'
[1.599s] writing manifest file '../../build/arm_driver/arm_driver.egg-info/SOURCES.txt'
[1.599s] running build
[1.599s] running build_py
[1.599s] creating /home/pawan/yahboomcar_ws_test/yahboomcar_ws/build/arm_driver/build
[1.599s] creating /home/pawan/yahboomcar_ws_test/yahboomcar_ws/build/arm_driver/build/lib
[1.599s] creating /home/pawan/yahboomcar_ws_test/yahboomcar_ws/build/arm_driver/build/lib/arm_driver
[1.599s] copying arm_driver/__init__.py -> /home/pawan/yahboomcar_ws_test/yahboomcar_ws/build/arm_driver/build/lib/arm_driver
[1.599s] copying arm_driver/arm_driver.py -> /home/pawan/yahboomcar_ws_test/yahboomcar_ws/build/arm_driver/build/lib/arm_driver
[1.599s] running install
[1.600s] running install_lib
[1.600s] creating /home/pawan/yahboomcar_ws_test/yahboomcar_ws/install/arm_driver/lib/python3.10/site-packages/arm_driver
[1.600s] copying /home/pawan/yahboomcar_ws_test/yahboomcar_ws/build/arm_driver/build/lib/arm_driver/__init__.py -> /home/pawan/yahboomcar_ws_test/yahboomcar_ws/install/arm_driver/lib/python3.10/site-packages/arm_driver
[1.600s] copying /home/pawan/yahboomcar_ws_test/yahboomcar_ws/build/arm_driver/build/lib/arm_driver/arm_driver.py -> /home/pawan/yahboomcar_ws_test/yahboomcar_ws/install/arm_driver/lib/python3.10/site-packages/arm_driver
[1.600s] byte-compiling /home/pawan/yahboomcar_ws_test/yahboomcar_ws/install/arm_driver/lib/python3.10/site-packages/arm_driver/__init__.py to __init__.cpython-310.pyc
[1.600s] byte-compiling /home/pawan/yahboomcar_ws_test/yahboomcar_ws/install/arm_driver/lib/python3.10/site-packages/arm_driver/arm_driver.py to arm_driver.cpython-310.pyc
[1.600s] running install_data
[1.600s] creating /home/pawan/yahboomcar_ws_test/yahboomcar_ws/install/arm_driver/share/ament_index
[1.600s] creating /home/pawan/yahboomcar_ws_test/yahboomcar_ws/install/arm_driver/share/ament_index/resource_index
[1.600s] creating /home/pawan/yahboomcar_ws_test/yahboomcar_ws/install/arm_driver/share/ament_index/resource_index/packages
[1.600s] copying resource/arm_driver -> /home/pawan/yahboomcar_ws_test/yahboomcar_ws/install/arm_driver/share/ament_index/resource_index/packages
[1.600s] copying package.xml -> /home/pawan/yahboomcar_ws_test/yahboomcar_ws/install/arm_driver/share/arm_driver
[1.600s] running install_egg_info
[1.601s] Copying ../../build/arm_driver/arm_driver.egg-info to /home/pawan/yahboomcar_ws_test/yahboomcar_ws/install/arm_driver/lib/python3.10/site-packages/arm_driver-0.0.0-py3.10.egg-info
[1.602s] running install_scripts
[1.615s] Installing arm_driver script to /home/pawan/yahboomcar_ws_test/yahboomcar_ws/install/arm_driver/lib/arm_driver
[1.615s] writing list of installed files to '/home/pawan/yahboomcar_ws_test/yahboomcar_ws/build/arm_driver/install.log'
