running develop
running egg_info
writing yahboom_M3Pro_description.egg-info/PKG-INFO
writing dependency_links to yahboom_M3Pro_description.egg-info/dependency_links.txt
writing entry points to yahboom_M3Pro_description.egg-info/entry_points.txt
writing requirements to yahboom_M3Pro_description.egg-info/requires.txt
writing top-level names to yahboom_M3Pro_description.egg-info/top_level.txt
reading manifest file 'yahboom_M3Pro_description.egg-info/SOURCES.txt'
writing manifest file 'yahboom_M3Pro_description.egg-info/SOURCES.txt'
running build_ext
Creating /home/pawan/yahboomcar_ws_test/digitaltwin_ws/install/yahboom_M3Pro_description/lib/python3.12/site-packages/yahboom-M3Pro-description.egg-link (link to .)
Installing battery_simulator script to /home/pawan/yahboomcar_ws_test/digitaltwin_ws/install/yahboom_M3Pro_description/lib/yahboom_M3Pro_description
Installing ground_truth_publisher script to /home/pawan/yahboomcar_ws_test/digitaltwin_ws/install/yahboom_M3Pro_description/lib/yahboom_M3Pro_description
Installing odom_to_tf script to /home/pawan/yahboomcar_ws_test/digitaltwin_ws/install/yahboom_M3Pro_description/lib/yahboom_M3Pro_description

Installed /home/pawan/yahboomcar_ws_test/digitaltwin_ws/build/yahboom_M3Pro_description
running symlink_data
symbolically linking /home/pawan/yahboomcar_ws_test/digitaltwin_ws/build/yahboom_M3Pro_description/resource/yahboom_M3Pro_description -> /home/pawan/yahboomcar_ws_test/digitaltwin_ws/install/yahboom_M3Pro_description/share/ament_index/resource_index/packages
symbolically linking /home/pawan/yahboomcar_ws_test/digitaltwin_ws/build/yahboom_M3Pro_description/package.xml -> /home/pawan/yahboomcar_ws_test/digitaltwin_ws/install/yahboom_M3Pro_description/share/yahboom_M3Pro_description
symbolically linking /home/pawan/yahboomcar_ws_test/digitaltwin_ws/build/yahboom_M3Pro_description/urdf/M3Pro.planar_move.xacro -> /home/pawan/yahboomcar_ws_test/digitaltwin_ws/install/yahboom_M3Pro_description/share/yahboom_M3Pro_description/urdf
symbolically linking /home/pawan/yahboomcar_ws_test/digitaltwin_ws/build/yahboom_M3Pro_description/urdf/M3Pro.lidar_links.xacro -> /home/pawan/yahboomcar_ws_test/digitaltwin_ws/install/yahboom_M3Pro_description/share/yahboom_M3Pro_description/urdf
error: [Errno 2] No such file or directory: '/home/pawan/yahboomcar_ws_test/digitaltwin_ws/install/yahboom_M3Pro_description/share/yahboom_M3Pro_description/urdf/M3Pro.pose_publisher.xacro'
