-- Install configuration: ""
-- Up-to-date: /home/pawan/yahboomcar_ws_test/digitaltwin_ws/install/saved_maps/share/saved_maps/launch
-- Up-to-date: /home/pawan/yahboomcar_ws_test/digitaltwin_ws/install/saved_maps/share/saved_maps/launch/save_map.launch.py
-- Up-to-date: /home/pawan/yahboomcar_ws_test/digitaltwin_ws/install/saved_maps/share/saved_maps/maps
-- Up-to-date: /home/pawan/yahboomcar_ws_test/digitaltwin_ws/install/saved_maps/share/saved_maps/maps/yahboom_map.yaml
-- Up-to-date: /home/pawan/yahboomcar_ws_test/digitaltwin_ws/install/saved_maps/share/saved_maps/maps/yahboom_map.pgm
-- Up-to-date: /home/pawan/yahboomcar_ws_test/digitaltwin_ws/install/saved_maps/share/ament_index/resource_index/package_run_dependencies/saved_maps
-- Up-to-date: /home/pawan/yahboomcar_ws_test/digitaltwin_ws/install/saved_maps/share/ament_index/resource_index/parent_prefix_path/saved_maps
-- Up-to-date: /home/pawan/yahboomcar_ws_test/digitaltwin_ws/install/saved_maps/share/saved_maps/environment/ament_prefix_path.sh
-- Up-to-date: /home/pawan/yahboomcar_ws_test/digitaltwin_ws/install/saved_maps/share/saved_maps/environment/ament_prefix_path.dsv
-- Up-to-date: /home/pawan/yahboomcar_ws_test/digitaltwin_ws/install/saved_maps/share/saved_maps/environment/path.sh
-- Up-to-date: /home/pawan/yahboomcar_ws_test/digitaltwin_ws/install/saved_maps/share/saved_maps/environment/path.dsv
-- Up-to-date: /home/pawan/yahboomcar_ws_test/digitaltwin_ws/install/saved_maps/share/saved_maps/local_setup.bash
-- Up-to-date: /home/pawan/yahboomcar_ws_test/digitaltwin_ws/install/saved_maps/share/saved_maps/local_setup.sh
-- Up-to-date: /home/pawan/yahboomcar_ws_test/digitaltwin_ws/install/saved_maps/share/saved_maps/local_setup.zsh
-- Up-to-date: /home/pawan/yahboomcar_ws_test/digitaltwin_ws/install/saved_maps/share/saved_maps/local_setup.dsv
-- Installing: /home/pawan/yahboomcar_ws_test/digitaltwin_ws/install/saved_maps/share/saved_maps/package.dsv
-- Up-to-date: /home/pawan/yahboomcar_ws_test/digitaltwin_ws/install/saved_maps/share/ament_index/resource_index/packages/saved_maps
-- Up-to-date: /home/pawan/yahboomcar_ws_test/digitaltwin_ws/install/saved_maps/share/saved_maps/cmake/saved_mapsConfig.cmake
-- Up-to-date: /home/pawan/yahboomcar_ws_test/digitaltwin_ws/install/saved_maps/share/saved_maps/cmake/saved_mapsConfig-version.cmake
-- Up-to-date: /home/pawan/yahboomcar_ws_test/digitaltwin_ws/install/saved_maps/share/saved_maps/package.xml
