/home/pawan/yahboomcar_ws_test/yahboomcar_ws/install/M3Pro_demo/lib/python3.10/site-packages/M3Pro_demo/mediapipe_detect.py
/home/pawan/yahboomcar_ws_test/yahboomcar_ws/install/M3Pro_demo/lib/python3.10/site-packages/M3Pro_demo/color_follow.py
/home/pawan/yahboomcar_ws_test/yahboomcar_ws/install/M3Pro_demo/lib/python3.10/site-packages/M3Pro_demo/apriltag_follow.py
/home/pawan/yahboomcar_ws_test/yahboomcar_ws/install/M3Pro_demo/lib/python3.10/site-packages/M3Pro_demo/color_recognize.py
/home/pawan/yahboomcar_ws_test/yahboomcar_ws/install/M3Pro_demo/lib/python3.10/site-packages/M3Pro_demo/apriltagID_gesture.py
/home/pawan/yahboomcar_ws_test/yahboomcar_ws/install/M3Pro_demo/lib/python3.10/site-packages/M3Pro_demo/shape_recognize.py
/home/pawan/yahboomcar_ws_test/yahboomcar_ws/install/M3Pro_demo/lib/python3.10/site-packages/M3Pro_demo/__init__.py
/home/pawan/yahboomcar_ws_test/yahboomcar_ws/install/M3Pro_demo/lib/python3.10/site-packages/M3Pro_demo/vutils.py
/home/pawan/yahboomcar_ws_test/yahboomcar_ws/install/M3Pro_demo/lib/python3.10/site-packages/M3Pro_demo/apriltag_track-Circle.py
/home/pawan/yahboomcar_ws_test/yahboomcar_ws/install/M3Pro_demo/lib/python3.10/site-packages/M3Pro_demo/apriltag_detect.py
/home/pawan/yahboomcar_ws_test/yahboomcar_ws/install/M3Pro_demo/lib/python3.10/site-packages/M3Pro_demo/volume_calculations.py
/home/pawan/yahboomcar_ws_test/yahboomcar_ws/install/M3Pro_demo/lib/python3.10/site-packages/M3Pro_demo/KCF_follow_desktop.py
/home/pawan/yahboomcar_ws_test/yahboomcar_ws/install/M3Pro_demo/lib/python3.10/site-packages/M3Pro_demo/apriltag_track.py
/home/pawan/yahboomcar_ws_test/yahboomcar_ws/install/M3Pro_demo/lib/python3.10/site-packages/M3Pro_demo/apriltag_track-Pose[0].py
/home/pawan/yahboomcar_ws_test/yahboomcar_ws/install/M3Pro_demo/lib/python3.10/site-packages/M3Pro_demo/Gesture_Moving.py
/home/pawan/yahboomcar_ws_test/yahboomcar_ws/install/M3Pro_demo/lib/python3.10/site-packages/M3Pro_demo/aruco_track.py
/home/pawan/yahboomcar_ws_test/yahboomcar_ws/install/M3Pro_demo/lib/python3.10/site-packages/M3Pro_demo/apriltag_detect-Copy1.py
/home/pawan/yahboomcar_ws_test/yahboomcar_ws/install/M3Pro_demo/lib/python3.10/site-packages/M3Pro_demo/apriltagHeight_gesture.py
/home/pawan/yahboomcar_ws_test/yahboomcar_ws/install/M3Pro_demo/lib/python3.10/site-packages/M3Pro_demo/apriltag_transport.py
/home/pawan/yahboomcar_ws_test/yahboomcar_ws/install/M3Pro_demo/lib/python3.10/site-packages/M3Pro_demo/follow_common.py
/home/pawan/yahboomcar_ws_test/yahboomcar_ws/install/M3Pro_demo/lib/python3.10/site-packages/M3Pro_demo/M3Pro_Dancing.py
/home/pawan/yahboomcar_ws_test/yahboomcar_ws/install/M3Pro_demo/lib/python3.10/site-packages/M3Pro_demo/color_common.py
/home/pawan/yahboomcar_ws_test/yahboomcar_ws/install/M3Pro_demo/lib/python3.10/site-packages/M3Pro_demo/X5Plus_adjust-Copy1.py
/home/pawan/yahboomcar_ws_test/yahboomcar_ws/install/M3Pro_demo/lib/python3.10/site-packages/M3Pro_demo/Dofbot_Track.py
/home/pawan/yahboomcar_ws_test/yahboomcar_ws/install/M3Pro_demo/lib/python3.10/site-packages/M3Pro_demo/color_list.py
/home/pawan/yahboomcar_ws_test/yahboomcar_ws/install/M3Pro_demo/lib/python3.10/site-packages/M3Pro_demo/color_track_desktop.py
/home/pawan/yahboomcar_ws_test/yahboomcar_ws/install/M3Pro_demo/lib/python3.10/site-packages/M3Pro_demo/apriltag_track-distance.py
/home/pawan/yahboomcar_ws_test/yahboomcar_ws/install/M3Pro_demo/lib/python3.10/site-packages/M3Pro_demo/color_track.py
/home/pawan/yahboomcar_ws_test/yahboomcar_ws/install/M3Pro_demo/lib/python3.10/site-packages/M3Pro_demo/apriltag_follow_3D_V1.py
/home/pawan/yahboomcar_ws_test/yahboomcar_ws/install/M3Pro_demo/lib/python3.10/site-packages/M3Pro_demo/media_library.py
/home/pawan/yahboomcar_ws_test/yahboomcar_ws/install/M3Pro_demo/lib/python3.10/site-packages/M3Pro_demo/apriltag_transport_V2.py
/home/pawan/yahboomcar_ws_test/yahboomcar_ws/install/M3Pro_demo/lib/python3.10/site-packages/M3Pro_demo/estimate_volume.py
/home/pawan/yahboomcar_ws_test/yahboomcar_ws/install/M3Pro_demo/lib/python3.10/site-packages/M3Pro_demo/PID.py
/home/pawan/yahboomcar_ws_test/yahboomcar_ws/install/M3Pro_demo/lib/python3.10/site-packages/M3Pro_demo/KCF_follow.py
/home/pawan/yahboomcar_ws_test/yahboomcar_ws/install/M3Pro_demo/lib/python3.10/site-packages/M3Pro_demo/Robot_PID.py
/home/pawan/yahboomcar_ws_test/yahboomcar_ws/install/M3Pro_demo/lib/python3.10/site-packages/M3Pro_demo/Get_OdomInfo.py
/home/pawan/yahboomcar_ws_test/yahboomcar_ws/install/M3Pro_demo/lib/python3.10/site-packages/M3Pro_demo/mediapipe_gesture.py
/home/pawan/yahboomcar_ws_test/yahboomcar_ws/install/M3Pro_demo/lib/python3.10/site-packages/M3Pro_demo/apriltag_identify.py
/home/pawan/yahboomcar_ws_test/yahboomcar_ws/install/M3Pro_demo/lib/python3.10/site-packages/M3Pro_demo/arm_offset.py
/home/pawan/yahboomcar_ws_test/yahboomcar_ws/install/M3Pro_demo/lib/python3.10/site-packages/M3Pro_demo/grasp_desktop.py
/home/pawan/yahboomcar_ws_test/yahboomcar_ws/install/M3Pro_demo/lib/python3.10/site-packages/M3Pro_demo/grasp_transport.py
/home/pawan/yahboomcar_ws_test/yahboomcar_ws/install/M3Pro_demo/lib/python3.10/site-packages/M3Pro_demo/compute_pose.py
/home/pawan/yahboomcar_ws_test/yahboomcar_ws/install/M3Pro_demo/lib/python3.10/site-packages/M3Pro_demo/apriltag_track_desktop_no_arm.py
/home/pawan/yahboomcar_ws_test/yahboomcar_ws/install/M3Pro_demo/lib/python3.10/site-packages/M3Pro_demo/Robot_Move.py
/home/pawan/yahboomcar_ws_test/yahboomcar_ws/install/M3Pro_demo/lib/python3.10/site-packages/M3Pro_demo/apriltag_follow_2D.py
/home/pawan/yahboomcar_ws_test/yahboomcar_ws/install/M3Pro_demo/lib/python3.10/site-packages/M3Pro_demo/apriltag_list.py
/home/pawan/yahboomcar_ws_test/yahboomcar_ws/install/M3Pro_demo/lib/python3.10/site-packages/M3Pro_demo/apriltag_track_desktop_onceTrack.py
/home/pawan/yahboomcar_ws_test/yahboomcar_ws/install/M3Pro_demo/lib/python3.10/site-packages/M3Pro_demo/follow_line.py
/home/pawan/yahboomcar_ws_test/yahboomcar_ws/install/M3Pro_demo/lib/python3.10/site-packages/M3Pro_demo/apriltag_track_desktop.py
/home/pawan/yahboomcar_ws_test/yahboomcar_ws/install/M3Pro_demo/lib/python3.10/site-packages/M3Pro_demo/KCF_track.py
/home/pawan/yahboomcar_ws_test/yahboomcar_ws/install/M3Pro_demo/lib/python3.10/site-packages/M3Pro_demo/grasp.py
/home/pawan/yahboomcar_ws_test/yahboomcar_ws/install/M3Pro_demo/lib/python3.10/site-packages/M3Pro_demo/apriltagDist_gesture.py
/home/pawan/yahboomcar_ws_test/yahboomcar_ws/install/M3Pro_demo/lib/python3.10/site-packages/M3Pro_demo/compute_joint5.py
/home/pawan/yahboomcar_ws_test/yahboomcar_ws/install/M3Pro_demo/lib/python3.10/site-packages/M3Pro_demo/color_transport.py
/home/pawan/yahboomcar_ws_test/yahboomcar_ws/install/M3Pro_demo/lib/python3.10/site-packages/M3Pro_demo/KCF_track-Copy1.py
/home/pawan/yahboomcar_ws_test/yahboomcar_ws/install/M3Pro_demo/lib/python3.10/site-packages/M3Pro_demo/__pycache__/mediapipe_detect.cpython-310.pyc
/home/pawan/yahboomcar_ws_test/yahboomcar_ws/install/M3Pro_demo/lib/python3.10/site-packages/M3Pro_demo/__pycache__/color_follow.cpython-310.pyc
/home/pawan/yahboomcar_ws_test/yahboomcar_ws/install/M3Pro_demo/lib/python3.10/site-packages/M3Pro_demo/__pycache__/apriltag_follow.cpython-310.pyc
/home/pawan/yahboomcar_ws_test/yahboomcar_ws/install/M3Pro_demo/lib/python3.10/site-packages/M3Pro_demo/__pycache__/color_recognize.cpython-310.pyc
/home/pawan/yahboomcar_ws_test/yahboomcar_ws/install/M3Pro_demo/lib/python3.10/site-packages/M3Pro_demo/__pycache__/apriltagID_gesture.cpython-310.pyc
/home/pawan/yahboomcar_ws_test/yahboomcar_ws/install/M3Pro_demo/lib/python3.10/site-packages/M3Pro_demo/__pycache__/shape_recognize.cpython-310.pyc
/home/pawan/yahboomcar_ws_test/yahboomcar_ws/install/M3Pro_demo/lib/python3.10/site-packages/M3Pro_demo/__pycache__/__init__.cpython-310.pyc
/home/pawan/yahboomcar_ws_test/yahboomcar_ws/install/M3Pro_demo/lib/python3.10/site-packages/M3Pro_demo/__pycache__/vutils.cpython-310.pyc
/home/pawan/yahboomcar_ws_test/yahboomcar_ws/install/M3Pro_demo/lib/python3.10/site-packages/M3Pro_demo/__pycache__/apriltag_track-Circle.cpython-310.pyc
/home/pawan/yahboomcar_ws_test/yahboomcar_ws/install/M3Pro_demo/lib/python3.10/site-packages/M3Pro_demo/__pycache__/apriltag_detect.cpython-310.pyc
/home/pawan/yahboomcar_ws_test/yahboomcar_ws/install/M3Pro_demo/lib/python3.10/site-packages/M3Pro_demo/__pycache__/volume_calculations.cpython-310.pyc
/home/pawan/yahboomcar_ws_test/yahboomcar_ws/install/M3Pro_demo/lib/python3.10/site-packages/M3Pro_demo/__pycache__/KCF_follow_desktop.cpython-310.pyc
/home/pawan/yahboomcar_ws_test/yahboomcar_ws/install/M3Pro_demo/lib/python3.10/site-packages/M3Pro_demo/__pycache__/apriltag_track.cpython-310.pyc
/home/pawan/yahboomcar_ws_test/yahboomcar_ws/install/M3Pro_demo/lib/python3.10/site-packages/M3Pro_demo/__pycache__/apriltag_track-Pose[0].cpython-310.pyc
/home/pawan/yahboomcar_ws_test/yahboomcar_ws/install/M3Pro_demo/lib/python3.10/site-packages/M3Pro_demo/__pycache__/Gesture_Moving.cpython-310.pyc
/home/pawan/yahboomcar_ws_test/yahboomcar_ws/install/M3Pro_demo/lib/python3.10/site-packages/M3Pro_demo/__pycache__/aruco_track.cpython-310.pyc
/home/pawan/yahboomcar_ws_test/yahboomcar_ws/install/M3Pro_demo/lib/python3.10/site-packages/M3Pro_demo/__pycache__/apriltag_detect-Copy1.cpython-310.pyc
/home/pawan/yahboomcar_ws_test/yahboomcar_ws/install/M3Pro_demo/lib/python3.10/site-packages/M3Pro_demo/__pycache__/apriltagHeight_gesture.cpython-310.pyc
/home/pawan/yahboomcar_ws_test/yahboomcar_ws/install/M3Pro_demo/lib/python3.10/site-packages/M3Pro_demo/__pycache__/apriltag_transport.cpython-310.pyc
/home/pawan/yahboomcar_ws_test/yahboomcar_ws/install/M3Pro_demo/lib/python3.10/site-packages/M3Pro_demo/__pycache__/follow_common.cpython-310.pyc
/home/pawan/yahboomcar_ws_test/yahboomcar_ws/install/M3Pro_demo/lib/python3.10/site-packages/M3Pro_demo/__pycache__/M3Pro_Dancing.cpython-310.pyc
/home/pawan/yahboomcar_ws_test/yahboomcar_ws/install/M3Pro_demo/lib/python3.10/site-packages/M3Pro_demo/__pycache__/color_common.cpython-310.pyc
/home/pawan/yahboomcar_ws_test/yahboomcar_ws/install/M3Pro_demo/lib/python3.10/site-packages/M3Pro_demo/__pycache__/X5Plus_adjust-Copy1.cpython-310.pyc
/home/pawan/yahboomcar_ws_test/yahboomcar_ws/install/M3Pro_demo/lib/python3.10/site-packages/M3Pro_demo/__pycache__/Dofbot_Track.cpython-310.pyc
/home/pawan/yahboomcar_ws_test/yahboomcar_ws/install/M3Pro_demo/lib/python3.10/site-packages/M3Pro_demo/__pycache__/color_list.cpython-310.pyc
/home/pawan/yahboomcar_ws_test/yahboomcar_ws/install/M3Pro_demo/lib/python3.10/site-packages/M3Pro_demo/__pycache__/color_track_desktop.cpython-310.pyc
/home/pawan/yahboomcar_ws_test/yahboomcar_ws/install/M3Pro_demo/lib/python3.10/site-packages/M3Pro_demo/__pycache__/apriltag_track-distance.cpython-310.pyc
/home/pawan/yahboomcar_ws_test/yahboomcar_ws/install/M3Pro_demo/lib/python3.10/site-packages/M3Pro_demo/__pycache__/color_track.cpython-310.pyc
/home/pawan/yahboomcar_ws_test/yahboomcar_ws/install/M3Pro_demo/lib/python3.10/site-packages/M3Pro_demo/__pycache__/apriltag_follow_3D_V1.cpython-310.pyc
/home/pawan/yahboomcar_ws_test/yahboomcar_ws/install/M3Pro_demo/lib/python3.10/site-packages/M3Pro_demo/__pycache__/media_library.cpython-310.pyc
/home/pawan/yahboomcar_ws_test/yahboomcar_ws/install/M3Pro_demo/lib/python3.10/site-packages/M3Pro_demo/__pycache__/apriltag_transport_V2.cpython-310.pyc
/home/pawan/yahboomcar_ws_test/yahboomcar_ws/install/M3Pro_demo/lib/python3.10/site-packages/M3Pro_demo/__pycache__/estimate_volume.cpython-310.pyc
/home/pawan/yahboomcar_ws_test/yahboomcar_ws/install/M3Pro_demo/lib/python3.10/site-packages/M3Pro_demo/__pycache__/PID.cpython-310.pyc
/home/pawan/yahboomcar_ws_test/yahboomcar_ws/install/M3Pro_demo/lib/python3.10/site-packages/M3Pro_demo/__pycache__/KCF_follow.cpython-310.pyc
/home/pawan/yahboomcar_ws_test/yahboomcar_ws/install/M3Pro_demo/lib/python3.10/site-packages/M3Pro_demo/__pycache__/Robot_PID.cpython-310.pyc
/home/pawan/yahboomcar_ws_test/yahboomcar_ws/install/M3Pro_demo/lib/python3.10/site-packages/M3Pro_demo/__pycache__/Get_OdomInfo.cpython-310.pyc
/home/pawan/yahboomcar_ws_test/yahboomcar_ws/install/M3Pro_demo/lib/python3.10/site-packages/M3Pro_demo/__pycache__/mediapipe_gesture.cpython-310.pyc
/home/pawan/yahboomcar_ws_test/yahboomcar_ws/install/M3Pro_demo/lib/python3.10/site-packages/M3Pro_demo/__pycache__/apriltag_identify.cpython-310.pyc
/home/pawan/yahboomcar_ws_test/yahboomcar_ws/install/M3Pro_demo/lib/python3.10/site-packages/M3Pro_demo/__pycache__/arm_offset.cpython-310.pyc
/home/pawan/yahboomcar_ws_test/yahboomcar_ws/install/M3Pro_demo/lib/python3.10/site-packages/M3Pro_demo/__pycache__/grasp_desktop.cpython-310.pyc
/home/pawan/yahboomcar_ws_test/yahboomcar_ws/install/M3Pro_demo/lib/python3.10/site-packages/M3Pro_demo/__pycache__/grasp_transport.cpython-310.pyc
/home/pawan/yahboomcar_ws_test/yahboomcar_ws/install/M3Pro_demo/lib/python3.10/site-packages/M3Pro_demo/__pycache__/compute_pose.cpython-310.pyc
/home/pawan/yahboomcar_ws_test/yahboomcar_ws/install/M3Pro_demo/lib/python3.10/site-packages/M3Pro_demo/__pycache__/apriltag_track_desktop_no_arm.cpython-310.pyc
/home/pawan/yahboomcar_ws_test/yahboomcar_ws/install/M3Pro_demo/lib/python3.10/site-packages/M3Pro_demo/__pycache__/Robot_Move.cpython-310.pyc
/home/pawan/yahboomcar_ws_test/yahboomcar_ws/install/M3Pro_demo/lib/python3.10/site-packages/M3Pro_demo/__pycache__/apriltag_follow_2D.cpython-310.pyc
/home/pawan/yahboomcar_ws_test/yahboomcar_ws/install/M3Pro_demo/lib/python3.10/site-packages/M3Pro_demo/__pycache__/apriltag_list.cpython-310.pyc
/home/pawan/yahboomcar_ws_test/yahboomcar_ws/install/M3Pro_demo/lib/python3.10/site-packages/M3Pro_demo/__pycache__/apriltag_track_desktop_onceTrack.cpython-310.pyc
/home/pawan/yahboomcar_ws_test/yahboomcar_ws/install/M3Pro_demo/lib/python3.10/site-packages/M3Pro_demo/__pycache__/follow_line.cpython-310.pyc
/home/pawan/yahboomcar_ws_test/yahboomcar_ws/install/M3Pro_demo/lib/python3.10/site-packages/M3Pro_demo/__pycache__/apriltag_track_desktop.cpython-310.pyc
/home/pawan/yahboomcar_ws_test/yahboomcar_ws/install/M3Pro_demo/lib/python3.10/site-packages/M3Pro_demo/__pycache__/KCF_track.cpython-310.pyc
/home/pawan/yahboomcar_ws_test/yahboomcar_ws/install/M3Pro_demo/lib/python3.10/site-packages/M3Pro_demo/__pycache__/grasp.cpython-310.pyc
/home/pawan/yahboomcar_ws_test/yahboomcar_ws/install/M3Pro_demo/lib/python3.10/site-packages/M3Pro_demo/__pycache__/apriltagDist_gesture.cpython-310.pyc
/home/pawan/yahboomcar_ws_test/yahboomcar_ws/install/M3Pro_demo/lib/python3.10/site-packages/M3Pro_demo/__pycache__/compute_joint5.cpython-310.pyc
/home/pawan/yahboomcar_ws_test/yahboomcar_ws/install/M3Pro_demo/lib/python3.10/site-packages/M3Pro_demo/__pycache__/color_transport.cpython-310.pyc
/home/pawan/yahboomcar_ws_test/yahboomcar_ws/install/M3Pro_demo/lib/python3.10/site-packages/M3Pro_demo/__pycache__/KCF_track-Copy1.cpython-310.pyc
/home/pawan/yahboomcar_ws_test/yahboomcar_ws/install/M3Pro_demo/share/ament_index/resource_index/packages/M3Pro_demo
/home/pawan/yahboomcar_ws_test/yahboomcar_ws/install/M3Pro_demo/share/M3Pro_demo/package.xml
/home/pawan/yahboomcar_ws_test/yahboomcar_ws/install/M3Pro_demo/share/M3Pro_demo/launch/camera_arm_kin.launch.py
/home/pawan/yahboomcar_ws_test/yahboomcar_ws/install/M3Pro_demo/lib/python3.10/site-packages/M3Pro_demo-0.0.0-py3.10.egg-info/requires.txt
/home/pawan/yahboomcar_ws_test/yahboomcar_ws/install/M3Pro_demo/lib/python3.10/site-packages/M3Pro_demo-0.0.0-py3.10.egg-info/entry_points.txt
/home/pawan/yahboomcar_ws_test/yahboomcar_ws/install/M3Pro_demo/lib/python3.10/site-packages/M3Pro_demo-0.0.0-py3.10.egg-info/dependency_links.txt
/home/pawan/yahboomcar_ws_test/yahboomcar_ws/install/M3Pro_demo/lib/python3.10/site-packages/M3Pro_demo-0.0.0-py3.10.egg-info/zip-safe
/home/pawan/yahboomcar_ws_test/yahboomcar_ws/install/M3Pro_demo/lib/python3.10/site-packages/M3Pro_demo-0.0.0-py3.10.egg-info/SOURCES.txt
/home/pawan/yahboomcar_ws_test/yahboomcar_ws/install/M3Pro_demo/lib/python3.10/site-packages/M3Pro_demo-0.0.0-py3.10.egg-info/PKG-INFO
/home/pawan/yahboomcar_ws_test/yahboomcar_ws/install/M3Pro_demo/lib/python3.10/site-packages/M3Pro_demo-0.0.0-py3.10.egg-info/top_level.txt
/home/pawan/yahboomcar_ws_test/yahboomcar_ws/install/M3Pro_demo/lib/M3Pro_demo/Gesture_Moving
/home/pawan/yahboomcar_ws_test/yahboomcar_ws/install/M3Pro_demo/lib/M3Pro_demo/KCF_follow
/home/pawan/yahboomcar_ws_test/yahboomcar_ws/install/M3Pro_demo/lib/M3Pro_demo/KCF_follow_desktop
/home/pawan/yahboomcar_ws_test/yahboomcar_ws/install/M3Pro_demo/lib/M3Pro_demo/KCF_track
/home/pawan/yahboomcar_ws_test/yahboomcar_ws/install/M3Pro_demo/lib/M3Pro_demo/M3Pro_Dancing
/home/pawan/yahboomcar_ws_test/yahboomcar_ws/install/M3Pro_demo/lib/M3Pro_demo/apriltagDist_gesture
/home/pawan/yahboomcar_ws_test/yahboomcar_ws/install/M3Pro_demo/lib/M3Pro_demo/apriltagHeight_gesture
/home/pawan/yahboomcar_ws_test/yahboomcar_ws/install/M3Pro_demo/lib/M3Pro_demo/apriltagID_gesture
/home/pawan/yahboomcar_ws_test/yahboomcar_ws/install/M3Pro_demo/lib/M3Pro_demo/apriltag_detect
/home/pawan/yahboomcar_ws_test/yahboomcar_ws/install/M3Pro_demo/lib/M3Pro_demo/apriltag_follow
/home/pawan/yahboomcar_ws_test/yahboomcar_ws/install/M3Pro_demo/lib/M3Pro_demo/apriltag_follow_2D
/home/pawan/yahboomcar_ws_test/yahboomcar_ws/install/M3Pro_demo/lib/M3Pro_demo/apriltag_list
/home/pawan/yahboomcar_ws_test/yahboomcar_ws/install/M3Pro_demo/lib/M3Pro_demo/apriltag_track
/home/pawan/yahboomcar_ws_test/yahboomcar_ws/install/M3Pro_demo/lib/M3Pro_demo/apriltag_track_desktop
/home/pawan/yahboomcar_ws_test/yahboomcar_ws/install/M3Pro_demo/lib/M3Pro_demo/apriltag_transport
/home/pawan/yahboomcar_ws_test/yahboomcar_ws/install/M3Pro_demo/lib/M3Pro_demo/apriltag_transport_V2
/home/pawan/yahboomcar_ws_test/yahboomcar_ws/install/M3Pro_demo/lib/M3Pro_demo/arm_offset
/home/pawan/yahboomcar_ws_test/yahboomcar_ws/install/M3Pro_demo/lib/M3Pro_demo/color_follow
/home/pawan/yahboomcar_ws_test/yahboomcar_ws/install/M3Pro_demo/lib/M3Pro_demo/color_list
/home/pawan/yahboomcar_ws_test/yahboomcar_ws/install/M3Pro_demo/lib/M3Pro_demo/color_recognize
/home/pawan/yahboomcar_ws_test/yahboomcar_ws/install/M3Pro_demo/lib/M3Pro_demo/color_track
/home/pawan/yahboomcar_ws_test/yahboomcar_ws/install/M3Pro_demo/lib/M3Pro_demo/color_track_desktop
/home/pawan/yahboomcar_ws_test/yahboomcar_ws/install/M3Pro_demo/lib/M3Pro_demo/color_transport
/home/pawan/yahboomcar_ws_test/yahboomcar_ws/install/M3Pro_demo/lib/M3Pro_demo/estimate_volume
/home/pawan/yahboomcar_ws_test/yahboomcar_ws/install/M3Pro_demo/lib/M3Pro_demo/follow_line
/home/pawan/yahboomcar_ws_test/yahboomcar_ws/install/M3Pro_demo/lib/M3Pro_demo/grasp
/home/pawan/yahboomcar_ws_test/yahboomcar_ws/install/M3Pro_demo/lib/M3Pro_demo/grasp_desktop
/home/pawan/yahboomcar_ws_test/yahboomcar_ws/install/M3Pro_demo/lib/M3Pro_demo/grasp_transport
/home/pawan/yahboomcar_ws_test/yahboomcar_ws/install/M3Pro_demo/lib/M3Pro_demo/mediapipe_detect
/home/pawan/yahboomcar_ws_test/yahboomcar_ws/install/M3Pro_demo/lib/M3Pro_demo/mediapipe_gesture
/home/pawan/yahboomcar_ws_test/yahboomcar_ws/install/M3Pro_demo/lib/M3Pro_demo/shape_recognize
/home/pawan/yahboomcar_ws_test/yahboomcar_ws/install/M3Pro_demo/lib/M3Pro_demo/volume_calculations
