[0.073s] DEBUG:colcon:Command line arguments: ['/usr/bin/colcon', 'build']
[0.073s] DEBUG:colcon:Parsed command line arguments: Namespace(log_base=None, log_level=None, verb_name='build', build_base='build', install_base='install', merge_install=False, symlink_install=False, test_result_base=None, continue_on_error=False, executor='parallel', parallel_workers=20, event_handlers=None, ignore_user_meta=False, metas=['./colcon.meta'], base_paths=['.'], packages_ignore=None, packages_ignore_regex=None, paths=None, packages_up_to=None, packages_up_to_regex=None, packages_above=None, packages_above_and_dependencies=None, packages_above_depth=None, packages_select_by_dep=None, packages_skip_by_dep=None, packages_skip_up_to=None, packages_select_build_failed=False, packages_skip_build_finished=False, packages_select_test_failures=False, packages_skip_test_passed=False, packages_select=None, packages_skip=None, packages_select_regex=None, packages_skip_regex=None, packages_start=None, packages_end=None, allow_overriding=[], cmake_args=None, cmake_target=None, cmake_target_skip_unavailable=False, cmake_clean_cache=False, cmake_clean_first=False, cmake_force_configure=False, ament_cmake_args=None, catkin_cmake_args=None, catkin_skip_building_tests=False, verb_parser=<colcon_defaults.argument_parser.defaults.DefaultArgumentsDecorator object at 0x7e5f6d950940>, verb_extension=<colcon_core.verb.build.BuildVerb object at 0x7e5f6da75d50>, main=<bound method BuildVerb.main of <colcon_core.verb.build.BuildVerb object at 0x7e5f6da75d50>>)
[0.184s] Level 1:colcon.colcon_core.package_discovery:discover_packages(colcon_meta) check parameters
[0.184s] Level 1:colcon.colcon_core.package_discovery:discover_packages(recursive) check parameters
[0.184s] Level 1:colcon.colcon_core.package_discovery:discover_packages(ignore) check parameters
[0.184s] Level 1:colcon.colcon_core.package_discovery:discover_packages(path) check parameters
[0.184s] Level 1:colcon.colcon_core.package_discovery:discover_packages(colcon_meta) discover
[0.184s] Level 1:colcon.colcon_core.package_discovery:discover_packages(recursive) discover
[0.184s] INFO:colcon.colcon_core.package_discovery:Crawling recursively for packages in '/home/pawan/yahboomcar_ws_test/digitaltwin_ws'
[0.184s] Level 1:colcon.colcon_core.package_identification:_identify(.) by extensions ['ignore', 'ignore_ament_install']
[0.184s] Level 1:colcon.colcon_core.package_identification:_identify(.) by extension 'ignore'
[0.184s] Level 1:colcon.colcon_core.package_identification:_identify(.) by extension 'ignore_ament_install'
[0.184s] Level 1:colcon.colcon_core.package_identification:_identify(.) by extensions ['colcon_pkg']
[0.184s] Level 1:colcon.colcon_core.package_identification:_identify(.) by extension 'colcon_pkg'
[0.184s] Level 1:colcon.colcon_core.package_identification:_identify(.) by extensions ['colcon_meta']
[0.184s] Level 1:colcon.colcon_core.package_identification:_identify(.) by extension 'colcon_meta'
[0.184s] Level 1:colcon.colcon_core.package_identification:_identify(.) by extensions ['ros']
[0.184s] Level 1:colcon.colcon_core.package_identification:_identify(.) by extension 'ros'
[0.191s] Level 1:colcon.colcon_core.package_identification:_identify(.) by extensions ['cmake', 'python']
[0.191s] Level 1:colcon.colcon_core.package_identification:_identify(.) by extension 'cmake'
[0.191s] Level 1:colcon.colcon_core.package_identification:_identify(.) by extension 'python'
[0.191s] Level 1:colcon.colcon_core.package_identification:_identify(.) by extensions ['python_setup_py']
[0.191s] Level 1:colcon.colcon_core.package_identification:_identify(.) by extension 'python_setup_py'
[0.192s] Level 1:colcon.colcon_core.package_identification:_identify(Doc) by extensions ['ignore', 'ignore_ament_install']
[0.192s] Level 1:colcon.colcon_core.package_identification:_identify(Doc) by extension 'ignore'
[0.192s] Level 1:colcon.colcon_core.package_identification:_identify(Doc) by extension 'ignore_ament_install'
[0.192s] Level 1:colcon.colcon_core.package_identification:_identify(Doc) by extensions ['colcon_pkg']
[0.192s] Level 1:colcon.colcon_core.package_identification:_identify(Doc) by extension 'colcon_pkg'
[0.192s] Level 1:colcon.colcon_core.package_identification:_identify(Doc) by extensions ['colcon_meta']
[0.192s] Level 1:colcon.colcon_core.package_identification:_identify(Doc) by extension 'colcon_meta'
[0.192s] Level 1:colcon.colcon_core.package_identification:_identify(Doc) by extensions ['ros']
[0.192s] Level 1:colcon.colcon_core.package_identification:_identify(Doc) by extension 'ros'
[0.192s] Level 1:colcon.colcon_core.package_identification:_identify(Doc) by extensions ['cmake', 'python']
[0.192s] Level 1:colcon.colcon_core.package_identification:_identify(Doc) by extension 'cmake'
[0.192s] Level 1:colcon.colcon_core.package_identification:_identify(Doc) by extension 'python'
[0.192s] Level 1:colcon.colcon_core.package_identification:_identify(Doc) by extensions ['python_setup_py']
[0.192s] Level 1:colcon.colcon_core.package_identification:_identify(Doc) by extension 'python_setup_py'
[0.192s] Level 1:colcon.colcon_core.package_identification:_identify(Doc/Img) by extensions ['ignore', 'ignore_ament_install']
[0.192s] Level 1:colcon.colcon_core.package_identification:_identify(Doc/Img) by extension 'ignore'
[0.192s] Level 1:colcon.colcon_core.package_identification:_identify(Doc/Img) by extension 'ignore_ament_install'
[0.192s] Level 1:colcon.colcon_core.package_identification:_identify(Doc/Img) by extensions ['colcon_pkg']
[0.192s] Level 1:colcon.colcon_core.package_identification:_identify(Doc/Img) by extension 'colcon_pkg'
[0.192s] Level 1:colcon.colcon_core.package_identification:_identify(Doc/Img) by extensions ['colcon_meta']
[0.192s] Level 1:colcon.colcon_core.package_identification:_identify(Doc/Img) by extension 'colcon_meta'
[0.192s] Level 1:colcon.colcon_core.package_identification:_identify(Doc/Img) by extensions ['ros']
[0.192s] Level 1:colcon.colcon_core.package_identification:_identify(Doc/Img) by extension 'ros'
[0.192s] Level 1:colcon.colcon_core.package_identification:_identify(Doc/Img) by extensions ['cmake', 'python']
[0.192s] Level 1:colcon.colcon_core.package_identification:_identify(Doc/Img) by extension 'cmake'
[0.192s] Level 1:colcon.colcon_core.package_identification:_identify(Doc/Img) by extension 'python'
[0.192s] Level 1:colcon.colcon_core.package_identification:_identify(Doc/Img) by extensions ['python_setup_py']
[0.192s] Level 1:colcon.colcon_core.package_identification:_identify(Doc/Img) by extension 'python_setup_py'
[0.192s] Level 1:colcon.colcon_core.package_identification:_identify(build) by extensions ['ignore', 'ignore_ament_install']
[0.192s] Level 1:colcon.colcon_core.package_identification:_identify(build) by extension 'ignore'
[0.192s] Level 1:colcon.colcon_core.package_identification:_identify(build) ignored
[0.192s] Level 1:colcon.colcon_core.package_identification:_identify(install) by extensions ['ignore', 'ignore_ament_install']
[0.192s] Level 1:colcon.colcon_core.package_identification:_identify(install) by extension 'ignore'
[0.193s] Level 1:colcon.colcon_core.package_identification:_identify(install) ignored
[0.193s] Level 1:colcon.colcon_core.package_identification:_identify(log) by extensions ['ignore', 'ignore_ament_install']
[0.193s] Level 1:colcon.colcon_core.package_identification:_identify(log) by extension 'ignore'
[0.193s] Level 1:colcon.colcon_core.package_identification:_identify(log) ignored
[0.193s] Level 1:colcon.colcon_core.package_identification:_identify(scripts) by extensions ['ignore', 'ignore_ament_install']
[0.193s] Level 1:colcon.colcon_core.package_identification:_identify(scripts) by extension 'ignore'
[0.193s] Level 1:colcon.colcon_core.package_identification:_identify(scripts) by extension 'ignore_ament_install'
[0.193s] Level 1:colcon.colcon_core.package_identification:_identify(scripts) by extensions ['colcon_pkg']
[0.193s] Level 1:colcon.colcon_core.package_identification:_identify(scripts) by extension 'colcon_pkg'
[0.193s] Level 1:colcon.colcon_core.package_identification:_identify(scripts) by extensions ['colcon_meta']
[0.193s] Level 1:colcon.colcon_core.package_identification:_identify(scripts) by extension 'colcon_meta'
[0.193s] Level 1:colcon.colcon_core.package_identification:_identify(scripts) by extensions ['ros']
[0.193s] Level 1:colcon.colcon_core.package_identification:_identify(scripts) by extension 'ros'
[0.193s] Level 1:colcon.colcon_core.package_identification:_identify(scripts) by extensions ['cmake', 'python']
[0.193s] Level 1:colcon.colcon_core.package_identification:_identify(scripts) by extension 'cmake'
[0.193s] Level 1:colcon.colcon_core.package_identification:_identify(scripts) by extension 'python'
[0.193s] Level 1:colcon.colcon_core.package_identification:_identify(scripts) by extensions ['python_setup_py']
[0.193s] Level 1:colcon.colcon_core.package_identification:_identify(scripts) by extension 'python_setup_py'
[0.193s] Level 1:colcon.colcon_core.package_identification:_identify(src) by extensions ['ignore', 'ignore_ament_install']
[0.193s] Level 1:colcon.colcon_core.package_identification:_identify(src) by extension 'ignore'
[0.193s] Level 1:colcon.colcon_core.package_identification:_identify(src) by extension 'ignore_ament_install'
[0.193s] Level 1:colcon.colcon_core.package_identification:_identify(src) by extensions ['colcon_pkg']
[0.193s] Level 1:colcon.colcon_core.package_identification:_identify(src) by extension 'colcon_pkg'
[0.193s] Level 1:colcon.colcon_core.package_identification:_identify(src) by extensions ['colcon_meta']
[0.193s] Level 1:colcon.colcon_core.package_identification:_identify(src) by extension 'colcon_meta'
[0.193s] Level 1:colcon.colcon_core.package_identification:_identify(src) by extensions ['ros']
[0.193s] Level 1:colcon.colcon_core.package_identification:_identify(src) by extension 'ros'
[0.193s] Level 1:colcon.colcon_core.package_identification:_identify(src) by extensions ['cmake', 'python']
[0.193s] Level 1:colcon.colcon_core.package_identification:_identify(src) by extension 'cmake'
[0.193s] Level 1:colcon.colcon_core.package_identification:_identify(src) by extension 'python'
[0.193s] Level 1:colcon.colcon_core.package_identification:_identify(src) by extensions ['python_setup_py']
[0.193s] Level 1:colcon.colcon_core.package_identification:_identify(src) by extension 'python_setup_py'
[0.193s] Level 1:colcon.colcon_core.package_identification:_identify(src/M3Pro_navigation) by extensions ['ignore', 'ignore_ament_install']
[0.193s] Level 1:colcon.colcon_core.package_identification:_identify(src/M3Pro_navigation) by extension 'ignore'
[0.193s] Level 1:colcon.colcon_core.package_identification:_identify(src/M3Pro_navigation) by extension 'ignore_ament_install'
[0.193s] Level 1:colcon.colcon_core.package_identification:_identify(src/M3Pro_navigation) by extensions ['colcon_pkg']
[0.193s] Level 1:colcon.colcon_core.package_identification:_identify(src/M3Pro_navigation) by extension 'colcon_pkg'
[0.193s] Level 1:colcon.colcon_core.package_identification:_identify(src/M3Pro_navigation) by extensions ['colcon_meta']
[0.194s] Level 1:colcon.colcon_core.package_identification:_identify(src/M3Pro_navigation) by extension 'colcon_meta'
[0.194s] Level 1:colcon.colcon_core.package_identification:_identify(src/M3Pro_navigation) by extensions ['ros']
[0.194s] Level 1:colcon.colcon_core.package_identification:_identify(src/M3Pro_navigation) by extension 'ros'
[0.195s] DEBUG:colcon.colcon_core.package_identification:Package 'src/M3Pro_navigation' with type 'ros.ament_cmake' and name 'M3Pro_navigation'
[0.195s] Level 1:colcon.colcon_core.package_identification:_identify(src/lidar) by extensions ['ignore', 'ignore_ament_install']
[0.195s] Level 1:colcon.colcon_core.package_identification:_identify(src/lidar) by extension 'ignore'
[0.195s] Level 1:colcon.colcon_core.package_identification:_identify(src/lidar) by extension 'ignore_ament_install'
[0.195s] Level 1:colcon.colcon_core.package_identification:_identify(src/lidar) by extensions ['colcon_pkg']
[0.195s] Level 1:colcon.colcon_core.package_identification:_identify(src/lidar) by extension 'colcon_pkg'
[0.195s] Level 1:colcon.colcon_core.package_identification:_identify(src/lidar) by extensions ['colcon_meta']
[0.195s] Level 1:colcon.colcon_core.package_identification:_identify(src/lidar) by extension 'colcon_meta'
[0.195s] Level 1:colcon.colcon_core.package_identification:_identify(src/lidar) by extensions ['ros']
[0.195s] Level 1:colcon.colcon_core.package_identification:_identify(src/lidar) by extension 'ros'
[0.195s] Level 1:colcon.colcon_core.package_identification:_identify(src/lidar) by extensions ['cmake', 'python']
[0.195s] Level 1:colcon.colcon_core.package_identification:_identify(src/lidar) by extension 'cmake'
[0.196s] Level 1:colcon.colcon_core.package_identification:_identify(src/lidar) by extension 'python'
[0.196s] Level 1:colcon.colcon_core.package_identification:_identify(src/lidar) by extensions ['python_setup_py']
[0.196s] Level 1:colcon.colcon_core.package_identification:_identify(src/lidar) by extension 'python_setup_py'
[0.196s] Level 1:colcon.colcon_core.package_identification:_identify(src/lidar/ira_laser_tools) by extensions ['ignore', 'ignore_ament_install']
[0.196s] Level 1:colcon.colcon_core.package_identification:_identify(src/lidar/ira_laser_tools) by extension 'ignore'
[0.196s] Level 1:colcon.colcon_core.package_identification:_identify(src/lidar/ira_laser_tools) by extension 'ignore_ament_install'
[0.196s] Level 1:colcon.colcon_core.package_identification:_identify(src/lidar/ira_laser_tools) by extensions ['colcon_pkg']
[0.196s] Level 1:colcon.colcon_core.package_identification:_identify(src/lidar/ira_laser_tools) by extension 'colcon_pkg'
[0.196s] Level 1:colcon.colcon_core.package_identification:_identify(src/lidar/ira_laser_tools) by extensions ['colcon_meta']
[0.196s] Level 1:colcon.colcon_core.package_identification:_identify(src/lidar/ira_laser_tools) by extension 'colcon_meta'
[0.196s] Level 1:colcon.colcon_core.package_identification:_identify(src/lidar/ira_laser_tools) by extensions ['ros']
[0.196s] Level 1:colcon.colcon_core.package_identification:_identify(src/lidar/ira_laser_tools) by extension 'ros'
[0.197s] DEBUG:colcon.colcon_core.package_identification:Package 'src/lidar/ira_laser_tools' with type 'ros.ament_cmake' and name 'ira_laser_tools'
[0.197s] Level 1:colcon.colcon_core.package_identification:_identify(src/lidar/yahboom_laser_filter) by extensions ['ignore', 'ignore_ament_install']
[0.197s] Level 1:colcon.colcon_core.package_identification:_identify(src/lidar/yahboom_laser_filter) by extension 'ignore'
[0.197s] Level 1:colcon.colcon_core.package_identification:_identify(src/lidar/yahboom_laser_filter) by extension 'ignore_ament_install'
[0.197s] Level 1:colcon.colcon_core.package_identification:_identify(src/lidar/yahboom_laser_filter) by extensions ['colcon_pkg']
[0.197s] Level 1:colcon.colcon_core.package_identification:_identify(src/lidar/yahboom_laser_filter) by extension 'colcon_pkg'
[0.197s] Level 1:colcon.colcon_core.package_identification:_identify(src/lidar/yahboom_laser_filter) by extensions ['colcon_meta']
[0.197s] Level 1:colcon.colcon_core.package_identification:_identify(src/lidar/yahboom_laser_filter) by extension 'colcon_meta'
[0.197s] Level 1:colcon.colcon_core.package_identification:_identify(src/lidar/yahboom_laser_filter) by extensions ['ros']
[0.197s] Level 1:colcon.colcon_core.package_identification:_identify(src/lidar/yahboom_laser_filter) by extension 'ros'
[0.198s] DEBUG:colcon.colcon_core.package_identification:Package 'src/lidar/yahboom_laser_filter' with type 'ros.ament_cmake' and name 'yahboom_laser_filter'
[0.198s] Level 1:colcon.colcon_core.package_identification:_identify(src/slam) by extensions ['ignore', 'ignore_ament_install']
[0.198s] Level 1:colcon.colcon_core.package_identification:_identify(src/slam) by extension 'ignore'
[0.198s] Level 1:colcon.colcon_core.package_identification:_identify(src/slam) by extension 'ignore_ament_install'
[0.198s] Level 1:colcon.colcon_core.package_identification:_identify(src/slam) by extensions ['colcon_pkg']
[0.198s] Level 1:colcon.colcon_core.package_identification:_identify(src/slam) by extension 'colcon_pkg'
[0.198s] Level 1:colcon.colcon_core.package_identification:_identify(src/slam) by extensions ['colcon_meta']
[0.198s] Level 1:colcon.colcon_core.package_identification:_identify(src/slam) by extension 'colcon_meta'
[0.198s] Level 1:colcon.colcon_core.package_identification:_identify(src/slam) by extensions ['ros']
[0.198s] Level 1:colcon.colcon_core.package_identification:_identify(src/slam) by extension 'ros'
[0.198s] Level 1:colcon.colcon_core.package_identification:_identify(src/slam) by extensions ['cmake', 'python']
[0.198s] Level 1:colcon.colcon_core.package_identification:_identify(src/slam) by extension 'cmake'
[0.198s] Level 1:colcon.colcon_core.package_identification:_identify(src/slam) by extension 'python'
[0.198s] Level 1:colcon.colcon_core.package_identification:_identify(src/slam) by extensions ['python_setup_py']
[0.198s] Level 1:colcon.colcon_core.package_identification:_identify(src/slam) by extension 'python_setup_py'
[0.198s] Level 1:colcon.colcon_core.package_identification:_identify(src/slam/saved_maps) by extensions ['ignore', 'ignore_ament_install']
[0.198s] Level 1:colcon.colcon_core.package_identification:_identify(src/slam/saved_maps) by extension 'ignore'
[0.198s] Level 1:colcon.colcon_core.package_identification:_identify(src/slam/saved_maps) by extension 'ignore_ament_install'
[0.198s] Level 1:colcon.colcon_core.package_identification:_identify(src/slam/saved_maps) by extensions ['colcon_pkg']
[0.198s] Level 1:colcon.colcon_core.package_identification:_identify(src/slam/saved_maps) by extension 'colcon_pkg'
[0.198s] Level 1:colcon.colcon_core.package_identification:_identify(src/slam/saved_maps) by extensions ['colcon_meta']
[0.198s] Level 1:colcon.colcon_core.package_identification:_identify(src/slam/saved_maps) by extension 'colcon_meta'
[0.198s] Level 1:colcon.colcon_core.package_identification:_identify(src/slam/saved_maps) by extensions ['ros']
[0.198s] Level 1:colcon.colcon_core.package_identification:_identify(src/slam/saved_maps) by extension 'ros'
[0.199s] DEBUG:colcon.colcon_core.package_identification:Package 'src/slam/saved_maps' with type 'ros.ament_cmake' and name 'saved_maps'
[0.199s] Level 1:colcon.colcon_core.package_identification:_identify(src/slam/slam_engine) by extensions ['ignore', 'ignore_ament_install']
[0.199s] Level 1:colcon.colcon_core.package_identification:_identify(src/slam/slam_engine) by extension 'ignore'
[0.199s] Level 1:colcon.colcon_core.package_identification:_identify(src/slam/slam_engine) by extension 'ignore_ament_install'
[0.199s] Level 1:colcon.colcon_core.package_identification:_identify(src/slam/slam_engine) by extensions ['colcon_pkg']
[0.199s] Level 1:colcon.colcon_core.package_identification:_identify(src/slam/slam_engine) by extension 'colcon_pkg'
[0.199s] Level 1:colcon.colcon_core.package_identification:_identify(src/slam/slam_engine) by extensions ['colcon_meta']
[0.199s] Level 1:colcon.colcon_core.package_identification:_identify(src/slam/slam_engine) by extension 'colcon_meta'
[0.199s] Level 1:colcon.colcon_core.package_identification:_identify(src/slam/slam_engine) by extensions ['ros']
[0.199s] Level 1:colcon.colcon_core.package_identification:_identify(src/slam/slam_engine) by extension 'ros'
[0.199s] DEBUG:colcon.colcon_core.package_identification:Package 'src/slam/slam_engine' with type 'ros.ament_cmake' and name 'slam_engine'
[0.199s] Level 1:colcon.colcon_core.package_identification:_identify(src/yahboom_M3Pro_description) by extensions ['ignore', 'ignore_ament_install']
[0.199s] Level 1:colcon.colcon_core.package_identification:_identify(src/yahboom_M3Pro_description) by extension 'ignore'
[0.199s] Level 1:colcon.colcon_core.package_identification:_identify(src/yahboom_M3Pro_description) by extension 'ignore_ament_install'
[0.199s] Level 1:colcon.colcon_core.package_identification:_identify(src/yahboom_M3Pro_description) by extensions ['colcon_pkg']
[0.199s] Level 1:colcon.colcon_core.package_identification:_identify(src/yahboom_M3Pro_description) by extension 'colcon_pkg'
[0.199s] Level 1:colcon.colcon_core.package_identification:_identify(src/yahboom_M3Pro_description) by extensions ['colcon_meta']
[0.199s] Level 1:colcon.colcon_core.package_identification:_identify(src/yahboom_M3Pro_description) by extension 'colcon_meta'
[0.199s] Level 1:colcon.colcon_core.package_identification:_identify(src/yahboom_M3Pro_description) by extensions ['ros']
[0.199s] Level 1:colcon.colcon_core.package_identification:_identify(src/yahboom_M3Pro_description) by extension 'ros'
[0.200s] DEBUG:colcon.colcon_core.package_identification:Package 'src/yahboom_M3Pro_description' with type 'ros.ament_python' and name 'yahboom_M3Pro_description'
[0.200s] Level 1:colcon.colcon_core.package_discovery:discover_packages(recursive) using defaults
[0.200s] Level 1:colcon.colcon_core.package_discovery:discover_packages(ignore) discover
[0.200s] Level 1:colcon.colcon_core.package_discovery:discover_packages(ignore) using defaults
[0.200s] Level 1:colcon.colcon_core.package_discovery:discover_packages(path) discover
[0.200s] Level 1:colcon.colcon_core.package_discovery:discover_packages(path) using defaults
[0.220s] Level 1:colcon.colcon_core.package_discovery:discover_packages(prefix_path) check parameters
[0.221s] Level 1:colcon.colcon_core.package_discovery:discover_packages(prefix_path) discover
[0.221s] WARNING:colcon.colcon_core.prefix_path.colcon:The path '/home/pawan/yahboomcar_ws_test/yahboomcar_ws/install' in the environment variable COLCON_PREFIX_PATH doesn't exist
[0.221s] WARNING:colcon.colcon_ros.prefix_path.ament:The path '/home/pawan/yahboomcar_ws_test/yahboomcar_ws/install/yahboom_M3Pro_description' in the environment variable AMENT_PREFIX_PATH doesn't exist
[0.222s] DEBUG:colcon.colcon_installed_package_information.package_discovery:Found 419 installed packages in /opt/ros/humble
[0.224s] Level 1:colcon.colcon_core.package_discovery:discover_packages(prefix_path) using defaults
[0.257s] Level 5:colcon.colcon_core.verb:set package 'M3Pro_navigation' build argument 'cmake_args' from command line to 'None'
[0.257s] Level 5:colcon.colcon_core.verb:set package 'M3Pro_navigation' build argument 'cmake_target' from command line to 'None'
[0.257s] Level 5:colcon.colcon_core.verb:set package 'M3Pro_navigation' build argument 'cmake_target_skip_unavailable' from command line to 'False'
[0.257s] Level 5:colcon.colcon_core.verb:set package 'M3Pro_navigation' build argument 'cmake_clean_cache' from command line to 'False'
[0.257s] Level 5:colcon.colcon_core.verb:set package 'M3Pro_navigation' build argument 'cmake_clean_first' from command line to 'False'
[0.257s] Level 5:colcon.colcon_core.verb:set package 'M3Pro_navigation' build argument 'cmake_force_configure' from command line to 'False'
[0.257s] Level 5:colcon.colcon_core.verb:set package 'M3Pro_navigation' build argument 'ament_cmake_args' from command line to 'None'
[0.257s] Level 5:colcon.colcon_core.verb:set package 'M3Pro_navigation' build argument 'catkin_cmake_args' from command line to 'None'
[0.257s] Level 5:colcon.colcon_core.verb:set package 'M3Pro_navigation' build argument 'catkin_skip_building_tests' from command line to 'False'
[0.257s] DEBUG:colcon.colcon_core.verb:Building package 'M3Pro_navigation' with the following arguments: {'ament_cmake_args': None, 'build_base': '/home/pawan/yahboomcar_ws_test/digitaltwin_ws/build/M3Pro_navigation', 'catkin_cmake_args': None, 'catkin_skip_building_tests': False, 'cmake_args': None, 'cmake_clean_cache': False, 'cmake_clean_first': False, 'cmake_force_configure': False, 'cmake_target': None, 'cmake_target_skip_unavailable': False, 'install_base': '/home/pawan/yahboomcar_ws_test/digitaltwin_ws/install/M3Pro_navigation', 'merge_install': False, 'path': '/home/pawan/yahboomcar_ws_test/digitaltwin_ws/src/M3Pro_navigation', 'symlink_install': False, 'test_result_base': None}
[0.257s] Level 5:colcon.colcon_core.verb:set package 'ira_laser_tools' build argument 'cmake_args' from command line to 'None'
[0.257s] Level 5:colcon.colcon_core.verb:set package 'ira_laser_tools' build argument 'cmake_target' from command line to 'None'
[0.257s] Level 5:colcon.colcon_core.verb:set package 'ira_laser_tools' build argument 'cmake_target_skip_unavailable' from command line to 'False'
[0.257s] Level 5:colcon.colcon_core.verb:set package 'ira_laser_tools' build argument 'cmake_clean_cache' from command line to 'False'
[0.257s] Level 5:colcon.colcon_core.verb:set package 'ira_laser_tools' build argument 'cmake_clean_first' from command line to 'False'
[0.257s] Level 5:colcon.colcon_core.verb:set package 'ira_laser_tools' build argument 'cmake_force_configure' from command line to 'False'
[0.257s] Level 5:colcon.colcon_core.verb:set package 'ira_laser_tools' build argument 'ament_cmake_args' from command line to 'None'
[0.257s] Level 5:colcon.colcon_core.verb:set package 'ira_laser_tools' build argument 'catkin_cmake_args' from command line to 'None'
[0.257s] Level 5:colcon.colcon_core.verb:set package 'ira_laser_tools' build argument 'catkin_skip_building_tests' from command line to 'False'
[0.257s] DEBUG:colcon.colcon_core.verb:Building package 'ira_laser_tools' with the following arguments: {'ament_cmake_args': None, 'build_base': '/home/pawan/yahboomcar_ws_test/digitaltwin_ws/build/ira_laser_tools', 'catkin_cmake_args': None, 'catkin_skip_building_tests': False, 'cmake_args': None, 'cmake_clean_cache': False, 'cmake_clean_first': False, 'cmake_force_configure': False, 'cmake_target': None, 'cmake_target_skip_unavailable': False, 'install_base': '/home/pawan/yahboomcar_ws_test/digitaltwin_ws/install/ira_laser_tools', 'merge_install': False, 'path': '/home/pawan/yahboomcar_ws_test/digitaltwin_ws/src/lidar/ira_laser_tools', 'symlink_install': False, 'test_result_base': None}
[0.258s] Level 5:colcon.colcon_core.verb:set package 'saved_maps' build argument 'cmake_args' from command line to 'None'
[0.258s] Level 5:colcon.colcon_core.verb:set package 'saved_maps' build argument 'cmake_target' from command line to 'None'
[0.258s] Level 5:colcon.colcon_core.verb:set package 'saved_maps' build argument 'cmake_target_skip_unavailable' from command line to 'False'
[0.258s] Level 5:colcon.colcon_core.verb:set package 'saved_maps' build argument 'cmake_clean_cache' from command line to 'False'
[0.258s] Level 5:colcon.colcon_core.verb:set package 'saved_maps' build argument 'cmake_clean_first' from command line to 'False'
[0.258s] Level 5:colcon.colcon_core.verb:set package 'saved_maps' build argument 'cmake_force_configure' from command line to 'False'
[0.258s] Level 5:colcon.colcon_core.verb:set package 'saved_maps' build argument 'ament_cmake_args' from command line to 'None'
[0.258s] Level 5:colcon.colcon_core.verb:set package 'saved_maps' build argument 'catkin_cmake_args' from command line to 'None'
[0.258s] Level 5:colcon.colcon_core.verb:set package 'saved_maps' build argument 'catkin_skip_building_tests' from command line to 'False'
[0.258s] DEBUG:colcon.colcon_core.verb:Building package 'saved_maps' with the following arguments: {'ament_cmake_args': None, 'build_base': '/home/pawan/yahboomcar_ws_test/digitaltwin_ws/build/saved_maps', 'catkin_cmake_args': None, 'catkin_skip_building_tests': False, 'cmake_args': None, 'cmake_clean_cache': False, 'cmake_clean_first': False, 'cmake_force_configure': False, 'cmake_target': None, 'cmake_target_skip_unavailable': False, 'install_base': '/home/pawan/yahboomcar_ws_test/digitaltwin_ws/install/saved_maps', 'merge_install': False, 'path': '/home/pawan/yahboomcar_ws_test/digitaltwin_ws/src/slam/saved_maps', 'symlink_install': False, 'test_result_base': None}
[0.258s] Level 5:colcon.colcon_core.verb:set package 'slam_engine' build argument 'cmake_args' from command line to 'None'
[0.258s] Level 5:colcon.colcon_core.verb:set package 'slam_engine' build argument 'cmake_target' from command line to 'None'
[0.258s] Level 5:colcon.colcon_core.verb:set package 'slam_engine' build argument 'cmake_target_skip_unavailable' from command line to 'False'
[0.258s] Level 5:colcon.colcon_core.verb:set package 'slam_engine' build argument 'cmake_clean_cache' from command line to 'False'
[0.258s] Level 5:colcon.colcon_core.verb:set package 'slam_engine' build argument 'cmake_clean_first' from command line to 'False'
[0.258s] Level 5:colcon.colcon_core.verb:set package 'slam_engine' build argument 'cmake_force_configure' from command line to 'False'
[0.258s] Level 5:colcon.colcon_core.verb:set package 'slam_engine' build argument 'ament_cmake_args' from command line to 'None'
[0.258s] Level 5:colcon.colcon_core.verb:set package 'slam_engine' build argument 'catkin_cmake_args' from command line to 'None'
[0.258s] Level 5:colcon.colcon_core.verb:set package 'slam_engine' build argument 'catkin_skip_building_tests' from command line to 'False'
[0.258s] DEBUG:colcon.colcon_core.verb:Building package 'slam_engine' with the following arguments: {'ament_cmake_args': None, 'build_base': '/home/pawan/yahboomcar_ws_test/digitaltwin_ws/build/slam_engine', 'catkin_cmake_args': None, 'catkin_skip_building_tests': False, 'cmake_args': None, 'cmake_clean_cache': False, 'cmake_clean_first': False, 'cmake_force_configure': False, 'cmake_target': None, 'cmake_target_skip_unavailable': False, 'install_base': '/home/pawan/yahboomcar_ws_test/digitaltwin_ws/install/slam_engine', 'merge_install': False, 'path': '/home/pawan/yahboomcar_ws_test/digitaltwin_ws/src/slam/slam_engine', 'symlink_install': False, 'test_result_base': None}
[0.258s] Level 5:colcon.colcon_core.verb:set package 'yahboom_M3Pro_description' build argument 'cmake_args' from command line to 'None'
[0.258s] Level 5:colcon.colcon_core.verb:set package 'yahboom_M3Pro_description' build argument 'cmake_target' from command line to 'None'
[0.258s] Level 5:colcon.colcon_core.verb:set package 'yahboom_M3Pro_description' build argument 'cmake_target_skip_unavailable' from command line to 'False'
[0.258s] Level 5:colcon.colcon_core.verb:set package 'yahboom_M3Pro_description' build argument 'cmake_clean_cache' from command line to 'False'
[0.258s] Level 5:colcon.colcon_core.verb:set package 'yahboom_M3Pro_description' build argument 'cmake_clean_first' from command line to 'False'
[0.258s] Level 5:colcon.colcon_core.verb:set package 'yahboom_M3Pro_description' build argument 'cmake_force_configure' from command line to 'False'
[0.258s] Level 5:colcon.colcon_core.verb:set package 'yahboom_M3Pro_description' build argument 'ament_cmake_args' from command line to 'None'
[0.258s] Level 5:colcon.colcon_core.verb:set package 'yahboom_M3Pro_description' build argument 'catkin_cmake_args' from command line to 'None'
[0.258s] Level 5:colcon.colcon_core.verb:set package 'yahboom_M3Pro_description' build argument 'catkin_skip_building_tests' from command line to 'False'
[0.258s] DEBUG:colcon.colcon_core.verb:Building package 'yahboom_M3Pro_description' with the following arguments: {'ament_cmake_args': None, 'build_base': '/home/pawan/yahboomcar_ws_test/digitaltwin_ws/build/yahboom_M3Pro_description', 'catkin_cmake_args': None, 'catkin_skip_building_tests': False, 'cmake_args': None, 'cmake_clean_cache': False, 'cmake_clean_first': False, 'cmake_force_configure': False, 'cmake_target': None, 'cmake_target_skip_unavailable': False, 'install_base': '/home/pawan/yahboomcar_ws_test/digitaltwin_ws/install/yahboom_M3Pro_description', 'merge_install': False, 'path': '/home/pawan/yahboomcar_ws_test/digitaltwin_ws/src/yahboom_M3Pro_description', 'symlink_install': False, 'test_result_base': None}
[0.258s] Level 5:colcon.colcon_core.verb:set package 'yahboom_laser_filter' build argument 'cmake_args' from command line to 'None'
[0.258s] Level 5:colcon.colcon_core.verb:set package 'yahboom_laser_filter' build argument 'cmake_target' from command line to 'None'
[0.258s] Level 5:colcon.colcon_core.verb:set package 'yahboom_laser_filter' build argument 'cmake_target_skip_unavailable' from command line to 'False'
[0.258s] Level 5:colcon.colcon_core.verb:set package 'yahboom_laser_filter' build argument 'cmake_clean_cache' from command line to 'False'
[0.259s] Level 5:colcon.colcon_core.verb:set package 'yahboom_laser_filter' build argument 'cmake_clean_first' from command line to 'False'
[0.259s] Level 5:colcon.colcon_core.verb:set package 'yahboom_laser_filter' build argument 'cmake_force_configure' from command line to 'False'
[0.259s] Level 5:colcon.colcon_core.verb:set package 'yahboom_laser_filter' build argument 'ament_cmake_args' from command line to 'None'
[0.259s] Level 5:colcon.colcon_core.verb:set package 'yahboom_laser_filter' build argument 'catkin_cmake_args' from command line to 'None'
[0.259s] Level 5:colcon.colcon_core.verb:set package 'yahboom_laser_filter' build argument 'catkin_skip_building_tests' from command line to 'False'
[0.259s] DEBUG:colcon.colcon_core.verb:Building package 'yahboom_laser_filter' with the following arguments: {'ament_cmake_args': None, 'build_base': '/home/pawan/yahboomcar_ws_test/digitaltwin_ws/build/yahboom_laser_filter', 'catkin_cmake_args': None, 'catkin_skip_building_tests': False, 'cmake_args': None, 'cmake_clean_cache': False, 'cmake_clean_first': False, 'cmake_force_configure': False, 'cmake_target': None, 'cmake_target_skip_unavailable': False, 'install_base': '/home/pawan/yahboomcar_ws_test/digitaltwin_ws/install/yahboom_laser_filter', 'merge_install': False, 'path': '/home/pawan/yahboomcar_ws_test/digitaltwin_ws/src/lidar/yahboom_laser_filter', 'symlink_install': False, 'test_result_base': None}
[0.259s] INFO:colcon.colcon_core.executor:Executing jobs using 'parallel' executor
[0.259s] DEBUG:colcon.colcon_parallel_executor.executor.parallel:run_until_complete
[0.260s] INFO:colcon.colcon_ros.task.ament_cmake.build:Building ROS package in '/home/pawan/yahboomcar_ws_test/digitaltwin_ws/src/M3Pro_navigation' with build type 'ament_cmake'
[0.260s] INFO:colcon.colcon_cmake.task.cmake.build:Building CMake package in '/home/pawan/yahboomcar_ws_test/digitaltwin_ws/src/M3Pro_navigation'
[0.261s] INFO:colcon.colcon_core.plugin_system:Skipping extension 'colcon_core.shell.bat': Not used on non-Windows systems
[0.261s] INFO:colcon.colcon_core.shell:Skip shell extension 'powershell' for command environment: Not usable outside of PowerShell
[0.262s] DEBUG:colcon.colcon_core.shell:Skip shell extension 'dsv' for command environment
[0.264s] INFO:colcon.colcon_ros.task.ament_cmake.build:Building ROS package in '/home/pawan/yahboomcar_ws_test/digitaltwin_ws/src/lidar/ira_laser_tools' with build type 'ament_cmake'
[0.264s] INFO:colcon.colcon_cmake.task.cmake.build:Building CMake package in '/home/pawan/yahboomcar_ws_test/digitaltwin_ws/src/lidar/ira_laser_tools'
[0.264s] INFO:colcon.colcon_core.shell:Skip shell extension 'powershell' for command environment: Not usable outside of PowerShell
[0.264s] DEBUG:colcon.colcon_core.shell:Skip shell extension 'dsv' for command environment
[0.266s] INFO:colcon.colcon_ros.task.ament_cmake.build:Building ROS package in '/home/pawan/yahboomcar_ws_test/digitaltwin_ws/src/slam/saved_maps' with build type 'ament_cmake'
[0.266s] INFO:colcon.colcon_cmake.task.cmake.build:Building CMake package in '/home/pawan/yahboomcar_ws_test/digitaltwin_ws/src/slam/saved_maps'
[0.266s] INFO:colcon.colcon_core.shell:Skip shell extension 'powershell' for command environment: Not usable outside of PowerShell
[0.266s] DEBUG:colcon.colcon_core.shell:Skip shell extension 'dsv' for command environment
[0.268s] INFO:colcon.colcon_ros.task.ament_cmake.build:Building ROS package in '/home/pawan/yahboomcar_ws_test/digitaltwin_ws/src/slam/slam_engine' with build type 'ament_cmake'
[0.268s] INFO:colcon.colcon_cmake.task.cmake.build:Building CMake package in '/home/pawan/yahboomcar_ws_test/digitaltwin_ws/src/slam/slam_engine'
[0.268s] INFO:colcon.colcon_core.shell:Skip shell extension 'powershell' for command environment: Not usable outside of PowerShell
[0.268s] DEBUG:colcon.colcon_core.shell:Skip shell extension 'dsv' for command environment
[0.270s] INFO:colcon.colcon_ros.task.ament_python.build:Building ROS package in '/home/pawan/yahboomcar_ws_test/digitaltwin_ws/src/yahboom_M3Pro_description' with build type 'ament_python'
[0.270s] Level 1:colcon.colcon_core.shell:create_environment_hook('yahboom_M3Pro_description', 'ament_prefix_path')
[0.270s] INFO:colcon.colcon_core.shell:Creating environment hook '/home/pawan/yahboomcar_ws_test/digitaltwin_ws/install/yahboom_M3Pro_description/share/yahboom_M3Pro_description/hook/ament_prefix_path.ps1'
[0.270s] INFO:colcon.colcon_core.shell:Creating environment descriptor '/home/pawan/yahboomcar_ws_test/digitaltwin_ws/install/yahboom_M3Pro_description/share/yahboom_M3Pro_description/hook/ament_prefix_path.dsv'
[0.271s] INFO:colcon.colcon_core.shell:Creating environment hook '/home/pawan/yahboomcar_ws_test/digitaltwin_ws/install/yahboom_M3Pro_description/share/yahboom_M3Pro_description/hook/ament_prefix_path.sh'
[0.271s] INFO:colcon.colcon_core.shell:Skip shell extension 'powershell' for command environment: Not usable outside of PowerShell
[0.271s] DEBUG:colcon.colcon_core.shell:Skip shell extension 'dsv' for command environment
[0.273s] INFO:colcon.colcon_ros.task.ament_cmake.build:Building ROS package in '/home/pawan/yahboomcar_ws_test/digitaltwin_ws/src/lidar/yahboom_laser_filter' with build type 'ament_cmake'
[0.273s] INFO:colcon.colcon_cmake.task.cmake.build:Building CMake package in '/home/pawan/yahboomcar_ws_test/digitaltwin_ws/src/lidar/yahboom_laser_filter'
[0.273s] INFO:colcon.colcon_core.shell:Skip shell extension 'powershell' for command environment: Not usable outside of PowerShell
[0.273s] DEBUG:colcon.colcon_core.shell:Skip shell extension 'dsv' for command environment
[0.277s] DEBUG:colcon.colcon_core.event_handler.log_command:Invoking command in '/home/pawan/yahboomcar_ws_test/digitaltwin_ws/build/M3Pro_navigation': CMAKE_PREFIX_PATH=/home/pawan/yahboomcar_ws_test/yahboomcar_ws/install/yahboom_M3Pro_description:/opt/ros/humble /usr/bin/cmake /home/pawan/yahboomcar_ws_test/digitaltwin_ws/src/M3Pro_navigation -DCMAKE_INSTALL_PREFIX=/home/pawan/yahboomcar_ws_test/digitaltwin_ws/install/M3Pro_navigation
[0.281s] DEBUG:colcon.colcon_core.event_handler.log_command:Invoking command in '/home/pawan/yahboomcar_ws_test/digitaltwin_ws/build/ira_laser_tools': CMAKE_PREFIX_PATH=/home/pawan/yahboomcar_ws_test/yahboomcar_ws/install/yahboom_M3Pro_description:/opt/ros/humble /usr/bin/cmake /home/pawan/yahboomcar_ws_test/digitaltwin_ws/src/lidar/ira_laser_tools -DCMAKE_INSTALL_PREFIX=/home/pawan/yahboomcar_ws_test/digitaltwin_ws/install/ira_laser_tools
[0.282s] DEBUG:colcon.colcon_core.event_handler.log_command:Invoking command in '/home/pawan/yahboomcar_ws_test/digitaltwin_ws/build/saved_maps': CMAKE_PREFIX_PATH=/home/pawan/yahboomcar_ws_test/yahboomcar_ws/install/yahboom_M3Pro_description:/opt/ros/humble /usr/bin/cmake /home/pawan/yahboomcar_ws_test/digitaltwin_ws/src/slam/saved_maps -DCMAKE_INSTALL_PREFIX=/home/pawan/yahboomcar_ws_test/digitaltwin_ws/install/saved_maps
[0.283s] DEBUG:colcon.colcon_core.event_handler.log_command:Invoking command in '/home/pawan/yahboomcar_ws_test/digitaltwin_ws/build/slam_engine': CMAKE_PREFIX_PATH=/home/pawan/yahboomcar_ws_test/yahboomcar_ws/install/yahboom_M3Pro_description:/opt/ros/humble /usr/bin/cmake /home/pawan/yahboomcar_ws_test/digitaltwin_ws/src/slam/slam_engine -DCMAKE_INSTALL_PREFIX=/home/pawan/yahboomcar_ws_test/digitaltwin_ws/install/slam_engine
[0.444s] INFO:colcon.colcon_core.task.python.build:Building Python package in '/home/pawan/yahboomcar_ws_test/digitaltwin_ws/src/yahboom_M3Pro_description'
[0.444s] INFO:colcon.colcon_core.shell:Skip shell extension 'powershell' for command environment: Not usable outside of PowerShell
[0.444s] DEBUG:colcon.colcon_core.shell:Skip shell extension 'dsv' for command environment
[0.451s] DEBUG:colcon.colcon_core.event_handler.log_command:Invoking command in '/home/pawan/yahboomcar_ws_test/digitaltwin_ws/build/yahboom_laser_filter': CMAKE_PREFIX_PATH=/home/pawan/yahboomcar_ws_test/yahboomcar_ws/install/yahboom_M3Pro_description:/opt/ros/humble /usr/bin/cmake /home/pawan/yahboomcar_ws_test/digitaltwin_ws/src/lidar/yahboom_laser_filter -DCMAKE_INSTALL_PREFIX=/home/pawan/yahboomcar_ws_test/digitaltwin_ws/install/yahboom_laser_filter
[0.691s] DEBUG:colcon.colcon_core.event_handler.log_command:Invoking command in '/home/pawan/yahboomcar_ws_test/digitaltwin_ws/src/yahboom_M3Pro_description': PYTHONPATH=/home/pawan/yahboomcar_ws_test/digitaltwin_ws/build/yahboom_M3Pro_description/prefix_override:/usr/lib/python3/dist-packages/colcon_core/task/python/colcon_distutils_commands:/home/pawan/yahboomcar_ws_test/digitaltwin_ws/install/yahboom_M3Pro_description/lib/python3.10/site-packages:${PYTHONPATH} /usr/bin/python3 -W ignore:setup.py install is deprecated -W ignore:easy_install command is deprecated setup.py egg_info --egg-base ../../build/yahboom_M3Pro_description build --build-base /home/pawan/yahboomcar_ws_test/digitaltwin_ws/build/yahboom_M3Pro_description/build install --record /home/pawan/yahboomcar_ws_test/digitaltwin_ws/build/yahboom_M3Pro_description/install.log --single-version-externally-managed install_data
[0.802s] DEBUG:colcon.colcon_core.event_handler.log_command:Invoked command in '/home/pawan/yahboomcar_ws_test/digitaltwin_ws/build/M3Pro_navigation' returned '0': CMAKE_PREFIX_PATH=/home/pawan/yahboomcar_ws_test/yahboomcar_ws/install/yahboom_M3Pro_description:/opt/ros/humble /usr/bin/cmake /home/pawan/yahboomcar_ws_test/digitaltwin_ws/src/M3Pro_navigation -DCMAKE_INSTALL_PREFIX=/home/pawan/yahboomcar_ws_test/digitaltwin_ws/install/M3Pro_navigation
[0.803s] DEBUG:colcon.colcon_core.event_handler.log_command:Invoking command in '/home/pawan/yahboomcar_ws_test/digitaltwin_ws/build/M3Pro_navigation': CMAKE_PREFIX_PATH=/home/pawan/yahboomcar_ws_test/yahboomcar_ws/install/yahboom_M3Pro_description:/opt/ros/humble /usr/bin/cmake --build /home/pawan/yahboomcar_ws_test/digitaltwin_ws/build/M3Pro_navigation -- -j20 -l20
[0.804s] DEBUG:colcon.colcon_core.event_handler.log_command:Invoked command in '/home/pawan/yahboomcar_ws_test/digitaltwin_ws/build/saved_maps' returned '0': CMAKE_PREFIX_PATH=/home/pawan/yahboomcar_ws_test/yahboomcar_ws/install/yahboom_M3Pro_description:/opt/ros/humble /usr/bin/cmake /home/pawan/yahboomcar_ws_test/digitaltwin_ws/src/slam/saved_maps -DCMAKE_INSTALL_PREFIX=/home/pawan/yahboomcar_ws_test/digitaltwin_ws/install/saved_maps
[0.805s] DEBUG:colcon.colcon_core.event_handler.log_command:Invoking command in '/home/pawan/yahboomcar_ws_test/digitaltwin_ws/build/saved_maps': CMAKE_PREFIX_PATH=/home/pawan/yahboomcar_ws_test/yahboomcar_ws/install/yahboom_M3Pro_description:/opt/ros/humble /usr/bin/cmake --build /home/pawan/yahboomcar_ws_test/digitaltwin_ws/build/saved_maps -- -j20 -l20
[0.805s] DEBUG:colcon.colcon_core.event_handler.log_command:Invoked command in '/home/pawan/yahboomcar_ws_test/digitaltwin_ws/build/slam_engine' returned '0': CMAKE_PREFIX_PATH=/home/pawan/yahboomcar_ws_test/yahboomcar_ws/install/yahboom_M3Pro_description:/opt/ros/humble /usr/bin/cmake /home/pawan/yahboomcar_ws_test/digitaltwin_ws/src/slam/slam_engine -DCMAKE_INSTALL_PREFIX=/home/pawan/yahboomcar_ws_test/digitaltwin_ws/install/slam_engine
[0.806s] DEBUG:colcon.colcon_core.event_handler.log_command:Invoking command in '/home/pawan/yahboomcar_ws_test/digitaltwin_ws/build/slam_engine': CMAKE_PREFIX_PATH=/home/pawan/yahboomcar_ws_test/yahboomcar_ws/install/yahboom_M3Pro_description:/opt/ros/humble /usr/bin/cmake --build /home/pawan/yahboomcar_ws_test/digitaltwin_ws/build/slam_engine -- -j20 -l20
[0.837s] DEBUG:colcon.colcon_core.event_handler.log_command:Invoked command in '/home/pawan/yahboomcar_ws_test/digitaltwin_ws/build/M3Pro_navigation' returned '0': CMAKE_PREFIX_PATH=/home/pawan/yahboomcar_ws_test/yahboomcar_ws/install/yahboom_M3Pro_description:/opt/ros/humble /usr/bin/cmake --build /home/pawan/yahboomcar_ws_test/digitaltwin_ws/build/M3Pro_navigation -- -j20 -l20
[0.846s] DEBUG:colcon.colcon_core.event_handler.log_command:Invoking command in '/home/pawan/yahboomcar_ws_test/digitaltwin_ws/build/M3Pro_navigation': CMAKE_PREFIX_PATH=/home/pawan/yahboomcar_ws_test/yahboomcar_ws/install/yahboom_M3Pro_description:/opt/ros/humble /usr/bin/cmake --install /home/pawan/yahboomcar_ws_test/digitaltwin_ws/build/M3Pro_navigation
[0.847s] DEBUG:colcon.colcon_core.event_handler.log_command:Invoked command in '/home/pawan/yahboomcar_ws_test/digitaltwin_ws/build/saved_maps' returned '0': CMAKE_PREFIX_PATH=/home/pawan/yahboomcar_ws_test/yahboomcar_ws/install/yahboom_M3Pro_description:/opt/ros/humble /usr/bin/cmake --build /home/pawan/yahboomcar_ws_test/digitaltwin_ws/build/saved_maps -- -j20 -l20
[0.849s] DEBUG:colcon.colcon_core.event_handler.log_command:Invoking command in '/home/pawan/yahboomcar_ws_test/digitaltwin_ws/build/saved_maps': CMAKE_PREFIX_PATH=/home/pawan/yahboomcar_ws_test/yahboomcar_ws/install/yahboom_M3Pro_description:/opt/ros/humble /usr/bin/cmake --install /home/pawan/yahboomcar_ws_test/digitaltwin_ws/build/saved_maps
[0.849s] DEBUG:colcon.colcon_core.event_handler.log_command:Invoked command in '/home/pawan/yahboomcar_ws_test/digitaltwin_ws/build/slam_engine' returned '0': CMAKE_PREFIX_PATH=/home/pawan/yahboomcar_ws_test/yahboomcar_ws/install/yahboom_M3Pro_description:/opt/ros/humble /usr/bin/cmake --build /home/pawan/yahboomcar_ws_test/digitaltwin_ws/build/slam_engine -- -j20 -l20
[0.851s] DEBUG:colcon.colcon_core.event_handler.log_command:Invoking command in '/home/pawan/yahboomcar_ws_test/digitaltwin_ws/build/slam_engine': CMAKE_PREFIX_PATH=/home/pawan/yahboomcar_ws_test/yahboomcar_ws/install/yahboom_M3Pro_description:/opt/ros/humble /usr/bin/cmake --install /home/pawan/yahboomcar_ws_test/digitaltwin_ws/build/slam_engine
[0.859s] Level 1:colcon.colcon_core.environment:create_environment_scripts_only(saved_maps)
[0.861s] DEBUG:colcon.colcon_core.event_handler.log_command:Invoked command in '/home/pawan/yahboomcar_ws_test/digitaltwin_ws/build/saved_maps' returned '0': CMAKE_PREFIX_PATH=/home/pawan/yahboomcar_ws_test/yahboomcar_ws/install/yahboom_M3Pro_description:/opt/ros/humble /usr/bin/cmake --install /home/pawan/yahboomcar_ws_test/digitaltwin_ws/build/saved_maps
[0.864s] Level 1:colcon.colcon_core.environment:checking '/home/pawan/yahboomcar_ws_test/digitaltwin_ws/install/saved_maps' for CMake module files
[0.864s] Level 1:colcon.colcon_core.environment:checking '/home/pawan/yahboomcar_ws_test/digitaltwin_ws/install/saved_maps' for CMake config files
[0.864s] Level 1:colcon.colcon_core.shell:create_environment_hook('saved_maps', 'cmake_prefix_path')
[0.865s] INFO:colcon.colcon_core.shell:Creating environment hook '/home/pawan/yahboomcar_ws_test/digitaltwin_ws/install/saved_maps/share/saved_maps/hook/cmake_prefix_path.ps1'
[0.866s] INFO:colcon.colcon_core.shell:Creating environment descriptor '/home/pawan/yahboomcar_ws_test/digitaltwin_ws/install/saved_maps/share/saved_maps/hook/cmake_prefix_path.dsv'
[0.866s] INFO:colcon.colcon_core.shell:Creating environment hook '/home/pawan/yahboomcar_ws_test/digitaltwin_ws/install/saved_maps/share/saved_maps/hook/cmake_prefix_path.sh'
[0.867s] Level 1:colcon.colcon_core.environment:checking '/home/pawan/yahboomcar_ws_test/digitaltwin_ws/install/saved_maps/bin'
[0.868s] Level 1:colcon.colcon_core.environment:checking '/home/pawan/yahboomcar_ws_test/digitaltwin_ws/install/saved_maps/lib/pkgconfig/saved_maps.pc'
[0.868s] Level 1:colcon.colcon_core.environment:checking '/home/pawan/yahboomcar_ws_test/digitaltwin_ws/install/saved_maps/lib/python3.10/site-packages'
[0.868s] Level 1:colcon.colcon_core.environment:checking '/home/pawan/yahboomcar_ws_test/digitaltwin_ws/install/saved_maps/bin'
[0.869s] INFO:colcon.colcon_core.shell:Creating package script '/home/pawan/yahboomcar_ws_test/digitaltwin_ws/install/saved_maps/share/saved_maps/package.ps1'
[0.870s] INFO:colcon.colcon_core.shell:Creating package descriptor '/home/pawan/yahboomcar_ws_test/digitaltwin_ws/install/saved_maps/share/saved_maps/package.dsv'
[0.870s] INFO:colcon.colcon_core.shell:Creating package script '/home/pawan/yahboomcar_ws_test/digitaltwin_ws/install/saved_maps/share/saved_maps/package.sh'
[0.871s] INFO:colcon.colcon_core.shell:Creating package script '/home/pawan/yahboomcar_ws_test/digitaltwin_ws/install/saved_maps/share/saved_maps/package.bash'
[0.872s] INFO:colcon.colcon_core.shell:Creating package script '/home/pawan/yahboomcar_ws_test/digitaltwin_ws/install/saved_maps/share/saved_maps/package.zsh'
[0.872s] Level 1:colcon.colcon_core.environment:create_file_with_runtime_dependencies(/home/pawan/yahboomcar_ws_test/digitaltwin_ws/install/saved_maps/share/colcon-core/packages/saved_maps)
[0.873s] Level 1:colcon.colcon_core.environment:create_environment_scripts_only(saved_maps)
[0.874s] Level 1:colcon.colcon_core.environment:checking '/home/pawan/yahboomcar_ws_test/digitaltwin_ws/install/saved_maps' for CMake module files
[0.874s] Level 1:colcon.colcon_core.environment:checking '/home/pawan/yahboomcar_ws_test/digitaltwin_ws/install/saved_maps' for CMake config files
[0.875s] Level 1:colcon.colcon_core.shell:create_environment_hook('saved_maps', 'cmake_prefix_path')
[0.875s] INFO:colcon.colcon_core.shell:Creating environment hook '/home/pawan/yahboomcar_ws_test/digitaltwin_ws/install/saved_maps/share/saved_maps/hook/cmake_prefix_path.ps1'
[0.875s] INFO:colcon.colcon_core.shell:Creating environment descriptor '/home/pawan/yahboomcar_ws_test/digitaltwin_ws/install/saved_maps/share/saved_maps/hook/cmake_prefix_path.dsv'
[0.876s] INFO:colcon.colcon_core.shell:Creating environment hook '/home/pawan/yahboomcar_ws_test/digitaltwin_ws/install/saved_maps/share/saved_maps/hook/cmake_prefix_path.sh'
[0.876s] Level 1:colcon.colcon_core.environment:checking '/home/pawan/yahboomcar_ws_test/digitaltwin_ws/install/saved_maps/bin'
[0.876s] Level 1:colcon.colcon_core.environment:checking '/home/pawan/yahboomcar_ws_test/digitaltwin_ws/install/saved_maps/lib/pkgconfig/saved_maps.pc'
[0.877s] Level 1:colcon.colcon_core.environment:checking '/home/pawan/yahboomcar_ws_test/digitaltwin_ws/install/saved_maps/lib/python3.10/site-packages'
[0.877s] Level 1:colcon.colcon_core.environment:checking '/home/pawan/yahboomcar_ws_test/digitaltwin_ws/install/saved_maps/bin'
[0.877s] INFO:colcon.colcon_core.shell:Creating package script '/home/pawan/yahboomcar_ws_test/digitaltwin_ws/install/saved_maps/share/saved_maps/package.ps1'
[0.878s] INFO:colcon.colcon_core.shell:Creating package descriptor '/home/pawan/yahboomcar_ws_test/digitaltwin_ws/install/saved_maps/share/saved_maps/package.dsv'
[0.878s] INFO:colcon.colcon_core.shell:Creating package script '/home/pawan/yahboomcar_ws_test/digitaltwin_ws/install/saved_maps/share/saved_maps/package.sh'
[0.879s] INFO:colcon.colcon_core.shell:Creating package script '/home/pawan/yahboomcar_ws_test/digitaltwin_ws/install/saved_maps/share/saved_maps/package.bash'
[0.879s] INFO:colcon.colcon_core.shell:Creating package script '/home/pawan/yahboomcar_ws_test/digitaltwin_ws/install/saved_maps/share/saved_maps/package.zsh'
[0.880s] Level 1:colcon.colcon_core.environment:create_file_with_runtime_dependencies(/home/pawan/yahboomcar_ws_test/digitaltwin_ws/install/saved_maps/share/colcon-core/packages/saved_maps)
[0.881s] Level 1:colcon.colcon_core.environment:create_environment_scripts_only(M3Pro_navigation)
[0.881s] DEBUG:colcon.colcon_core.event_handler.log_command:Invoked command in '/home/pawan/yahboomcar_ws_test/digitaltwin_ws/build/M3Pro_navigation' returned '0': CMAKE_PREFIX_PATH=/home/pawan/yahboomcar_ws_test/yahboomcar_ws/install/yahboom_M3Pro_description:/opt/ros/humble /usr/bin/cmake --install /home/pawan/yahboomcar_ws_test/digitaltwin_ws/build/M3Pro_navigation
[0.881s] Level 1:colcon.colcon_core.environment:checking '/home/pawan/yahboomcar_ws_test/digitaltwin_ws/install/M3Pro_navigation' for CMake module files
[0.882s] Level 1:colcon.colcon_core.environment:checking '/home/pawan/yahboomcar_ws_test/digitaltwin_ws/install/M3Pro_navigation' for CMake config files
[0.882s] Level 1:colcon.colcon_core.shell:create_environment_hook('M3Pro_navigation', 'cmake_prefix_path')
[0.882s] INFO:colcon.colcon_core.shell:Creating environment hook '/home/pawan/yahboomcar_ws_test/digitaltwin_ws/install/M3Pro_navigation/share/M3Pro_navigation/hook/cmake_prefix_path.ps1'
[0.882s] INFO:colcon.colcon_core.shell:Creating environment descriptor '/home/pawan/yahboomcar_ws_test/digitaltwin_ws/install/M3Pro_navigation/share/M3Pro_navigation/hook/cmake_prefix_path.dsv'
[0.882s] INFO:colcon.colcon_core.shell:Creating environment hook '/home/pawan/yahboomcar_ws_test/digitaltwin_ws/install/M3Pro_navigation/share/M3Pro_navigation/hook/cmake_prefix_path.sh'
[0.882s] Level 1:colcon.colcon_core.environment:checking '/home/pawan/yahboomcar_ws_test/digitaltwin_ws/install/M3Pro_navigation/bin'
[0.883s] Level 1:colcon.colcon_core.environment:checking '/home/pawan/yahboomcar_ws_test/digitaltwin_ws/install/M3Pro_navigation/lib/pkgconfig/M3Pro_navigation.pc'
[0.883s] Level 1:colcon.colcon_core.environment:checking '/home/pawan/yahboomcar_ws_test/digitaltwin_ws/install/M3Pro_navigation/lib/python3.10/site-packages'
[0.883s] Level 1:colcon.colcon_core.environment:checking '/home/pawan/yahboomcar_ws_test/digitaltwin_ws/install/M3Pro_navigation/bin'
[0.883s] INFO:colcon.colcon_core.shell:Creating package script '/home/pawan/yahboomcar_ws_test/digitaltwin_ws/install/M3Pro_navigation/share/M3Pro_navigation/package.ps1'
[0.884s] INFO:colcon.colcon_core.shell:Creating package descriptor '/home/pawan/yahboomcar_ws_test/digitaltwin_ws/install/M3Pro_navigation/share/M3Pro_navigation/package.dsv'
[0.884s] INFO:colcon.colcon_core.shell:Creating package script '/home/pawan/yahboomcar_ws_test/digitaltwin_ws/install/M3Pro_navigation/share/M3Pro_navigation/package.sh'
[0.884s] INFO:colcon.colcon_core.shell:Creating package script '/home/pawan/yahboomcar_ws_test/digitaltwin_ws/install/M3Pro_navigation/share/M3Pro_navigation/package.bash'
[0.884s] INFO:colcon.colcon_core.shell:Creating package script '/home/pawan/yahboomcar_ws_test/digitaltwin_ws/install/M3Pro_navigation/share/M3Pro_navigation/package.zsh'
[0.884s] Level 1:colcon.colcon_core.environment:create_file_with_runtime_dependencies(/home/pawan/yahboomcar_ws_test/digitaltwin_ws/install/M3Pro_navigation/share/colcon-core/packages/M3Pro_navigation)
[0.885s] Level 1:colcon.colcon_core.environment:create_environment_scripts_only(M3Pro_navigation)
[0.885s] Level 1:colcon.colcon_core.environment:checking '/home/pawan/yahboomcar_ws_test/digitaltwin_ws/install/M3Pro_navigation' for CMake module files
[0.885s] Level 1:colcon.colcon_core.environment:checking '/home/pawan/yahboomcar_ws_test/digitaltwin_ws/install/M3Pro_navigation' for CMake config files
[0.885s] Level 1:colcon.colcon_core.shell:create_environment_hook('M3Pro_navigation', 'cmake_prefix_path')
[0.885s] INFO:colcon.colcon_core.shell:Creating environment hook '/home/pawan/yahboomcar_ws_test/digitaltwin_ws/install/M3Pro_navigation/share/M3Pro_navigation/hook/cmake_prefix_path.ps1'
[0.886s] INFO:colcon.colcon_core.shell:Creating environment descriptor '/home/pawan/yahboomcar_ws_test/digitaltwin_ws/install/M3Pro_navigation/share/M3Pro_navigation/hook/cmake_prefix_path.dsv'
[0.886s] INFO:colcon.colcon_core.shell:Creating environment hook '/home/pawan/yahboomcar_ws_test/digitaltwin_ws/install/M3Pro_navigation/share/M3Pro_navigation/hook/cmake_prefix_path.sh'
[0.886s] Level 1:colcon.colcon_core.environment:checking '/home/pawan/yahboomcar_ws_test/digitaltwin_ws/install/M3Pro_navigation/bin'
[0.886s] Level 1:colcon.colcon_core.environment:checking '/home/pawan/yahboomcar_ws_test/digitaltwin_ws/install/M3Pro_navigation/lib/pkgconfig/M3Pro_navigation.pc'
[0.887s] Level 1:colcon.colcon_core.environment:checking '/home/pawan/yahboomcar_ws_test/digitaltwin_ws/install/M3Pro_navigation/lib/python3.10/site-packages'
[0.887s] Level 1:colcon.colcon_core.environment:checking '/home/pawan/yahboomcar_ws_test/digitaltwin_ws/install/M3Pro_navigation/bin'
[0.887s] INFO:colcon.colcon_core.shell:Creating package script '/home/pawan/yahboomcar_ws_test/digitaltwin_ws/install/M3Pro_navigation/share/M3Pro_navigation/package.ps1'
[0.887s] INFO:colcon.colcon_core.shell:Creating package descriptor '/home/pawan/yahboomcar_ws_test/digitaltwin_ws/install/M3Pro_navigation/share/M3Pro_navigation/package.dsv'
[0.888s] INFO:colcon.colcon_core.shell:Creating package script '/home/pawan/yahboomcar_ws_test/digitaltwin_ws/install/M3Pro_navigation/share/M3Pro_navigation/package.sh'
[0.888s] INFO:colcon.colcon_core.shell:Creating package script '/home/pawan/yahboomcar_ws_test/digitaltwin_ws/install/M3Pro_navigation/share/M3Pro_navigation/package.bash'
[0.888s] INFO:colcon.colcon_core.shell:Creating package script '/home/pawan/yahboomcar_ws_test/digitaltwin_ws/install/M3Pro_navigation/share/M3Pro_navigation/package.zsh'
[0.889s] Level 1:colcon.colcon_core.environment:create_file_with_runtime_dependencies(/home/pawan/yahboomcar_ws_test/digitaltwin_ws/install/M3Pro_navigation/share/colcon-core/packages/M3Pro_navigation)
[0.889s] Level 1:colcon.colcon_core.environment:create_environment_scripts_only(slam_engine)
[0.889s] Level 1:colcon.colcon_core.environment:checking '/home/pawan/yahboomcar_ws_test/digitaltwin_ws/install/slam_engine' for CMake module files
[0.889s] DEBUG:colcon.colcon_core.event_handler.log_command:Invoked command in '/home/pawan/yahboomcar_ws_test/digitaltwin_ws/build/slam_engine' returned '0': CMAKE_PREFIX_PATH=/home/pawan/yahboomcar_ws_test/yahboomcar_ws/install/yahboom_M3Pro_description:/opt/ros/humble /usr/bin/cmake --install /home/pawan/yahboomcar_ws_test/digitaltwin_ws/build/slam_engine
[0.890s] Level 1:colcon.colcon_core.environment:checking '/home/pawan/yahboomcar_ws_test/digitaltwin_ws/install/slam_engine' for CMake config files
[0.890s] Level 1:colcon.colcon_core.shell:create_environment_hook('slam_engine', 'cmake_prefix_path')
[0.890s] INFO:colcon.colcon_core.shell:Creating environment hook '/home/pawan/yahboomcar_ws_test/digitaltwin_ws/install/slam_engine/share/slam_engine/hook/cmake_prefix_path.ps1'
[0.890s] INFO:colcon.colcon_core.shell:Creating environment descriptor '/home/pawan/yahboomcar_ws_test/digitaltwin_ws/install/slam_engine/share/slam_engine/hook/cmake_prefix_path.dsv'
[0.890s] INFO:colcon.colcon_core.shell:Creating environment hook '/home/pawan/yahboomcar_ws_test/digitaltwin_ws/install/slam_engine/share/slam_engine/hook/cmake_prefix_path.sh'
[0.890s] Level 1:colcon.colcon_core.environment:checking '/home/pawan/yahboomcar_ws_test/digitaltwin_ws/install/slam_engine/bin'
[0.890s] Level 1:colcon.colcon_core.environment:checking '/home/pawan/yahboomcar_ws_test/digitaltwin_ws/install/slam_engine/lib/pkgconfig/slam_engine.pc'
[0.891s] Level 1:colcon.colcon_core.environment:checking '/home/pawan/yahboomcar_ws_test/digitaltwin_ws/install/slam_engine/lib/python3.10/site-packages'
[0.891s] Level 1:colcon.colcon_core.environment:checking '/home/pawan/yahboomcar_ws_test/digitaltwin_ws/install/slam_engine/bin'
[0.891s] INFO:colcon.colcon_core.shell:Creating package script '/home/pawan/yahboomcar_ws_test/digitaltwin_ws/install/slam_engine/share/slam_engine/package.ps1'
[0.891s] INFO:colcon.colcon_core.shell:Creating package descriptor '/home/pawan/yahboomcar_ws_test/digitaltwin_ws/install/slam_engine/share/slam_engine/package.dsv'
[0.892s] INFO:colcon.colcon_core.shell:Creating package script '/home/pawan/yahboomcar_ws_test/digitaltwin_ws/install/slam_engine/share/slam_engine/package.sh'
[0.892s] INFO:colcon.colcon_core.shell:Creating package script '/home/pawan/yahboomcar_ws_test/digitaltwin_ws/install/slam_engine/share/slam_engine/package.bash'
[0.892s] INFO:colcon.colcon_core.shell:Creating package script '/home/pawan/yahboomcar_ws_test/digitaltwin_ws/install/slam_engine/share/slam_engine/package.zsh'
[0.892s] Level 1:colcon.colcon_core.environment:create_file_with_runtime_dependencies(/home/pawan/yahboomcar_ws_test/digitaltwin_ws/install/slam_engine/share/colcon-core/packages/slam_engine)
[0.893s] Level 1:colcon.colcon_core.environment:create_environment_scripts_only(slam_engine)
[0.893s] Level 1:colcon.colcon_core.environment:checking '/home/pawan/yahboomcar_ws_test/digitaltwin_ws/install/slam_engine' for CMake module files
[0.893s] Level 1:colcon.colcon_core.environment:checking '/home/pawan/yahboomcar_ws_test/digitaltwin_ws/install/slam_engine' for CMake config files
[0.893s] Level 1:colcon.colcon_core.shell:create_environment_hook('slam_engine', 'cmake_prefix_path')
[0.893s] INFO:colcon.colcon_core.shell:Creating environment hook '/home/pawan/yahboomcar_ws_test/digitaltwin_ws/install/slam_engine/share/slam_engine/hook/cmake_prefix_path.ps1'
[0.893s] INFO:colcon.colcon_core.shell:Creating environment descriptor '/home/pawan/yahboomcar_ws_test/digitaltwin_ws/install/slam_engine/share/slam_engine/hook/cmake_prefix_path.dsv'
[0.894s] INFO:colcon.colcon_core.shell:Creating environment hook '/home/pawan/yahboomcar_ws_test/digitaltwin_ws/install/slam_engine/share/slam_engine/hook/cmake_prefix_path.sh'
[0.894s] Level 1:colcon.colcon_core.environment:checking '/home/pawan/yahboomcar_ws_test/digitaltwin_ws/install/slam_engine/bin'
[0.894s] Level 1:colcon.colcon_core.environment:checking '/home/pawan/yahboomcar_ws_test/digitaltwin_ws/install/slam_engine/lib/pkgconfig/slam_engine.pc'
[0.894s] Level 1:colcon.colcon_core.environment:checking '/home/pawan/yahboomcar_ws_test/digitaltwin_ws/install/slam_engine/lib/python3.10/site-packages'
[0.894s] Level 1:colcon.colcon_core.environment:checking '/home/pawan/yahboomcar_ws_test/digitaltwin_ws/install/slam_engine/bin'
[0.894s] INFO:colcon.colcon_core.shell:Creating package script '/home/pawan/yahboomcar_ws_test/digitaltwin_ws/install/slam_engine/share/slam_engine/package.ps1'
[0.895s] INFO:colcon.colcon_core.shell:Creating package descriptor '/home/pawan/yahboomcar_ws_test/digitaltwin_ws/install/slam_engine/share/slam_engine/package.dsv'
[0.895s] INFO:colcon.colcon_core.shell:Creating package script '/home/pawan/yahboomcar_ws_test/digitaltwin_ws/install/slam_engine/share/slam_engine/package.sh'
[0.895s] INFO:colcon.colcon_core.shell:Creating package script '/home/pawan/yahboomcar_ws_test/digitaltwin_ws/install/slam_engine/share/slam_engine/package.bash'
[0.895s] INFO:colcon.colcon_core.shell:Creating package script '/home/pawan/yahboomcar_ws_test/digitaltwin_ws/install/slam_engine/share/slam_engine/package.zsh'
[0.896s] Level 1:colcon.colcon_core.environment:create_file_with_runtime_dependencies(/home/pawan/yahboomcar_ws_test/digitaltwin_ws/install/slam_engine/share/colcon-core/packages/slam_engine)
[0.917s] Level 1:colcon.colcon_core.environment:checking '/home/pawan/yahboomcar_ws_test/digitaltwin_ws/install/yahboom_M3Pro_description' for CMake module files
[0.918s] DEBUG:colcon.colcon_core.event_handler.log_command:Invoked command in '/home/pawan/yahboomcar_ws_test/digitaltwin_ws/src/yahboom_M3Pro_description' returned '0': PYTHONPATH=/home/pawan/yahboomcar_ws_test/digitaltwin_ws/build/yahboom_M3Pro_description/prefix_override:/usr/lib/python3/dist-packages/colcon_core/task/python/colcon_distutils_commands:/home/pawan/yahboomcar_ws_test/digitaltwin_ws/install/yahboom_M3Pro_description/lib/python3.10/site-packages:${PYTHONPATH} /usr/bin/python3 -W ignore:setup.py install is deprecated -W ignore:easy_install command is deprecated setup.py egg_info --egg-base ../../build/yahboom_M3Pro_description build --build-base /home/pawan/yahboomcar_ws_test/digitaltwin_ws/build/yahboom_M3Pro_description/build install --record /home/pawan/yahboomcar_ws_test/digitaltwin_ws/build/yahboom_M3Pro_description/install.log --single-version-externally-managed install_data
[0.918s] Level 1:colcon.colcon_core.environment:checking '/home/pawan/yahboomcar_ws_test/digitaltwin_ws/install/yahboom_M3Pro_description' for CMake config files
[0.918s] Level 1:colcon.colcon_core.environment:checking '/home/pawan/yahboomcar_ws_test/digitaltwin_ws/install/yahboom_M3Pro_description/lib'
[0.918s] Level 1:colcon.colcon_core.environment:checking '/home/pawan/yahboomcar_ws_test/digitaltwin_ws/install/yahboom_M3Pro_description/bin'
[0.918s] Level 1:colcon.colcon_core.environment:checking '/home/pawan/yahboomcar_ws_test/digitaltwin_ws/install/yahboom_M3Pro_description/lib/pkgconfig/yahboom_M3Pro_description.pc'
[0.919s] Level 1:colcon.colcon_core.environment:checking '/home/pawan/yahboomcar_ws_test/digitaltwin_ws/install/yahboom_M3Pro_description/lib/python3.10/site-packages'
[0.919s] Level 1:colcon.colcon_core.shell:create_environment_hook('yahboom_M3Pro_description', 'pythonpath')
[0.919s] INFO:colcon.colcon_core.shell:Creating environment hook '/home/pawan/yahboomcar_ws_test/digitaltwin_ws/install/yahboom_M3Pro_description/share/yahboom_M3Pro_description/hook/pythonpath.ps1'
[0.919s] INFO:colcon.colcon_core.shell:Creating environment descriptor '/home/pawan/yahboomcar_ws_test/digitaltwin_ws/install/yahboom_M3Pro_description/share/yahboom_M3Pro_description/hook/pythonpath.dsv'
[0.919s] INFO:colcon.colcon_core.shell:Creating environment hook '/home/pawan/yahboomcar_ws_test/digitaltwin_ws/install/yahboom_M3Pro_description/share/yahboom_M3Pro_description/hook/pythonpath.sh'
[0.920s] Level 1:colcon.colcon_core.environment:checking '/home/pawan/yahboomcar_ws_test/digitaltwin_ws/install/yahboom_M3Pro_description/bin'
[0.920s] Level 1:colcon.colcon_core.environment:create_environment_scripts_only(yahboom_M3Pro_description)
[0.920s] INFO:colcon.colcon_core.shell:Creating package script '/home/pawan/yahboomcar_ws_test/digitaltwin_ws/install/yahboom_M3Pro_description/share/yahboom_M3Pro_description/package.ps1'
[0.920s] INFO:colcon.colcon_core.shell:Creating package descriptor '/home/pawan/yahboomcar_ws_test/digitaltwin_ws/install/yahboom_M3Pro_description/share/yahboom_M3Pro_description/package.dsv'
[0.920s] INFO:colcon.colcon_core.shell:Creating package script '/home/pawan/yahboomcar_ws_test/digitaltwin_ws/install/yahboom_M3Pro_description/share/yahboom_M3Pro_description/package.sh'
[0.921s] INFO:colcon.colcon_core.shell:Creating package script '/home/pawan/yahboomcar_ws_test/digitaltwin_ws/install/yahboom_M3Pro_description/share/yahboom_M3Pro_description/package.bash'
[0.921s] INFO:colcon.colcon_core.shell:Creating package script '/home/pawan/yahboomcar_ws_test/digitaltwin_ws/install/yahboom_M3Pro_description/share/yahboom_M3Pro_description/package.zsh'
[0.921s] Level 1:colcon.colcon_core.environment:create_file_with_runtime_dependencies(/home/pawan/yahboomcar_ws_test/digitaltwin_ws/install/yahboom_M3Pro_description/share/colcon-core/packages/yahboom_M3Pro_description)
[1.400s] DEBUG:colcon.colcon_core.event_handler.log_command:Invoked command in '/home/pawan/yahboomcar_ws_test/digitaltwin_ws/build/yahboom_laser_filter' returned '0': CMAKE_PREFIX_PATH=/home/pawan/yahboomcar_ws_test/yahboomcar_ws/install/yahboom_M3Pro_description:/opt/ros/humble /usr/bin/cmake /home/pawan/yahboomcar_ws_test/digitaltwin_ws/src/lidar/yahboom_laser_filter -DCMAKE_INSTALL_PREFIX=/home/pawan/yahboomcar_ws_test/digitaltwin_ws/install/yahboom_laser_filter
[1.401s] DEBUG:colcon.colcon_core.event_handler.log_command:Invoking command in '/home/pawan/yahboomcar_ws_test/digitaltwin_ws/build/yahboom_laser_filter': CMAKE_PREFIX_PATH=/home/pawan/yahboomcar_ws_test/yahboomcar_ws/install/yahboom_M3Pro_description:/opt/ros/humble /usr/bin/cmake --build /home/pawan/yahboomcar_ws_test/digitaltwin_ws/build/yahboom_laser_filter -- -j20 -l20
[3.190s] DEBUG:colcon.colcon_core.event_handler.log_command:Invoked command in '/home/pawan/yahboomcar_ws_test/digitaltwin_ws/build/ira_laser_tools' returned '0': CMAKE_PREFIX_PATH=/home/pawan/yahboomcar_ws_test/yahboomcar_ws/install/yahboom_M3Pro_description:/opt/ros/humble /usr/bin/cmake /home/pawan/yahboomcar_ws_test/digitaltwin_ws/src/lidar/ira_laser_tools -DCMAKE_INSTALL_PREFIX=/home/pawan/yahboomcar_ws_test/digitaltwin_ws/install/ira_laser_tools
[3.192s] DEBUG:colcon.colcon_core.event_handler.log_command:Invoking command in '/home/pawan/yahboomcar_ws_test/digitaltwin_ws/build/ira_laser_tools': CMAKE_PREFIX_PATH=/home/pawan/yahboomcar_ws_test/yahboomcar_ws/install/yahboom_M3Pro_description:/opt/ros/humble /usr/bin/cmake --build /home/pawan/yahboomcar_ws_test/digitaltwin_ws/build/ira_laser_tools -- -j20 -l20
[7.323s] DEBUG:colcon.colcon_core.event_handler.log_command:Invoked command in '/home/pawan/yahboomcar_ws_test/digitaltwin_ws/build/yahboom_laser_filter' returned '0': CMAKE_PREFIX_PATH=/home/pawan/yahboomcar_ws_test/yahboomcar_ws/install/yahboom_M3Pro_description:/opt/ros/humble /usr/bin/cmake --build /home/pawan/yahboomcar_ws_test/digitaltwin_ws/build/yahboom_laser_filter -- -j20 -l20
[7.325s] DEBUG:colcon.colcon_core.event_handler.log_command:Invoking command in '/home/pawan/yahboomcar_ws_test/digitaltwin_ws/build/yahboom_laser_filter': CMAKE_PREFIX_PATH=/home/pawan/yahboomcar_ws_test/yahboomcar_ws/install/yahboom_M3Pro_description:/opt/ros/humble /usr/bin/cmake --install /home/pawan/yahboomcar_ws_test/digitaltwin_ws/build/yahboom_laser_filter
[7.335s] Level 1:colcon.colcon_core.environment:create_environment_scripts_only(yahboom_laser_filter)
[7.336s] DEBUG:colcon.colcon_core.event_handler.log_command:Invoked command in '/home/pawan/yahboomcar_ws_test/digitaltwin_ws/build/yahboom_laser_filter' returned '0': CMAKE_PREFIX_PATH=/home/pawan/yahboomcar_ws_test/yahboomcar_ws/install/yahboom_M3Pro_description:/opt/ros/humble /usr/bin/cmake --install /home/pawan/yahboomcar_ws_test/digitaltwin_ws/build/yahboom_laser_filter
[7.336s] Level 1:colcon.colcon_core.environment:checking '/home/pawan/yahboomcar_ws_test/digitaltwin_ws/install/yahboom_laser_filter' for CMake module files
[7.337s] Level 1:colcon.colcon_core.environment:checking '/home/pawan/yahboomcar_ws_test/digitaltwin_ws/install/yahboom_laser_filter' for CMake config files
[7.337s] Level 1:colcon.colcon_core.shell:create_environment_hook('yahboom_laser_filter', 'cmake_prefix_path')
[7.337s] INFO:colcon.colcon_core.shell:Creating environment hook '/home/pawan/yahboomcar_ws_test/digitaltwin_ws/install/yahboom_laser_filter/share/yahboom_laser_filter/hook/cmake_prefix_path.ps1'
[7.337s] INFO:colcon.colcon_core.shell:Creating environment descriptor '/home/pawan/yahboomcar_ws_test/digitaltwin_ws/install/yahboom_laser_filter/share/yahboom_laser_filter/hook/cmake_prefix_path.dsv'
[7.338s] INFO:colcon.colcon_core.shell:Creating environment hook '/home/pawan/yahboomcar_ws_test/digitaltwin_ws/install/yahboom_laser_filter/share/yahboom_laser_filter/hook/cmake_prefix_path.sh'
[7.338s] Level 1:colcon.colcon_core.environment:checking '/home/pawan/yahboomcar_ws_test/digitaltwin_ws/install/yahboom_laser_filter/lib'
[7.338s] Level 1:colcon.colcon_core.environment:checking '/home/pawan/yahboomcar_ws_test/digitaltwin_ws/install/yahboom_laser_filter/bin'
[7.338s] Level 1:colcon.colcon_core.environment:checking '/home/pawan/yahboomcar_ws_test/digitaltwin_ws/install/yahboom_laser_filter/lib/pkgconfig/yahboom_laser_filter.pc'
[7.339s] Level 1:colcon.colcon_core.environment:checking '/home/pawan/yahboomcar_ws_test/digitaltwin_ws/install/yahboom_laser_filter/lib/python3.10/site-packages'
[7.339s] Level 1:colcon.colcon_core.environment:checking '/home/pawan/yahboomcar_ws_test/digitaltwin_ws/install/yahboom_laser_filter/bin'
[7.339s] INFO:colcon.colcon_core.shell:Creating package script '/home/pawan/yahboomcar_ws_test/digitaltwin_ws/install/yahboom_laser_filter/share/yahboom_laser_filter/package.ps1'
[7.340s] INFO:colcon.colcon_core.shell:Creating package descriptor '/home/pawan/yahboomcar_ws_test/digitaltwin_ws/install/yahboom_laser_filter/share/yahboom_laser_filter/package.dsv'
[7.340s] INFO:colcon.colcon_core.shell:Creating package script '/home/pawan/yahboomcar_ws_test/digitaltwin_ws/install/yahboom_laser_filter/share/yahboom_laser_filter/package.sh'
[7.341s] INFO:colcon.colcon_core.shell:Creating package script '/home/pawan/yahboomcar_ws_test/digitaltwin_ws/install/yahboom_laser_filter/share/yahboom_laser_filter/package.bash'
[7.341s] INFO:colcon.colcon_core.shell:Creating package script '/home/pawan/yahboomcar_ws_test/digitaltwin_ws/install/yahboom_laser_filter/share/yahboom_laser_filter/package.zsh'
[7.341s] Level 1:colcon.colcon_core.environment:create_file_with_runtime_dependencies(/home/pawan/yahboomcar_ws_test/digitaltwin_ws/install/yahboom_laser_filter/share/colcon-core/packages/yahboom_laser_filter)
[7.342s] Level 1:colcon.colcon_core.environment:create_environment_scripts_only(yahboom_laser_filter)
[7.342s] Level 1:colcon.colcon_core.environment:checking '/home/pawan/yahboomcar_ws_test/digitaltwin_ws/install/yahboom_laser_filter' for CMake module files
[7.343s] Level 1:colcon.colcon_core.environment:checking '/home/pawan/yahboomcar_ws_test/digitaltwin_ws/install/yahboom_laser_filter' for CMake config files
[7.343s] Level 1:colcon.colcon_core.shell:create_environment_hook('yahboom_laser_filter', 'cmake_prefix_path')
[7.343s] INFO:colcon.colcon_core.shell:Creating environment hook '/home/pawan/yahboomcar_ws_test/digitaltwin_ws/install/yahboom_laser_filter/share/yahboom_laser_filter/hook/cmake_prefix_path.ps1'
[7.343s] INFO:colcon.colcon_core.shell:Creating environment descriptor '/home/pawan/yahboomcar_ws_test/digitaltwin_ws/install/yahboom_laser_filter/share/yahboom_laser_filter/hook/cmake_prefix_path.dsv'
[7.344s] INFO:colcon.colcon_core.shell:Creating environment hook '/home/pawan/yahboomcar_ws_test/digitaltwin_ws/install/yahboom_laser_filter/share/yahboom_laser_filter/hook/cmake_prefix_path.sh'
[7.344s] Level 1:colcon.colcon_core.environment:checking '/home/pawan/yahboomcar_ws_test/digitaltwin_ws/install/yahboom_laser_filter/lib'
[7.344s] Level 1:colcon.colcon_core.environment:checking '/home/pawan/yahboomcar_ws_test/digitaltwin_ws/install/yahboom_laser_filter/bin'
[7.344s] Level 1:colcon.colcon_core.environment:checking '/home/pawan/yahboomcar_ws_test/digitaltwin_ws/install/yahboom_laser_filter/lib/pkgconfig/yahboom_laser_filter.pc'
[7.345s] Level 1:colcon.colcon_core.environment:checking '/home/pawan/yahboomcar_ws_test/digitaltwin_ws/install/yahboom_laser_filter/lib/python3.10/site-packages'
[7.345s] Level 1:colcon.colcon_core.environment:checking '/home/pawan/yahboomcar_ws_test/digitaltwin_ws/install/yahboom_laser_filter/bin'
[7.345s] INFO:colcon.colcon_core.shell:Creating package script '/home/pawan/yahboomcar_ws_test/digitaltwin_ws/install/yahboom_laser_filter/share/yahboom_laser_filter/package.ps1'
[7.346s] INFO:colcon.colcon_core.shell:Creating package descriptor '/home/pawan/yahboomcar_ws_test/digitaltwin_ws/install/yahboom_laser_filter/share/yahboom_laser_filter/package.dsv'
[7.346s] INFO:colcon.colcon_core.shell:Creating package script '/home/pawan/yahboomcar_ws_test/digitaltwin_ws/install/yahboom_laser_filter/share/yahboom_laser_filter/package.sh'
[7.347s] INFO:colcon.colcon_core.shell:Creating package script '/home/pawan/yahboomcar_ws_test/digitaltwin_ws/install/yahboom_laser_filter/share/yahboom_laser_filter/package.bash'
[7.347s] INFO:colcon.colcon_core.shell:Creating package script '/home/pawan/yahboomcar_ws_test/digitaltwin_ws/install/yahboom_laser_filter/share/yahboom_laser_filter/package.zsh'
[7.347s] Level 1:colcon.colcon_core.environment:create_file_with_runtime_dependencies(/home/pawan/yahboomcar_ws_test/digitaltwin_ws/install/yahboom_laser_filter/share/colcon-core/packages/yahboom_laser_filter)
[13.079s] DEBUG:colcon.colcon_core.event_handler.log_command:Invoked command in '/home/pawan/yahboomcar_ws_test/digitaltwin_ws/build/ira_laser_tools' returned '0': CMAKE_PREFIX_PATH=/home/pawan/yahboomcar_ws_test/yahboomcar_ws/install/yahboom_M3Pro_description:/opt/ros/humble /usr/bin/cmake --build /home/pawan/yahboomcar_ws_test/digitaltwin_ws/build/ira_laser_tools -- -j20 -l20
[13.081s] DEBUG:colcon.colcon_core.event_handler.log_command:Invoking command in '/home/pawan/yahboomcar_ws_test/digitaltwin_ws/build/ira_laser_tools': CMAKE_PREFIX_PATH=/home/pawan/yahboomcar_ws_test/yahboomcar_ws/install/yahboom_M3Pro_description:/opt/ros/humble /usr/bin/cmake --install /home/pawan/yahboomcar_ws_test/digitaltwin_ws/build/ira_laser_tools
[13.103s] Level 1:colcon.colcon_core.environment:create_environment_scripts_only(ira_laser_tools)
[13.103s] DEBUG:colcon.colcon_core.event_handler.log_command:Invoked command in '/home/pawan/yahboomcar_ws_test/digitaltwin_ws/build/ira_laser_tools' returned '0': CMAKE_PREFIX_PATH=/home/pawan/yahboomcar_ws_test/yahboomcar_ws/install/yahboom_M3Pro_description:/opt/ros/humble /usr/bin/cmake --install /home/pawan/yahboomcar_ws_test/digitaltwin_ws/build/ira_laser_tools
[13.104s] Level 1:colcon.colcon_core.environment:checking '/home/pawan/yahboomcar_ws_test/digitaltwin_ws/install/ira_laser_tools' for CMake module files
[13.104s] Level 1:colcon.colcon_core.environment:checking '/home/pawan/yahboomcar_ws_test/digitaltwin_ws/install/ira_laser_tools' for CMake config files
[13.105s] Level 1:colcon.colcon_core.shell:create_environment_hook('ira_laser_tools', 'cmake_prefix_path')
[13.105s] INFO:colcon.colcon_core.shell:Creating environment hook '/home/pawan/yahboomcar_ws_test/digitaltwin_ws/install/ira_laser_tools/share/ira_laser_tools/hook/cmake_prefix_path.ps1'
[13.105s] INFO:colcon.colcon_core.shell:Creating environment descriptor '/home/pawan/yahboomcar_ws_test/digitaltwin_ws/install/ira_laser_tools/share/ira_laser_tools/hook/cmake_prefix_path.dsv'
[13.105s] INFO:colcon.colcon_core.shell:Creating environment hook '/home/pawan/yahboomcar_ws_test/digitaltwin_ws/install/ira_laser_tools/share/ira_laser_tools/hook/cmake_prefix_path.sh'
[13.106s] Level 1:colcon.colcon_core.environment:checking '/home/pawan/yahboomcar_ws_test/digitaltwin_ws/install/ira_laser_tools/lib'
[13.106s] Level 1:colcon.colcon_core.environment:checking '/home/pawan/yahboomcar_ws_test/digitaltwin_ws/install/ira_laser_tools/bin'
[13.106s] Level 1:colcon.colcon_core.environment:checking '/home/pawan/yahboomcar_ws_test/digitaltwin_ws/install/ira_laser_tools/lib/pkgconfig/ira_laser_tools.pc'
[13.106s] Level 1:colcon.colcon_core.environment:checking '/home/pawan/yahboomcar_ws_test/digitaltwin_ws/install/ira_laser_tools/lib/python3.10/site-packages'
[13.107s] Level 1:colcon.colcon_core.environment:checking '/home/pawan/yahboomcar_ws_test/digitaltwin_ws/install/ira_laser_tools/bin'
[13.107s] INFO:colcon.colcon_core.shell:Creating package script '/home/pawan/yahboomcar_ws_test/digitaltwin_ws/install/ira_laser_tools/share/ira_laser_tools/package.ps1'
[13.107s] INFO:colcon.colcon_core.shell:Creating package descriptor '/home/pawan/yahboomcar_ws_test/digitaltwin_ws/install/ira_laser_tools/share/ira_laser_tools/package.dsv'
[13.107s] INFO:colcon.colcon_core.shell:Creating package script '/home/pawan/yahboomcar_ws_test/digitaltwin_ws/install/ira_laser_tools/share/ira_laser_tools/package.sh'
[13.108s] INFO:colcon.colcon_core.shell:Creating package script '/home/pawan/yahboomcar_ws_test/digitaltwin_ws/install/ira_laser_tools/share/ira_laser_tools/package.bash'
[13.108s] INFO:colcon.colcon_core.shell:Creating package script '/home/pawan/yahboomcar_ws_test/digitaltwin_ws/install/ira_laser_tools/share/ira_laser_tools/package.zsh'
[13.108s] Level 1:colcon.colcon_core.environment:create_file_with_runtime_dependencies(/home/pawan/yahboomcar_ws_test/digitaltwin_ws/install/ira_laser_tools/share/colcon-core/packages/ira_laser_tools)
[13.108s] Level 1:colcon.colcon_core.environment:create_environment_scripts_only(ira_laser_tools)
[13.108s] Level 1:colcon.colcon_core.environment:checking '/home/pawan/yahboomcar_ws_test/digitaltwin_ws/install/ira_laser_tools' for CMake module files
[13.109s] Level 1:colcon.colcon_core.environment:checking '/home/pawan/yahboomcar_ws_test/digitaltwin_ws/install/ira_laser_tools' for CMake config files
[13.109s] Level 1:colcon.colcon_core.shell:create_environment_hook('ira_laser_tools', 'cmake_prefix_path')
[13.109s] INFO:colcon.colcon_core.shell:Creating environment hook '/home/pawan/yahboomcar_ws_test/digitaltwin_ws/install/ira_laser_tools/share/ira_laser_tools/hook/cmake_prefix_path.ps1'
[13.109s] INFO:colcon.colcon_core.shell:Creating environment descriptor '/home/pawan/yahboomcar_ws_test/digitaltwin_ws/install/ira_laser_tools/share/ira_laser_tools/hook/cmake_prefix_path.dsv'
[13.109s] INFO:colcon.colcon_core.shell:Creating environment hook '/home/pawan/yahboomcar_ws_test/digitaltwin_ws/install/ira_laser_tools/share/ira_laser_tools/hook/cmake_prefix_path.sh'
[13.110s] Level 1:colcon.colcon_core.environment:checking '/home/pawan/yahboomcar_ws_test/digitaltwin_ws/install/ira_laser_tools/lib'
[13.110s] Level 1:colcon.colcon_core.environment:checking '/home/pawan/yahboomcar_ws_test/digitaltwin_ws/install/ira_laser_tools/bin'
[13.110s] Level 1:colcon.colcon_core.environment:checking '/home/pawan/yahboomcar_ws_test/digitaltwin_ws/install/ira_laser_tools/lib/pkgconfig/ira_laser_tools.pc'
[13.110s] Level 1:colcon.colcon_core.environment:checking '/home/pawan/yahboomcar_ws_test/digitaltwin_ws/install/ira_laser_tools/lib/python3.10/site-packages'
[13.110s] Level 1:colcon.colcon_core.environment:checking '/home/pawan/yahboomcar_ws_test/digitaltwin_ws/install/ira_laser_tools/bin'
[13.110s] INFO:colcon.colcon_core.shell:Creating package script '/home/pawan/yahboomcar_ws_test/digitaltwin_ws/install/ira_laser_tools/share/ira_laser_tools/package.ps1'
[13.111s] INFO:colcon.colcon_core.shell:Creating package descriptor '/home/pawan/yahboomcar_ws_test/digitaltwin_ws/install/ira_laser_tools/share/ira_laser_tools/package.dsv'
[13.111s] INFO:colcon.colcon_core.shell:Creating package script '/home/pawan/yahboomcar_ws_test/digitaltwin_ws/install/ira_laser_tools/share/ira_laser_tools/package.sh'
[13.111s] INFO:colcon.colcon_core.shell:Creating package script '/home/pawan/yahboomcar_ws_test/digitaltwin_ws/install/ira_laser_tools/share/ira_laser_tools/package.bash'
[13.111s] INFO:colcon.colcon_core.shell:Creating package script '/home/pawan/yahboomcar_ws_test/digitaltwin_ws/install/ira_laser_tools/share/ira_laser_tools/package.zsh'
[13.111s] Level 1:colcon.colcon_core.environment:create_file_with_runtime_dependencies(/home/pawan/yahboomcar_ws_test/digitaltwin_ws/install/ira_laser_tools/share/colcon-core/packages/ira_laser_tools)
[13.112s] DEBUG:colcon.colcon_parallel_executor.executor.parallel:closing loop
[13.112s] DEBUG:colcon.colcon_parallel_executor.executor.parallel:loop closed
[13.112s] DEBUG:colcon.colcon_parallel_executor.executor.parallel:run_until_complete finished with '0'
[13.112s] DEBUG:colcon.colcon_core.event_reactor:joining thread
[13.116s] INFO:colcon.colcon_core.plugin_system:Skipping extension 'colcon_notification.desktop_notification.terminal_notifier': Not used on non-Darwin systems
[13.116s] INFO:colcon.colcon_core.plugin_system:Skipping extension 'colcon_notification.desktop_notification.win32': Not used on non-Windows systems
[13.116s] INFO:colcon.colcon_notification.desktop_notification:Sending desktop notification using 'notify2'
[13.136s] DEBUG:colcon.colcon_core.event_reactor:joined thread
[13.136s] INFO:colcon.colcon_core.shell:Creating prefix script '/home/pawan/yahboomcar_ws_test/digitaltwin_ws/install/local_setup.ps1'
[13.137s] INFO:colcon.colcon_core.shell:Creating prefix util module '/home/pawan/yahboomcar_ws_test/digitaltwin_ws/install/_local_setup_util_ps1.py'
[13.138s] INFO:colcon.colcon_core.shell:Creating prefix chain script '/home/pawan/yahboomcar_ws_test/digitaltwin_ws/install/setup.ps1'
[13.138s] INFO:colcon.colcon_core.shell:Creating prefix script '/home/pawan/yahboomcar_ws_test/digitaltwin_ws/install/local_setup.sh'
[13.139s] INFO:colcon.colcon_core.shell:Creating prefix util module '/home/pawan/yahboomcar_ws_test/digitaltwin_ws/install/_local_setup_util_sh.py'
[13.139s] INFO:colcon.colcon_core.shell:Creating prefix chain script '/home/pawan/yahboomcar_ws_test/digitaltwin_ws/install/setup.sh'
[13.140s] INFO:colcon.colcon_core.shell:Creating prefix script '/home/pawan/yahboomcar_ws_test/digitaltwin_ws/install/local_setup.bash'
[13.140s] INFO:colcon.colcon_core.shell:Creating prefix chain script '/home/pawan/yahboomcar_ws_test/digitaltwin_ws/install/setup.bash'
[13.140s] INFO:colcon.colcon_core.shell:Creating prefix script '/home/pawan/yahboomcar_ws_test/digitaltwin_ws/install/local_setup.zsh'
[13.141s] INFO:colcon.colcon_core.shell:Creating prefix chain script '/home/pawan/yahboomcar_ws_test/digitaltwin_ws/install/setup.zsh'
