[ 50%] Built target laserscan_virtualizer
[100%] Built target laserscan_multi_merger
-- Install configuration: ""
-- Up-to-date: /home/pawan/yahboomcar_ws_test/digitaltwin_ws/install/ira_laser_tools/lib/ira_laser_tools/laserscan_multi_merger
-- Up-to-date: /home/pawan/yahboomcar_ws_test/digitaltwin_ws/install/ira_laser_tools/lib/ira_laser_tools/laserscan_virtualizer
-- Up-to-date: /home/pawan/yahboomcar_ws_test/digitaltwin_ws/install/ira_laser_tools/share/ira_laser_tools/launch
-- Up-to-date: /home/pawan/yahboomcar_ws_test/digitaltwin_ws/install/ira_laser_tools/share/ira_laser_tools/launch/laserscan_multi_merger.launch
-- Up-to-date: /home/pawan/yahboomcar_ws_test/digitaltwin_ws/install/ira_laser_tools/share/ira_laser_tools/launch/merge_multi_MultiRobot.launch.py
-- Up-to-date: /home/pawan/yahboomcar_ws_test/digitaltwin_ws/install/ira_laser_tools/share/ira_laser_tools/launch/laserscan_virtualizer.launch
-- Up-to-date: /home/pawan/yahboomcar_ws_test/digitaltwin_ws/install/ira_laser_tools/share/ira_laser_tools/launch/merge_multi_robot.xml
-- Up-to-date: /home/pawan/yahboomcar_ws_test/digitaltwin_ws/install/ira_laser_tools/share/ira_laser_tools/launch/merge_multi.launch.py
-- Up-to-date: /home/pawan/yahboomcar_ws_test/digitaltwin_ws/install/ira_laser_tools/share/ira_laser_tools/launch
-- Up-to-date: /home/pawan/yahboomcar_ws_test/digitaltwin_ws/install/ira_laser_tools/share/ira_laser_tools/launch/laserscan_merge_Multi_robot1.yaml
-- Up-to-date: /home/pawan/yahboomcar_ws_test/digitaltwin_ws/install/ira_laser_tools/share/ira_laser_tools/launch/laserscan_merge_Multi_robot2.yaml
-- Up-to-date: /home/pawan/yahboomcar_ws_test/digitaltwin_ws/install/ira_laser_tools/share/ira_laser_tools/launch/laserscan_merge.yaml
-- Up-to-date: /home/pawan/yahboomcar_ws_test/digitaltwin_ws/install/ira_laser_tools/share/ira_laser_tools/launch
-- Up-to-date: /home/pawan/yahboomcar_ws_test/digitaltwin_ws/install/ira_laser_tools/share/ira_laser_tools/launch/laserscan_multi_merger.launch
-- Up-to-date: /home/pawan/yahboomcar_ws_test/digitaltwin_ws/install/ira_laser_tools/share/ira_laser_tools/launch/merge_multi_MultiRobot.launch.py
-- Up-to-date: /home/pawan/yahboomcar_ws_test/digitaltwin_ws/install/ira_laser_tools/share/ira_laser_tools/launch/laserscan_virtualizer.launch
-- Up-to-date: /home/pawan/yahboomcar_ws_test/digitaltwin_ws/install/ira_laser_tools/share/ira_laser_tools/launch/merge_multi_robot.xml
-- Up-to-date: /home/pawan/yahboomcar_ws_test/digitaltwin_ws/install/ira_laser_tools/share/ira_laser_tools/launch/merge_multi.launch.py
-- Up-to-date: /home/pawan/yahboomcar_ws_test/digitaltwin_ws/install/ira_laser_tools/share/ira_laser_tools/config
-- Up-to-date: /home/pawan/yahboomcar_ws_test/digitaltwin_ws/install/ira_laser_tools/share/ira_laser_tools/config/laserscan_merge_Multi_robot1.yaml
-- Up-to-date: /home/pawan/yahboomcar_ws_test/digitaltwin_ws/install/ira_laser_tools/share/ira_laser_tools/config/laserscan_merge_Multi_robot2.yaml
-- Up-to-date: /home/pawan/yahboomcar_ws_test/digitaltwin_ws/install/ira_laser_tools/share/ira_laser_tools/config/laserscan_merge.yaml
-- Up-to-date: /home/pawan/yahboomcar_ws_test/digitaltwin_ws/install/ira_laser_tools/share/ament_index/resource_index/package_run_dependencies/ira_laser_tools
-- Up-to-date: /home/pawan/yahboomcar_ws_test/digitaltwin_ws/install/ira_laser_tools/share/ament_index/resource_index/parent_prefix_path/ira_laser_tools
-- Up-to-date: /home/pawan/yahboomcar_ws_test/digitaltwin_ws/install/ira_laser_tools/share/ira_laser_tools/environment/ament_prefix_path.sh
-- Up-to-date: /home/pawan/yahboomcar_ws_test/digitaltwin_ws/install/ira_laser_tools/share/ira_laser_tools/environment/ament_prefix_path.dsv
-- Up-to-date: /home/pawan/yahboomcar_ws_test/digitaltwin_ws/install/ira_laser_tools/share/ira_laser_tools/environment/path.sh
-- Up-to-date: /home/pawan/yahboomcar_ws_test/digitaltwin_ws/install/ira_laser_tools/share/ira_laser_tools/environment/path.dsv
-- Up-to-date: /home/pawan/yahboomcar_ws_test/digitaltwin_ws/install/ira_laser_tools/share/ira_laser_tools/local_setup.bash
-- Up-to-date: /home/pawan/yahboomcar_ws_test/digitaltwin_ws/install/ira_laser_tools/share/ira_laser_tools/local_setup.sh
-- Up-to-date: /home/pawan/yahboomcar_ws_test/digitaltwin_ws/install/ira_laser_tools/share/ira_laser_tools/local_setup.zsh
-- Up-to-date: /home/pawan/yahboomcar_ws_test/digitaltwin_ws/install/ira_laser_tools/share/ira_laser_tools/local_setup.dsv
-- Installing: /home/pawan/yahboomcar_ws_test/digitaltwin_ws/install/ira_laser_tools/share/ira_laser_tools/package.dsv
-- Up-to-date: /home/pawan/yahboomcar_ws_test/digitaltwin_ws/install/ira_laser_tools/share/ament_index/resource_index/packages/ira_laser_tools
-- Up-to-date: /home/pawan/yahboomcar_ws_test/digitaltwin_ws/install/ira_laser_tools/share/ira_laser_tools/cmake/ament_cmake_export_dependencies-extras.cmake
-- Up-to-date: /home/pawan/yahboomcar_ws_test/digitaltwin_ws/install/ira_laser_tools/share/ira_laser_tools/cmake/ira_laser_toolsConfig.cmake
-- Up-to-date: /home/pawan/yahboomcar_ws_test/digitaltwin_ws/install/ira_laser_tools/share/ira_laser_tools/cmake/ira_laser_toolsConfig-version.cmake
-- Up-to-date: /home/pawan/yahboomcar_ws_test/digitaltwin_ws/install/ira_laser_tools/share/ira_laser_tools/package.xml
