-- The C compiler identification is GNU 11.4.0
-- The CXX compiler identification is GNU 11.4.0
-- Detecting C compiler ABI info
-- Detecting C compiler ABI info - done
-- Check for working C compiler: /usr/bin/cc - skipped
-- Detecting C compile features
-- Detecting C compile features - done
-- Detecting CXX compiler ABI info
-- Detecting CXX compiler ABI info - done
-- Check for working CXX compiler: /usr/bin/c++ - skipped
-- Detecting CXX compile features
-- Detecting CXX compile features - done
-- Found ament_cmake: 1.3.14 (/opt/ros/humble/share/ament_cmake/cmake)
-- Found Python3: /usr/bin/python3 (found version "3.10.12") found components: Interpreter 
WARNING: Package name "M3Pro_navigation" does not follow the naming conventions. It should start with a lower case letter and only contain lower case letters, digits, underscores, and dashes.
-- Configuring done
-- Generating done
-- Build files have been written to: /home/pawan/yahboomcar_ws_test/M3Pro_ws/build/M3Pro_navigation
-- Install configuration: ""
-- Installing: /home/pawan/yahboomcar_ws_test/M3Pro_ws/install/M3Pro_navigation/share/M3Pro_navigation/launch
-- Installing: /home/pawan/yahboomcar_ws_test/M3Pro_ws/install/M3Pro_navigation/share/M3Pro_navigation/launch/cartographer_localization_launch.py
-- Installing: /home/pawan/yahboomcar_ws_test/M3Pro_ws/install/M3Pro_navigation/share/M3Pro_navigation/launch/localization.launch.py
-- Installing: /home/pawan/yahboomcar_ws_test/M3Pro_ws/install/M3Pro_navigation/share/M3Pro_navigation/launch/carto_nav.launch.py
-- Installing: /home/pawan/yahboomcar_ws_test/M3Pro_ws/install/M3Pro_navigation/share/M3Pro_navigation/launch/rtab_bringup.launch.py
-- Installing: /home/pawan/yahboomcar_ws_test/M3Pro_ws/install/M3Pro_navigation/share/M3Pro_navigation/launch/.ipynb_checkpoints
-- Installing: /home/pawan/yahboomcar_ws_test/M3Pro_ws/install/M3Pro_navigation/share/M3Pro_navigation/launch/.ipynb_checkpoints/cartographer_localization_launch-checkpoint.py
-- Installing: /home/pawan/yahboomcar_ws_test/M3Pro_ws/install/M3Pro_navigation/share/M3Pro_navigation/launch/.ipynb_checkpoints/carto_nav.launch-checkpoint.py
-- Installing: /home/pawan/yahboomcar_ws_test/M3Pro_ws/install/M3Pro_navigation/share/M3Pro_navigation/launch/.ipynb_checkpoints/localization_imu_odom.launch-checkpoint.py
-- Installing: /home/pawan/yahboomcar_ws_test/M3Pro_ws/install/M3Pro_navigation/share/M3Pro_navigation/launch/.ipynb_checkpoints/base_bringup.launch-checkpoint.py
-- Installing: /home/pawan/yahboomcar_ws_test/M3Pro_ws/install/M3Pro_navigation/share/M3Pro_navigation/launch/navigation2.launch.py
-- Installing: /home/pawan/yahboomcar_ws_test/M3Pro_ws/install/M3Pro_navigation/share/M3Pro_navigation/launch/cartographer_localization.launch.py
-- Installing: /home/pawan/yahboomcar_ws_test/M3Pro_ws/install/M3Pro_navigation/share/M3Pro_navigation/launch/nav_rviz.launch.py
-- Installing: /home/pawan/yahboomcar_ws_test/M3Pro_ws/install/M3Pro_navigation/share/M3Pro_navigation/launch/base_bringup.launch.py
-- Installing: /home/pawan/yahboomcar_ws_test/M3Pro_ws/install/M3Pro_navigation/share/M3Pro_navigation/launch/localization_imu_odom.launch.py
-- Installing: /home/pawan/yahboomcar_ws_test/M3Pro_ws/install/M3Pro_navigation/share/M3Pro_navigation/launch/cartographer_bringup_launch.py
-- Installing: /home/pawan/yahboomcar_ws_test/M3Pro_ws/install/M3Pro_navigation/share/M3Pro_navigation/launch/navigation_cartodwb_launch.py
-- Installing: /home/pawan/yahboomcar_ws_test/M3Pro_ws/install/M3Pro_navigation/share/M3Pro_navigation/launch/app_Navigation2.xml
-- Installing: /home/pawan/yahboomcar_ws_test/M3Pro_ws/install/M3Pro_navigation/share/M3Pro_navigation/launch/navigation_launch.py
-- Installing: /home/pawan/yahboomcar_ws_test/M3Pro_ws/install/M3Pro_navigation/share/M3Pro_navigation/map
-- Installing: /home/pawan/yahboomcar_ws_test/M3Pro_ws/install/M3Pro_navigation/share/M3Pro_navigation/map/slam_rviz.rviz
-- Installing: /home/pawan/yahboomcar_ws_test/M3Pro_ws/install/M3Pro_navigation/share/M3Pro_navigation/param
-- Installing: /home/pawan/yahboomcar_ws_test/M3Pro_ws/install/M3Pro_navigation/share/M3Pro_navigation/param/yahboom_M3Pro.lua
-- Installing: /home/pawan/yahboomcar_ws_test/M3Pro_ws/install/M3Pro_navigation/share/M3Pro_navigation/param/yahboom_M3Pro_carto.yaml
-- Installing: /home/pawan/yahboomcar_ws_test/M3Pro_ws/install/M3Pro_navigation/share/M3Pro_navigation/param/dwb_nav_params.yaml
-- Installing: /home/pawan/yahboomcar_ws_test/M3Pro_ws/install/M3Pro_navigation/share/M3Pro_navigation/param/yahboom_M3Pro.yaml
-- Installing: /home/pawan/yahboomcar_ws_test/M3Pro_ws/install/M3Pro_navigation/share/M3Pro_navigation/rviz
-- Installing: /home/pawan/yahboomcar_ws_test/M3Pro_ws/install/M3Pro_navigation/share/M3Pro_navigation/rviz/nav2_default_view.rviz
-- Installing: /home/pawan/yahboomcar_ws_test/M3Pro_ws/install/M3Pro_navigation/share/M3Pro_navigation/rviz/nav2.rviz
-- Installing: /home/pawan/yahboomcar_ws_test/M3Pro_ws/install/M3Pro_navigation/share/ament_index/resource_index/package_run_dependencies/M3Pro_navigation
-- Installing: /home/pawan/yahboomcar_ws_test/M3Pro_ws/install/M3Pro_navigation/share/ament_index/resource_index/parent_prefix_path/M3Pro_navigation
-- Installing: /home/pawan/yahboomcar_ws_test/M3Pro_ws/install/M3Pro_navigation/share/M3Pro_navigation/environment/ament_prefix_path.sh
-- Installing: /home/pawan/yahboomcar_ws_test/M3Pro_ws/install/M3Pro_navigation/share/M3Pro_navigation/environment/ament_prefix_path.dsv
-- Installing: /home/pawan/yahboomcar_ws_test/M3Pro_ws/install/M3Pro_navigation/share/M3Pro_navigation/environment/path.sh
-- Installing: /home/pawan/yahboomcar_ws_test/M3Pro_ws/install/M3Pro_navigation/share/M3Pro_navigation/environment/path.dsv
-- Installing: /home/pawan/yahboomcar_ws_test/M3Pro_ws/install/M3Pro_navigation/share/M3Pro_navigation/local_setup.bash
-- Installing: /home/pawan/yahboomcar_ws_test/M3Pro_ws/install/M3Pro_navigation/share/M3Pro_navigation/local_setup.sh
-- Installing: /home/pawan/yahboomcar_ws_test/M3Pro_ws/install/M3Pro_navigation/share/M3Pro_navigation/local_setup.zsh
-- Installing: /home/pawan/yahboomcar_ws_test/M3Pro_ws/install/M3Pro_navigation/share/M3Pro_navigation/local_setup.dsv
-- Installing: /home/pawan/yahboomcar_ws_test/M3Pro_ws/install/M3Pro_navigation/share/M3Pro_navigation/package.dsv
-- Installing: /home/pawan/yahboomcar_ws_test/M3Pro_ws/install/M3Pro_navigation/share/ament_index/resource_index/packages/M3Pro_navigation
-- Installing: /home/pawan/yahboomcar_ws_test/M3Pro_ws/install/M3Pro_navigation/share/M3Pro_navigation/cmake/M3Pro_navigationConfig.cmake
-- Installing: /home/pawan/yahboomcar_ws_test/M3Pro_ws/install/M3Pro_navigation/share/M3Pro_navigation/cmake/M3Pro_navigationConfig-version.cmake
-- Installing: /home/pawan/yahboomcar_ws_test/M3Pro_ws/install/M3Pro_navigation/share/M3Pro_navigation/package.xml
