-- The C compiler identification is GNU 13.3.0
-- The CXX compiler identification is GNU 13.3.0
-- Detecting C compiler ABI info
-- Detecting C compiler ABI info - done
-- Check for working C compiler: /usr/bin/cc - skipped
-- Detecting C compile features
-- Detecting C compile features - done
-- Detecting CXX compiler ABI info
-- Detecting CXX compiler ABI info - done
-- Check for working CXX compiler: /usr/bin/c++ - skipped
-- Detecting CXX compile features
-- Detecting CXX compile features - done
-- Found ament_cmake: 2.5.6 (/opt/ros/jazzy/share/ament_cmake/cmake)
-- Found Python3: /usr/bin/python3 (found version "3.12.3") found components: Interpreter 
-- Override CMake install command with custom implementation using symlinks instead of copying resources
-- Found ament_lint_auto: 0.17.5 (/opt/ros/jazzy/share/ament_lint_auto/cmake)
-- Added test 'flake8' to check Python code syntax and style conventions
-- Configured 'flake8' exclude dirs and/or files: 
-- Added test 'lint_cmake' to check CMake code style
-- Added test 'pep257' to check Python code against some of the docstring style conventions in PEP 257
-- Added test 'xmllint' to check XML markup files
-- Configuring done (0.6s)
-- Generating done (0.0s)
-- Build files have been written to: /home/pawan/yahboomcar_ws_test/digitaltwin_ws/build/slam_engine
-- Install configuration: ""
-- Execute custom install script
-- Symlinking: /home/pawan/yahboomcar_ws_test/digitaltwin_ws/install/slam_engine/share/slam_engine/launch/.ipynb_checkpoints/save_map.launch-checkpoint.py
-- Symlinking: /home/pawan/yahboomcar_ws_test/digitaltwin_ws/install/slam_engine/share/slam_engine/launch/online_async_launch.py
-- Symlinking: /home/pawan/yahboomcar_ws_test/digitaltwin_ws/install/slam_engine/share/slam_engine/launch/slam_view.launch.py
-- Symlinking: /home/pawan/yahboomcar_ws_test/digitaltwin_ws/install/slam_engine/share/slam_engine/config/mapper_params_online_async.yaml
-- Symlinking: /home/pawan/yahboomcar_ws_test/digitaltwin_ws/install/slam_engine/share/slam_engine/rviz/slam_rviz.rviz
-- Symlinking: /home/pawan/yahboomcar_ws_test/digitaltwin_ws/install/slam_engine/share/ament_index/resource_index/package_run_dependencies/slam_engine
-- Symlinking: /home/pawan/yahboomcar_ws_test/digitaltwin_ws/install/slam_engine/share/ament_index/resource_index/parent_prefix_path/slam_engine
-- Symlinking: /home/pawan/yahboomcar_ws_test/digitaltwin_ws/install/slam_engine/share/slam_engine/environment/ament_prefix_path.sh
-- Symlinking: /home/pawan/yahboomcar_ws_test/digitaltwin_ws/install/slam_engine/share/slam_engine/environment/ament_prefix_path.dsv
-- Symlinking: /home/pawan/yahboomcar_ws_test/digitaltwin_ws/install/slam_engine/share/slam_engine/environment/path.sh
-- Symlinking: /home/pawan/yahboomcar_ws_test/digitaltwin_ws/install/slam_engine/share/slam_engine/environment/path.dsv
-- Symlinking: /home/pawan/yahboomcar_ws_test/digitaltwin_ws/install/slam_engine/share/slam_engine/local_setup.bash
-- Symlinking: /home/pawan/yahboomcar_ws_test/digitaltwin_ws/install/slam_engine/share/slam_engine/local_setup.sh
-- Symlinking: /home/pawan/yahboomcar_ws_test/digitaltwin_ws/install/slam_engine/share/slam_engine/local_setup.zsh
-- Symlinking: /home/pawan/yahboomcar_ws_test/digitaltwin_ws/install/slam_engine/share/slam_engine/local_setup.dsv
-- Symlinking: /home/pawan/yahboomcar_ws_test/digitaltwin_ws/install/slam_engine/share/slam_engine/package.dsv
-- Symlinking: /home/pawan/yahboomcar_ws_test/digitaltwin_ws/install/slam_engine/share/ament_index/resource_index/packages/slam_engine
-- Symlinking: /home/pawan/yahboomcar_ws_test/digitaltwin_ws/install/slam_engine/share/slam_engine/cmake/slam_engineConfig.cmake
-- Symlinking: /home/pawan/yahboomcar_ws_test/digitaltwin_ws/install/slam_engine/share/slam_engine/cmake/slam_engineConfig-version.cmake
-- Symlinking: /home/pawan/yahboomcar_ws_test/digitaltwin_ws/install/slam_engine/share/slam_engine/package.xml
