[0.180s] Invoking command in '/home/pawan/yahboomcar_ws_test/digitaltwin_ws/build/slam_engine': CMAKE_PREFIX_PATH=${CMAKE_PREFIX_PATH}:/home/pawan/yahboomcar_ws_test/digitaltwin_ws/install/yahboom_M3Pro_description:/home/pawan/yahboomcar_ws_test/digitaltwin_ws/install/sim_audio:/home/pawan/WISES_Robot/digitaltwin_ws/install/yahboom_M3Pro_description:/home/pawan/WISES_Robot/digitaltwin_ws/install/sim_audio:/opt/ros/jazzy DEBUGINFOD_URLS=https://debuginfod.ubuntu.com /usr/bin/cmake /home/pawan/yahboomcar_ws_test/digitaltwin_ws/src/slam/slam_engine -DAMENT_CMAKE_SYMLINK_INSTALL=1 -DCMAKE_INSTALL_PREFIX=/home/pawan/yahboomcar_ws_test/digitaltwin_ws/install/slam_engine
[0.341s] -- The C compiler identification is GNU 13.3.0
[0.341s] -- The CXX compiler identification is GNU 13.3.0
[0.341s] -- Detecting C compiler ABI info
[0.358s] -- Detecting C compiler ABI info - done
[0.365s] -- Check for working C compiler: /usr/bin/cc - skipped
[0.365s] -- Detecting C compile features
[0.365s] -- Detecting C compile features - done
[0.373s] -- Detecting CXX compiler ABI info
[0.467s] -- Detecting CXX compiler ABI info - done
[0.479s] -- Check for working CXX compiler: /usr/bin/c++ - skipped
[0.479s] -- Detecting CXX compile features
[0.480s] -- Detecting CXX compile features - done
[0.485s] -- Found ament_cmake: 2.5.6 (/opt/ros/jazzy/share/ament_cmake/cmake)
[0.630s] -- Found Python3: /usr/bin/python3 (found version "3.12.3") found components: Interpreter 
[0.689s] -- Override CMake install command with custom implementation using symlinks instead of copying resources
[0.725s] -- Found ament_lint_auto: 0.17.5 (/opt/ros/jazzy/share/ament_lint_auto/cmake)
[0.833s] -- Added test 'flake8' to check Python code syntax and style conventions
[0.833s] -- Configured 'flake8' exclude dirs and/or files: 
[0.833s] -- Added test 'lint_cmake' to check CMake code style
[0.833s] -- Added test 'pep257' to check Python code against some of the docstring style conventions in PEP 257
[0.834s] -- Added test 'xmllint' to check XML markup files
[0.834s] -- Configuring done (0.6s)
[0.836s] -- Generating done (0.0s)
[0.837s] -- Build files have been written to: /home/pawan/yahboomcar_ws_test/digitaltwin_ws/build/slam_engine
[0.841s] Invoked command in '/home/pawan/yahboomcar_ws_test/digitaltwin_ws/build/slam_engine' returned '0': CMAKE_PREFIX_PATH=${CMAKE_PREFIX_PATH}:/home/pawan/yahboomcar_ws_test/digitaltwin_ws/install/yahboom_M3Pro_description:/home/pawan/yahboomcar_ws_test/digitaltwin_ws/install/sim_audio:/home/pawan/WISES_Robot/digitaltwin_ws/install/yahboom_M3Pro_description:/home/pawan/WISES_Robot/digitaltwin_ws/install/sim_audio:/opt/ros/jazzy DEBUGINFOD_URLS=https://debuginfod.ubuntu.com /usr/bin/cmake /home/pawan/yahboomcar_ws_test/digitaltwin_ws/src/slam/slam_engine -DAMENT_CMAKE_SYMLINK_INSTALL=1 -DCMAKE_INSTALL_PREFIX=/home/pawan/yahboomcar_ws_test/digitaltwin_ws/install/slam_engine
[0.842s] Invoking command in '/home/pawan/yahboomcar_ws_test/digitaltwin_ws/build/slam_engine': CMAKE_PREFIX_PATH=${CMAKE_PREFIX_PATH}:/home/pawan/yahboomcar_ws_test/digitaltwin_ws/install/yahboom_M3Pro_description:/home/pawan/yahboomcar_ws_test/digitaltwin_ws/install/sim_audio:/home/pawan/WISES_Robot/digitaltwin_ws/install/yahboom_M3Pro_description:/home/pawan/WISES_Robot/digitaltwin_ws/install/sim_audio:/opt/ros/jazzy DEBUGINFOD_URLS=https://debuginfod.ubuntu.com /usr/bin/cmake --build /home/pawan/yahboomcar_ws_test/digitaltwin_ws/build/slam_engine -- -j20 -l20
[0.877s] Invoked command in '/home/pawan/yahboomcar_ws_test/digitaltwin_ws/build/slam_engine' returned '0': CMAKE_PREFIX_PATH=${CMAKE_PREFIX_PATH}:/home/pawan/yahboomcar_ws_test/digitaltwin_ws/install/yahboom_M3Pro_description:/home/pawan/yahboomcar_ws_test/digitaltwin_ws/install/sim_audio:/home/pawan/WISES_Robot/digitaltwin_ws/install/yahboom_M3Pro_description:/home/pawan/WISES_Robot/digitaltwin_ws/install/sim_audio:/opt/ros/jazzy DEBUGINFOD_URLS=https://debuginfod.ubuntu.com /usr/bin/cmake --build /home/pawan/yahboomcar_ws_test/digitaltwin_ws/build/slam_engine -- -j20 -l20
[0.878s] Invoking command in '/home/pawan/yahboomcar_ws_test/digitaltwin_ws/build/slam_engine': CMAKE_PREFIX_PATH=${CMAKE_PREFIX_PATH}:/home/pawan/yahboomcar_ws_test/digitaltwin_ws/install/yahboom_M3Pro_description:/home/pawan/yahboomcar_ws_test/digitaltwin_ws/install/sim_audio:/home/pawan/WISES_Robot/digitaltwin_ws/install/yahboom_M3Pro_description:/home/pawan/WISES_Robot/digitaltwin_ws/install/sim_audio:/opt/ros/jazzy DEBUGINFOD_URLS=https://debuginfod.ubuntu.com /usr/bin/cmake --install /home/pawan/yahboomcar_ws_test/digitaltwin_ws/build/slam_engine
[0.884s] -- Install configuration: ""
[0.885s] -- Execute custom install script
[0.885s] -- Symlinking: /home/pawan/yahboomcar_ws_test/digitaltwin_ws/install/slam_engine/share/slam_engine/launch/.ipynb_checkpoints/save_map.launch-checkpoint.py
[0.894s] -- Symlinking: /home/pawan/yahboomcar_ws_test/digitaltwin_ws/install/slam_engine/share/slam_engine/launch/online_async_launch.py
[0.901s] -- Symlinking: /home/pawan/yahboomcar_ws_test/digitaltwin_ws/install/slam_engine/share/slam_engine/launch/slam_view.launch.py
[0.911s] -- Symlinking: /home/pawan/yahboomcar_ws_test/digitaltwin_ws/install/slam_engine/share/slam_engine/config/mapper_params_online_async.yaml
[0.917s] -- Symlinking: /home/pawan/yahboomcar_ws_test/digitaltwin_ws/install/slam_engine/share/slam_engine/rviz/slam_rviz.rviz
[0.924s] -- Symlinking: /home/pawan/yahboomcar_ws_test/digitaltwin_ws/install/slam_engine/share/ament_index/resource_index/package_run_dependencies/slam_engine
[0.933s] -- Symlinking: /home/pawan/yahboomcar_ws_test/digitaltwin_ws/install/slam_engine/share/ament_index/resource_index/parent_prefix_path/slam_engine
[0.939s] -- Symlinking: /home/pawan/yahboomcar_ws_test/digitaltwin_ws/install/slam_engine/share/slam_engine/environment/ament_prefix_path.sh
[0.946s] -- Symlinking: /home/pawan/yahboomcar_ws_test/digitaltwin_ws/install/slam_engine/share/slam_engine/environment/ament_prefix_path.dsv
[0.955s] -- Symlinking: /home/pawan/yahboomcar_ws_test/digitaltwin_ws/install/slam_engine/share/slam_engine/environment/path.sh
[0.963s] -- Symlinking: /home/pawan/yahboomcar_ws_test/digitaltwin_ws/install/slam_engine/share/slam_engine/environment/path.dsv
[0.972s] -- Symlinking: /home/pawan/yahboomcar_ws_test/digitaltwin_ws/install/slam_engine/share/slam_engine/local_setup.bash
[0.980s] -- Symlinking: /home/pawan/yahboomcar_ws_test/digitaltwin_ws/install/slam_engine/share/slam_engine/local_setup.sh
[0.988s] -- Symlinking: /home/pawan/yahboomcar_ws_test/digitaltwin_ws/install/slam_engine/share/slam_engine/local_setup.zsh
[0.997s] -- Symlinking: /home/pawan/yahboomcar_ws_test/digitaltwin_ws/install/slam_engine/share/slam_engine/local_setup.dsv
[1.004s] -- Symlinking: /home/pawan/yahboomcar_ws_test/digitaltwin_ws/install/slam_engine/share/slam_engine/package.dsv
[1.013s] -- Symlinking: /home/pawan/yahboomcar_ws_test/digitaltwin_ws/install/slam_engine/share/ament_index/resource_index/packages/slam_engine
[1.022s] -- Symlinking: /home/pawan/yahboomcar_ws_test/digitaltwin_ws/install/slam_engine/share/slam_engine/cmake/slam_engineConfig.cmake
[1.028s] -- Symlinking: /home/pawan/yahboomcar_ws_test/digitaltwin_ws/install/slam_engine/share/slam_engine/cmake/slam_engineConfig-version.cmake
[1.036s] -- Symlinking: /home/pawan/yahboomcar_ws_test/digitaltwin_ws/install/slam_engine/share/slam_engine/package.xml
[1.045s] Invoked command in '/home/pawan/yahboomcar_ws_test/digitaltwin_ws/build/slam_engine' returned '0': CMAKE_PREFIX_PATH=${CMAKE_PREFIX_PATH}:/home/pawan/yahboomcar_ws_test/digitaltwin_ws/install/yahboom_M3Pro_description:/home/pawan/yahboomcar_ws_test/digitaltwin_ws/install/sim_audio:/home/pawan/WISES_Robot/digitaltwin_ws/install/yahboom_M3Pro_description:/home/pawan/WISES_Robot/digitaltwin_ws/install/sim_audio:/opt/ros/jazzy DEBUGINFOD_URLS=https://debuginfod.ubuntu.com /usr/bin/cmake --install /home/pawan/yahboomcar_ws_test/digitaltwin_ws/build/slam_engine
