[0.007s] Invoking command in '/home/pawan/yahboomcar_ws_test/M3Pro_ws/build/ira_laser_tools': CMAKE_PREFIX_PATH=${CMAKE_PREFIX_PATH}:/opt/ros/humble /usr/bin/cmake /home/pawan/yahboomcar_ws_test/M3Pro_ws/src/M3Pro_core/ira_laser_tools -DCMAKE_INSTALL_PREFIX=/home/pawan/yahboomcar_ws_test/M3Pro_ws/install/ira_laser_tools
[0.017s] -- Found ament_cmake: 1.3.14 (/opt/ros/humble/share/ament_cmake/cmake)
[0.110s] -- Found rclcpp: 16.0.19 (/opt/ros/humble/share/rclcpp/cmake)
[0.131s] -- Found rosidl_generator_c: 3.1.8 (/opt/ros/humble/share/rosidl_generator_c/cmake)
[0.132s] -- Found rosidl_adapter: 3.1.8 (/opt/ros/humble/share/rosidl_adapter/cmake)
[0.137s] -- Found rosidl_generator_cpp: 3.1.8 (/opt/ros/humble/share/rosidl_generator_cpp/cmake)
[0.143s] -- Using all available rosidl_typesupport_c: rosidl_typesupport_fastrtps_c;rosidl_typesupport_introspection_c
[0.151s] -- Using all available rosidl_typesupport_cpp: rosidl_typesupport_fastrtps_cpp;rosidl_typesupport_introspection_cpp
[0.173s] -- Found rmw_implementation_cmake: 6.1.2 (/opt/ros/humble/share/rmw_implementation_cmake/cmake)
[0.173s] -- Found rmw_fastrtps_cpp: 6.2.10 (/opt/ros/humble/share/rmw_fastrtps_cpp/cmake)
[0.252s] -- Using RMW implementation 'rmw_fastrtps_cpp' as default
[0.286s] -- Found rclcpp_action: 16.0.19 (/opt/ros/humble/share/rclcpp_action/cmake)
[0.307s] -- Found rclcpp_lifecycle: 16.0.19 (/opt/ros/humble/share/rclcpp_lifecycle/cmake)
[0.318s] -- Found geometry_msgs: 4.9.1 (/opt/ros/humble/share/geometry_msgs/cmake)
[0.326s] -- Found sensor_msgs: 4.9.1 (/opt/ros/humble/share/sensor_msgs/cmake)
[0.337s] -- Found laser_geometry: 2.4.1 (/opt/ros/humble/share/laser_geometry/cmake)
[0.343s] -- Found tf2_ros: 0.25.20 (/opt/ros/humble/share/tf2_ros/cmake)
[0.375s] -- Found pcl_ros: 2.4.5 (/opt/ros/humble/share/pcl_ros/cmake)
[0.409s] -- Checking for module 'eigen3'
[0.419s] --   Found eigen3, version 3.4.0
[0.445s] -- Found Eigen: /usr/include/eigen3 (Required is at least version "3.1") 
[0.446s] -- Eigen found (include: /usr/include/eigen3, version: 3.4.0)
[0.496s] -- Checking for module 'flann'
[0.513s] --   Found flann, version 1.9.1
[0.568s] -- Found FLANN: /usr/lib/x86_64-linux-gnu/libflann_cpp.so  
[0.568s] -- FLANN found (include: /usr/include, lib: /usr/lib/x86_64-linux-gnu/libflann_cpp.so)
[1.374s] -- Checking for module 'libusb-1.0'
[1.385s] --   Found libusb-1.0, version 1.0.25
[1.428s] -- Found libusb: /usr/lib/x86_64-linux-gnu/libusb-1.0.so  
[1.430s] -- OpenNI found (version: 1.5.4.0, include: /usr/include/ni, lib: /usr/lib/libOpenNI.so;libusb::libusb)
[1.499s] -- OpenNI2 found (version: 2.2.0.33, include: /usr/include/openni2, lib: /usr/lib/x86_64-linux-gnu/libOpenNI2.so;libusb::libusb)
[1.610s] -- Eigen found (include: /usr/include/eigen3, version: 3.4.0)
[1.615s] -- OpenNI found (version: 1.5.4.0, include: /usr/include/ni, lib: /usr/lib/libOpenNI.so;libusb::libusb)
[1.620s] -- OpenNI2 found (version: 2.2.0.33, include: /usr/include/openni2, lib: /usr/lib/x86_64-linux-gnu/libOpenNI2.so;libusb::libusb)
[1.727s] -- Found Qhull version 8.0.2
[1.835s] -- OpenNI found (version: 1.5.4.0, include: /usr/include/ni, lib: /usr/lib/libOpenNI.so;libusb::libusb)
[1.940s] -- Found PCL_COMMON: /usr/lib/x86_64-linux-gnu/libpcl_common.so  
[1.940s] -- Found PCL_KDTREE: /usr/lib/x86_64-linux-gnu/libpcl_kdtree.so  
[1.941s] -- Found PCL_OCTREE: /usr/lib/x86_64-linux-gnu/libpcl_octree.so  
[1.942s] -- Found PCL_SEARCH: /usr/lib/x86_64-linux-gnu/libpcl_search.so  
[1.942s] -- Found PCL_SAMPLE_CONSENSUS: /usr/lib/x86_64-linux-gnu/libpcl_sample_consensus.so  
[1.943s] -- Found PCL_FILTERS: /usr/lib/x86_64-linux-gnu/libpcl_filters.so  
[1.943s] -- Found PCL_2D: /usr/include/pcl-1.12  
[1.943s] -- Found PCL_GEOMETRY: /usr/include/pcl-1.12  
[1.944s] -- Found PCL_IO: /usr/lib/x86_64-linux-gnu/libpcl_io.so  
[1.945s] -- Found PCL_FEATURES: /usr/lib/x86_64-linux-gnu/libpcl_features.so  
[1.945s] -- Found PCL_ML: /usr/lib/x86_64-linux-gnu/libpcl_ml.so  
[1.946s] -- Found PCL_SEGMENTATION: /usr/lib/x86_64-linux-gnu/libpcl_segmentation.so  
[1.947s] -- Found PCL_VISUALIZATION: /usr/lib/x86_64-linux-gnu/libpcl_visualization.so  
[1.947s] -- Found PCL_SURFACE: /usr/lib/x86_64-linux-gnu/libpcl_surface.so  
[1.948s] -- Found PCL_REGISTRATION: /usr/lib/x86_64-linux-gnu/libpcl_registration.so  
[1.949s] -- Found PCL_KEYPOINTS: /usr/lib/x86_64-linux-gnu/libpcl_keypoints.so  
[1.949s] -- Found PCL_TRACKING: /usr/lib/x86_64-linux-gnu/libpcl_tracking.so  
[1.950s] -- Found PCL_RECOGNITION: /usr/lib/x86_64-linux-gnu/libpcl_recognition.so  
[1.951s] -- Found PCL_STEREO: /usr/lib/x86_64-linux-gnu/libpcl_stereo.so  
[1.951s] -- Found PCL_APPS: /usr/lib/x86_64-linux-gnu/libpcl_apps.so  
[1.952s] -- Found PCL_IN_HAND_SCANNER: /usr/include/pcl-1.12  
[1.952s] -- Found PCL_MODELER: /usr/include/pcl-1.12  
[1.952s] -- Found PCL_POINT_CLOUD_EDITOR: /usr/include/pcl-1.12  
[1.953s] -- Found PCL_OUTOFCORE: /usr/lib/x86_64-linux-gnu/libpcl_outofcore.so  
[1.954s] -- Found PCL_PEOPLE: /usr/lib/x86_64-linux-gnu/libpcl_people.so  
[1.970s] -- Found Eigen3: TRUE (found version "3.4.0") 
[1.970s] -- Ensuring Eigen3 include directory is part of orocos-kdl CMake target
[2.032s] -- Configuring done
[2.089s] -- Generating done
[2.099s] -- Build files have been written to: /home/pawan/yahboomcar_ws_test/M3Pro_ws/build/ira_laser_tools
[2.112s] Invoked command in '/home/pawan/yahboomcar_ws_test/M3Pro_ws/build/ira_laser_tools' returned '0': CMAKE_PREFIX_PATH=${CMAKE_PREFIX_PATH}:/opt/ros/humble /usr/bin/cmake /home/pawan/yahboomcar_ws_test/M3Pro_ws/src/M3Pro_core/ira_laser_tools -DCMAKE_INSTALL_PREFIX=/home/pawan/yahboomcar_ws_test/M3Pro_ws/install/ira_laser_tools
[2.113s] Invoking command in '/home/pawan/yahboomcar_ws_test/M3Pro_ws/build/ira_laser_tools': CMAKE_PREFIX_PATH=${CMAKE_PREFIX_PATH}:/opt/ros/humble /usr/bin/cmake --build /home/pawan/yahboomcar_ws_test/M3Pro_ws/build/ira_laser_tools -- -j20 -l20
[2.154s] [ 25%] [32mBuilding CXX object CMakeFiles/laserscan_multi_merger.dir/src/laserscan_multi_merger.cpp.o[0m
[2.154s] [ 50%] [32mBuilding CXX object CMakeFiles/laserscan_virtualizer.dir/src/laserscan_virtualizer.cpp.o[0m
[10.870s] [ 75%] [32m[1mLinking CXX executable laserscan_multi_merger[0m
[11.020s] [100%] [32m[1mLinking CXX executable laserscan_virtualizer[0m
[11.635s] [100%] Built target laserscan_virtualizer
[11.642s] [100%] Built target laserscan_multi_merger
[11.652s] Invoked command in '/home/pawan/yahboomcar_ws_test/M3Pro_ws/build/ira_laser_tools' returned '0': CMAKE_PREFIX_PATH=${CMAKE_PREFIX_PATH}:/opt/ros/humble /usr/bin/cmake --build /home/pawan/yahboomcar_ws_test/M3Pro_ws/build/ira_laser_tools -- -j20 -l20
[11.660s] Invoking command in '/home/pawan/yahboomcar_ws_test/M3Pro_ws/build/ira_laser_tools': CMAKE_PREFIX_PATH=${CMAKE_PREFIX_PATH}:/opt/ros/humble /usr/bin/cmake --install /home/pawan/yahboomcar_ws_test/M3Pro_ws/build/ira_laser_tools
[11.669s] -- Install configuration: ""
[11.669s] -- Installing: /home/pawan/yahboomcar_ws_test/M3Pro_ws/install/ira_laser_tools/lib/ira_laser_tools/laserscan_multi_merger
[11.673s] -- Set runtime path of "/home/pawan/yahboomcar_ws_test/M3Pro_ws/install/ira_laser_tools/lib/ira_laser_tools/laserscan_multi_merger" to ""
[11.673s] -- Installing: /home/pawan/yahboomcar_ws_test/M3Pro_ws/install/ira_laser_tools/lib/ira_laser_tools/laserscan_virtualizer
[11.676s] -- Set runtime path of "/home/pawan/yahboomcar_ws_test/M3Pro_ws/install/ira_laser_tools/lib/ira_laser_tools/laserscan_virtualizer" to ""
[11.676s] -- Installing: /home/pawan/yahboomcar_ws_test/M3Pro_ws/install/ira_laser_tools/share/ira_laser_tools/launch
[11.678s] -- Installing: /home/pawan/yahboomcar_ws_test/M3Pro_ws/install/ira_laser_tools/share/ira_laser_tools/launch/laserscan_multi_merger.launch
[11.678s] -- Installing: /home/pawan/yahboomcar_ws_test/M3Pro_ws/install/ira_laser_tools/share/ira_laser_tools/launch/merge_multi_MultiRobot.launch.py
[11.678s] -- Installing: /home/pawan/yahboomcar_ws_test/M3Pro_ws/install/ira_laser_tools/share/ira_laser_tools/launch/laserscan_virtualizer.launch
[11.678s] -- Installing: /home/pawan/yahboomcar_ws_test/M3Pro_ws/install/ira_laser_tools/share/ira_laser_tools/launch/merge_multi_robot.xml
[11.678s] -- Installing: /home/pawan/yahboomcar_ws_test/M3Pro_ws/install/ira_laser_tools/share/ira_laser_tools/launch/merge_multi.launch.py
[11.678s] -- Up-to-date: /home/pawan/yahboomcar_ws_test/M3Pro_ws/install/ira_laser_tools/share/ira_laser_tools/launch
[11.678s] -- Installing: /home/pawan/yahboomcar_ws_test/M3Pro_ws/install/ira_laser_tools/share/ira_laser_tools/launch/laserscan_merge_Multi_robot1.yaml
[11.679s] -- Installing: /home/pawan/yahboomcar_ws_test/M3Pro_ws/install/ira_laser_tools/share/ira_laser_tools/launch/laserscan_merge_Multi_robot2.yaml
[11.679s] -- Installing: /home/pawan/yahboomcar_ws_test/M3Pro_ws/install/ira_laser_tools/share/ira_laser_tools/launch/laserscan_merge.yaml
[11.679s] -- Up-to-date: /home/pawan/yahboomcar_ws_test/M3Pro_ws/install/ira_laser_tools/share/ira_laser_tools/launch
[11.679s] -- Up-to-date: /home/pawan/yahboomcar_ws_test/M3Pro_ws/install/ira_laser_tools/share/ira_laser_tools/launch/laserscan_multi_merger.launch
[11.679s] -- Up-to-date: /home/pawan/yahboomcar_ws_test/M3Pro_ws/install/ira_laser_tools/share/ira_laser_tools/launch/merge_multi_MultiRobot.launch.py
[11.679s] -- Up-to-date: /home/pawan/yahboomcar_ws_test/M3Pro_ws/install/ira_laser_tools/share/ira_laser_tools/launch/laserscan_virtualizer.launch
[11.679s] -- Up-to-date: /home/pawan/yahboomcar_ws_test/M3Pro_ws/install/ira_laser_tools/share/ira_laser_tools/launch/merge_multi_robot.xml
[11.679s] -- Up-to-date: /home/pawan/yahboomcar_ws_test/M3Pro_ws/install/ira_laser_tools/share/ira_laser_tools/launch/merge_multi.launch.py
[11.680s] -- Installing: /home/pawan/yahboomcar_ws_test/M3Pro_ws/install/ira_laser_tools/share/ira_laser_tools/config
[11.680s] -- Installing: /home/pawan/yahboomcar_ws_test/M3Pro_ws/install/ira_laser_tools/share/ira_laser_tools/config/laserscan_merge_Multi_robot1.yaml
[11.680s] -- Installing: /home/pawan/yahboomcar_ws_test/M3Pro_ws/install/ira_laser_tools/share/ira_laser_tools/config/laserscan_merge_Multi_robot2.yaml
[11.680s] -- Installing: /home/pawan/yahboomcar_ws_test/M3Pro_ws/install/ira_laser_tools/share/ira_laser_tools/config/laserscan_merge.yaml
[11.680s] -- Installing: /home/pawan/yahboomcar_ws_test/M3Pro_ws/install/ira_laser_tools/share/ament_index/resource_index/package_run_dependencies/ira_laser_tools
[11.680s] -- Installing: /home/pawan/yahboomcar_ws_test/M3Pro_ws/install/ira_laser_tools/share/ament_index/resource_index/parent_prefix_path/ira_laser_tools
[11.680s] -- Installing: /home/pawan/yahboomcar_ws_test/M3Pro_ws/install/ira_laser_tools/share/ira_laser_tools/environment/ament_prefix_path.sh
[11.680s] -- Installing: /home/pawan/yahboomcar_ws_test/M3Pro_ws/install/ira_laser_tools/share/ira_laser_tools/environment/ament_prefix_path.dsv
[11.680s] -- Installing: /home/pawan/yahboomcar_ws_test/M3Pro_ws/install/ira_laser_tools/share/ira_laser_tools/environment/path.sh
[11.681s] -- Installing: /home/pawan/yahboomcar_ws_test/M3Pro_ws/install/ira_laser_tools/share/ira_laser_tools/environment/path.dsv
[11.681s] -- Installing: /home/pawan/yahboomcar_ws_test/M3Pro_ws/install/ira_laser_tools/share/ira_laser_tools/local_setup.bash
[11.681s] -- Installing: /home/pawan/yahboomcar_ws_test/M3Pro_ws/install/ira_laser_tools/share/ira_laser_tools/local_setup.sh
[11.682s] -- Installing: /home/pawan/yahboomcar_ws_test/M3Pro_ws/install/ira_laser_tools/share/ira_laser_tools/local_setup.zsh
[11.682s] -- Installing: /home/pawan/yahboomcar_ws_test/M3Pro_ws/install/ira_laser_tools/share/ira_laser_tools/local_setup.dsv
[11.682s] -- Installing: /home/pawan/yahboomcar_ws_test/M3Pro_ws/install/ira_laser_tools/share/ira_laser_tools/package.dsv
[11.682s] -- Installing: /home/pawan/yahboomcar_ws_test/M3Pro_ws/install/ira_laser_tools/share/ament_index/resource_index/packages/ira_laser_tools
[11.683s] -- Installing: /home/pawan/yahboomcar_ws_test/M3Pro_ws/install/ira_laser_tools/share/ira_laser_tools/cmake/ament_cmake_export_dependencies-extras.cmake
[11.683s] -- Installing: /home/pawan/yahboomcar_ws_test/M3Pro_ws/install/ira_laser_tools/share/ira_laser_tools/cmake/ira_laser_toolsConfig.cmake
[11.683s] -- Installing: /home/pawan/yahboomcar_ws_test/M3Pro_ws/install/ira_laser_tools/share/ira_laser_tools/cmake/ira_laser_toolsConfig-version.cmake
[11.683s] -- Installing: /home/pawan/yahboomcar_ws_test/M3Pro_ws/install/ira_laser_tools/share/ira_laser_tools/package.xml
[11.683s] Invoked command in '/home/pawan/yahboomcar_ws_test/M3Pro_ws/build/ira_laser_tools' returned '0': CMAKE_PREFIX_PATH=${CMAKE_PREFIX_PATH}:/opt/ros/humble /usr/bin/cmake --install /home/pawan/yahboomcar_ws_test/M3Pro_ws/build/ira_laser_tools
