[0.069s] Invoking command in '/home/pawan/yahboomcar_ws_test/M3Pro_ws/build/M3Pro_navigation': CMAKE_PREFIX_PATH=${CMAKE_PREFIX_PATH}:/home/pawan/yahboomcar_ws_test/yahboomcar_ws/install/yahboom_M3Pro_description:/opt/ros/humble /usr/bin/cmake /home/pawan/yahboomcar_ws_test/M3Pro_ws/src/M3Pro_navigation -DCMAKE_INSTALL_PREFIX=/home/pawan/yahboomcar_ws_test/M3Pro_ws/install/M3Pro_navigation
[1.698s] WARNING: Package name "M3Pro_navigation" does not follow the naming conventions. It should start with a lower case letter and only contain lower case letters, digits, underscores, and dashes.
[1.699s] -- The C compiler identification is GNU 11.4.0
[1.699s] -- The CXX compiler identification is GNU 11.4.0
[1.699s] -- Detecting C compiler ABI info
[1.699s] -- Detecting C compiler ABI info - done
[1.699s] -- Check for working C compiler: /usr/bin/cc - skipped
[1.699s] -- Detecting C compile features
[1.699s] -- Detecting C compile features - done
[1.699s] -- Detecting CXX compiler ABI info
[1.699s] -- Detecting CXX compiler ABI info - done
[1.699s] -- Check for working CXX compiler: /usr/bin/c++ - skipped
[1.699s] -- Detecting CXX compile features
[1.699s] -- Detecting CXX compile features - done
[1.699s] -- Found ament_cmake: 1.3.14 (/opt/ros/humble/share/ament_cmake/cmake)
[1.699s] -- Found Python3: /usr/bin/python3 (found version "3.10.12") found components: Interpreter 
[1.699s] -- Configuring done
[1.699s] -- Generating done
[1.699s] -- Build files have been written to: /home/pawan/yahboomcar_ws_test/M3Pro_ws/build/M3Pro_navigation
[1.707s] Invoked command in '/home/pawan/yahboomcar_ws_test/M3Pro_ws/build/M3Pro_navigation' returned '0': CMAKE_PREFIX_PATH=${CMAKE_PREFIX_PATH}:/home/pawan/yahboomcar_ws_test/yahboomcar_ws/install/yahboom_M3Pro_description:/opt/ros/humble /usr/bin/cmake /home/pawan/yahboomcar_ws_test/M3Pro_ws/src/M3Pro_navigation -DCMAKE_INSTALL_PREFIX=/home/pawan/yahboomcar_ws_test/M3Pro_ws/install/M3Pro_navigation
[1.708s] Invoking command in '/home/pawan/yahboomcar_ws_test/M3Pro_ws/build/M3Pro_navigation': CMAKE_PREFIX_PATH=${CMAKE_PREFIX_PATH}:/home/pawan/yahboomcar_ws_test/yahboomcar_ws/install/yahboom_M3Pro_description:/opt/ros/humble /usr/bin/cmake --build /home/pawan/yahboomcar_ws_test/M3Pro_ws/build/M3Pro_navigation -- -j20 -l20
