[0.006s] Invoking command in '/home/pawan/yahboomcar_ws_test/M3Pro_ws/build/M3Pro_navigation': CMAKE_PREFIX_PATH=/opt/ros/humble /usr/bin/cmake /home/pawan/yahboomcar_ws_test/M3Pro_ws/src/M3Pro_navigation -DCMAKE_INSTALL_PREFIX=/home/pawan/yahboomcar_ws_test/M3Pro_ws/install/M3Pro_navigation
[0.101s] -- The C compiler identification is GNU 11.4.0
[0.182s] -- The CXX compiler identification is GNU 11.4.0
[0.194s] -- Detecting C compiler ABI info
[0.280s] -- Detecting C compiler ABI info - done
[0.287s] -- Check for working C compiler: /usr/bin/cc - skipped
[0.289s] -- Detecting C compile features
[0.290s] -- Detecting C compile features - done
[0.292s] -- Detecting CXX compiler ABI info
[0.372s] -- Detecting CXX compiler ABI info - done
[0.378s] -- Check for working CXX compiler: /usr/bin/c++ - skipped
[0.378s] -- Detecting CXX compile features
[0.379s] -- Detecting CXX compile features - done
[0.383s] -- Found ament_cmake: 1.3.14 (/opt/ros/humble/share/ament_cmake/cmake)
[0.495s] -- Found Python3: /usr/bin/python3 (found version "3.10.12") found components: Interpreter 
[0.621s] WARNING: Package name "M3Pro_navigation" does not follow the naming conventions. It should start with a lower case letter and only contain lower case letters, digits, underscores, and dashes.
[0.632s] -- Configuring done
[0.634s] -- Generating done
[0.636s] -- Build files have been written to: /home/pawan/yahboomcar_ws_test/M3Pro_ws/build/M3Pro_navigation
[0.641s] Invoked command in '/home/pawan/yahboomcar_ws_test/M3Pro_ws/build/M3Pro_navigation' returned '0': CMAKE_PREFIX_PATH=/opt/ros/humble /usr/bin/cmake /home/pawan/yahboomcar_ws_test/M3Pro_ws/src/M3Pro_navigation -DCMAKE_INSTALL_PREFIX=/home/pawan/yahboomcar_ws_test/M3Pro_ws/install/M3Pro_navigation
[0.643s] Invoking command in '/home/pawan/yahboomcar_ws_test/M3Pro_ws/build/M3Pro_navigation': CMAKE_PREFIX_PATH=/opt/ros/humble /usr/bin/cmake --build /home/pawan/yahboomcar_ws_test/M3Pro_ws/build/M3Pro_navigation -- -j20 -l20
[0.681s] Invoked command in '/home/pawan/yahboomcar_ws_test/M3Pro_ws/build/M3Pro_navigation' returned '0': CMAKE_PREFIX_PATH=/opt/ros/humble /usr/bin/cmake --build /home/pawan/yahboomcar_ws_test/M3Pro_ws/build/M3Pro_navigation -- -j20 -l20
[0.692s] Invoking command in '/home/pawan/yahboomcar_ws_test/M3Pro_ws/build/M3Pro_navigation': CMAKE_PREFIX_PATH=/opt/ros/humble /usr/bin/cmake --install /home/pawan/yahboomcar_ws_test/M3Pro_ws/build/M3Pro_navigation
[0.700s] -- Install configuration: ""
[0.700s] -- Installing: /home/pawan/yahboomcar_ws_test/M3Pro_ws/install/M3Pro_navigation/share/M3Pro_navigation/launch
[0.700s] -- Installing: /home/pawan/yahboomcar_ws_test/M3Pro_ws/install/M3Pro_navigation/share/M3Pro_navigation/launch/cartographer_localization_launch.py
[0.701s] -- Installing: /home/pawan/yahboomcar_ws_test/M3Pro_ws/install/M3Pro_navigation/share/M3Pro_navigation/launch/localization.launch.py
[0.701s] -- Installing: /home/pawan/yahboomcar_ws_test/M3Pro_ws/install/M3Pro_navigation/share/M3Pro_navigation/launch/carto_nav.launch.py
[0.701s] -- Installing: /home/pawan/yahboomcar_ws_test/M3Pro_ws/install/M3Pro_navigation/share/M3Pro_navigation/launch/rtab_bringup.launch.py
[0.701s] -- Installing: /home/pawan/yahboomcar_ws_test/M3Pro_ws/install/M3Pro_navigation/share/M3Pro_navigation/launch/.ipynb_checkpoints
[0.701s] -- Installing: /home/pawan/yahboomcar_ws_test/M3Pro_ws/install/M3Pro_navigation/share/M3Pro_navigation/launch/.ipynb_checkpoints/cartographer_localization_launch-checkpoint.py
[0.703s] -- Installing: /home/pawan/yahboomcar_ws_test/M3Pro_ws/install/M3Pro_navigation/share/M3Pro_navigation/launch/.ipynb_checkpoints/carto_nav.launch-checkpoint.py
[0.703s] -- Installing: /home/pawan/yahboomcar_ws_test/M3Pro_ws/install/M3Pro_navigation/share/M3Pro_navigation/launch/.ipynb_checkpoints/localization_imu_odom.launch-checkpoint.py
[0.703s] -- Installing: /home/pawan/yahboomcar_ws_test/M3Pro_ws/install/M3Pro_navigation/share/M3Pro_navigation/launch/.ipynb_checkpoints/base_bringup.launch-checkpoint.py
[0.703s] -- Installing: /home/pawan/yahboomcar_ws_test/M3Pro_ws/install/M3Pro_navigation/share/M3Pro_navigation/launch/navigation2.launch.py
[0.703s] -- Installing: /home/pawan/yahboomcar_ws_test/M3Pro_ws/install/M3Pro_navigation/share/M3Pro_navigation/launch/cartographer_localization.launch.py
[0.703s] -- Installing: /home/pawan/yahboomcar_ws_test/M3Pro_ws/install/M3Pro_navigation/share/M3Pro_navigation/launch/nav_rviz.launch.py
[0.704s] -- Installing: /home/pawan/yahboomcar_ws_test/M3Pro_ws/install/M3Pro_navigation/share/M3Pro_navigation/launch/base_bringup.launch.py
[0.704s] -- Installing: /home/pawan/yahboomcar_ws_test/M3Pro_ws/install/M3Pro_navigation/share/M3Pro_navigation/launch/localization_imu_odom.launch.py
[0.704s] -- Installing: /home/pawan/yahboomcar_ws_test/M3Pro_ws/install/M3Pro_navigation/share/M3Pro_navigation/launch/cartographer_bringup_launch.py
[0.704s] -- Installing: /home/pawan/yahboomcar_ws_test/M3Pro_ws/install/M3Pro_navigation/share/M3Pro_navigation/launch/navigation_cartodwb_launch.py
[0.704s] -- Installing: /home/pawan/yahboomcar_ws_test/M3Pro_ws/install/M3Pro_navigation/share/M3Pro_navigation/launch/app_Navigation2.xml
[0.704s] -- Installing: /home/pawan/yahboomcar_ws_test/M3Pro_ws/install/M3Pro_navigation/share/M3Pro_navigation/launch/navigation_launch.py
[0.704s] -- Installing: /home/pawan/yahboomcar_ws_test/M3Pro_ws/install/M3Pro_navigation/share/M3Pro_navigation/map
[0.704s] -- Installing: /home/pawan/yahboomcar_ws_test/M3Pro_ws/install/M3Pro_navigation/share/M3Pro_navigation/map/slam_rviz.rviz
[0.704s] -- Installing: /home/pawan/yahboomcar_ws_test/M3Pro_ws/install/M3Pro_navigation/share/M3Pro_navigation/param
[0.704s] -- Installing: /home/pawan/yahboomcar_ws_test/M3Pro_ws/install/M3Pro_navigation/share/M3Pro_navigation/param/yahboom_M3Pro.lua
[0.704s] -- Installing: /home/pawan/yahboomcar_ws_test/M3Pro_ws/install/M3Pro_navigation/share/M3Pro_navigation/param/yahboom_M3Pro_carto.yaml
[0.704s] -- Installing: /home/pawan/yahboomcar_ws_test/M3Pro_ws/install/M3Pro_navigation/share/M3Pro_navigation/param/dwb_nav_params.yaml
[0.705s] -- Installing: /home/pawan/yahboomcar_ws_test/M3Pro_ws/install/M3Pro_navigation/share/M3Pro_navigation/param/yahboom_M3Pro.yaml
[0.705s] -- Installing: /home/pawan/yahboomcar_ws_test/M3Pro_ws/install/M3Pro_navigation/share/M3Pro_navigation/rviz
[0.705s] -- Installing: /home/pawan/yahboomcar_ws_test/M3Pro_ws/install/M3Pro_navigation/share/M3Pro_navigation/rviz/nav2_default_view.rviz
[0.705s] -- Installing: /home/pawan/yahboomcar_ws_test/M3Pro_ws/install/M3Pro_navigation/share/M3Pro_navigation/rviz/nav2.rviz
[0.705s] -- Installing: /home/pawan/yahboomcar_ws_test/M3Pro_ws/install/M3Pro_navigation/share/ament_index/resource_index/package_run_dependencies/M3Pro_navigation
[0.706s] -- Installing: /home/pawan/yahboomcar_ws_test/M3Pro_ws/install/M3Pro_navigation/share/ament_index/resource_index/parent_prefix_path/M3Pro_navigation
[0.706s] -- Installing: /home/pawan/yahboomcar_ws_test/M3Pro_ws/install/M3Pro_navigation/share/M3Pro_navigation/environment/ament_prefix_path.sh
[0.706s] -- Installing: /home/pawan/yahboomcar_ws_test/M3Pro_ws/install/M3Pro_navigation/share/M3Pro_navigation/environment/ament_prefix_path.dsv
[0.706s] -- Installing: /home/pawan/yahboomcar_ws_test/M3Pro_ws/install/M3Pro_navigation/share/M3Pro_navigation/environment/path.sh
[0.706s] -- Installing: /home/pawan/yahboomcar_ws_test/M3Pro_ws/install/M3Pro_navigation/share/M3Pro_navigation/environment/path.dsv
[0.706s] -- Installing: /home/pawan/yahboomcar_ws_test/M3Pro_ws/install/M3Pro_navigation/share/M3Pro_navigation/local_setup.bash
[0.706s] -- Installing: /home/pawan/yahboomcar_ws_test/M3Pro_ws/install/M3Pro_navigation/share/M3Pro_navigation/local_setup.sh
[0.706s] -- Installing: /home/pawan/yahboomcar_ws_test/M3Pro_ws/install/M3Pro_navigation/share/M3Pro_navigation/local_setup.zsh
[0.706s] -- Installing: /home/pawan/yahboomcar_ws_test/M3Pro_ws/install/M3Pro_navigation/share/M3Pro_navigation/local_setup.dsv
[0.706s] -- Installing: /home/pawan/yahboomcar_ws_test/M3Pro_ws/install/M3Pro_navigation/share/M3Pro_navigation/package.dsv
[0.706s] -- Installing: /home/pawan/yahboomcar_ws_test/M3Pro_ws/install/M3Pro_navigation/share/ament_index/resource_index/packages/M3Pro_navigation
[0.707s] -- Installing: /home/pawan/yahboomcar_ws_test/M3Pro_ws/install/M3Pro_navigation/share/M3Pro_navigation/cmake/M3Pro_navigationConfig.cmake
[0.707s] -- Installing: /home/pawan/yahboomcar_ws_test/M3Pro_ws/install/M3Pro_navigation/share/M3Pro_navigation/cmake/M3Pro_navigationConfig-version.cmake
[0.707s] -- Installing: /home/pawan/yahboomcar_ws_test/M3Pro_ws/install/M3Pro_navigation/share/M3Pro_navigation/package.xml
[0.709s] Invoked command in '/home/pawan/yahboomcar_ws_test/M3Pro_ws/build/M3Pro_navigation' returned '0': CMAKE_PREFIX_PATH=/opt/ros/humble /usr/bin/cmake --install /home/pawan/yahboomcar_ws_test/M3Pro_ws/build/M3Pro_navigation
