-- Install configuration: ""
-- Up-to-date: /home/pawan/yahboomcar_ws_test/digitaltwin_ws/install/M3Pro_navigation/share/M3Pro_navigation/launch
-- Up-to-date: /home/pawan/yahboomcar_ws_test/digitaltwin_ws/install/M3Pro_navigation/share/M3Pro_navigation/launch/cartographer_localization_launch.py
-- Up-to-date: /home/pawan/yahboomcar_ws_test/digitaltwin_ws/install/M3Pro_navigation/share/M3Pro_navigation/launch/localization.launch.py
-- Up-to-date: /home/pawan/yahboomcar_ws_test/digitaltwin_ws/install/M3Pro_navigation/share/M3Pro_navigation/launch/carto_nav.launch.py
-- Up-to-date: /home/pawan/yahboomcar_ws_test/digitaltwin_ws/install/M3Pro_navigation/share/M3Pro_navigation/launch/rtab_bringup.launch.py
-- Up-to-date: /home/pawan/yahboomcar_ws_test/digitaltwin_ws/install/M3Pro_navigation/share/M3Pro_navigation/launch/.ipynb_checkpoints
-- Up-to-date: /home/pawan/yahboomcar_ws_test/digitaltwin_ws/install/M3Pro_navigation/share/M3Pro_navigation/launch/.ipynb_checkpoints/cartographer_localization_launch-checkpoint.py
-- Up-to-date: /home/pawan/yahboomcar_ws_test/digitaltwin_ws/install/M3Pro_navigation/share/M3Pro_navigation/launch/.ipynb_checkpoints/carto_nav.launch-checkpoint.py
-- Up-to-date: /home/pawan/yahboomcar_ws_test/digitaltwin_ws/install/M3Pro_navigation/share/M3Pro_navigation/launch/.ipynb_checkpoints/localization_imu_odom.launch-checkpoint.py
-- Up-to-date: /home/pawan/yahboomcar_ws_test/digitaltwin_ws/install/M3Pro_navigation/share/M3Pro_navigation/launch/.ipynb_checkpoints/base_bringup.launch-checkpoint.py
-- Up-to-date: /home/pawan/yahboomcar_ws_test/digitaltwin_ws/install/M3Pro_navigation/share/M3Pro_navigation/launch/navigation2.launch.py
-- Up-to-date: /home/pawan/yahboomcar_ws_test/digitaltwin_ws/install/M3Pro_navigation/share/M3Pro_navigation/launch/cartographer_localization.launch.py
-- Up-to-date: /home/pawan/yahboomcar_ws_test/digitaltwin_ws/install/M3Pro_navigation/share/M3Pro_navigation/launch/nav_rviz.launch.py
-- Up-to-date: /home/pawan/yahboomcar_ws_test/digitaltwin_ws/install/M3Pro_navigation/share/M3Pro_navigation/launch/base_bringup.launch.py
-- Up-to-date: /home/pawan/yahboomcar_ws_test/digitaltwin_ws/install/M3Pro_navigation/share/M3Pro_navigation/launch/localization_imu_odom.launch.py
-- Up-to-date: /home/pawan/yahboomcar_ws_test/digitaltwin_ws/install/M3Pro_navigation/share/M3Pro_navigation/launch/cartographer_bringup_launch.py
-- Up-to-date: /home/pawan/yahboomcar_ws_test/digitaltwin_ws/install/M3Pro_navigation/share/M3Pro_navigation/launch/navigation_cartodwb_launch.py
-- Up-to-date: /home/pawan/yahboomcar_ws_test/digitaltwin_ws/install/M3Pro_navigation/share/M3Pro_navigation/launch/app_Navigation2.xml
-- Up-to-date: /home/pawan/yahboomcar_ws_test/digitaltwin_ws/install/M3Pro_navigation/share/M3Pro_navigation/launch/navigation_launch.py
-- Up-to-date: /home/pawan/yahboomcar_ws_test/digitaltwin_ws/install/M3Pro_navigation/share/M3Pro_navigation/map
-- Up-to-date: /home/pawan/yahboomcar_ws_test/digitaltwin_ws/install/M3Pro_navigation/share/M3Pro_navigation/map/slam_rviz.rviz
-- Up-to-date: /home/pawan/yahboomcar_ws_test/digitaltwin_ws/install/M3Pro_navigation/share/M3Pro_navigation/param
-- Up-to-date: /home/pawan/yahboomcar_ws_test/digitaltwin_ws/install/M3Pro_navigation/share/M3Pro_navigation/param/yahboom_M3Pro.lua
-- Up-to-date: /home/pawan/yahboomcar_ws_test/digitaltwin_ws/install/M3Pro_navigation/share/M3Pro_navigation/param/yahboom_M3Pro_carto.yaml
-- Up-to-date: /home/pawan/yahboomcar_ws_test/digitaltwin_ws/install/M3Pro_navigation/share/M3Pro_navigation/param/dwb_nav_params.yaml
-- Installing: /home/pawan/yahboomcar_ws_test/digitaltwin_ws/install/M3Pro_navigation/share/M3Pro_navigation/param/yahboom_M3Pro.yaml
-- Up-to-date: /home/pawan/yahboomcar_ws_test/digitaltwin_ws/install/M3Pro_navigation/share/M3Pro_navigation/rviz
-- Up-to-date: /home/pawan/yahboomcar_ws_test/digitaltwin_ws/install/M3Pro_navigation/share/M3Pro_navigation/rviz/nav2_default_view.rviz
-- Up-to-date: /home/pawan/yahboomcar_ws_test/digitaltwin_ws/install/M3Pro_navigation/share/M3Pro_navigation/rviz/nav2.rviz
-- Up-to-date: /home/pawan/yahboomcar_ws_test/digitaltwin_ws/install/M3Pro_navigation/share/ament_index/resource_index/package_run_dependencies/M3Pro_navigation
-- Up-to-date: /home/pawan/yahboomcar_ws_test/digitaltwin_ws/install/M3Pro_navigation/share/ament_index/resource_index/parent_prefix_path/M3Pro_navigation
-- Up-to-date: /home/pawan/yahboomcar_ws_test/digitaltwin_ws/install/M3Pro_navigation/share/M3Pro_navigation/environment/ament_prefix_path.sh
-- Up-to-date: /home/pawan/yahboomcar_ws_test/digitaltwin_ws/install/M3Pro_navigation/share/M3Pro_navigation/environment/ament_prefix_path.dsv
-- Up-to-date: /home/pawan/yahboomcar_ws_test/digitaltwin_ws/install/M3Pro_navigation/share/M3Pro_navigation/environment/path.sh
-- Up-to-date: /home/pawan/yahboomcar_ws_test/digitaltwin_ws/install/M3Pro_navigation/share/M3Pro_navigation/environment/path.dsv
-- Up-to-date: /home/pawan/yahboomcar_ws_test/digitaltwin_ws/install/M3Pro_navigation/share/M3Pro_navigation/local_setup.bash
-- Up-to-date: /home/pawan/yahboomcar_ws_test/digitaltwin_ws/install/M3Pro_navigation/share/M3Pro_navigation/local_setup.sh
-- Up-to-date: /home/pawan/yahboomcar_ws_test/digitaltwin_ws/install/M3Pro_navigation/share/M3Pro_navigation/local_setup.zsh
-- Up-to-date: /home/pawan/yahboomcar_ws_test/digitaltwin_ws/install/M3Pro_navigation/share/M3Pro_navigation/local_setup.dsv
-- Installing: /home/pawan/yahboomcar_ws_test/digitaltwin_ws/install/M3Pro_navigation/share/M3Pro_navigation/package.dsv
-- Up-to-date: /home/pawan/yahboomcar_ws_test/digitaltwin_ws/install/M3Pro_navigation/share/ament_index/resource_index/packages/M3Pro_navigation
-- Up-to-date: /home/pawan/yahboomcar_ws_test/digitaltwin_ws/install/M3Pro_navigation/share/M3Pro_navigation/cmake/M3Pro_navigationConfig.cmake
-- Up-to-date: /home/pawan/yahboomcar_ws_test/digitaltwin_ws/install/M3Pro_navigation/share/M3Pro_navigation/cmake/M3Pro_navigationConfig-version.cmake
-- Up-to-date: /home/pawan/yahboomcar_ws_test/digitaltwin_ws/install/M3Pro_navigation/share/M3Pro_navigation/package.xml
