[0.336s] Invoking command in '/home/pawan/yahboomcar_ws_test/digitaltwin_ws/build/yahboom_laser_filter': CMAKE_PREFIX_PATH=${CMAKE_PREFIX_PATH}:/home/pawan/yahboomcar_ws_test/digitaltwin_ws/install/yahboom_M3Pro_description:/home/pawan/yahboomcar_ws_test/digitaltwin_ws/install/sim_audio:/home/pawan/WISES_Robot/digitaltwin_ws/install/yahboom_M3Pro_description:/home/pawan/WISES_Robot/digitaltwin_ws/install/sim_audio:/opt/ros/jazzy DEBUGINFOD_URLS=https://debuginfod.ubuntu.com /usr/bin/cmake /home/pawan/yahboomcar_ws_test/digitaltwin_ws/src/lidar/yahboom_laser_filter -DAMENT_CMAKE_SYMLINK_INSTALL=1 -DCMAKE_INSTALL_PREFIX=/home/pawan/yahboomcar_ws_test/digitaltwin_ws/install/yahboom_laser_filter
[0.379s] -- The C compiler identification is GNU 13.3.0
[0.422s] -- The CXX compiler identification is GNU 13.3.0
[0.436s] -- Detecting C compiler ABI info
[0.516s] -- Detecting C compiler ABI info - done
[0.527s] -- Check for working C compiler: /usr/bin/cc - skipped
[0.527s] -- Detecting C compile features
[0.527s] -- Detecting C compile features - done
[0.535s] -- Detecting CXX compiler ABI info
[0.613s] -- Detecting CXX compiler ABI info - done
[0.622s] -- Check for working CXX compiler: /usr/bin/c++ - skipped
[0.622s] -- Detecting CXX compile features
[0.622s] -- Detecting CXX compile features - done
[0.625s] -- Found ament_cmake: 2.5.6 (/opt/ros/jazzy/share/ament_cmake/cmake)
[0.755s] -- Found Python3: /usr/bin/python3 (found version "3.12.3") found components: Interpreter 
[0.812s] -- Override CMake install command with custom implementation using symlinks instead of copying resources
[0.847s] -- Found rclcpp: 28.1.22 (/opt/ros/jazzy/share/rclcpp/cmake)
[0.887s] -- Found rosidl_generator_c: 4.6.9 (/opt/ros/jazzy/share/rosidl_generator_c/cmake)
[0.900s] -- Found rosidl_generator_cpp: 4.6.9 (/opt/ros/jazzy/share/rosidl_generator_cpp/cmake)
[0.916s] -- Using all available rosidl_typesupport_c: rosidl_typesupport_fastrtps_c;rosidl_typesupport_introspection_c
[0.932s] -- Using all available rosidl_typesupport_cpp: rosidl_typesupport_fastrtps_cpp;rosidl_typesupport_introspection_cpp
[1.000s] -- Found rmw_implementation_cmake: 7.3.3 (/opt/ros/jazzy/share/rmw_implementation_cmake/cmake)
[1.004s] -- Found rmw_fastrtps_cpp: 8.4.4 (/opt/ros/jazzy/share/rmw_fastrtps_cpp/cmake)
[1.034s] -- Found OpenSSL: /usr/lib/x86_64-linux-gnu/libcrypto.so (found version "3.0.13")  
[1.052s] -- Found FastRTPS: /opt/ros/humble/include (Required is at least version "2.13") 
[1.072s] -- Using RMW implementation 'rmw_fastrtps_cpp' as default
[1.140s] -- Found sensor_msgs: 5.3.8 (/opt/ros/jazzy/share/sensor_msgs/cmake)
[1.189s] -- Found ament_lint_auto: 0.17.5 (/opt/ros/jazzy/share/ament_lint_auto/cmake)
[1.276s] -- Added test 'cppcheck' to perform static code analysis on C / C++ code
[1.276s] -- Configured cppcheck include dirs: 
[1.276s] -- Configured cppcheck exclude dirs and/or files: 
[1.276s] -- Added test 'flake8' to check Python code syntax and style conventions
[1.276s] -- Configured 'flake8' exclude dirs and/or files: 
[1.276s] -- Added test 'lint_cmake' to check CMake code style
[1.277s] -- Added test 'pep257' to check Python code against some of the docstring style conventions in PEP 257
[1.277s] -- Added test 'uncrustify' to check C / C++ code style
[1.277s] -- Configured uncrustify additional arguments: 
[1.277s] -- Added test 'xmllint' to check XML markup files
[1.278s] -- Configuring done (0.9s)
[1.286s] -- Generating done (0.0s)
[1.288s] -- Build files have been written to: /home/pawan/yahboomcar_ws_test/digitaltwin_ws/build/yahboom_laser_filter
[1.296s] Invoked command in '/home/pawan/yahboomcar_ws_test/digitaltwin_ws/build/yahboom_laser_filter' returned '0': CMAKE_PREFIX_PATH=${CMAKE_PREFIX_PATH}:/home/pawan/yahboomcar_ws_test/digitaltwin_ws/install/yahboom_M3Pro_description:/home/pawan/yahboomcar_ws_test/digitaltwin_ws/install/sim_audio:/home/pawan/WISES_Robot/digitaltwin_ws/install/yahboom_M3Pro_description:/home/pawan/WISES_Robot/digitaltwin_ws/install/sim_audio:/opt/ros/jazzy DEBUGINFOD_URLS=https://debuginfod.ubuntu.com /usr/bin/cmake /home/pawan/yahboomcar_ws_test/digitaltwin_ws/src/lidar/yahboom_laser_filter -DAMENT_CMAKE_SYMLINK_INSTALL=1 -DCMAKE_INSTALL_PREFIX=/home/pawan/yahboomcar_ws_test/digitaltwin_ws/install/yahboom_laser_filter
[1.296s] Invoking command in '/home/pawan/yahboomcar_ws_test/digitaltwin_ws/build/yahboom_laser_filter': CMAKE_PREFIX_PATH=${CMAKE_PREFIX_PATH}:/home/pawan/yahboomcar_ws_test/digitaltwin_ws/install/yahboom_M3Pro_description:/home/pawan/yahboomcar_ws_test/digitaltwin_ws/install/sim_audio:/home/pawan/WISES_Robot/digitaltwin_ws/install/yahboom_M3Pro_description:/home/pawan/WISES_Robot/digitaltwin_ws/install/sim_audio:/opt/ros/jazzy DEBUGINFOD_URLS=https://debuginfod.ubuntu.com /usr/bin/cmake --build /home/pawan/yahboomcar_ws_test/digitaltwin_ws/build/yahboom_laser_filter -- -j20 -l20
[1.349s] [ 33%] [32mBuilding CXX object CMakeFiles/laser_filter_node.dir/src/laser_filter_node.cpp.o[0m
[1.349s] [ 66%] [32mBuilding CXX object CMakeFiles/laser_filter_node.dir/src/laser_filter_processor.cpp.o[0m
[6.232s] [100%] [32m[1mLinking CXX executable laser_filter_node[0m
[6.424s] [100%] Built target laser_filter_node
