[0.062s] DEBUG:colcon:Command line arguments: ['/usr/bin/colcon', 'build', '--packages-select', 'M3Pro']
[0.062s] DEBUG:colcon:Parsed command line arguments: Namespace(log_base=None, log_level=None, verb_name='build', build_base='build', install_base='install', merge_install=False, symlink_install=False, test_result_base=None, continue_on_error=False, executor='parallel', parallel_workers=20, event_handlers=None, ignore_user_meta=False, metas=['./colcon.meta'], base_paths=['.'], packages_ignore=None, packages_ignore_regex=None, paths=None, packages_up_to=None, packages_up_to_regex=None, packages_above=None, packages_above_and_dependencies=None, packages_above_depth=None, packages_select_by_dep=None, packages_skip_by_dep=None, packages_skip_up_to=None, packages_select_build_failed=False, packages_skip_build_finished=False, packages_select_test_failures=False, packages_skip_test_passed=False, packages_select=['M3Pro'], packages_skip=None, packages_select_regex=None, packages_skip_regex=None, packages_start=None, packages_end=None, allow_overriding=[], cmake_args=None, cmake_target=None, cmake_target_skip_unavailable=False, cmake_clean_cache=False, cmake_clean_first=False, cmake_force_configure=False, ament_cmake_args=None, catkin_cmake_args=None, catkin_skip_building_tests=False, verb_parser=<colcon_defaults.argument_parser.defaults.DefaultArgumentsDecorator object at 0x754b179686d0>, verb_extension=<colcon_core.verb.build.BuildVerb object at 0x754b17a75a50>, main=<bound method BuildVerb.main of <colcon_core.verb.build.BuildVerb object at 0x754b17a75a50>>)
[0.164s] Level 1:colcon.colcon_core.package_discovery:discover_packages(colcon_meta) check parameters
[0.164s] Level 1:colcon.colcon_core.package_discovery:discover_packages(recursive) check parameters
[0.164s] Level 1:colcon.colcon_core.package_discovery:discover_packages(ignore) check parameters
[0.164s] Level 1:colcon.colcon_core.package_discovery:discover_packages(path) check parameters
[0.164s] Level 1:colcon.colcon_core.package_discovery:discover_packages(colcon_meta) discover
[0.164s] Level 1:colcon.colcon_core.package_discovery:discover_packages(recursive) discover
[0.164s] INFO:colcon.colcon_core.package_discovery:Crawling recursively for packages in '/home/pawan/yahboomcar_ws_test/M3Pro_ws'
[0.164s] Level 1:colcon.colcon_core.package_identification:_identify(.) by extensions ['ignore', 'ignore_ament_install']
[0.164s] Level 1:colcon.colcon_core.package_identification:_identify(.) by extension 'ignore'
[0.164s] Level 1:colcon.colcon_core.package_identification:_identify(.) by extension 'ignore_ament_install'
[0.164s] Level 1:colcon.colcon_core.package_identification:_identify(.) by extensions ['colcon_pkg']
[0.164s] Level 1:colcon.colcon_core.package_identification:_identify(.) by extension 'colcon_pkg'
[0.164s] Level 1:colcon.colcon_core.package_identification:_identify(.) by extensions ['colcon_meta']
[0.164s] Level 1:colcon.colcon_core.package_identification:_identify(.) by extension 'colcon_meta'
[0.164s] Level 1:colcon.colcon_core.package_identification:_identify(.) by extensions ['ros']
[0.164s] Level 1:colcon.colcon_core.package_identification:_identify(.) by extension 'ros'
[0.171s] Level 1:colcon.colcon_core.package_identification:_identify(.) by extensions ['cmake', 'python']
[0.171s] Level 1:colcon.colcon_core.package_identification:_identify(.) by extension 'cmake'
[0.171s] Level 1:colcon.colcon_core.package_identification:_identify(.) by extension 'python'
[0.171s] Level 1:colcon.colcon_core.package_identification:_identify(.) by extensions ['python_setup_py']
[0.171s] Level 1:colcon.colcon_core.package_identification:_identify(.) by extension 'python_setup_py'
[0.171s] Level 1:colcon.colcon_core.package_identification:_identify(build) by extensions ['ignore', 'ignore_ament_install']
[0.171s] Level 1:colcon.colcon_core.package_identification:_identify(build) by extension 'ignore'
[0.171s] Level 1:colcon.colcon_core.package_identification:_identify(build) ignored
[0.171s] Level 1:colcon.colcon_core.package_identification:_identify(install) by extensions ['ignore', 'ignore_ament_install']
[0.171s] Level 1:colcon.colcon_core.package_identification:_identify(install) by extension 'ignore'
[0.171s] Level 1:colcon.colcon_core.package_identification:_identify(install) ignored
[0.172s] Level 1:colcon.colcon_core.package_identification:_identify(log) by extensions ['ignore', 'ignore_ament_install']
[0.172s] Level 1:colcon.colcon_core.package_identification:_identify(log) by extension 'ignore'
[0.172s] Level 1:colcon.colcon_core.package_identification:_identify(log) ignored
[0.172s] Level 1:colcon.colcon_core.package_identification:_identify(src) by extensions ['ignore', 'ignore_ament_install']
[0.172s] Level 1:colcon.colcon_core.package_identification:_identify(src) by extension 'ignore'
[0.172s] Level 1:colcon.colcon_core.package_identification:_identify(src) by extension 'ignore_ament_install'
[0.172s] Level 1:colcon.colcon_core.package_identification:_identify(src) by extensions ['colcon_pkg']
[0.172s] Level 1:colcon.colcon_core.package_identification:_identify(src) by extension 'colcon_pkg'
[0.172s] Level 1:colcon.colcon_core.package_identification:_identify(src) by extensions ['colcon_meta']
[0.172s] Level 1:colcon.colcon_core.package_identification:_identify(src) by extension 'colcon_meta'
[0.172s] Level 1:colcon.colcon_core.package_identification:_identify(src) by extensions ['ros']
[0.172s] Level 1:colcon.colcon_core.package_identification:_identify(src) by extension 'ros'
[0.172s] Level 1:colcon.colcon_core.package_identification:_identify(src) by extensions ['cmake', 'python']
[0.172s] Level 1:colcon.colcon_core.package_identification:_identify(src) by extension 'cmake'
[0.172s] Level 1:colcon.colcon_core.package_identification:_identify(src) by extension 'python'
[0.172s] Level 1:colcon.colcon_core.package_identification:_identify(src) by extensions ['python_setup_py']
[0.172s] Level 1:colcon.colcon_core.package_identification:_identify(src) by extension 'python_setup_py'
[0.172s] Level 1:colcon.colcon_core.package_identification:_identify(src/M3Pro) by extensions ['ignore', 'ignore_ament_install']
[0.172s] Level 1:colcon.colcon_core.package_identification:_identify(src/M3Pro) by extension 'ignore'
[0.172s] Level 1:colcon.colcon_core.package_identification:_identify(src/M3Pro) by extension 'ignore_ament_install'
[0.172s] Level 1:colcon.colcon_core.package_identification:_identify(src/M3Pro) by extensions ['colcon_pkg']
[0.172s] Level 1:colcon.colcon_core.package_identification:_identify(src/M3Pro) by extension 'colcon_pkg'
[0.172s] Level 1:colcon.colcon_core.package_identification:_identify(src/M3Pro) by extensions ['colcon_meta']
[0.172s] Level 1:colcon.colcon_core.package_identification:_identify(src/M3Pro) by extension 'colcon_meta'
[0.172s] Level 1:colcon.colcon_core.package_identification:_identify(src/M3Pro) by extensions ['ros']
[0.172s] Level 1:colcon.colcon_core.package_identification:_identify(src/M3Pro) by extension 'ros'
[0.174s] DEBUG:colcon.colcon_core.package_identification:Package 'src/M3Pro' with type 'ros.ament_cmake' and name 'M3Pro'
[0.174s] Level 1:colcon.colcon_core.package_identification:_identify(src/M3Pro_KCF) by extensions ['ignore', 'ignore_ament_install']
[0.174s] Level 1:colcon.colcon_core.package_identification:_identify(src/M3Pro_KCF) by extension 'ignore'
[0.174s] Level 1:colcon.colcon_core.package_identification:_identify(src/M3Pro_KCF) by extension 'ignore_ament_install'
[0.174s] Level 1:colcon.colcon_core.package_identification:_identify(src/M3Pro_KCF) by extensions ['colcon_pkg']
[0.174s] Level 1:colcon.colcon_core.package_identification:_identify(src/M3Pro_KCF) by extension 'colcon_pkg'
[0.174s] Level 1:colcon.colcon_core.package_identification:_identify(src/M3Pro_KCF) by extensions ['colcon_meta']
[0.174s] Level 1:colcon.colcon_core.package_identification:_identify(src/M3Pro_KCF) by extension 'colcon_meta'
[0.174s] Level 1:colcon.colcon_core.package_identification:_identify(src/M3Pro_KCF) by extensions ['ros']
[0.174s] Level 1:colcon.colcon_core.package_identification:_identify(src/M3Pro_KCF) by extension 'ros'
[0.175s] DEBUG:colcon.colcon_core.package_identification:Package 'src/M3Pro_KCF' with type 'ros.ament_cmake' and name 'M3Pro_KCF'
[0.175s] Level 1:colcon.colcon_core.package_identification:_identify(src/M3Pro_core) by extensions ['ignore', 'ignore_ament_install']
[0.175s] Level 1:colcon.colcon_core.package_identification:_identify(src/M3Pro_core) by extension 'ignore'
[0.175s] Level 1:colcon.colcon_core.package_identification:_identify(src/M3Pro_core) by extension 'ignore_ament_install'
[0.175s] Level 1:colcon.colcon_core.package_identification:_identify(src/M3Pro_core) by extensions ['colcon_pkg']
[0.175s] Level 1:colcon.colcon_core.package_identification:_identify(src/M3Pro_core) by extension 'colcon_pkg'
[0.175s] Level 1:colcon.colcon_core.package_identification:_identify(src/M3Pro_core) by extensions ['colcon_meta']
[0.175s] Level 1:colcon.colcon_core.package_identification:_identify(src/M3Pro_core) by extension 'colcon_meta'
[0.175s] Level 1:colcon.colcon_core.package_identification:_identify(src/M3Pro_core) by extensions ['ros']
[0.175s] Level 1:colcon.colcon_core.package_identification:_identify(src/M3Pro_core) by extension 'ros'
[0.175s] Level 1:colcon.colcon_core.package_identification:_identify(src/M3Pro_core) by extensions ['cmake', 'python']
[0.175s] Level 1:colcon.colcon_core.package_identification:_identify(src/M3Pro_core) by extension 'cmake'
[0.175s] Level 1:colcon.colcon_core.package_identification:_identify(src/M3Pro_core) by extension 'python'
[0.175s] Level 1:colcon.colcon_core.package_identification:_identify(src/M3Pro_core) by extensions ['python_setup_py']
[0.175s] Level 1:colcon.colcon_core.package_identification:_identify(src/M3Pro_core) by extension 'python_setup_py'
[0.175s] Level 1:colcon.colcon_core.package_identification:_identify(src/M3Pro_core/imu_tools) by extensions ['ignore', 'ignore_ament_install']
[0.175s] Level 1:colcon.colcon_core.package_identification:_identify(src/M3Pro_core/imu_tools) by extension 'ignore'
[0.175s] Level 1:colcon.colcon_core.package_identification:_identify(src/M3Pro_core/imu_tools) by extension 'ignore_ament_install'
[0.175s] Level 1:colcon.colcon_core.package_identification:_identify(src/M3Pro_core/imu_tools) by extensions ['colcon_pkg']
[0.175s] Level 1:colcon.colcon_core.package_identification:_identify(src/M3Pro_core/imu_tools) by extension 'colcon_pkg'
[0.175s] Level 1:colcon.colcon_core.package_identification:_identify(src/M3Pro_core/imu_tools) by extensions ['colcon_meta']
[0.175s] Level 1:colcon.colcon_core.package_identification:_identify(src/M3Pro_core/imu_tools) by extension 'colcon_meta'
[0.175s] Level 1:colcon.colcon_core.package_identification:_identify(src/M3Pro_core/imu_tools) by extensions ['ros']
[0.175s] Level 1:colcon.colcon_core.package_identification:_identify(src/M3Pro_core/imu_tools) by extension 'ros'
[0.175s] Level 1:colcon.colcon_core.package_identification:_identify(src/M3Pro_core/imu_tools) by extensions ['cmake', 'python']
[0.175s] Level 1:colcon.colcon_core.package_identification:_identify(src/M3Pro_core/imu_tools) by extension 'cmake'
[0.176s] Level 1:colcon.colcon_core.package_identification:_identify(src/M3Pro_core/imu_tools) by extension 'python'
[0.176s] Level 1:colcon.colcon_core.package_identification:_identify(src/M3Pro_core/imu_tools) by extensions ['python_setup_py']
[0.176s] Level 1:colcon.colcon_core.package_identification:_identify(src/M3Pro_core/imu_tools) by extension 'python_setup_py'
[0.176s] Level 1:colcon.colcon_core.package_identification:_identify(src/M3Pro_core/imu_tools/imu_complementary_filter) by extensions ['ignore', 'ignore_ament_install']
[0.176s] Level 1:colcon.colcon_core.package_identification:_identify(src/M3Pro_core/imu_tools/imu_complementary_filter) by extension 'ignore'
[0.176s] Level 1:colcon.colcon_core.package_identification:_identify(src/M3Pro_core/imu_tools/imu_complementary_filter) by extension 'ignore_ament_install'
[0.176s] Level 1:colcon.colcon_core.package_identification:_identify(src/M3Pro_core/imu_tools/imu_complementary_filter) by extensions ['colcon_pkg']
[0.176s] Level 1:colcon.colcon_core.package_identification:_identify(src/M3Pro_core/imu_tools/imu_complementary_filter) by extension 'colcon_pkg'
[0.176s] Level 1:colcon.colcon_core.package_identification:_identify(src/M3Pro_core/imu_tools/imu_complementary_filter) by extensions ['colcon_meta']
[0.176s] Level 1:colcon.colcon_core.package_identification:_identify(src/M3Pro_core/imu_tools/imu_complementary_filter) by extension 'colcon_meta'
[0.176s] Level 1:colcon.colcon_core.package_identification:_identify(src/M3Pro_core/imu_tools/imu_complementary_filter) by extensions ['ros']
[0.176s] Level 1:colcon.colcon_core.package_identification:_identify(src/M3Pro_core/imu_tools/imu_complementary_filter) by extension 'ros'
[0.176s] DEBUG:colcon.colcon_core.package_identification:Package 'src/M3Pro_core/imu_tools/imu_complementary_filter' with type 'ros.ament_cmake' and name 'imu_complementary_filter'
[0.176s] Level 1:colcon.colcon_core.package_identification:_identify(src/M3Pro_core/imu_tools/imu_filter_madgwick) by extensions ['ignore', 'ignore_ament_install']
[0.176s] Level 1:colcon.colcon_core.package_identification:_identify(src/M3Pro_core/imu_tools/imu_filter_madgwick) by extension 'ignore'
[0.176s] Level 1:colcon.colcon_core.package_identification:_identify(src/M3Pro_core/imu_tools/imu_filter_madgwick) by extension 'ignore_ament_install'
[0.176s] Level 1:colcon.colcon_core.package_identification:_identify(src/M3Pro_core/imu_tools/imu_filter_madgwick) by extensions ['colcon_pkg']
[0.176s] Level 1:colcon.colcon_core.package_identification:_identify(src/M3Pro_core/imu_tools/imu_filter_madgwick) by extension 'colcon_pkg'
[0.176s] Level 1:colcon.colcon_core.package_identification:_identify(src/M3Pro_core/imu_tools/imu_filter_madgwick) by extensions ['colcon_meta']
[0.176s] Level 1:colcon.colcon_core.package_identification:_identify(src/M3Pro_core/imu_tools/imu_filter_madgwick) by extension 'colcon_meta'
[0.176s] Level 1:colcon.colcon_core.package_identification:_identify(src/M3Pro_core/imu_tools/imu_filter_madgwick) by extensions ['ros']
[0.176s] Level 1:colcon.colcon_core.package_identification:_identify(src/M3Pro_core/imu_tools/imu_filter_madgwick) by extension 'ros'
[0.177s] DEBUG:colcon.colcon_core.package_identification:Package 'src/M3Pro_core/imu_tools/imu_filter_madgwick' with type 'ros.ament_cmake' and name 'imu_filter_madgwick'
[0.177s] Level 1:colcon.colcon_core.package_identification:_identify(src/M3Pro_core/imu_tools/imu_tools) by extensions ['ignore', 'ignore_ament_install']
[0.177s] Level 1:colcon.colcon_core.package_identification:_identify(src/M3Pro_core/imu_tools/imu_tools) by extension 'ignore'
[0.177s] Level 1:colcon.colcon_core.package_identification:_identify(src/M3Pro_core/imu_tools/imu_tools) by extension 'ignore_ament_install'
[0.177s] Level 1:colcon.colcon_core.package_identification:_identify(src/M3Pro_core/imu_tools/imu_tools) by extensions ['colcon_pkg']
[0.177s] Level 1:colcon.colcon_core.package_identification:_identify(src/M3Pro_core/imu_tools/imu_tools) by extension 'colcon_pkg'
[0.177s] Level 1:colcon.colcon_core.package_identification:_identify(src/M3Pro_core/imu_tools/imu_tools) by extensions ['colcon_meta']
[0.177s] Level 1:colcon.colcon_core.package_identification:_identify(src/M3Pro_core/imu_tools/imu_tools) by extension 'colcon_meta'
[0.177s] Level 1:colcon.colcon_core.package_identification:_identify(src/M3Pro_core/imu_tools/imu_tools) by extensions ['ros']
[0.177s] Level 1:colcon.colcon_core.package_identification:_identify(src/M3Pro_core/imu_tools/imu_tools) by extension 'ros'
[0.178s] DEBUG:colcon.colcon_core.package_identification:Package 'src/M3Pro_core/imu_tools/imu_tools' with type 'ros.ament_cmake' and name 'imu_tools'
[0.178s] Level 1:colcon.colcon_core.package_identification:_identify(src/M3Pro_core/imu_tools/rviz_imu_plugin) by extensions ['ignore', 'ignore_ament_install']
[0.178s] Level 1:colcon.colcon_core.package_identification:_identify(src/M3Pro_core/imu_tools/rviz_imu_plugin) by extension 'ignore'
[0.178s] Level 1:colcon.colcon_core.package_identification:_identify(src/M3Pro_core/imu_tools/rviz_imu_plugin) by extension 'ignore_ament_install'
[0.178s] Level 1:colcon.colcon_core.package_identification:_identify(src/M3Pro_core/imu_tools/rviz_imu_plugin) by extensions ['colcon_pkg']
[0.178s] Level 1:colcon.colcon_core.package_identification:_identify(src/M3Pro_core/imu_tools/rviz_imu_plugin) by extension 'colcon_pkg'
[0.178s] Level 1:colcon.colcon_core.package_identification:_identify(src/M3Pro_core/imu_tools/rviz_imu_plugin) by extensions ['colcon_meta']
[0.178s] Level 1:colcon.colcon_core.package_identification:_identify(src/M3Pro_core/imu_tools/rviz_imu_plugin) by extension 'colcon_meta'
[0.178s] Level 1:colcon.colcon_core.package_identification:_identify(src/M3Pro_core/imu_tools/rviz_imu_plugin) by extensions ['ros']
[0.178s] Level 1:colcon.colcon_core.package_identification:_identify(src/M3Pro_core/imu_tools/rviz_imu_plugin) by extension 'ros'
[0.179s] DEBUG:colcon.colcon_core.package_identification:Package 'src/M3Pro_core/imu_tools/rviz_imu_plugin' with type 'ros.ament_cmake' and name 'rviz_imu_plugin'
[0.179s] Level 1:colcon.colcon_core.package_identification:_identify(src/M3Pro_core/ira_laser_tools) by extensions ['ignore', 'ignore_ament_install']
[0.179s] Level 1:colcon.colcon_core.package_identification:_identify(src/M3Pro_core/ira_laser_tools) by extension 'ignore'
[0.179s] Level 1:colcon.colcon_core.package_identification:_identify(src/M3Pro_core/ira_laser_tools) by extension 'ignore_ament_install'
[0.179s] Level 1:colcon.colcon_core.package_identification:_identify(src/M3Pro_core/ira_laser_tools) by extensions ['colcon_pkg']
[0.179s] Level 1:colcon.colcon_core.package_identification:_identify(src/M3Pro_core/ira_laser_tools) by extension 'colcon_pkg'
[0.179s] Level 1:colcon.colcon_core.package_identification:_identify(src/M3Pro_core/ira_laser_tools) by extensions ['colcon_meta']
[0.179s] Level 1:colcon.colcon_core.package_identification:_identify(src/M3Pro_core/ira_laser_tools) by extension 'colcon_meta'
[0.179s] Level 1:colcon.colcon_core.package_identification:_identify(src/M3Pro_core/ira_laser_tools) by extensions ['ros']
[0.179s] Level 1:colcon.colcon_core.package_identification:_identify(src/M3Pro_core/ira_laser_tools) by extension 'ros'
[0.180s] DEBUG:colcon.colcon_core.package_identification:Package 'src/M3Pro_core/ira_laser_tools' with type 'ros.ament_cmake' and name 'ira_laser_tools'
[0.180s] Level 1:colcon.colcon_core.package_identification:_identify(src/M3Pro_core/openslam_gmapping) by extensions ['ignore', 'ignore_ament_install']
[0.180s] Level 1:colcon.colcon_core.package_identification:_identify(src/M3Pro_core/openslam_gmapping) by extension 'ignore'
[0.180s] Level 1:colcon.colcon_core.package_identification:_identify(src/M3Pro_core/openslam_gmapping) by extension 'ignore_ament_install'
[0.180s] Level 1:colcon.colcon_core.package_identification:_identify(src/M3Pro_core/openslam_gmapping) by extensions ['colcon_pkg']
[0.180s] Level 1:colcon.colcon_core.package_identification:_identify(src/M3Pro_core/openslam_gmapping) by extension 'colcon_pkg'
[0.180s] Level 1:colcon.colcon_core.package_identification:_identify(src/M3Pro_core/openslam_gmapping) by extensions ['colcon_meta']
[0.180s] Level 1:colcon.colcon_core.package_identification:_identify(src/M3Pro_core/openslam_gmapping) by extension 'colcon_meta'
[0.180s] Level 1:colcon.colcon_core.package_identification:_identify(src/M3Pro_core/openslam_gmapping) by extensions ['ros']
[0.180s] Level 1:colcon.colcon_core.package_identification:_identify(src/M3Pro_core/openslam_gmapping) by extension 'ros'
[0.180s] DEBUG:colcon.colcon_core.package_identification:Package 'src/M3Pro_core/openslam_gmapping' with type 'ros.ament_cmake' and name 'openslam_gmapping'
[0.181s] Level 1:colcon.colcon_core.package_identification:_identify(src/M3Pro_core/slam_gmapping) by extensions ['ignore', 'ignore_ament_install']
[0.181s] Level 1:colcon.colcon_core.package_identification:_identify(src/M3Pro_core/slam_gmapping) by extension 'ignore'
[0.181s] Level 1:colcon.colcon_core.package_identification:_identify(src/M3Pro_core/slam_gmapping) by extension 'ignore_ament_install'
[0.181s] Level 1:colcon.colcon_core.package_identification:_identify(src/M3Pro_core/slam_gmapping) by extensions ['colcon_pkg']
[0.181s] Level 1:colcon.colcon_core.package_identification:_identify(src/M3Pro_core/slam_gmapping) by extension 'colcon_pkg'
[0.181s] Level 1:colcon.colcon_core.package_identification:_identify(src/M3Pro_core/slam_gmapping) by extensions ['colcon_meta']
[0.181s] Level 1:colcon.colcon_core.package_identification:_identify(src/M3Pro_core/slam_gmapping) by extension 'colcon_meta'
[0.181s] Level 1:colcon.colcon_core.package_identification:_identify(src/M3Pro_core/slam_gmapping) by extensions ['ros']
[0.181s] Level 1:colcon.colcon_core.package_identification:_identify(src/M3Pro_core/slam_gmapping) by extension 'ros'
[0.181s] DEBUG:colcon.colcon_core.package_identification:Package 'src/M3Pro_core/slam_gmapping' with type 'ros.ament_cmake' and name 'slam_gmapping'
[0.182s] Level 1:colcon.colcon_core.package_identification:_identify(src/M3Pro_core/yahboom_laser_filter) by extensions ['ignore', 'ignore_ament_install']
[0.182s] Level 1:colcon.colcon_core.package_identification:_identify(src/M3Pro_core/yahboom_laser_filter) by extension 'ignore'
[0.182s] Level 1:colcon.colcon_core.package_identification:_identify(src/M3Pro_core/yahboom_laser_filter) by extension 'ignore_ament_install'
[0.182s] Level 1:colcon.colcon_core.package_identification:_identify(src/M3Pro_core/yahboom_laser_filter) by extensions ['colcon_pkg']
[0.182s] Level 1:colcon.colcon_core.package_identification:_identify(src/M3Pro_core/yahboom_laser_filter) by extension 'colcon_pkg'
[0.182s] Level 1:colcon.colcon_core.package_identification:_identify(src/M3Pro_core/yahboom_laser_filter) by extensions ['colcon_meta']
[0.182s] Level 1:colcon.colcon_core.package_identification:_identify(src/M3Pro_core/yahboom_laser_filter) by extension 'colcon_meta'
[0.182s] Level 1:colcon.colcon_core.package_identification:_identify(src/M3Pro_core/yahboom_laser_filter) by extensions ['ros']
[0.182s] Level 1:colcon.colcon_core.package_identification:_identify(src/M3Pro_core/yahboom_laser_filter) by extension 'ros'
[0.182s] DEBUG:colcon.colcon_core.package_identification:Package 'src/M3Pro_core/yahboom_laser_filter' with type 'ros.ament_cmake' and name 'yahboom_laser_filter'
[0.182s] Level 1:colcon.colcon_core.package_identification:_identify(src/M3Pro_navigation) by extensions ['ignore', 'ignore_ament_install']
[0.182s] Level 1:colcon.colcon_core.package_identification:_identify(src/M3Pro_navigation) by extension 'ignore'
[0.182s] Level 1:colcon.colcon_core.package_identification:_identify(src/M3Pro_navigation) by extension 'ignore_ament_install'
[0.182s] Level 1:colcon.colcon_core.package_identification:_identify(src/M3Pro_navigation) by extensions ['colcon_pkg']
[0.182s] Level 1:colcon.colcon_core.package_identification:_identify(src/M3Pro_navigation) by extension 'colcon_pkg'
[0.182s] Level 1:colcon.colcon_core.package_identification:_identify(src/M3Pro_navigation) by extensions ['colcon_meta']
[0.182s] Level 1:colcon.colcon_core.package_identification:_identify(src/M3Pro_navigation) by extension 'colcon_meta'
[0.182s] Level 1:colcon.colcon_core.package_identification:_identify(src/M3Pro_navigation) by extensions ['ros']
[0.182s] Level 1:colcon.colcon_core.package_identification:_identify(src/M3Pro_navigation) by extension 'ros'
[0.183s] DEBUG:colcon.colcon_core.package_identification:Package 'src/M3Pro_navigation' with type 'ros.ament_cmake' and name 'M3Pro_navigation'
[0.183s] Level 1:colcon.colcon_core.package_identification:_identify(src/calibration) by extensions ['ignore', 'ignore_ament_install']
[0.183s] Level 1:colcon.colcon_core.package_identification:_identify(src/calibration) by extension 'ignore'
[0.183s] Level 1:colcon.colcon_core.package_identification:_identify(src/calibration) by extension 'ignore_ament_install'
[0.183s] Level 1:colcon.colcon_core.package_identification:_identify(src/calibration) by extensions ['colcon_pkg']
[0.183s] Level 1:colcon.colcon_core.package_identification:_identify(src/calibration) by extension 'colcon_pkg'
[0.183s] Level 1:colcon.colcon_core.package_identification:_identify(src/calibration) by extensions ['colcon_meta']
[0.183s] Level 1:colcon.colcon_core.package_identification:_identify(src/calibration) by extension 'colcon_meta'
[0.183s] Level 1:colcon.colcon_core.package_identification:_identify(src/calibration) by extensions ['ros']
[0.183s] Level 1:colcon.colcon_core.package_identification:_identify(src/calibration) by extension 'ros'
[0.183s] DEBUG:colcon.colcon_core.package_identification:Package 'src/calibration' with type 'ros.ament_python' and name 'calibration'
[0.183s] Level 1:colcon.colcon_core.package_identification:_identify(src/ekf_bringup) by extensions ['ignore', 'ignore_ament_install']
[0.183s] Level 1:colcon.colcon_core.package_identification:_identify(src/ekf_bringup) by extension 'ignore'
[0.183s] Level 1:colcon.colcon_core.package_identification:_identify(src/ekf_bringup) by extension 'ignore_ament_install'
[0.183s] Level 1:colcon.colcon_core.package_identification:_identify(src/ekf_bringup) by extensions ['colcon_pkg']
[0.183s] Level 1:colcon.colcon_core.package_identification:_identify(src/ekf_bringup) by extension 'colcon_pkg'
[0.183s] Level 1:colcon.colcon_core.package_identification:_identify(src/ekf_bringup) by extensions ['colcon_meta']
[0.184s] Level 1:colcon.colcon_core.package_identification:_identify(src/ekf_bringup) by extension 'colcon_meta'
[0.184s] Level 1:colcon.colcon_core.package_identification:_identify(src/ekf_bringup) by extensions ['ros']
[0.184s] Level 1:colcon.colcon_core.package_identification:_identify(src/ekf_bringup) by extension 'ros'
[0.184s] DEBUG:colcon.colcon_core.package_identification:Package 'src/ekf_bringup' with type 'ros.ament_python' and name 'ekf_bringup'
[0.184s] Level 1:colcon.colcon_core.package_identification:_identify(src/interfaces) by extensions ['ignore', 'ignore_ament_install']
[0.184s] Level 1:colcon.colcon_core.package_identification:_identify(src/interfaces) by extension 'ignore'
[0.184s] Level 1:colcon.colcon_core.package_identification:_identify(src/interfaces) by extension 'ignore_ament_install'
[0.184s] Level 1:colcon.colcon_core.package_identification:_identify(src/interfaces) by extensions ['colcon_pkg']
[0.184s] Level 1:colcon.colcon_core.package_identification:_identify(src/interfaces) by extension 'colcon_pkg'
[0.184s] Level 1:colcon.colcon_core.package_identification:_identify(src/interfaces) by extensions ['colcon_meta']
[0.184s] Level 1:colcon.colcon_core.package_identification:_identify(src/interfaces) by extension 'colcon_meta'
[0.184s] Level 1:colcon.colcon_core.package_identification:_identify(src/interfaces) by extensions ['ros']
[0.184s] Level 1:colcon.colcon_core.package_identification:_identify(src/interfaces) by extension 'ros'
[0.184s] DEBUG:colcon.colcon_core.package_identification:Package 'src/interfaces' with type 'ros.ament_cmake' and name 'interfaces'
[0.185s] Level 1:colcon.colcon_core.package_identification:_identify(src/largemodel) by extensions ['ignore', 'ignore_ament_install']
[0.185s] Level 1:colcon.colcon_core.package_identification:_identify(src/largemodel) by extension 'ignore'
[0.185s] Level 1:colcon.colcon_core.package_identification:_identify(src/largemodel) by extension 'ignore_ament_install'
[0.185s] Level 1:colcon.colcon_core.package_identification:_identify(src/largemodel) by extensions ['colcon_pkg']
[0.185s] Level 1:colcon.colcon_core.package_identification:_identify(src/largemodel) by extension 'colcon_pkg'
[0.185s] Level 1:colcon.colcon_core.package_identification:_identify(src/largemodel) by extensions ['colcon_meta']
[0.185s] Level 1:colcon.colcon_core.package_identification:_identify(src/largemodel) by extension 'colcon_meta'
[0.185s] Level 1:colcon.colcon_core.package_identification:_identify(src/largemodel) by extensions ['ros']
[0.185s] Level 1:colcon.colcon_core.package_identification:_identify(src/largemodel) by extension 'ros'
[0.185s] DEBUG:colcon.colcon_core.package_identification:Package 'src/largemodel' with type 'ros.ament_python' and name 'largemodel'
[0.185s] Level 1:colcon.colcon_core.package_identification:_identify(src/largemodel_arm) by extensions ['ignore', 'ignore_ament_install']
[0.185s] Level 1:colcon.colcon_core.package_identification:_identify(src/largemodel_arm) by extension 'ignore'
[0.185s] Level 1:colcon.colcon_core.package_identification:_identify(src/largemodel_arm) by extension 'ignore_ament_install'
[0.185s] Level 1:colcon.colcon_core.package_identification:_identify(src/largemodel_arm) by extensions ['colcon_pkg']
[0.185s] Level 1:colcon.colcon_core.package_identification:_identify(src/largemodel_arm) by extension 'colcon_pkg'
[0.185s] Level 1:colcon.colcon_core.package_identification:_identify(src/largemodel_arm) by extensions ['colcon_meta']
[0.185s] Level 1:colcon.colcon_core.package_identification:_identify(src/largemodel_arm) by extension 'colcon_meta'
[0.185s] Level 1:colcon.colcon_core.package_identification:_identify(src/largemodel_arm) by extensions ['ros']
[0.185s] Level 1:colcon.colcon_core.package_identification:_identify(src/largemodel_arm) by extension 'ros'
[0.186s] DEBUG:colcon.colcon_core.package_identification:Package 'src/largemodel_arm' with type 'ros.ament_python' and name 'largemodel_arm'
[0.186s] Level 1:colcon.colcon_core.package_identification:_identify(src/patrol) by extensions ['ignore', 'ignore_ament_install']
[0.186s] Level 1:colcon.colcon_core.package_identification:_identify(src/patrol) by extension 'ignore'
[0.186s] Level 1:colcon.colcon_core.package_identification:_identify(src/patrol) by extension 'ignore_ament_install'
[0.186s] Level 1:colcon.colcon_core.package_identification:_identify(src/patrol) by extensions ['colcon_pkg']
[0.186s] Level 1:colcon.colcon_core.package_identification:_identify(src/patrol) by extension 'colcon_pkg'
[0.186s] Level 1:colcon.colcon_core.package_identification:_identify(src/patrol) by extensions ['colcon_meta']
[0.186s] Level 1:colcon.colcon_core.package_identification:_identify(src/patrol) by extension 'colcon_meta'
[0.186s] Level 1:colcon.colcon_core.package_identification:_identify(src/patrol) by extensions ['ros']
[0.186s] Level 1:colcon.colcon_core.package_identification:_identify(src/patrol) by extension 'ros'
[0.186s] DEBUG:colcon.colcon_core.package_identification:Package 'src/patrol' with type 'ros.ament_python' and name 'patrol'
[0.186s] Level 1:colcon.colcon_core.package_identification:_identify(src/ros_robot_app) by extensions ['ignore', 'ignore_ament_install']
[0.186s] Level 1:colcon.colcon_core.package_identification:_identify(src/ros_robot_app) by extension 'ignore'
[0.186s] Level 1:colcon.colcon_core.package_identification:_identify(src/ros_robot_app) by extension 'ignore_ament_install'
[0.186s] Level 1:colcon.colcon_core.package_identification:_identify(src/ros_robot_app) by extensions ['colcon_pkg']
[0.186s] Level 1:colcon.colcon_core.package_identification:_identify(src/ros_robot_app) by extension 'colcon_pkg'
[0.186s] Level 1:colcon.colcon_core.package_identification:_identify(src/ros_robot_app) by extensions ['colcon_meta']
[0.186s] Level 1:colcon.colcon_core.package_identification:_identify(src/ros_robot_app) by extension 'colcon_meta'
[0.186s] Level 1:colcon.colcon_core.package_identification:_identify(src/ros_robot_app) by extensions ['ros']
[0.186s] Level 1:colcon.colcon_core.package_identification:_identify(src/ros_robot_app) by extension 'ros'
[0.186s] Level 1:colcon.colcon_core.package_identification:_identify(src/ros_robot_app) by extensions ['cmake', 'python']
[0.186s] Level 1:colcon.colcon_core.package_identification:_identify(src/ros_robot_app) by extension 'cmake'
[0.187s] Level 1:colcon.colcon_core.package_identification:_identify(src/ros_robot_app) by extension 'python'
[0.187s] Level 1:colcon.colcon_core.package_identification:_identify(src/ros_robot_app) by extensions ['python_setup_py']
[0.187s] Level 1:colcon.colcon_core.package_identification:_identify(src/ros_robot_app) by extension 'python_setup_py'
[0.187s] Level 1:colcon.colcon_core.package_identification:_identify(src/ros_robot_app/laserscan_to_point_publisher) by extensions ['ignore', 'ignore_ament_install']
[0.187s] Level 1:colcon.colcon_core.package_identification:_identify(src/ros_robot_app/laserscan_to_point_publisher) by extension 'ignore'
[0.187s] Level 1:colcon.colcon_core.package_identification:_identify(src/ros_robot_app/laserscan_to_point_publisher) by extension 'ignore_ament_install'
[0.187s] Level 1:colcon.colcon_core.package_identification:_identify(src/ros_robot_app/laserscan_to_point_publisher) by extensions ['colcon_pkg']
[0.187s] Level 1:colcon.colcon_core.package_identification:_identify(src/ros_robot_app/laserscan_to_point_publisher) by extension 'colcon_pkg'
[0.187s] Level 1:colcon.colcon_core.package_identification:_identify(src/ros_robot_app/laserscan_to_point_publisher) by extensions ['colcon_meta']
[0.187s] Level 1:colcon.colcon_core.package_identification:_identify(src/ros_robot_app/laserscan_to_point_publisher) by extension 'colcon_meta'
[0.187s] Level 1:colcon.colcon_core.package_identification:_identify(src/ros_robot_app/laserscan_to_point_publisher) by extensions ['ros']
[0.187s] Level 1:colcon.colcon_core.package_identification:_identify(src/ros_robot_app/laserscan_to_point_publisher) by extension 'ros'
[0.187s] DEBUG:colcon.colcon_core.package_identification:Package 'src/ros_robot_app/laserscan_to_point_publisher' with type 'ros.ament_python' and name 'laserscan_to_point_publisher'
[0.187s] Level 1:colcon.colcon_core.package_identification:_identify(src/ros_robot_app/robot_pose_publisher_ros2) by extensions ['ignore', 'ignore_ament_install']
[0.187s] Level 1:colcon.colcon_core.package_identification:_identify(src/ros_robot_app/robot_pose_publisher_ros2) by extension 'ignore'
[0.187s] Level 1:colcon.colcon_core.package_identification:_identify(src/ros_robot_app/robot_pose_publisher_ros2) by extension 'ignore_ament_install'
[0.187s] Level 1:colcon.colcon_core.package_identification:_identify(src/ros_robot_app/robot_pose_publisher_ros2) by extensions ['colcon_pkg']
[0.187s] Level 1:colcon.colcon_core.package_identification:_identify(src/ros_robot_app/robot_pose_publisher_ros2) by extension 'colcon_pkg'
[0.187s] Level 1:colcon.colcon_core.package_identification:_identify(src/ros_robot_app/robot_pose_publisher_ros2) by extensions ['colcon_meta']
[0.187s] Level 1:colcon.colcon_core.package_identification:_identify(src/ros_robot_app/robot_pose_publisher_ros2) by extension 'colcon_meta'
[0.187s] Level 1:colcon.colcon_core.package_identification:_identify(src/ros_robot_app/robot_pose_publisher_ros2) by extensions ['ros']
[0.187s] Level 1:colcon.colcon_core.package_identification:_identify(src/ros_robot_app/robot_pose_publisher_ros2) by extension 'ros'
[0.188s] DEBUG:colcon.colcon_core.package_identification:Package 'src/ros_robot_app/robot_pose_publisher_ros2' with type 'ros.ament_cmake' and name 'robot_pose_publisher_ros2'
[0.188s] Level 1:colcon.colcon_core.package_identification:_identify(src/ros_robot_app/yahboom_app_save_map) by extensions ['ignore', 'ignore_ament_install']
[0.188s] Level 1:colcon.colcon_core.package_identification:_identify(src/ros_robot_app/yahboom_app_save_map) by extension 'ignore'
[0.188s] Level 1:colcon.colcon_core.package_identification:_identify(src/ros_robot_app/yahboom_app_save_map) by extension 'ignore_ament_install'
[0.188s] Level 1:colcon.colcon_core.package_identification:_identify(src/ros_robot_app/yahboom_app_save_map) by extensions ['colcon_pkg']
[0.188s] Level 1:colcon.colcon_core.package_identification:_identify(src/ros_robot_app/yahboom_app_save_map) by extension 'colcon_pkg'
[0.188s] Level 1:colcon.colcon_core.package_identification:_identify(src/ros_robot_app/yahboom_app_save_map) by extensions ['colcon_meta']
[0.188s] Level 1:colcon.colcon_core.package_identification:_identify(src/ros_robot_app/yahboom_app_save_map) by extension 'colcon_meta'
[0.188s] Level 1:colcon.colcon_core.package_identification:_identify(src/ros_robot_app/yahboom_app_save_map) by extensions ['ros']
[0.188s] Level 1:colcon.colcon_core.package_identification:_identify(src/ros_robot_app/yahboom_app_save_map) by extension 'ros'
[0.188s] DEBUG:colcon.colcon_core.package_identification:Package 'src/ros_robot_app/yahboom_app_save_map' with type 'ros.ament_python' and name 'yahboom_app_save_map'
[0.188s] Level 1:colcon.colcon_core.package_identification:_identify(src/ros_robot_app/yahboom_web_savmap_interfaces) by extensions ['ignore', 'ignore_ament_install']
[0.188s] Level 1:colcon.colcon_core.package_identification:_identify(src/ros_robot_app/yahboom_web_savmap_interfaces) by extension 'ignore'
[0.188s] Level 1:colcon.colcon_core.package_identification:_identify(src/ros_robot_app/yahboom_web_savmap_interfaces) by extension 'ignore_ament_install'
[0.188s] Level 1:colcon.colcon_core.package_identification:_identify(src/ros_robot_app/yahboom_web_savmap_interfaces) by extensions ['colcon_pkg']
[0.188s] Level 1:colcon.colcon_core.package_identification:_identify(src/ros_robot_app/yahboom_web_savmap_interfaces) by extension 'colcon_pkg'
[0.189s] Level 1:colcon.colcon_core.package_identification:_identify(src/ros_robot_app/yahboom_web_savmap_interfaces) by extensions ['colcon_meta']
[0.189s] Level 1:colcon.colcon_core.package_identification:_identify(src/ros_robot_app/yahboom_web_savmap_interfaces) by extension 'colcon_meta'
[0.189s] Level 1:colcon.colcon_core.package_identification:_identify(src/ros_robot_app/yahboom_web_savmap_interfaces) by extensions ['ros']
[0.189s] Level 1:colcon.colcon_core.package_identification:_identify(src/ros_robot_app/yahboom_web_savmap_interfaces) by extension 'ros'
[0.189s] DEBUG:colcon.colcon_core.package_identification:Package 'src/ros_robot_app/yahboom_web_savmap_interfaces' with type 'ros.ament_cmake' and name 'yahboom_web_savmap_interfaces'
[0.189s] Level 1:colcon.colcon_core.package_identification:_identify(src/slam_mapping) by extensions ['ignore', 'ignore_ament_install']
[0.189s] Level 1:colcon.colcon_core.package_identification:_identify(src/slam_mapping) by extension 'ignore'
[0.189s] Level 1:colcon.colcon_core.package_identification:_identify(src/slam_mapping) by extension 'ignore_ament_install'
[0.189s] Level 1:colcon.colcon_core.package_identification:_identify(src/slam_mapping) by extensions ['colcon_pkg']
[0.189s] Level 1:colcon.colcon_core.package_identification:_identify(src/slam_mapping) by extension 'colcon_pkg'
[0.189s] Level 1:colcon.colcon_core.package_identification:_identify(src/slam_mapping) by extensions ['colcon_meta']
[0.189s] Level 1:colcon.colcon_core.package_identification:_identify(src/slam_mapping) by extension 'colcon_meta'
[0.189s] Level 1:colcon.colcon_core.package_identification:_identify(src/slam_mapping) by extensions ['ros']
[0.189s] Level 1:colcon.colcon_core.package_identification:_identify(src/slam_mapping) by extension 'ros'
[0.189s] DEBUG:colcon.colcon_core.package_identification:Package 'src/slam_mapping' with type 'ros.ament_cmake' and name 'slam_mapping'
[0.189s] Level 1:colcon.colcon_core.package_identification:_identify(src/text_chat) by extensions ['ignore', 'ignore_ament_install']
[0.190s] Level 1:colcon.colcon_core.package_identification:_identify(src/text_chat) by extension 'ignore'
[0.190s] Level 1:colcon.colcon_core.package_identification:_identify(src/text_chat) by extension 'ignore_ament_install'
[0.190s] Level 1:colcon.colcon_core.package_identification:_identify(src/text_chat) by extensions ['colcon_pkg']
[0.190s] Level 1:colcon.colcon_core.package_identification:_identify(src/text_chat) by extension 'colcon_pkg'
[0.190s] Level 1:colcon.colcon_core.package_identification:_identify(src/text_chat) by extensions ['colcon_meta']
[0.190s] Level 1:colcon.colcon_core.package_identification:_identify(src/text_chat) by extension 'colcon_meta'
[0.190s] Level 1:colcon.colcon_core.package_identification:_identify(src/text_chat) by extensions ['ros']
[0.190s] Level 1:colcon.colcon_core.package_identification:_identify(src/text_chat) by extension 'ros'
[0.190s] DEBUG:colcon.colcon_core.package_identification:Package 'src/text_chat' with type 'ros.ament_python' and name 'text_chat'
[0.190s] Level 1:colcon.colcon_core.package_identification:_identify(src/updatecostmap) by extensions ['ignore', 'ignore_ament_install']
[0.190s] Level 1:colcon.colcon_core.package_identification:_identify(src/updatecostmap) by extension 'ignore'
[0.190s] Level 1:colcon.colcon_core.package_identification:_identify(src/updatecostmap) by extension 'ignore_ament_install'
[0.190s] Level 1:colcon.colcon_core.package_identification:_identify(src/updatecostmap) by extensions ['colcon_pkg']
[0.190s] Level 1:colcon.colcon_core.package_identification:_identify(src/updatecostmap) by extension 'colcon_pkg'
[0.190s] Level 1:colcon.colcon_core.package_identification:_identify(src/updatecostmap) by extensions ['colcon_meta']
[0.190s] Level 1:colcon.colcon_core.package_identification:_identify(src/updatecostmap) by extension 'colcon_meta'
[0.190s] Level 1:colcon.colcon_core.package_identification:_identify(src/updatecostmap) by extensions ['ros']
[0.190s] Level 1:colcon.colcon_core.package_identification:_identify(src/updatecostmap) by extension 'ros'
[0.191s] DEBUG:colcon.colcon_core.package_identification:Package 'src/updatecostmap' with type 'ros.ament_cmake' and name 'updatecostmap'
[0.191s] Level 1:colcon.colcon_core.package_identification:_identify(src/yahboom_mapping) by extensions ['ignore', 'ignore_ament_install']
[0.191s] Level 1:colcon.colcon_core.package_identification:_identify(src/yahboom_mapping) by extension 'ignore'
[0.191s] Level 1:colcon.colcon_core.package_identification:_identify(src/yahboom_mapping) by extension 'ignore_ament_install'
[0.191s] Level 1:colcon.colcon_core.package_identification:_identify(src/yahboom_mapping) by extensions ['colcon_pkg']
[0.191s] Level 1:colcon.colcon_core.package_identification:_identify(src/yahboom_mapping) by extension 'colcon_pkg'
[0.191s] Level 1:colcon.colcon_core.package_identification:_identify(src/yahboom_mapping) by extensions ['colcon_meta']
[0.191s] Level 1:colcon.colcon_core.package_identification:_identify(src/yahboom_mapping) by extension 'colcon_meta'
[0.191s] Level 1:colcon.colcon_core.package_identification:_identify(src/yahboom_mapping) by extensions ['ros']
[0.191s] Level 1:colcon.colcon_core.package_identification:_identify(src/yahboom_mapping) by extension 'ros'
[0.192s] DEBUG:colcon.colcon_core.package_identification:Package 'src/yahboom_mapping' with type 'ros.ament_cmake' and name 'yahboom_mapping'
[0.192s] Level 1:colcon.colcon_core.package_identification:_identify(src/yahboom_multi) by extensions ['ignore', 'ignore_ament_install']
[0.192s] Level 1:colcon.colcon_core.package_identification:_identify(src/yahboom_multi) by extension 'ignore'
[0.192s] Level 1:colcon.colcon_core.package_identification:_identify(src/yahboom_multi) by extension 'ignore_ament_install'
[0.192s] Level 1:colcon.colcon_core.package_identification:_identify(src/yahboom_multi) by extensions ['colcon_pkg']
[0.192s] Level 1:colcon.colcon_core.package_identification:_identify(src/yahboom_multi) by extension 'colcon_pkg'
[0.192s] Level 1:colcon.colcon_core.package_identification:_identify(src/yahboom_multi) by extensions ['colcon_meta']
[0.192s] Level 1:colcon.colcon_core.package_identification:_identify(src/yahboom_multi) by extension 'colcon_meta'
[0.192s] Level 1:colcon.colcon_core.package_identification:_identify(src/yahboom_multi) by extensions ['ros']
[0.192s] Level 1:colcon.colcon_core.package_identification:_identify(src/yahboom_multi) by extension 'ros'
[0.192s] DEBUG:colcon.colcon_core.package_identification:Package 'src/yahboom_multi' with type 'ros.ament_python' and name 'yahboom_multi'
[0.192s] Level 1:colcon.colcon_core.package_discovery:discover_packages(recursive) using defaults
[0.192s] Level 1:colcon.colcon_core.package_discovery:discover_packages(ignore) discover
[0.192s] Level 1:colcon.colcon_core.package_discovery:discover_packages(ignore) using defaults
[0.192s] Level 1:colcon.colcon_core.package_discovery:discover_packages(path) discover
[0.192s] Level 1:colcon.colcon_core.package_discovery:discover_packages(path) using defaults
[0.213s] INFO:colcon.colcon_core.package_selection:Skipping not selected package 'M3Pro_KCF' in 'src/M3Pro_KCF'
[0.213s] INFO:colcon.colcon_core.package_selection:Skipping not selected package 'M3Pro_navigation' in 'src/M3Pro_navigation'
[0.213s] INFO:colcon.colcon_core.package_selection:Skipping not selected package 'calibration' in 'src/calibration'
[0.213s] INFO:colcon.colcon_core.package_selection:Skipping not selected package 'ekf_bringup' in 'src/ekf_bringup'
[0.213s] INFO:colcon.colcon_core.package_selection:Skipping not selected package 'imu_complementary_filter' in 'src/M3Pro_core/imu_tools/imu_complementary_filter'
[0.213s] INFO:colcon.colcon_core.package_selection:Skipping not selected package 'imu_filter_madgwick' in 'src/M3Pro_core/imu_tools/imu_filter_madgwick'
[0.213s] INFO:colcon.colcon_core.package_selection:Skipping not selected package 'interfaces' in 'src/interfaces'
[0.213s] INFO:colcon.colcon_core.package_selection:Skipping not selected package 'ira_laser_tools' in 'src/M3Pro_core/ira_laser_tools'
[0.213s] INFO:colcon.colcon_core.package_selection:Skipping not selected package 'largemodel' in 'src/largemodel'
[0.213s] INFO:colcon.colcon_core.package_selection:Skipping not selected package 'largemodel_arm' in 'src/largemodel_arm'
[0.213s] INFO:colcon.colcon_core.package_selection:Skipping not selected package 'laserscan_to_point_publisher' in 'src/ros_robot_app/laserscan_to_point_publisher'
[0.213s] INFO:colcon.colcon_core.package_selection:Skipping not selected package 'openslam_gmapping' in 'src/M3Pro_core/openslam_gmapping'
[0.213s] INFO:colcon.colcon_core.package_selection:Skipping not selected package 'patrol' in 'src/patrol'
[0.213s] INFO:colcon.colcon_core.package_selection:Skipping not selected package 'robot_pose_publisher_ros2' in 'src/ros_robot_app/robot_pose_publisher_ros2'
[0.213s] INFO:colcon.colcon_core.package_selection:Skipping not selected package 'rviz_imu_plugin' in 'src/M3Pro_core/imu_tools/rviz_imu_plugin'
[0.213s] INFO:colcon.colcon_core.package_selection:Skipping not selected package 'slam_mapping' in 'src/slam_mapping'
[0.213s] INFO:colcon.colcon_core.package_selection:Skipping not selected package 'text_chat' in 'src/text_chat'
[0.213s] INFO:colcon.colcon_core.package_selection:Skipping not selected package 'updatecostmap' in 'src/updatecostmap'
[0.213s] INFO:colcon.colcon_core.package_selection:Skipping not selected package 'yahboom_app_save_map' in 'src/ros_robot_app/yahboom_app_save_map'
[0.213s] INFO:colcon.colcon_core.package_selection:Skipping not selected package 'yahboom_laser_filter' in 'src/M3Pro_core/yahboom_laser_filter'
[0.213s] INFO:colcon.colcon_core.package_selection:Skipping not selected package 'yahboom_mapping' in 'src/yahboom_mapping'
[0.213s] INFO:colcon.colcon_core.package_selection:Skipping not selected package 'yahboom_multi' in 'src/yahboom_multi'
[0.213s] INFO:colcon.colcon_core.package_selection:Skipping not selected package 'yahboom_web_savmap_interfaces' in 'src/ros_robot_app/yahboom_web_savmap_interfaces'
[0.213s] INFO:colcon.colcon_core.package_selection:Skipping not selected package 'imu_tools' in 'src/M3Pro_core/imu_tools/imu_tools'
[0.213s] INFO:colcon.colcon_core.package_selection:Skipping not selected package 'slam_gmapping' in 'src/M3Pro_core/slam_gmapping'
[0.214s] Level 1:colcon.colcon_core.package_discovery:discover_packages(prefix_path) check parameters
[0.214s] Level 1:colcon.colcon_core.package_discovery:discover_packages(prefix_path) discover
[0.215s] DEBUG:colcon.colcon_installed_package_information.package_discovery:Found 1 installed packages in /home/pawan/yahboomcar_ws_test/M3Pro_ws/install
[0.215s] DEBUG:colcon.colcon_installed_package_information.package_discovery:Found 417 installed packages in /opt/ros/humble
[0.217s] Level 1:colcon.colcon_core.package_discovery:discover_packages(prefix_path) using defaults
[0.245s] Level 5:colcon.colcon_core.verb:set package 'M3Pro' build argument 'cmake_args' from command line to 'None'
[0.245s] Level 5:colcon.colcon_core.verb:set package 'M3Pro' build argument 'cmake_target' from command line to 'None'
[0.245s] Level 5:colcon.colcon_core.verb:set package 'M3Pro' build argument 'cmake_target_skip_unavailable' from command line to 'False'
[0.245s] Level 5:colcon.colcon_core.verb:set package 'M3Pro' build argument 'cmake_clean_cache' from command line to 'False'
[0.245s] Level 5:colcon.colcon_core.verb:set package 'M3Pro' build argument 'cmake_clean_first' from command line to 'False'
[0.245s] Level 5:colcon.colcon_core.verb:set package 'M3Pro' build argument 'cmake_force_configure' from command line to 'False'
[0.245s] Level 5:colcon.colcon_core.verb:set package 'M3Pro' build argument 'ament_cmake_args' from command line to 'None'
[0.245s] Level 5:colcon.colcon_core.verb:set package 'M3Pro' build argument 'catkin_cmake_args' from command line to 'None'
[0.245s] Level 5:colcon.colcon_core.verb:set package 'M3Pro' build argument 'catkin_skip_building_tests' from command line to 'False'
[0.245s] DEBUG:colcon.colcon_core.verb:Building package 'M3Pro' with the following arguments: {'ament_cmake_args': None, 'build_base': '/home/pawan/yahboomcar_ws_test/M3Pro_ws/build/M3Pro', 'catkin_cmake_args': None, 'catkin_skip_building_tests': False, 'cmake_args': None, 'cmake_clean_cache': False, 'cmake_clean_first': False, 'cmake_force_configure': False, 'cmake_target': None, 'cmake_target_skip_unavailable': False, 'install_base': '/home/pawan/yahboomcar_ws_test/M3Pro_ws/install/M3Pro', 'merge_install': False, 'path': '/home/pawan/yahboomcar_ws_test/M3Pro_ws/src/M3Pro', 'symlink_install': False, 'test_result_base': None}
[0.245s] INFO:colcon.colcon_core.executor:Executing jobs using 'parallel' executor
[0.246s] DEBUG:colcon.colcon_parallel_executor.executor.parallel:run_until_complete
[0.247s] INFO:colcon.colcon_ros.task.ament_cmake.build:Building ROS package in '/home/pawan/yahboomcar_ws_test/M3Pro_ws/src/M3Pro' with build type 'ament_cmake'
[0.247s] INFO:colcon.colcon_cmake.task.cmake.build:Building CMake package in '/home/pawan/yahboomcar_ws_test/M3Pro_ws/src/M3Pro'
[0.248s] INFO:colcon.colcon_core.plugin_system:Skipping extension 'colcon_core.shell.bat': Not used on non-Windows systems
[0.248s] INFO:colcon.colcon_core.shell:Skip shell extension 'powershell' for command environment: Not usable outside of PowerShell
[0.248s] DEBUG:colcon.colcon_core.shell:Skip shell extension 'dsv' for command environment
[0.254s] DEBUG:colcon.colcon_core.event_handler.log_command:Invoking command in '/home/pawan/yahboomcar_ws_test/M3Pro_ws/build/M3Pro': CMAKE_PREFIX_PATH=${CMAKE_PREFIX_PATH}:/opt/ros/humble /usr/bin/cmake --build /home/pawan/yahboomcar_ws_test/M3Pro_ws/build/M3Pro -- -j20 -l20
[0.290s] DEBUG:colcon.colcon_core.event_handler.log_command:Invoked command in '/home/pawan/yahboomcar_ws_test/M3Pro_ws/build/M3Pro' returned '0': CMAKE_PREFIX_PATH=${CMAKE_PREFIX_PATH}:/opt/ros/humble /usr/bin/cmake --build /home/pawan/yahboomcar_ws_test/M3Pro_ws/build/M3Pro -- -j20 -l20
[0.301s] DEBUG:colcon.colcon_core.event_handler.log_command:Invoking command in '/home/pawan/yahboomcar_ws_test/M3Pro_ws/build/M3Pro': CMAKE_PREFIX_PATH=${CMAKE_PREFIX_PATH}:/opt/ros/humble /usr/bin/cmake --install /home/pawan/yahboomcar_ws_test/M3Pro_ws/build/M3Pro
[0.314s] Level 1:colcon.colcon_core.environment:create_environment_scripts_only(M3Pro)
[0.314s] DEBUG:colcon.colcon_core.event_handler.log_command:Invoked command in '/home/pawan/yahboomcar_ws_test/M3Pro_ws/build/M3Pro' returned '0': CMAKE_PREFIX_PATH=${CMAKE_PREFIX_PATH}:/opt/ros/humble /usr/bin/cmake --install /home/pawan/yahboomcar_ws_test/M3Pro_ws/build/M3Pro
[0.316s] Level 1:colcon.colcon_core.environment:checking '/home/pawan/yahboomcar_ws_test/M3Pro_ws/install/M3Pro' for CMake module files
[0.317s] Level 1:colcon.colcon_core.environment:checking '/home/pawan/yahboomcar_ws_test/M3Pro_ws/install/M3Pro' for CMake config files
[0.317s] Level 1:colcon.colcon_core.shell:create_environment_hook('M3Pro', 'cmake_prefix_path')
[0.317s] INFO:colcon.colcon_core.shell:Creating environment hook '/home/pawan/yahboomcar_ws_test/M3Pro_ws/install/M3Pro/share/M3Pro/hook/cmake_prefix_path.ps1'
[0.318s] INFO:colcon.colcon_core.shell:Creating environment descriptor '/home/pawan/yahboomcar_ws_test/M3Pro_ws/install/M3Pro/share/M3Pro/hook/cmake_prefix_path.dsv'
[0.319s] INFO:colcon.colcon_core.shell:Creating environment hook '/home/pawan/yahboomcar_ws_test/M3Pro_ws/install/M3Pro/share/M3Pro/hook/cmake_prefix_path.sh'
[0.320s] Level 1:colcon.colcon_core.environment:checking '/home/pawan/yahboomcar_ws_test/M3Pro_ws/install/M3Pro/bin'
[0.320s] Level 1:colcon.colcon_core.environment:checking '/home/pawan/yahboomcar_ws_test/M3Pro_ws/install/M3Pro/lib/pkgconfig/M3Pro.pc'
[0.320s] Level 1:colcon.colcon_core.environment:checking '/home/pawan/yahboomcar_ws_test/M3Pro_ws/install/M3Pro/lib/python3.10/site-packages'
[0.321s] Level 1:colcon.colcon_core.environment:checking '/home/pawan/yahboomcar_ws_test/M3Pro_ws/install/M3Pro/bin'
[0.321s] INFO:colcon.colcon_core.shell:Creating package script '/home/pawan/yahboomcar_ws_test/M3Pro_ws/install/M3Pro/share/M3Pro/package.ps1'
[0.322s] INFO:colcon.colcon_core.shell:Creating package descriptor '/home/pawan/yahboomcar_ws_test/M3Pro_ws/install/M3Pro/share/M3Pro/package.dsv'
[0.323s] INFO:colcon.colcon_core.shell:Creating package script '/home/pawan/yahboomcar_ws_test/M3Pro_ws/install/M3Pro/share/M3Pro/package.sh'
[0.323s] INFO:colcon.colcon_core.shell:Creating package script '/home/pawan/yahboomcar_ws_test/M3Pro_ws/install/M3Pro/share/M3Pro/package.bash'
[0.324s] INFO:colcon.colcon_core.shell:Creating package script '/home/pawan/yahboomcar_ws_test/M3Pro_ws/install/M3Pro/share/M3Pro/package.zsh'
[0.325s] Level 1:colcon.colcon_core.environment:create_file_with_runtime_dependencies(/home/pawan/yahboomcar_ws_test/M3Pro_ws/install/M3Pro/share/colcon-core/packages/M3Pro)
[0.325s] Level 1:colcon.colcon_core.environment:create_environment_scripts_only(M3Pro)
[0.325s] Level 1:colcon.colcon_core.environment:checking '/home/pawan/yahboomcar_ws_test/M3Pro_ws/install/M3Pro' for CMake module files
[0.326s] Level 1:colcon.colcon_core.environment:checking '/home/pawan/yahboomcar_ws_test/M3Pro_ws/install/M3Pro' for CMake config files
[0.326s] Level 1:colcon.colcon_core.shell:create_environment_hook('M3Pro', 'cmake_prefix_path')
[0.326s] INFO:colcon.colcon_core.shell:Creating environment hook '/home/pawan/yahboomcar_ws_test/M3Pro_ws/install/M3Pro/share/M3Pro/hook/cmake_prefix_path.ps1'
[0.326s] INFO:colcon.colcon_core.shell:Creating environment descriptor '/home/pawan/yahboomcar_ws_test/M3Pro_ws/install/M3Pro/share/M3Pro/hook/cmake_prefix_path.dsv'
[0.327s] INFO:colcon.colcon_core.shell:Creating environment hook '/home/pawan/yahboomcar_ws_test/M3Pro_ws/install/M3Pro/share/M3Pro/hook/cmake_prefix_path.sh'
[0.327s] Level 1:colcon.colcon_core.environment:checking '/home/pawan/yahboomcar_ws_test/M3Pro_ws/install/M3Pro/bin'
[0.327s] Level 1:colcon.colcon_core.environment:checking '/home/pawan/yahboomcar_ws_test/M3Pro_ws/install/M3Pro/lib/pkgconfig/M3Pro.pc'
[0.327s] Level 1:colcon.colcon_core.environment:checking '/home/pawan/yahboomcar_ws_test/M3Pro_ws/install/M3Pro/lib/python3.10/site-packages'
[0.328s] Level 1:colcon.colcon_core.environment:checking '/home/pawan/yahboomcar_ws_test/M3Pro_ws/install/M3Pro/bin'
[0.328s] INFO:colcon.colcon_core.shell:Creating package script '/home/pawan/yahboomcar_ws_test/M3Pro_ws/install/M3Pro/share/M3Pro/package.ps1'
[0.328s] INFO:colcon.colcon_core.shell:Creating package descriptor '/home/pawan/yahboomcar_ws_test/M3Pro_ws/install/M3Pro/share/M3Pro/package.dsv'
[0.328s] INFO:colcon.colcon_core.shell:Creating package script '/home/pawan/yahboomcar_ws_test/M3Pro_ws/install/M3Pro/share/M3Pro/package.sh'
[0.329s] INFO:colcon.colcon_core.shell:Creating package script '/home/pawan/yahboomcar_ws_test/M3Pro_ws/install/M3Pro/share/M3Pro/package.bash'
[0.329s] INFO:colcon.colcon_core.shell:Creating package script '/home/pawan/yahboomcar_ws_test/M3Pro_ws/install/M3Pro/share/M3Pro/package.zsh'
[0.329s] Level 1:colcon.colcon_core.environment:create_file_with_runtime_dependencies(/home/pawan/yahboomcar_ws_test/M3Pro_ws/install/M3Pro/share/colcon-core/packages/M3Pro)
[0.329s] DEBUG:colcon.colcon_parallel_executor.executor.parallel:closing loop
[0.330s] DEBUG:colcon.colcon_parallel_executor.executor.parallel:loop closed
[0.330s] DEBUG:colcon.colcon_parallel_executor.executor.parallel:run_until_complete finished with '0'
[0.330s] DEBUG:colcon.colcon_core.event_reactor:joining thread
[0.333s] INFO:colcon.colcon_core.plugin_system:Skipping extension 'colcon_notification.desktop_notification.terminal_notifier': Not used on non-Darwin systems
[0.333s] INFO:colcon.colcon_core.plugin_system:Skipping extension 'colcon_notification.desktop_notification.win32': Not used on non-Windows systems
[0.333s] INFO:colcon.colcon_notification.desktop_notification:Sending desktop notification using 'notify2'
[0.349s] DEBUG:colcon.colcon_core.event_reactor:joined thread
[0.350s] INFO:colcon.colcon_core.shell:Creating prefix script '/home/pawan/yahboomcar_ws_test/M3Pro_ws/install/local_setup.ps1'
[0.351s] INFO:colcon.colcon_core.shell:Creating prefix util module '/home/pawan/yahboomcar_ws_test/M3Pro_ws/install/_local_setup_util_ps1.py'
[0.352s] INFO:colcon.colcon_core.shell:Creating prefix chain script '/home/pawan/yahboomcar_ws_test/M3Pro_ws/install/setup.ps1'
[0.353s] INFO:colcon.colcon_core.shell:Creating prefix script '/home/pawan/yahboomcar_ws_test/M3Pro_ws/install/local_setup.sh'
[0.353s] INFO:colcon.colcon_core.shell:Creating prefix util module '/home/pawan/yahboomcar_ws_test/M3Pro_ws/install/_local_setup_util_sh.py'
[0.354s] INFO:colcon.colcon_core.shell:Creating prefix chain script '/home/pawan/yahboomcar_ws_test/M3Pro_ws/install/setup.sh'
[0.355s] INFO:colcon.colcon_core.shell:Creating prefix script '/home/pawan/yahboomcar_ws_test/M3Pro_ws/install/local_setup.bash'
[0.355s] INFO:colcon.colcon_core.shell:Creating prefix chain script '/home/pawan/yahboomcar_ws_test/M3Pro_ws/install/setup.bash'
[0.356s] INFO:colcon.colcon_core.shell:Creating prefix script '/home/pawan/yahboomcar_ws_test/M3Pro_ws/install/local_setup.zsh'
[0.356s] INFO:colcon.colcon_core.shell:Creating prefix chain script '/home/pawan/yahboomcar_ws_test/M3Pro_ws/install/setup.zsh'
