[0.007s] Invoking command in '/home/pawan/yahboomcar_ws_test/M3Pro_ws/build/ira_laser_tools': CMAKE_PREFIX_PATH=${CMAKE_PREFIX_PATH}:/opt/ros/humble /usr/bin/cmake /home/pawan/yahboomcar_ws_test/M3Pro_ws/src/M3Pro_core/ira_laser_tools -DCMAKE_INSTALL_PREFIX=/home/pawan/yahboomcar_ws_test/M3Pro_ws/install/ira_laser_tools
[0.016s] -- Found ament_cmake: 1.3.14 (/opt/ros/humble/share/ament_cmake/cmake)
[0.104s] -- Found rclcpp: 16.0.19 (/opt/ros/humble/share/rclcpp/cmake)
[0.125s] -- Found rosidl_generator_c: 3.1.8 (/opt/ros/humble/share/rosidl_generator_c/cmake)
[0.126s] -- Found rosidl_adapter: 3.1.8 (/opt/ros/humble/share/rosidl_adapter/cmake)
[0.130s] -- Found rosidl_generator_cpp: 3.1.8 (/opt/ros/humble/share/rosidl_generator_cpp/cmake)
[0.137s] -- Using all available rosidl_typesupport_c: rosidl_typesupport_fastrtps_c;rosidl_typesupport_introspection_c
[0.145s] -- Using all available rosidl_typesupport_cpp: rosidl_typesupport_fastrtps_cpp;rosidl_typesupport_introspection_cpp
[0.165s] -- Found rmw_implementation_cmake: 6.1.2 (/opt/ros/humble/share/rmw_implementation_cmake/cmake)
[0.166s] -- Found rmw_fastrtps_cpp: 6.2.10 (/opt/ros/humble/share/rmw_fastrtps_cpp/cmake)
[0.241s] -- Using RMW implementation 'rmw_fastrtps_cpp' as default
[0.273s] -- Found rclcpp_action: 16.0.19 (/opt/ros/humble/share/rclcpp_action/cmake)
[0.292s] -- Found rclcpp_lifecycle: 16.0.19 (/opt/ros/humble/share/rclcpp_lifecycle/cmake)
[0.303s] -- Found geometry_msgs: 4.9.1 (/opt/ros/humble/share/geometry_msgs/cmake)
[0.311s] -- Found sensor_msgs: 4.9.1 (/opt/ros/humble/share/sensor_msgs/cmake)
[0.322s] -- Found laser_geometry: 2.4.1 (/opt/ros/humble/share/laser_geometry/cmake)
[0.328s] -- Found tf2_ros: 0.25.20 (/opt/ros/humble/share/tf2_ros/cmake)
[0.367s] [31mCMake Error at CMakeLists.txt:27 (find_package):
[0.367s]   By not providing "Findpcl_ros.cmake" in CMAKE_MODULE_PATH this project has
[0.367s]   asked CMake to find a package configuration file provided by "pcl_ros", but
[0.367s]   CMake did not find one.
[0.367s] 
[0.367s]   Could not find a package configuration file provided by "pcl_ros" with any
[0.367s]   of the following names:
[0.367s] 
[0.367s]     pcl_rosConfig.cmake
[0.367s]     pcl_ros-config.cmake
[0.367s] 
[0.367s]   Add the installation prefix of "pcl_ros" to CMAKE_PREFIX_PATH or set
[0.368s]   "pcl_ros_DIR" to a directory containing one of the above files.  If
[0.368s]   "pcl_ros" provides a separate development package or SDK, be sure it has
[0.368s]   been installed.
[0.368s] 
[0.368s] [0m
[0.368s] -- Configuring incomplete, errors occurred!
[0.368s] See also "/home/pawan/yahboomcar_ws_test/M3Pro_ws/build/ira_laser_tools/CMakeFiles/CMakeOutput.log".
[0.372s] Invoked command in '/home/pawan/yahboomcar_ws_test/M3Pro_ws/build/ira_laser_tools' returned '1': CMAKE_PREFIX_PATH=${CMAKE_PREFIX_PATH}:/opt/ros/humble /usr/bin/cmake /home/pawan/yahboomcar_ws_test/M3Pro_ws/src/M3Pro_core/ira_laser_tools -DCMAKE_INSTALL_PREFIX=/home/pawan/yahboomcar_ws_test/M3Pro_ws/install/ira_laser_tools
