[35m[1mConsolidate compiler generated dependencies of target arm_msgs__rosidl_generator_c[0m
[  2%] Built target arm_msgs__cpp
[ 12%] Built target arm_msgs__rosidl_generator_c
[ 15%] Built target arm_msgs__rs
[ 15%] Built target ament_cmake_python_copy_arm_msgs
[35m[1mConsolidate compiler generated dependencies of target arm_msgs__rosidl_typesupport_fastrtps_cpp[0m
[35m[1mConsolidate compiler generated dependencies of target arm_msgs__rosidl_typesupport_fastrtps_c[0m
[35m[1mConsolidate compiler generated dependencies of target arm_msgs__rosidl_typesupport_introspection_cpp[0m
[35m[1mConsolidate compiler generated dependencies of target arm_msgs__rosidl_typesupport_cpp[0m
[35m[1mConsolidate compiler generated dependencies of target arm_msgs__rosidl_typesupport_introspection_c[0m
[35m[1mConsolidate compiler generated dependencies of target arm_msgs__rosidl_typesupport_c[0m
[ 25%] Built target arm_msgs__rosidl_typesupport_fastrtps_cpp
[ 35%] Built target arm_msgs__rosidl_typesupport_fastrtps_c
[ 45%] Built target arm_msgs__rosidl_typesupport_c
[ 55%] Built target arm_msgs__rosidl_typesupport_introspection_c
[ 65%] Built target arm_msgs__rosidl_typesupport_introspection_cpp
[ 75%] Built target arm_msgs__rosidl_typesupport_cpp
[ 75%] Built target arm_msgs
[ 77%] Built target arm_msgs__py
[35m[1mConsolidate compiler generated dependencies of target arm_msgs__rosidl_generator_py[0m
[ 85%] Built target arm_msgs__rosidl_generator_py
[35m[1mConsolidate compiler generated dependencies of target arm_msgs__rosidl_typesupport_c__pyext[0m
[35m[1mConsolidate compiler generated dependencies of target arm_msgs__rosidl_typesupport_introspection_c__pyext[0m
[35m[1mConsolidate compiler generated dependencies of target arm_msgs__rosidl_typesupport_fastrtps_c__pyext[0m
[100%] Built target arm_msgs__rosidl_typesupport_fastrtps_c__pyext
[100%] Built target arm_msgs__rosidl_typesupport_introspection_c__pyext
[100%] Built target arm_msgs__rosidl_typesupport_c__pyext
running egg_info
writing arm_msgs.egg-info/PKG-INFO
writing dependency_links to arm_msgs.egg-info/dependency_links.txt
writing top-level names to arm_msgs.egg-info/top_level.txt
reading manifest file 'arm_msgs.egg-info/SOURCES.txt'
writing manifest file 'arm_msgs.egg-info/SOURCES.txt'
[100%] Built target ament_cmake_python_build_arm_msgs_egg
-- Install configuration: ""
-- Installing: /home/pawan/yahboomcar_ws_test/yahboomcar_ws/install/arm_msgs/share/ament_index/resource_index/rosidl_interfaces/arm_msgs
-- Installing: /home/pawan/yahboomcar_ws_test/yahboomcar_ws/install/arm_msgs/include/arm_msgs/arm_msgs
-- Installing: /home/pawan/yahboomcar_ws_test/yahboomcar_ws/install/arm_msgs/include/arm_msgs/arm_msgs/msg
-- Installing: /home/pawan/yahboomcar_ws_test/yahboomcar_ws/install/arm_msgs/include/arm_msgs/arm_msgs/msg/detail
-- Installing: /home/pawan/yahboomcar_ws_test/yahboomcar_ws/install/arm_msgs/include/arm_msgs/arm_msgs/msg/detail/arm_joint__type_support.h
-- Installing: /home/pawan/yahboomcar_ws_test/yahboomcar_ws/install/arm_msgs/include/arm_msgs/arm_msgs/msg/detail/arm_joints__type_support.h
-- Installing: /home/pawan/yahboomcar_ws_test/yahboomcar_ws/install/arm_msgs/include/arm_msgs/arm_msgs/msg/detail/arm_joint__functions.h
-- Installing: /home/pawan/yahboomcar_ws_test/yahboomcar_ws/install/arm_msgs/include/arm_msgs/arm_msgs/msg/detail/arm_joints__struct.h
-- Installing: /home/pawan/yahboomcar_ws_test/yahboomcar_ws/install/arm_msgs/include/arm_msgs/arm_msgs/msg/detail/arm_joint__functions.c
-- Installing: /home/pawan/yahboomcar_ws_test/yahboomcar_ws/install/arm_msgs/include/arm_msgs/arm_msgs/msg/detail/arm_joints__functions.h
-- Installing: /home/pawan/yahboomcar_ws_test/yahboomcar_ws/install/arm_msgs/include/arm_msgs/arm_msgs/msg/detail/arm_joint__struct.h
-- Installing: /home/pawan/yahboomcar_ws_test/yahboomcar_ws/install/arm_msgs/include/arm_msgs/arm_msgs/msg/detail/arm_joints__functions.c
-- Installing: /home/pawan/yahboomcar_ws_test/yahboomcar_ws/install/arm_msgs/include/arm_msgs/arm_msgs/msg/arm_joints.h
-- Installing: /home/pawan/yahboomcar_ws_test/yahboomcar_ws/install/arm_msgs/include/arm_msgs/arm_msgs/msg/rosidl_generator_c__visibility_control.h
-- Installing: /home/pawan/yahboomcar_ws_test/yahboomcar_ws/install/arm_msgs/include/arm_msgs/arm_msgs/msg/arm_joint.h
-- Installing: /home/pawan/yahboomcar_ws_test/yahboomcar_ws/install/arm_msgs/share/arm_msgs/environment/library_path.sh
-- Installing: /home/pawan/yahboomcar_ws_test/yahboomcar_ws/install/arm_msgs/share/arm_msgs/environment/library_path.dsv
-- Installing: /home/pawan/yahboomcar_ws_test/yahboomcar_ws/install/arm_msgs/lib/libarm_msgs__rosidl_generator_c.so
-- Set runtime path of "/home/pawan/yahboomcar_ws_test/yahboomcar_ws/install/arm_msgs/lib/libarm_msgs__rosidl_generator_c.so" to ""
-- Up-to-date: /home/pawan/yahboomcar_ws_test/yahboomcar_ws/install/arm_msgs/include/arm_msgs/arm_msgs
-- Up-to-date: /home/pawan/yahboomcar_ws_test/yahboomcar_ws/install/arm_msgs/include/arm_msgs/arm_msgs/msg
-- Installing: /home/pawan/yahboomcar_ws_test/yahboomcar_ws/install/arm_msgs/include/arm_msgs/arm_msgs/msg/rosidl_typesupport_fastrtps_c__visibility_control.h
-- Up-to-date: /home/pawan/yahboomcar_ws_test/yahboomcar_ws/install/arm_msgs/include/arm_msgs/arm_msgs/msg/detail
-- Installing: /home/pawan/yahboomcar_ws_test/yahboomcar_ws/install/arm_msgs/include/arm_msgs/arm_msgs/msg/detail/arm_joints__rosidl_typesupport_fastrtps_c.h
-- Installing: /home/pawan/yahboomcar_ws_test/yahboomcar_ws/install/arm_msgs/include/arm_msgs/arm_msgs/msg/detail/arm_joint__rosidl_typesupport_fastrtps_c.h
-- Installing: /home/pawan/yahboomcar_ws_test/yahboomcar_ws/install/arm_msgs/lib/libarm_msgs__rosidl_typesupport_fastrtps_c.so
-- Set runtime path of "/home/pawan/yahboomcar_ws_test/yahboomcar_ws/install/arm_msgs/lib/libarm_msgs__rosidl_typesupport_fastrtps_c.so" to ""
-- Up-to-date: /home/pawan/yahboomcar_ws_test/yahboomcar_ws/install/arm_msgs/include/arm_msgs/arm_msgs
-- Up-to-date: /home/pawan/yahboomcar_ws_test/yahboomcar_ws/install/arm_msgs/include/arm_msgs/arm_msgs/msg
-- Installing: /home/pawan/yahboomcar_ws_test/yahboomcar_ws/install/arm_msgs/include/arm_msgs/arm_msgs/msg/rosidl_typesupport_introspection_c__visibility_control.h
-- Up-to-date: /home/pawan/yahboomcar_ws_test/yahboomcar_ws/install/arm_msgs/include/arm_msgs/arm_msgs/msg/detail
-- Installing: /home/pawan/yahboomcar_ws_test/yahboomcar_ws/install/arm_msgs/include/arm_msgs/arm_msgs/msg/detail/arm_joint__rosidl_typesupport_introspection_c.h
-- Installing: /home/pawan/yahboomcar_ws_test/yahboomcar_ws/install/arm_msgs/include/arm_msgs/arm_msgs/msg/detail/arm_joint__type_support.c
-- Installing: /home/pawan/yahboomcar_ws_test/yahboomcar_ws/install/arm_msgs/include/arm_msgs/arm_msgs/msg/detail/arm_joints__type_support.c
-- Installing: /home/pawan/yahboomcar_ws_test/yahboomcar_ws/install/arm_msgs/include/arm_msgs/arm_msgs/msg/detail/arm_joints__rosidl_typesupport_introspection_c.h
-- Installing: /home/pawan/yahboomcar_ws_test/yahboomcar_ws/install/arm_msgs/lib/libarm_msgs__rosidl_typesupport_introspection_c.so
-- Set runtime path of "/home/pawan/yahboomcar_ws_test/yahboomcar_ws/install/arm_msgs/lib/libarm_msgs__rosidl_typesupport_introspection_c.so" to ""
-- Installing: /home/pawan/yahboomcar_ws_test/yahboomcar_ws/install/arm_msgs/lib/libarm_msgs__rosidl_typesupport_c.so
-- Set runtime path of "/home/pawan/yahboomcar_ws_test/yahboomcar_ws/install/arm_msgs/lib/libarm_msgs__rosidl_typesupport_c.so" to ""
-- Up-to-date: /home/pawan/yahboomcar_ws_test/yahboomcar_ws/install/arm_msgs/include/arm_msgs/arm_msgs
-- Up-to-date: /home/pawan/yahboomcar_ws_test/yahboomcar_ws/install/arm_msgs/include/arm_msgs/arm_msgs/msg
-- Installing: /home/pawan/yahboomcar_ws_test/yahboomcar_ws/install/arm_msgs/include/arm_msgs/arm_msgs/msg/rosidl_generator_cpp__visibility_control.hpp
-- Up-to-date: /home/pawan/yahboomcar_ws_test/yahboomcar_ws/install/arm_msgs/include/arm_msgs/arm_msgs/msg/detail
-- Installing: /home/pawan/yahboomcar_ws_test/yahboomcar_ws/install/arm_msgs/include/arm_msgs/arm_msgs/msg/detail/arm_joint__builder.hpp
-- Installing: /home/pawan/yahboomcar_ws_test/yahboomcar_ws/install/arm_msgs/include/arm_msgs/arm_msgs/msg/detail/arm_joint__traits.hpp
-- Installing: /home/pawan/yahboomcar_ws_test/yahboomcar_ws/install/arm_msgs/include/arm_msgs/arm_msgs/msg/detail/arm_joints__struct.hpp
-- Installing: /home/pawan/yahboomcar_ws_test/yahboomcar_ws/install/arm_msgs/include/arm_msgs/arm_msgs/msg/detail/arm_joint__struct.hpp
-- Installing: /home/pawan/yahboomcar_ws_test/yahboomcar_ws/install/arm_msgs/include/arm_msgs/arm_msgs/msg/detail/arm_joints__builder.hpp
-- Installing: /home/pawan/yahboomcar_ws_test/yahboomcar_ws/install/arm_msgs/include/arm_msgs/arm_msgs/msg/detail/arm_joints__traits.hpp
-- Installing: /home/pawan/yahboomcar_ws_test/yahboomcar_ws/install/arm_msgs/include/arm_msgs/arm_msgs/msg/detail/arm_joints__type_support.hpp
-- Installing: /home/pawan/yahboomcar_ws_test/yahboomcar_ws/install/arm_msgs/include/arm_msgs/arm_msgs/msg/detail/arm_joint__type_support.hpp
-- Installing: /home/pawan/yahboomcar_ws_test/yahboomcar_ws/install/arm_msgs/include/arm_msgs/arm_msgs/msg/arm_joints.hpp
-- Installing: /home/pawan/yahboomcar_ws_test/yahboomcar_ws/install/arm_msgs/include/arm_msgs/arm_msgs/msg/arm_joint.hpp
-- Up-to-date: /home/pawan/yahboomcar_ws_test/yahboomcar_ws/install/arm_msgs/include/arm_msgs/arm_msgs
-- Up-to-date: /home/pawan/yahboomcar_ws_test/yahboomcar_ws/install/arm_msgs/include/arm_msgs/arm_msgs/msg
-- Up-to-date: /home/pawan/yahboomcar_ws_test/yahboomcar_ws/install/arm_msgs/include/arm_msgs/arm_msgs/msg/detail
-- Installing: /home/pawan/yahboomcar_ws_test/yahboomcar_ws/install/arm_msgs/include/arm_msgs/arm_msgs/msg/detail/arm_joint__rosidl_typesupport_fastrtps_cpp.hpp
-- Installing: /home/pawan/yahboomcar_ws_test/yahboomcar_ws/install/arm_msgs/include/arm_msgs/arm_msgs/msg/detail/dds_fastrtps
-- Installing: /home/pawan/yahboomcar_ws_test/yahboomcar_ws/install/arm_msgs/include/arm_msgs/arm_msgs/msg/detail/arm_joints__rosidl_typesupport_fastrtps_cpp.hpp
-- Installing: /home/pawan/yahboomcar_ws_test/yahboomcar_ws/install/arm_msgs/include/arm_msgs/arm_msgs/msg/rosidl_typesupport_fastrtps_cpp__visibility_control.h
-- Installing: /home/pawan/yahboomcar_ws_test/yahboomcar_ws/install/arm_msgs/lib/libarm_msgs__rosidl_typesupport_fastrtps_cpp.so
-- Set runtime path of "/home/pawan/yahboomcar_ws_test/yahboomcar_ws/install/arm_msgs/lib/libarm_msgs__rosidl_typesupport_fastrtps_cpp.so" to ""
-- Up-to-date: /home/pawan/yahboomcar_ws_test/yahboomcar_ws/install/arm_msgs/include/arm_msgs/arm_msgs
-- Up-to-date: /home/pawan/yahboomcar_ws_test/yahboomcar_ws/install/arm_msgs/include/arm_msgs/arm_msgs/msg
-- Up-to-date: /home/pawan/yahboomcar_ws_test/yahboomcar_ws/install/arm_msgs/include/arm_msgs/arm_msgs/msg/detail
-- Installing: /home/pawan/yahboomcar_ws_test/yahboomcar_ws/install/arm_msgs/include/arm_msgs/arm_msgs/msg/detail/arm_joints__type_support.cpp
-- Installing: /home/pawan/yahboomcar_ws_test/yahboomcar_ws/install/arm_msgs/include/arm_msgs/arm_msgs/msg/detail/arm_joint__type_support.cpp
-- Installing: /home/pawan/yahboomcar_ws_test/yahboomcar_ws/install/arm_msgs/include/arm_msgs/arm_msgs/msg/detail/arm_joints__rosidl_typesupport_introspection_cpp.hpp
-- Installing: /home/pawan/yahboomcar_ws_test/yahboomcar_ws/install/arm_msgs/include/arm_msgs/arm_msgs/msg/detail/arm_joint__rosidl_typesupport_introspection_cpp.hpp
-- Installing: /home/pawan/yahboomcar_ws_test/yahboomcar_ws/install/arm_msgs/lib/libarm_msgs__rosidl_typesupport_introspection_cpp.so
-- Set runtime path of "/home/pawan/yahboomcar_ws_test/yahboomcar_ws/install/arm_msgs/lib/libarm_msgs__rosidl_typesupport_introspection_cpp.so" to ""
-- Installing: /home/pawan/yahboomcar_ws_test/yahboomcar_ws/install/arm_msgs/lib/libarm_msgs__rosidl_typesupport_cpp.so
-- Set runtime path of "/home/pawan/yahboomcar_ws_test/yahboomcar_ws/install/arm_msgs/lib/libarm_msgs__rosidl_typesupport_cpp.so" to ""
-- Installing: /home/pawan/yahboomcar_ws_test/yahboomcar_ws/install/arm_msgs/share/arm_msgs/environment/pythonpath.sh
-- Installing: /home/pawan/yahboomcar_ws_test/yahboomcar_ws/install/arm_msgs/share/arm_msgs/environment/pythonpath.dsv
-- Installing: /home/pawan/yahboomcar_ws_test/yahboomcar_ws/install/arm_msgs/local/lib/python3.10/dist-packages/arm_msgs-0.0.0-py3.10.egg-info
-- Installing: /home/pawan/yahboomcar_ws_test/yahboomcar_ws/install/arm_msgs/local/lib/python3.10/dist-packages/arm_msgs-0.0.0-py3.10.egg-info/dependency_links.txt
-- Installing: /home/pawan/yahboomcar_ws_test/yahboomcar_ws/install/arm_msgs/local/lib/python3.10/dist-packages/arm_msgs-0.0.0-py3.10.egg-info/SOURCES.txt
-- Installing: /home/pawan/yahboomcar_ws_test/yahboomcar_ws/install/arm_msgs/local/lib/python3.10/dist-packages/arm_msgs-0.0.0-py3.10.egg-info/PKG-INFO
-- Installing: /home/pawan/yahboomcar_ws_test/yahboomcar_ws/install/arm_msgs/local/lib/python3.10/dist-packages/arm_msgs-0.0.0-py3.10.egg-info/top_level.txt
-- Installing: /home/pawan/yahboomcar_ws_test/yahboomcar_ws/install/arm_msgs/local/lib/python3.10/dist-packages/arm_msgs
-- Installing: /home/pawan/yahboomcar_ws_test/yahboomcar_ws/install/arm_msgs/local/lib/python3.10/dist-packages/arm_msgs/_arm_msgs_s.ep.rosidl_typesupport_c.c
-- Installing: /home/pawan/yahboomcar_ws_test/yahboomcar_ws/install/arm_msgs/local/lib/python3.10/dist-packages/arm_msgs/_arm_msgs_s.ep.rosidl_typesupport_fastrtps_c.c
-- Installing: /home/pawan/yahboomcar_ws_test/yahboomcar_ws/install/arm_msgs/local/lib/python3.10/dist-packages/arm_msgs/__init__.py
-- Installing: /home/pawan/yahboomcar_ws_test/yahboomcar_ws/install/arm_msgs/local/lib/python3.10/dist-packages/arm_msgs/msg
-- Installing: /home/pawan/yahboomcar_ws_test/yahboomcar_ws/install/arm_msgs/local/lib/python3.10/dist-packages/arm_msgs/msg/_arm_joints_s.c
-- Installing: /home/pawan/yahboomcar_ws_test/yahboomcar_ws/install/arm_msgs/local/lib/python3.10/dist-packages/arm_msgs/msg/__init__.py
-- Installing: /home/pawan/yahboomcar_ws_test/yahboomcar_ws/install/arm_msgs/local/lib/python3.10/dist-packages/arm_msgs/msg/_arm_joints.py
-- Installing: /home/pawan/yahboomcar_ws_test/yahboomcar_ws/install/arm_msgs/local/lib/python3.10/dist-packages/arm_msgs/msg/_arm_joint.py
-- Installing: /home/pawan/yahboomcar_ws_test/yahboomcar_ws/install/arm_msgs/local/lib/python3.10/dist-packages/arm_msgs/msg/_arm_joint_s.c
-- Installing: /home/pawan/yahboomcar_ws_test/yahboomcar_ws/install/arm_msgs/local/lib/python3.10/dist-packages/arm_msgs/arm_msgs_s__rosidl_typesupport_fastrtps_c.cpython-310-x86_64-linux-gnu.so
-- Installing: /home/pawan/yahboomcar_ws_test/yahboomcar_ws/install/arm_msgs/local/lib/python3.10/dist-packages/arm_msgs/arm_msgs_s__rosidl_typesupport_introspection_c.cpython-310-x86_64-linux-gnu.so
-- Installing: /home/pawan/yahboomcar_ws_test/yahboomcar_ws/install/arm_msgs/local/lib/python3.10/dist-packages/arm_msgs/arm_msgs_s__rosidl_typesupport_c.cpython-310-x86_64-linux-gnu.so
-- Installing: /home/pawan/yahboomcar_ws_test/yahboomcar_ws/install/arm_msgs/local/lib/python3.10/dist-packages/arm_msgs/_arm_msgs_s.ep.rosidl_typesupport_introspection_c.c
-- Installing: /home/pawan/yahboomcar_ws_test/yahboomcar_ws/install/arm_msgs/local/lib/python3.10/dist-packages/arm_msgs/libarm_msgs__rosidl_generator_py.so
Listing '/home/pawan/yahboomcar_ws_test/yahboomcar_ws/install/arm_msgs/local/lib/python3.10/dist-packages/arm_msgs'...
Compiling '/home/pawan/yahboomcar_ws_test/yahboomcar_ws/install/arm_msgs/local/lib/python3.10/dist-packages/arm_msgs/__init__.py'...
Listing '/home/pawan/yahboomcar_ws_test/yahboomcar_ws/install/arm_msgs/local/lib/python3.10/dist-packages/arm_msgs/msg'...
Compiling '/home/pawan/yahboomcar_ws_test/yahboomcar_ws/install/arm_msgs/local/lib/python3.10/dist-packages/arm_msgs/msg/__init__.py'...
Compiling '/home/pawan/yahboomcar_ws_test/yahboomcar_ws/install/arm_msgs/local/lib/python3.10/dist-packages/arm_msgs/msg/_arm_joint.py'...
Compiling '/home/pawan/yahboomcar_ws_test/yahboomcar_ws/install/arm_msgs/local/lib/python3.10/dist-packages/arm_msgs/msg/_arm_joints.py'...
-- Installing: /home/pawan/yahboomcar_ws_test/yahboomcar_ws/install/arm_msgs/local/lib/python3.10/dist-packages/arm_msgs/arm_msgs_s__rosidl_typesupport_fastrtps_c.cpython-310-x86_64-linux-gnu.so
-- Set runtime path of "/home/pawan/yahboomcar_ws_test/yahboomcar_ws/install/arm_msgs/local/lib/python3.10/dist-packages/arm_msgs/arm_msgs_s__rosidl_typesupport_fastrtps_c.cpython-310-x86_64-linux-gnu.so" to ""
-- Installing: /home/pawan/yahboomcar_ws_test/yahboomcar_ws/install/arm_msgs/local/lib/python3.10/dist-packages/arm_msgs/arm_msgs_s__rosidl_typesupport_introspection_c.cpython-310-x86_64-linux-gnu.so
-- Set runtime path of "/home/pawan/yahboomcar_ws_test/yahboomcar_ws/install/arm_msgs/local/lib/python3.10/dist-packages/arm_msgs/arm_msgs_s__rosidl_typesupport_introspection_c.cpython-310-x86_64-linux-gnu.so" to ""
-- Installing: /home/pawan/yahboomcar_ws_test/yahboomcar_ws/install/arm_msgs/local/lib/python3.10/dist-packages/arm_msgs/arm_msgs_s__rosidl_typesupport_c.cpython-310-x86_64-linux-gnu.so
-- Set runtime path of "/home/pawan/yahboomcar_ws_test/yahboomcar_ws/install/arm_msgs/local/lib/python3.10/dist-packages/arm_msgs/arm_msgs_s__rosidl_typesupport_c.cpython-310-x86_64-linux-gnu.so" to ""
-- Installing: /home/pawan/yahboomcar_ws_test/yahboomcar_ws/install/arm_msgs/lib/libarm_msgs__rosidl_generator_py.so
-- Set runtime path of "/home/pawan/yahboomcar_ws_test/yahboomcar_ws/install/arm_msgs/lib/libarm_msgs__rosidl_generator_py.so" to ""
-- Installing: /home/pawan/yahboomcar_ws_test/yahboomcar_ws/install/arm_msgs/share/ament_index/resource_index/rust_packages/arm_msgs
-- Installing: /home/pawan/yahboomcar_ws_test/yahboomcar_ws/install/arm_msgs/share/arm_msgs/rust
-- Installing: /home/pawan/yahboomcar_ws_test/yahboomcar_ws/install/arm_msgs/share/arm_msgs/rust/Cargo.toml
-- Installing: /home/pawan/yahboomcar_ws_test/yahboomcar_ws/install/arm_msgs/share/arm_msgs/rust/src
-- Installing: /home/pawan/yahboomcar_ws_test/yahboomcar_ws/install/arm_msgs/share/arm_msgs/rust/src/msg
-- Installing: /home/pawan/yahboomcar_ws_test/yahboomcar_ws/install/arm_msgs/share/arm_msgs/rust/src/msg/rmw.rs
-- Installing: /home/pawan/yahboomcar_ws_test/yahboomcar_ws/install/arm_msgs/share/arm_msgs/rust/src/msg.rs
-- Installing: /home/pawan/yahboomcar_ws_test/yahboomcar_ws/install/arm_msgs/share/arm_msgs/rust/src/lib.rs
-- Installing: /home/pawan/yahboomcar_ws_test/yahboomcar_ws/install/arm_msgs/share/arm_msgs/rust/build.rs
-- Installing: /home/pawan/yahboomcar_ws_test/yahboomcar_ws/install/arm_msgs/share/arm_msgs/msg/ArmJoint.idl
-- Installing: /home/pawan/yahboomcar_ws_test/yahboomcar_ws/install/arm_msgs/share/arm_msgs/msg/ArmJoints.idl
-- Installing: /home/pawan/yahboomcar_ws_test/yahboomcar_ws/install/arm_msgs/share/arm_msgs/msg/ArmJoint.msg
-- Installing: /home/pawan/yahboomcar_ws_test/yahboomcar_ws/install/arm_msgs/share/arm_msgs/msg/ArmJoints.msg
-- Installing: /home/pawan/yahboomcar_ws_test/yahboomcar_ws/install/arm_msgs/share/ament_index/resource_index/package_run_dependencies/arm_msgs
-- Installing: /home/pawan/yahboomcar_ws_test/yahboomcar_ws/install/arm_msgs/share/ament_index/resource_index/parent_prefix_path/arm_msgs
-- Installing: /home/pawan/yahboomcar_ws_test/yahboomcar_ws/install/arm_msgs/share/arm_msgs/environment/ament_prefix_path.sh
-- Installing: /home/pawan/yahboomcar_ws_test/yahboomcar_ws/install/arm_msgs/share/arm_msgs/environment/ament_prefix_path.dsv
-- Installing: /home/pawan/yahboomcar_ws_test/yahboomcar_ws/install/arm_msgs/share/arm_msgs/environment/path.sh
-- Installing: /home/pawan/yahboomcar_ws_test/yahboomcar_ws/install/arm_msgs/share/arm_msgs/environment/path.dsv
-- Installing: /home/pawan/yahboomcar_ws_test/yahboomcar_ws/install/arm_msgs/share/arm_msgs/local_setup.bash
-- Installing: /home/pawan/yahboomcar_ws_test/yahboomcar_ws/install/arm_msgs/share/arm_msgs/local_setup.sh
-- Installing: /home/pawan/yahboomcar_ws_test/yahboomcar_ws/install/arm_msgs/share/arm_msgs/local_setup.zsh
-- Installing: /home/pawan/yahboomcar_ws_test/yahboomcar_ws/install/arm_msgs/share/arm_msgs/local_setup.dsv
-- Installing: /home/pawan/yahboomcar_ws_test/yahboomcar_ws/install/arm_msgs/share/arm_msgs/package.dsv
-- Installing: /home/pawan/yahboomcar_ws_test/yahboomcar_ws/install/arm_msgs/share/ament_index/resource_index/packages/arm_msgs
-- Installing: /home/pawan/yahboomcar_ws_test/yahboomcar_ws/install/arm_msgs/share/arm_msgs/cmake/export_arm_msgs__rosidl_generator_cExport.cmake
-- Installing: /home/pawan/yahboomcar_ws_test/yahboomcar_ws/install/arm_msgs/share/arm_msgs/cmake/export_arm_msgs__rosidl_generator_cExport-noconfig.cmake
-- Installing: /home/pawan/yahboomcar_ws_test/yahboomcar_ws/install/arm_msgs/share/arm_msgs/cmake/export_arm_msgs__rosidl_typesupport_fastrtps_cExport.cmake
-- Installing: /home/pawan/yahboomcar_ws_test/yahboomcar_ws/install/arm_msgs/share/arm_msgs/cmake/export_arm_msgs__rosidl_typesupport_fastrtps_cExport-noconfig.cmake
-- Installing: /home/pawan/yahboomcar_ws_test/yahboomcar_ws/install/arm_msgs/share/arm_msgs/cmake/arm_msgs__rosidl_typesupport_introspection_cExport.cmake
-- Installing: /home/pawan/yahboomcar_ws_test/yahboomcar_ws/install/arm_msgs/share/arm_msgs/cmake/arm_msgs__rosidl_typesupport_introspection_cExport-noconfig.cmake
-- Installing: /home/pawan/yahboomcar_ws_test/yahboomcar_ws/install/arm_msgs/share/arm_msgs/cmake/arm_msgs__rosidl_typesupport_cExport.cmake
-- Installing: /home/pawan/yahboomcar_ws_test/yahboomcar_ws/install/arm_msgs/share/arm_msgs/cmake/arm_msgs__rosidl_typesupport_cExport-noconfig.cmake
-- Installing: /home/pawan/yahboomcar_ws_test/yahboomcar_ws/install/arm_msgs/share/arm_msgs/cmake/export_arm_msgs__rosidl_generator_cppExport.cmake
-- Installing: /home/pawan/yahboomcar_ws_test/yahboomcar_ws/install/arm_msgs/share/arm_msgs/cmake/export_arm_msgs__rosidl_typesupport_fastrtps_cppExport.cmake
-- Installing: /home/pawan/yahboomcar_ws_test/yahboomcar_ws/install/arm_msgs/share/arm_msgs/cmake/export_arm_msgs__rosidl_typesupport_fastrtps_cppExport-noconfig.cmake
-- Installing: /home/pawan/yahboomcar_ws_test/yahboomcar_ws/install/arm_msgs/share/arm_msgs/cmake/arm_msgs__rosidl_typesupport_introspection_cppExport.cmake
-- Installing: /home/pawan/yahboomcar_ws_test/yahboomcar_ws/install/arm_msgs/share/arm_msgs/cmake/arm_msgs__rosidl_typesupport_introspection_cppExport-noconfig.cmake
-- Installing: /home/pawan/yahboomcar_ws_test/yahboomcar_ws/install/arm_msgs/share/arm_msgs/cmake/arm_msgs__rosidl_typesupport_cppExport.cmake
-- Installing: /home/pawan/yahboomcar_ws_test/yahboomcar_ws/install/arm_msgs/share/arm_msgs/cmake/arm_msgs__rosidl_typesupport_cppExport-noconfig.cmake
-- Installing: /home/pawan/yahboomcar_ws_test/yahboomcar_ws/install/arm_msgs/share/arm_msgs/cmake/export_arm_msgs__rosidl_generator_pyExport.cmake
-- Installing: /home/pawan/yahboomcar_ws_test/yahboomcar_ws/install/arm_msgs/share/arm_msgs/cmake/export_arm_msgs__rosidl_generator_pyExport-noconfig.cmake
-- Installing: /home/pawan/yahboomcar_ws_test/yahboomcar_ws/install/arm_msgs/share/arm_msgs/cmake/rosidl_cmake-extras.cmake
-- Installing: /home/pawan/yahboomcar_ws_test/yahboomcar_ws/install/arm_msgs/share/arm_msgs/cmake/ament_cmake_export_include_directories-extras.cmake
-- Installing: /home/pawan/yahboomcar_ws_test/yahboomcar_ws/install/arm_msgs/share/arm_msgs/cmake/ament_cmake_export_libraries-extras.cmake
-- Installing: /home/pawan/yahboomcar_ws_test/yahboomcar_ws/install/arm_msgs/share/arm_msgs/cmake/ament_cmake_export_targets-extras.cmake
-- Installing: /home/pawan/yahboomcar_ws_test/yahboomcar_ws/install/arm_msgs/share/arm_msgs/cmake/rosidl_cmake_export_typesupport_targets-extras.cmake
-- Installing: /home/pawan/yahboomcar_ws_test/yahboomcar_ws/install/arm_msgs/share/arm_msgs/cmake/ament_cmake_export_dependencies-extras.cmake
-- Installing: /home/pawan/yahboomcar_ws_test/yahboomcar_ws/install/arm_msgs/share/arm_msgs/cmake/rosidl_cmake_export_typesupport_libraries-extras.cmake
-- Installing: /home/pawan/yahboomcar_ws_test/yahboomcar_ws/install/arm_msgs/share/arm_msgs/cmake/arm_msgsConfig.cmake
-- Installing: /home/pawan/yahboomcar_ws_test/yahboomcar_ws/install/arm_msgs/share/arm_msgs/cmake/arm_msgsConfig-version.cmake
-- Installing: /home/pawan/yahboomcar_ws_test/yahboomcar_ws/install/arm_msgs/share/arm_msgs/package.xml
