[0.757s] Invoking command in '/home/pawan/yahboomcar_ws_test/yahboomcar_ws/build/arm_msgs': CMAKE_PREFIX_PATH=${CMAKE_PREFIX_PATH}:/home/pawan/yahboomcar_ws_test/yahboomcar_ws/install/yahboom_M3Pro_description:/opt/ros/humble /usr/bin/cmake --build /home/pawan/yahboomcar_ws_test/yahboomcar_ws/build/arm_msgs -- -j20 -l20
[1.284s] [35m[1mConsolidate compiler generated dependencies of target arm_msgs__rosidl_generator_c[0m
[1.284s] [  2%] Built target arm_msgs__cpp
[1.284s] [ 12%] Built target arm_msgs__rosidl_generator_c
[1.284s] [ 15%] Built target arm_msgs__rs
[1.284s] [ 15%] Built target ament_cmake_python_copy_arm_msgs
[1.284s] [35m[1mConsolidate compiler generated dependencies of target arm_msgs__rosidl_typesupport_fastrtps_cpp[0m
[1.284s] [35m[1mConsolidate compiler generated dependencies of target arm_msgs__rosidl_typesupport_fastrtps_c[0m
[1.284s] [35m[1mConsolidate compiler generated dependencies of target arm_msgs__rosidl_typesupport_introspection_cpp[0m
[1.284s] [35m[1mConsolidate compiler generated dependencies of target arm_msgs__rosidl_typesupport_cpp[0m
[1.284s] [35m[1mConsolidate compiler generated dependencies of target arm_msgs__rosidl_typesupport_introspection_c[0m
[1.284s] [35m[1mConsolidate compiler generated dependencies of target arm_msgs__rosidl_typesupport_c[0m
[1.284s] [ 25%] Built target arm_msgs__rosidl_typesupport_fastrtps_cpp
[1.284s] [ 35%] Built target arm_msgs__rosidl_typesupport_fastrtps_c
[1.285s] [ 45%] Built target arm_msgs__rosidl_typesupport_c
[1.285s] [ 55%] Built target arm_msgs__rosidl_typesupport_introspection_c
[1.285s] [ 65%] Built target arm_msgs__rosidl_typesupport_introspection_cpp
[1.285s] [ 75%] Built target arm_msgs__rosidl_typesupport_cpp
[1.285s] [ 75%] Built target arm_msgs
[1.285s] [ 77%] Built target arm_msgs__py
[1.285s] [35m[1mConsolidate compiler generated dependencies of target arm_msgs__rosidl_generator_py[0m
[1.285s] [ 85%] Built target arm_msgs__rosidl_generator_py
[1.285s] [35m[1mConsolidate compiler generated dependencies of target arm_msgs__rosidl_typesupport_c__pyext[0m
[1.285s] [35m[1mConsolidate compiler generated dependencies of target arm_msgs__rosidl_typesupport_introspection_c__pyext[0m
[1.285s] [35m[1mConsolidate compiler generated dependencies of target arm_msgs__rosidl_typesupport_fastrtps_c__pyext[0m
[1.285s] [100%] Built target arm_msgs__rosidl_typesupport_fastrtps_c__pyext
[1.285s] [100%] Built target arm_msgs__rosidl_typesupport_introspection_c__pyext
[1.285s] [100%] Built target arm_msgs__rosidl_typesupport_c__pyext
[1.285s] running egg_info
[1.285s] writing arm_msgs.egg-info/PKG-INFO
[1.285s] writing dependency_links to arm_msgs.egg-info/dependency_links.txt
[1.285s] writing top-level names to arm_msgs.egg-info/top_level.txt
[1.285s] reading manifest file 'arm_msgs.egg-info/SOURCES.txt'
[1.285s] writing manifest file 'arm_msgs.egg-info/SOURCES.txt'
[1.285s] [100%] Built target ament_cmake_python_build_arm_msgs_egg
[1.299s] Invoked command in '/home/pawan/yahboomcar_ws_test/yahboomcar_ws/build/arm_msgs' returned '0': CMAKE_PREFIX_PATH=${CMAKE_PREFIX_PATH}:/home/pawan/yahboomcar_ws_test/yahboomcar_ws/install/yahboom_M3Pro_description:/opt/ros/humble /usr/bin/cmake --build /home/pawan/yahboomcar_ws_test/yahboomcar_ws/build/arm_msgs -- -j20 -l20
[1.300s] Invoking command in '/home/pawan/yahboomcar_ws_test/yahboomcar_ws/build/arm_msgs': CMAKE_PREFIX_PATH=${CMAKE_PREFIX_PATH}:/home/pawan/yahboomcar_ws_test/yahboomcar_ws/install/yahboom_M3Pro_description:/opt/ros/humble /usr/bin/cmake --install /home/pawan/yahboomcar_ws_test/yahboomcar_ws/build/arm_msgs
[1.311s] -- Install configuration: ""
[1.311s] -- Installing: /home/pawan/yahboomcar_ws_test/yahboomcar_ws/install/arm_msgs/share/ament_index/resource_index/rosidl_interfaces/arm_msgs
[1.312s] -- Installing: /home/pawan/yahboomcar_ws_test/yahboomcar_ws/install/arm_msgs/include/arm_msgs/arm_msgs
[1.313s] -- Installing: /home/pawan/yahboomcar_ws_test/yahboomcar_ws/install/arm_msgs/include/arm_msgs/arm_msgs/msg
[1.314s] -- Installing: /home/pawan/yahboomcar_ws_test/yahboomcar_ws/install/arm_msgs/include/arm_msgs/arm_msgs/msg/detail
[1.319s] -- Installing: /home/pawan/yahboomcar_ws_test/yahboomcar_ws/install/arm_msgs/include/arm_msgs/arm_msgs/msg/detail/arm_joint__type_support.h
[1.319s] -- Installing: /home/pawan/yahboomcar_ws_test/yahboomcar_ws/install/arm_msgs/include/arm_msgs/arm_msgs/msg/detail/arm_joints__type_support.h
[1.320s] -- Installing: /home/pawan/yahboomcar_ws_test/yahboomcar_ws/install/arm_msgs/include/arm_msgs/arm_msgs/msg/detail/arm_joint__functions.h
[1.320s] -- Installing: /home/pawan/yahboomcar_ws_test/yahboomcar_ws/install/arm_msgs/include/arm_msgs/arm_msgs/msg/detail/arm_joints__struct.h
[1.321s] -- Installing: /home/pawan/yahboomcar_ws_test/yahboomcar_ws/install/arm_msgs/include/arm_msgs/arm_msgs/msg/detail/arm_joint__functions.c
[1.321s] -- Installing: /home/pawan/yahboomcar_ws_test/yahboomcar_ws/install/arm_msgs/include/arm_msgs/arm_msgs/msg/detail/arm_joints__functions.h
[1.321s] -- Installing: /home/pawan/yahboomcar_ws_test/yahboomcar_ws/install/arm_msgs/include/arm_msgs/arm_msgs/msg/detail/arm_joint__struct.h
[1.326s] -- Installing: /home/pawan/yahboomcar_ws_test/yahboomcar_ws/install/arm_msgs/include/arm_msgs/arm_msgs/msg/detail/arm_joints__functions.c
[1.328s] -- Installing: /home/pawan/yahboomcar_ws_test/yahboomcar_ws/install/arm_msgs/include/arm_msgs/arm_msgs/msg/arm_joints.h
[1.328s] -- Installing: /home/pawan/yahboomcar_ws_test/yahboomcar_ws/install/arm_msgs/include/arm_msgs/arm_msgs/msg/rosidl_generator_c__visibility_control.h
[1.328s] -- Installing: /home/pawan/yahboomcar_ws_test/yahboomcar_ws/install/arm_msgs/include/arm_msgs/arm_msgs/msg/arm_joint.h
[1.336s] -- Installing: /home/pawan/yahboomcar_ws_test/yahboomcar_ws/install/arm_msgs/share/arm_msgs/environment/library_path.sh
[1.336s] -- Installing: /home/pawan/yahboomcar_ws_test/yahboomcar_ws/install/arm_msgs/share/arm_msgs/environment/library_path.dsv
[1.336s] -- Installing: /home/pawan/yahboomcar_ws_test/yahboomcar_ws/install/arm_msgs/lib/libarm_msgs__rosidl_generator_c.so
[1.336s] -- Set runtime path of "/home/pawan/yahboomcar_ws_test/yahboomcar_ws/install/arm_msgs/lib/libarm_msgs__rosidl_generator_c.so" to ""
[1.337s] -- Up-to-date: /home/pawan/yahboomcar_ws_test/yahboomcar_ws/install/arm_msgs/include/arm_msgs/arm_msgs
[1.339s] -- Up-to-date: /home/pawan/yahboomcar_ws_test/yahboomcar_ws/install/arm_msgs/include/arm_msgs/arm_msgs/msg
[1.340s] -- Installing: /home/pawan/yahboomcar_ws_test/yahboomcar_ws/install/arm_msgs/include/arm_msgs/arm_msgs/msg/rosidl_typesupport_fastrtps_c__visibility_control.h
[1.340s] -- Up-to-date: /home/pawan/yahboomcar_ws_test/yahboomcar_ws/install/arm_msgs/include/arm_msgs/arm_msgs/msg/detail
[1.340s] -- Installing: /home/pawan/yahboomcar_ws_test/yahboomcar_ws/install/arm_msgs/include/arm_msgs/arm_msgs/msg/detail/arm_joints__rosidl_typesupport_fastrtps_c.h
[1.340s] -- Installing: /home/pawan/yahboomcar_ws_test/yahboomcar_ws/install/arm_msgs/include/arm_msgs/arm_msgs/msg/detail/arm_joint__rosidl_typesupport_fastrtps_c.h
[1.340s] -- Installing: /home/pawan/yahboomcar_ws_test/yahboomcar_ws/install/arm_msgs/lib/libarm_msgs__rosidl_typesupport_fastrtps_c.so
[1.341s] -- Set runtime path of "/home/pawan/yahboomcar_ws_test/yahboomcar_ws/install/arm_msgs/lib/libarm_msgs__rosidl_typesupport_fastrtps_c.so" to ""
[1.341s] -- Up-to-date: /home/pawan/yahboomcar_ws_test/yahboomcar_ws/install/arm_msgs/include/arm_msgs/arm_msgs
[1.341s] -- Up-to-date: /home/pawan/yahboomcar_ws_test/yahboomcar_ws/install/arm_msgs/include/arm_msgs/arm_msgs/msg
[1.341s] -- Installing: /home/pawan/yahboomcar_ws_test/yahboomcar_ws/install/arm_msgs/include/arm_msgs/arm_msgs/msg/rosidl_typesupport_introspection_c__visibility_control.h
[1.341s] -- Up-to-date: /home/pawan/yahboomcar_ws_test/yahboomcar_ws/install/arm_msgs/include/arm_msgs/arm_msgs/msg/detail
[1.341s] -- Installing: /home/pawan/yahboomcar_ws_test/yahboomcar_ws/install/arm_msgs/include/arm_msgs/arm_msgs/msg/detail/arm_joint__rosidl_typesupport_introspection_c.h
[1.341s] -- Installing: /home/pawan/yahboomcar_ws_test/yahboomcar_ws/install/arm_msgs/include/arm_msgs/arm_msgs/msg/detail/arm_joint__type_support.c
[1.341s] -- Installing: /home/pawan/yahboomcar_ws_test/yahboomcar_ws/install/arm_msgs/include/arm_msgs/arm_msgs/msg/detail/arm_joints__type_support.c
[1.341s] -- Installing: /home/pawan/yahboomcar_ws_test/yahboomcar_ws/install/arm_msgs/include/arm_msgs/arm_msgs/msg/detail/arm_joints__rosidl_typesupport_introspection_c.h
[1.341s] -- Installing: /home/pawan/yahboomcar_ws_test/yahboomcar_ws/install/arm_msgs/lib/libarm_msgs__rosidl_typesupport_introspection_c.so
[1.342s] -- Set runtime path of "/home/pawan/yahboomcar_ws_test/yahboomcar_ws/install/arm_msgs/lib/libarm_msgs__rosidl_typesupport_introspection_c.so" to ""
[1.342s] -- Installing: /home/pawan/yahboomcar_ws_test/yahboomcar_ws/install/arm_msgs/lib/libarm_msgs__rosidl_typesupport_c.so
[1.343s] -- Set runtime path of "/home/pawan/yahboomcar_ws_test/yahboomcar_ws/install/arm_msgs/lib/libarm_msgs__rosidl_typesupport_c.so" to ""
[1.343s] -- Up-to-date: /home/pawan/yahboomcar_ws_test/yahboomcar_ws/install/arm_msgs/include/arm_msgs/arm_msgs
[1.343s] -- Up-to-date: /home/pawan/yahboomcar_ws_test/yahboomcar_ws/install/arm_msgs/include/arm_msgs/arm_msgs/msg
[1.343s] -- Installing: /home/pawan/yahboomcar_ws_test/yahboomcar_ws/install/arm_msgs/include/arm_msgs/arm_msgs/msg/rosidl_generator_cpp__visibility_control.hpp
[1.343s] -- Up-to-date: /home/pawan/yahboomcar_ws_test/yahboomcar_ws/install/arm_msgs/include/arm_msgs/arm_msgs/msg/detail
[1.344s] -- Installing: /home/pawan/yahboomcar_ws_test/yahboomcar_ws/install/arm_msgs/include/arm_msgs/arm_msgs/msg/detail/arm_joint__builder.hpp
[1.344s] -- Installing: /home/pawan/yahboomcar_ws_test/yahboomcar_ws/install/arm_msgs/include/arm_msgs/arm_msgs/msg/detail/arm_joint__traits.hpp
[1.344s] -- Installing: /home/pawan/yahboomcar_ws_test/yahboomcar_ws/install/arm_msgs/include/arm_msgs/arm_msgs/msg/detail/arm_joints__struct.hpp
[1.344s] -- Installing: /home/pawan/yahboomcar_ws_test/yahboomcar_ws/install/arm_msgs/include/arm_msgs/arm_msgs/msg/detail/arm_joint__struct.hpp
[1.344s] -- Installing: /home/pawan/yahboomcar_ws_test/yahboomcar_ws/install/arm_msgs/include/arm_msgs/arm_msgs/msg/detail/arm_joints__builder.hpp
[1.344s] -- Installing: /home/pawan/yahboomcar_ws_test/yahboomcar_ws/install/arm_msgs/include/arm_msgs/arm_msgs/msg/detail/arm_joints__traits.hpp
[1.344s] -- Installing: /home/pawan/yahboomcar_ws_test/yahboomcar_ws/install/arm_msgs/include/arm_msgs/arm_msgs/msg/detail/arm_joints__type_support.hpp
[1.344s] -- Installing: /home/pawan/yahboomcar_ws_test/yahboomcar_ws/install/arm_msgs/include/arm_msgs/arm_msgs/msg/detail/arm_joint__type_support.hpp
[1.344s] -- Installing: /home/pawan/yahboomcar_ws_test/yahboomcar_ws/install/arm_msgs/include/arm_msgs/arm_msgs/msg/arm_joints.hpp
[1.344s] -- Installing: /home/pawan/yahboomcar_ws_test/yahboomcar_ws/install/arm_msgs/include/arm_msgs/arm_msgs/msg/arm_joint.hpp
[1.344s] -- Up-to-date: /home/pawan/yahboomcar_ws_test/yahboomcar_ws/install/arm_msgs/include/arm_msgs/arm_msgs
[1.344s] -- Up-to-date: /home/pawan/yahboomcar_ws_test/yahboomcar_ws/install/arm_msgs/include/arm_msgs/arm_msgs/msg
[1.345s] -- Up-to-date: /home/pawan/yahboomcar_ws_test/yahboomcar_ws/install/arm_msgs/include/arm_msgs/arm_msgs/msg/detail
[1.345s] -- Installing: /home/pawan/yahboomcar_ws_test/yahboomcar_ws/install/arm_msgs/include/arm_msgs/arm_msgs/msg/detail/arm_joint__rosidl_typesupport_fastrtps_cpp.hpp
[1.345s] -- Installing: /home/pawan/yahboomcar_ws_test/yahboomcar_ws/install/arm_msgs/include/arm_msgs/arm_msgs/msg/detail/dds_fastrtps
[1.345s] -- Installing: /home/pawan/yahboomcar_ws_test/yahboomcar_ws/install/arm_msgs/include/arm_msgs/arm_msgs/msg/detail/arm_joints__rosidl_typesupport_fastrtps_cpp.hpp
[1.345s] -- Installing: /home/pawan/yahboomcar_ws_test/yahboomcar_ws/install/arm_msgs/include/arm_msgs/arm_msgs/msg/rosidl_typesupport_fastrtps_cpp__visibility_control.h
[1.345s] -- Installing: /home/pawan/yahboomcar_ws_test/yahboomcar_ws/install/arm_msgs/lib/libarm_msgs__rosidl_typesupport_fastrtps_cpp.so
[1.345s] -- Set runtime path of "/home/pawan/yahboomcar_ws_test/yahboomcar_ws/install/arm_msgs/lib/libarm_msgs__rosidl_typesupport_fastrtps_cpp.so" to ""
[1.345s] -- Up-to-date: /home/pawan/yahboomcar_ws_test/yahboomcar_ws/install/arm_msgs/include/arm_msgs/arm_msgs
[1.345s] -- Up-to-date: /home/pawan/yahboomcar_ws_test/yahboomcar_ws/install/arm_msgs/include/arm_msgs/arm_msgs/msg
[1.345s] -- Up-to-date: /home/pawan/yahboomcar_ws_test/yahboomcar_ws/install/arm_msgs/include/arm_msgs/arm_msgs/msg/detail
[1.346s] -- Installing: /home/pawan/yahboomcar_ws_test/yahboomcar_ws/install/arm_msgs/include/arm_msgs/arm_msgs/msg/detail/arm_joints__type_support.cpp
[1.346s] -- Installing: /home/pawan/yahboomcar_ws_test/yahboomcar_ws/install/arm_msgs/include/arm_msgs/arm_msgs/msg/detail/arm_joint__type_support.cpp
[1.346s] -- Installing: /home/pawan/yahboomcar_ws_test/yahboomcar_ws/install/arm_msgs/include/arm_msgs/arm_msgs/msg/detail/arm_joints__rosidl_typesupport_introspection_cpp.hpp
[1.346s] -- Installing: /home/pawan/yahboomcar_ws_test/yahboomcar_ws/install/arm_msgs/include/arm_msgs/arm_msgs/msg/detail/arm_joint__rosidl_typesupport_introspection_cpp.hpp
[1.346s] -- Installing: /home/pawan/yahboomcar_ws_test/yahboomcar_ws/install/arm_msgs/lib/libarm_msgs__rosidl_typesupport_introspection_cpp.so
[1.346s] -- Set runtime path of "/home/pawan/yahboomcar_ws_test/yahboomcar_ws/install/arm_msgs/lib/libarm_msgs__rosidl_typesupport_introspection_cpp.so" to ""
[1.346s] -- Installing: /home/pawan/yahboomcar_ws_test/yahboomcar_ws/install/arm_msgs/lib/libarm_msgs__rosidl_typesupport_cpp.so
[1.347s] -- Set runtime path of "/home/pawan/yahboomcar_ws_test/yahboomcar_ws/install/arm_msgs/lib/libarm_msgs__rosidl_typesupport_cpp.so" to ""
[1.347s] -- Installing: /home/pawan/yahboomcar_ws_test/yahboomcar_ws/install/arm_msgs/share/arm_msgs/environment/pythonpath.sh
[1.348s] -- Installing: /home/pawan/yahboomcar_ws_test/yahboomcar_ws/install/arm_msgs/share/arm_msgs/environment/pythonpath.dsv
[1.348s] -- Installing: /home/pawan/yahboomcar_ws_test/yahboomcar_ws/install/arm_msgs/local/lib/python3.10/dist-packages/arm_msgs-0.0.0-py3.10.egg-info
[1.348s] -- Installing: /home/pawan/yahboomcar_ws_test/yahboomcar_ws/install/arm_msgs/local/lib/python3.10/dist-packages/arm_msgs-0.0.0-py3.10.egg-info/dependency_links.txt
[1.348s] -- Installing: /home/pawan/yahboomcar_ws_test/yahboomcar_ws/install/arm_msgs/local/lib/python3.10/dist-packages/arm_msgs-0.0.0-py3.10.egg-info/SOURCES.txt
[1.348s] -- Installing: /home/pawan/yahboomcar_ws_test/yahboomcar_ws/install/arm_msgs/local/lib/python3.10/dist-packages/arm_msgs-0.0.0-py3.10.egg-info/PKG-INFO
[1.348s] -- Installing: /home/pawan/yahboomcar_ws_test/yahboomcar_ws/install/arm_msgs/local/lib/python3.10/dist-packages/arm_msgs-0.0.0-py3.10.egg-info/top_level.txt
[1.348s] -- Installing: /home/pawan/yahboomcar_ws_test/yahboomcar_ws/install/arm_msgs/local/lib/python3.10/dist-packages/arm_msgs
[1.348s] -- Installing: /home/pawan/yahboomcar_ws_test/yahboomcar_ws/install/arm_msgs/local/lib/python3.10/dist-packages/arm_msgs/_arm_msgs_s.ep.rosidl_typesupport_c.c
[1.349s] -- Installing: /home/pawan/yahboomcar_ws_test/yahboomcar_ws/install/arm_msgs/local/lib/python3.10/dist-packages/arm_msgs/_arm_msgs_s.ep.rosidl_typesupport_fastrtps_c.c
[1.349s] -- Installing: /home/pawan/yahboomcar_ws_test/yahboomcar_ws/install/arm_msgs/local/lib/python3.10/dist-packages/arm_msgs/__init__.py
[1.349s] -- Installing: /home/pawan/yahboomcar_ws_test/yahboomcar_ws/install/arm_msgs/local/lib/python3.10/dist-packages/arm_msgs/msg
[1.349s] -- Installing: /home/pawan/yahboomcar_ws_test/yahboomcar_ws/install/arm_msgs/local/lib/python3.10/dist-packages/arm_msgs/msg/_arm_joints_s.c
[1.349s] -- Installing: /home/pawan/yahboomcar_ws_test/yahboomcar_ws/install/arm_msgs/local/lib/python3.10/dist-packages/arm_msgs/msg/__init__.py
[1.349s] -- Installing: /home/pawan/yahboomcar_ws_test/yahboomcar_ws/install/arm_msgs/local/lib/python3.10/dist-packages/arm_msgs/msg/_arm_joints.py
[1.349s] -- Installing: /home/pawan/yahboomcar_ws_test/yahboomcar_ws/install/arm_msgs/local/lib/python3.10/dist-packages/arm_msgs/msg/_arm_joint.py
[1.349s] -- Installing: /home/pawan/yahboomcar_ws_test/yahboomcar_ws/install/arm_msgs/local/lib/python3.10/dist-packages/arm_msgs/msg/_arm_joint_s.c
[1.349s] -- Installing: /home/pawan/yahboomcar_ws_test/yahboomcar_ws/install/arm_msgs/local/lib/python3.10/dist-packages/arm_msgs/arm_msgs_s__rosidl_typesupport_fastrtps_c.cpython-310-x86_64-linux-gnu.so
[1.349s] -- Installing: /home/pawan/yahboomcar_ws_test/yahboomcar_ws/install/arm_msgs/local/lib/python3.10/dist-packages/arm_msgs/arm_msgs_s__rosidl_typesupport_introspection_c.cpython-310-x86_64-linux-gnu.so
[1.349s] -- Installing: /home/pawan/yahboomcar_ws_test/yahboomcar_ws/install/arm_msgs/local/lib/python3.10/dist-packages/arm_msgs/arm_msgs_s__rosidl_typesupport_c.cpython-310-x86_64-linux-gnu.so
[1.349s] -- Installing: /home/pawan/yahboomcar_ws_test/yahboomcar_ws/install/arm_msgs/local/lib/python3.10/dist-packages/arm_msgs/_arm_msgs_s.ep.rosidl_typesupport_introspection_c.c
[1.350s] -- Installing: /home/pawan/yahboomcar_ws_test/yahboomcar_ws/install/arm_msgs/local/lib/python3.10/dist-packages/arm_msgs/libarm_msgs__rosidl_generator_py.so
[1.364s] Listing '/home/pawan/yahboomcar_ws_test/yahboomcar_ws/install/arm_msgs/local/lib/python3.10/dist-packages/arm_msgs'...
[1.364s] Compiling '/home/pawan/yahboomcar_ws_test/yahboomcar_ws/install/arm_msgs/local/lib/python3.10/dist-packages/arm_msgs/__init__.py'...
[1.364s] Listing '/home/pawan/yahboomcar_ws_test/yahboomcar_ws/install/arm_msgs/local/lib/python3.10/dist-packages/arm_msgs/msg'...
[1.364s] Compiling '/home/pawan/yahboomcar_ws_test/yahboomcar_ws/install/arm_msgs/local/lib/python3.10/dist-packages/arm_msgs/msg/__init__.py'...
[1.364s] Compiling '/home/pawan/yahboomcar_ws_test/yahboomcar_ws/install/arm_msgs/local/lib/python3.10/dist-packages/arm_msgs/msg/_arm_joint.py'...
[1.364s] Compiling '/home/pawan/yahboomcar_ws_test/yahboomcar_ws/install/arm_msgs/local/lib/python3.10/dist-packages/arm_msgs/msg/_arm_joints.py'...
[1.368s] -- Installing: /home/pawan/yahboomcar_ws_test/yahboomcar_ws/install/arm_msgs/local/lib/python3.10/dist-packages/arm_msgs/arm_msgs_s__rosidl_typesupport_fastrtps_c.cpython-310-x86_64-linux-gnu.so
[1.368s] -- Set runtime path of "/home/pawan/yahboomcar_ws_test/yahboomcar_ws/install/arm_msgs/local/lib/python3.10/dist-packages/arm_msgs/arm_msgs_s__rosidl_typesupport_fastrtps_c.cpython-310-x86_64-linux-gnu.so" to ""
[1.369s] -- Installing: /home/pawan/yahboomcar_ws_test/yahboomcar_ws/install/arm_msgs/local/lib/python3.10/dist-packages/arm_msgs/arm_msgs_s__rosidl_typesupport_introspection_c.cpython-310-x86_64-linux-gnu.so
[1.369s] -- Set runtime path of "/home/pawan/yahboomcar_ws_test/yahboomcar_ws/install/arm_msgs/local/lib/python3.10/dist-packages/arm_msgs/arm_msgs_s__rosidl_typesupport_introspection_c.cpython-310-x86_64-linux-gnu.so" to ""
[1.369s] -- Installing: /home/pawan/yahboomcar_ws_test/yahboomcar_ws/install/arm_msgs/local/lib/python3.10/dist-packages/arm_msgs/arm_msgs_s__rosidl_typesupport_c.cpython-310-x86_64-linux-gnu.so
[1.369s] -- Set runtime path of "/home/pawan/yahboomcar_ws_test/yahboomcar_ws/install/arm_msgs/local/lib/python3.10/dist-packages/arm_msgs/arm_msgs_s__rosidl_typesupport_c.cpython-310-x86_64-linux-gnu.so" to ""
[1.369s] -- Installing: /home/pawan/yahboomcar_ws_test/yahboomcar_ws/install/arm_msgs/lib/libarm_msgs__rosidl_generator_py.so
[1.369s] -- Set runtime path of "/home/pawan/yahboomcar_ws_test/yahboomcar_ws/install/arm_msgs/lib/libarm_msgs__rosidl_generator_py.so" to ""
[1.370s] -- Installing: /home/pawan/yahboomcar_ws_test/yahboomcar_ws/install/arm_msgs/share/ament_index/resource_index/rust_packages/arm_msgs
[1.370s] -- Installing: /home/pawan/yahboomcar_ws_test/yahboomcar_ws/install/arm_msgs/share/arm_msgs/rust
[1.370s] -- Installing: /home/pawan/yahboomcar_ws_test/yahboomcar_ws/install/arm_msgs/share/arm_msgs/rust/Cargo.toml
[1.370s] -- Installing: /home/pawan/yahboomcar_ws_test/yahboomcar_ws/install/arm_msgs/share/arm_msgs/rust/src
[1.370s] -- Installing: /home/pawan/yahboomcar_ws_test/yahboomcar_ws/install/arm_msgs/share/arm_msgs/rust/src/msg
[1.370s] -- Installing: /home/pawan/yahboomcar_ws_test/yahboomcar_ws/install/arm_msgs/share/arm_msgs/rust/src/msg/rmw.rs
[1.370s] -- Installing: /home/pawan/yahboomcar_ws_test/yahboomcar_ws/install/arm_msgs/share/arm_msgs/rust/src/msg.rs
[1.370s] -- Installing: /home/pawan/yahboomcar_ws_test/yahboomcar_ws/install/arm_msgs/share/arm_msgs/rust/src/lib.rs
[1.370s] -- Installing: /home/pawan/yahboomcar_ws_test/yahboomcar_ws/install/arm_msgs/share/arm_msgs/rust/build.rs
[1.370s] -- Installing: /home/pawan/yahboomcar_ws_test/yahboomcar_ws/install/arm_msgs/share/arm_msgs/msg/ArmJoint.idl
[1.370s] -- Installing: /home/pawan/yahboomcar_ws_test/yahboomcar_ws/install/arm_msgs/share/arm_msgs/msg/ArmJoints.idl
[1.370s] -- Installing: /home/pawan/yahboomcar_ws_test/yahboomcar_ws/install/arm_msgs/share/arm_msgs/msg/ArmJoint.msg
[1.370s] -- Installing: /home/pawan/yahboomcar_ws_test/yahboomcar_ws/install/arm_msgs/share/arm_msgs/msg/ArmJoints.msg
[1.371s] -- Installing: /home/pawan/yahboomcar_ws_test/yahboomcar_ws/install/arm_msgs/share/ament_index/resource_index/package_run_dependencies/arm_msgs
[1.371s] -- Installing: /home/pawan/yahboomcar_ws_test/yahboomcar_ws/install/arm_msgs/share/ament_index/resource_index/parent_prefix_path/arm_msgs
[1.371s] -- Installing: /home/pawan/yahboomcar_ws_test/yahboomcar_ws/install/arm_msgs/share/arm_msgs/environment/ament_prefix_path.sh
[1.371s] -- Installing: /home/pawan/yahboomcar_ws_test/yahboomcar_ws/install/arm_msgs/share/arm_msgs/environment/ament_prefix_path.dsv
[1.371s] -- Installing: /home/pawan/yahboomcar_ws_test/yahboomcar_ws/install/arm_msgs/share/arm_msgs/environment/path.sh
[1.371s] -- Installing: /home/pawan/yahboomcar_ws_test/yahboomcar_ws/install/arm_msgs/share/arm_msgs/environment/path.dsv
[1.371s] -- Installing: /home/pawan/yahboomcar_ws_test/yahboomcar_ws/install/arm_msgs/share/arm_msgs/local_setup.bash
[1.371s] -- Installing: /home/pawan/yahboomcar_ws_test/yahboomcar_ws/install/arm_msgs/share/arm_msgs/local_setup.sh
[1.371s] -- Installing: /home/pawan/yahboomcar_ws_test/yahboomcar_ws/install/arm_msgs/share/arm_msgs/local_setup.zsh
[1.371s] -- Installing: /home/pawan/yahboomcar_ws_test/yahboomcar_ws/install/arm_msgs/share/arm_msgs/local_setup.dsv
[1.372s] -- Installing: /home/pawan/yahboomcar_ws_test/yahboomcar_ws/install/arm_msgs/share/arm_msgs/package.dsv
[1.372s] -- Installing: /home/pawan/yahboomcar_ws_test/yahboomcar_ws/install/arm_msgs/share/ament_index/resource_index/packages/arm_msgs
[1.372s] -- Installing: /home/pawan/yahboomcar_ws_test/yahboomcar_ws/install/arm_msgs/share/arm_msgs/cmake/export_arm_msgs__rosidl_generator_cExport.cmake
[1.372s] -- Installing: /home/pawan/yahboomcar_ws_test/yahboomcar_ws/install/arm_msgs/share/arm_msgs/cmake/export_arm_msgs__rosidl_generator_cExport-noconfig.cmake
[1.372s] -- Installing: /home/pawan/yahboomcar_ws_test/yahboomcar_ws/install/arm_msgs/share/arm_msgs/cmake/export_arm_msgs__rosidl_typesupport_fastrtps_cExport.cmake
[1.372s] -- Installing: /home/pawan/yahboomcar_ws_test/yahboomcar_ws/install/arm_msgs/share/arm_msgs/cmake/export_arm_msgs__rosidl_typesupport_fastrtps_cExport-noconfig.cmake
[1.372s] -- Installing: /home/pawan/yahboomcar_ws_test/yahboomcar_ws/install/arm_msgs/share/arm_msgs/cmake/arm_msgs__rosidl_typesupport_introspection_cExport.cmake
[1.372s] -- Installing: /home/pawan/yahboomcar_ws_test/yahboomcar_ws/install/arm_msgs/share/arm_msgs/cmake/arm_msgs__rosidl_typesupport_introspection_cExport-noconfig.cmake
[1.372s] -- Installing: /home/pawan/yahboomcar_ws_test/yahboomcar_ws/install/arm_msgs/share/arm_msgs/cmake/arm_msgs__rosidl_typesupport_cExport.cmake
[1.372s] -- Installing: /home/pawan/yahboomcar_ws_test/yahboomcar_ws/install/arm_msgs/share/arm_msgs/cmake/arm_msgs__rosidl_typesupport_cExport-noconfig.cmake
[1.373s] -- Installing: /home/pawan/yahboomcar_ws_test/yahboomcar_ws/install/arm_msgs/share/arm_msgs/cmake/export_arm_msgs__rosidl_generator_cppExport.cmake
[1.373s] -- Installing: /home/pawan/yahboomcar_ws_test/yahboomcar_ws/install/arm_msgs/share/arm_msgs/cmake/export_arm_msgs__rosidl_typesupport_fastrtps_cppExport.cmake
[1.373s] -- Installing: /home/pawan/yahboomcar_ws_test/yahboomcar_ws/install/arm_msgs/share/arm_msgs/cmake/export_arm_msgs__rosidl_typesupport_fastrtps_cppExport-noconfig.cmake
[1.373s] -- Installing: /home/pawan/yahboomcar_ws_test/yahboomcar_ws/install/arm_msgs/share/arm_msgs/cmake/arm_msgs__rosidl_typesupport_introspection_cppExport.cmake
[1.373s] -- Installing: /home/pawan/yahboomcar_ws_test/yahboomcar_ws/install/arm_msgs/share/arm_msgs/cmake/arm_msgs__rosidl_typesupport_introspection_cppExport-noconfig.cmake
[1.373s] -- Installing: /home/pawan/yahboomcar_ws_test/yahboomcar_ws/install/arm_msgs/share/arm_msgs/cmake/arm_msgs__rosidl_typesupport_cppExport.cmake
[1.373s] -- Installing: /home/pawan/yahboomcar_ws_test/yahboomcar_ws/install/arm_msgs/share/arm_msgs/cmake/arm_msgs__rosidl_typesupport_cppExport-noconfig.cmake
[1.373s] -- Installing: /home/pawan/yahboomcar_ws_test/yahboomcar_ws/install/arm_msgs/share/arm_msgs/cmake/export_arm_msgs__rosidl_generator_pyExport.cmake
[1.373s] -- Installing: /home/pawan/yahboomcar_ws_test/yahboomcar_ws/install/arm_msgs/share/arm_msgs/cmake/export_arm_msgs__rosidl_generator_pyExport-noconfig.cmake
[1.373s] -- Installing: /home/pawan/yahboomcar_ws_test/yahboomcar_ws/install/arm_msgs/share/arm_msgs/cmake/rosidl_cmake-extras.cmake
[1.374s] -- Installing: /home/pawan/yahboomcar_ws_test/yahboomcar_ws/install/arm_msgs/share/arm_msgs/cmake/ament_cmake_export_include_directories-extras.cmake
[1.374s] -- Installing: /home/pawan/yahboomcar_ws_test/yahboomcar_ws/install/arm_msgs/share/arm_msgs/cmake/ament_cmake_export_libraries-extras.cmake
[1.375s] -- Installing: /home/pawan/yahboomcar_ws_test/yahboomcar_ws/install/arm_msgs/share/arm_msgs/cmake/ament_cmake_export_targets-extras.cmake
[1.375s] -- Installing: /home/pawan/yahboomcar_ws_test/yahboomcar_ws/install/arm_msgs/share/arm_msgs/cmake/rosidl_cmake_export_typesupport_targets-extras.cmake
[1.375s] -- Installing: /home/pawan/yahboomcar_ws_test/yahboomcar_ws/install/arm_msgs/share/arm_msgs/cmake/ament_cmake_export_dependencies-extras.cmake
[1.375s] -- Installing: /home/pawan/yahboomcar_ws_test/yahboomcar_ws/install/arm_msgs/share/arm_msgs/cmake/rosidl_cmake_export_typesupport_libraries-extras.cmake
[1.375s] -- Installing: /home/pawan/yahboomcar_ws_test/yahboomcar_ws/install/arm_msgs/share/arm_msgs/cmake/arm_msgsConfig.cmake
[1.375s] -- Installing: /home/pawan/yahboomcar_ws_test/yahboomcar_ws/install/arm_msgs/share/arm_msgs/cmake/arm_msgsConfig-version.cmake
[1.375s] -- Installing: /home/pawan/yahboomcar_ws_test/yahboomcar_ws/install/arm_msgs/share/arm_msgs/package.xml
